2014-05-28T12:22:39.177+0900: 22.177: [GC [PSYoungGen: 18874368K->1229219K(22020096K)] 18874368K->1229322K(47185920K), 2.1838140 secs] [Times: user=29.64 sys=9.27, real=2.18 secs] 
2014-05-28T12:22:47.195+0900: 30.195: [GC [PSYoungGen: 20103587K->1883614K(22020096K)] 20103690K->1883725K(47185920K), 1.4661900 secs] [Times: user=8.03 sys=18.18, real=1.47 secs] 
2014-05-28T12:22:55.818+0900: 38.818: [GC [PSYoungGen: 20757982K->2548790K(22020096K)] 20758093K->2548909K(47185920K), 4.3674570 secs] [Times: user=67.26 sys=10.70, real=4.36 secs] 
2014-05-28T12:23:10.428+0900: 53.428: [GC [PSYoungGen: 21423158K->2219843K(22020096K)] 21423277K->2219978K(47185920K), 0.8689830 secs] [Times: user=10.66 sys=4.65, real=0.87 secs] 
2014-05-28T12:23:31.953+0900: 74.953: [GC [PSYoungGen: 21094211K->3145704K(22020096K)] 21094346K->4033231K(47185920K), 8.7230670 secs] [Times: user=149.12 sys=7.44, real=8.73 secs] 
2014-05-28T12:23:58.297+0900: 101.297: [GC [PSYoungGen: 22020072K->2724350K(20247552K)] 22907599K->3611885K(45413376K), 0.8588180 secs] [Times: user=10.20 sys=5.01, real=0.86 secs] 
2014-05-28T12:24:13.705+0900: 116.705: [GC [PSYoungGen: 19826174K->2565430K(21133824K)] 20713709K->4596732K(46299648K), 4.5190950 secs] [Times: user=72.01 sys=9.03, real=4.52 secs] 
2014-05-28T12:24:36.394+0900: 139.394: [GC [PSYoungGen: 19667254K->1603189K(21295104K)] 21698556K->4709813K(46460928K), 1.2291120 secs] [Times: user=13.15 sys=8.83, real=1.23 secs] 
2014-05-28T12:25:08.600+0900: 171.600: [GC [PSYoungGen: 19025013K->1095689K(18518016K)] 22131637K->4713697K(43683840K), 0.8272790 secs] [Times: user=8.84 sys=5.93, real=0.83 secs] 
2014-05-28T12:25:30.549+0900: 193.549: [GC [PSYoungGen: 18517513K->1729881K(21321216K)] 22135521K->6442972K(46487040K), 6.6363050 secs] [Times: user=108.63 sys=10.53, real=6.64 secs] 
2014-05-28T12:25:54.524+0900: 217.524: [GC [PSYoungGen: 19116889K->438921K(17826304K)] 23829980K->5810406K(42992128K), 0.9504010 secs] [Times: user=8.02 sys=8.98, real=0.96 secs] 
2014-05-28T12:26:14.129+0900: 237.129: [GC [PSYoungGen: 17825929K->1000770K(21224960K)] 23197414K->6811874K(46390784K), 5.2244440 secs] [Times: user=90.21 sys=3.58, real=5.22 secs] 
2014-05-28T12:26:36.553+0900: 259.553: [GC [PSYoungGen: 18255682K->282697K(17538048K)] 24066786K->6906228K(42703872K), 1.0572560 secs] [Times: user=8.19 sys=10.75, real=1.05 secs] 
2014-05-28T12:26:55.884+0900: 278.884: [GC [PSYoungGen: 17537609K->1784809K(21364224K)] 24161140K->8690983K(46530048K), 7.8466280 secs] [Times: user=137.65 sys=3.28, real=7.85 secs] 
2014-05-28T12:27:16.825+0900: 299.825: [GC [PSYoungGen: 19139049K->391305K(21155840K)] 26045223K->8001469K(46321664K), 0.9079330 secs] [Times: user=8.21 sys=8.00, real=0.91 secs] 
2014-05-28T12:27:33.813+0900: 316.813: [GC [PSYoungGen: 17745545K->1015648K(21464064K)] 25355709K->9017520K(46629888K), 6.2573580 secs] [Times: user=109.12 sys=3.27, real=6.26 secs] 
2014-05-28T12:27:59.939+0900: 342.939: [GC [PSYoungGen: 18655584K->271593K(21341696K)] 26657456K->9096631K(46507520K), 0.8628120 secs] [Times: user=7.67 sys=7.73, real=0.86 secs] 
2014-05-28T12:28:15.563+0900: 358.563: [GC [PSYoungGen: 17911529K->1060864K(21630976K)] 26736567K->10157521K(46796800K), 4.6174950 secs] [Times: user=80.90 sys=1.98, real=4.62 secs] 
2014-05-28T12:28:38.974+0900: 381.974: [GC [PSYoungGen: 18989056K->237193K(21463040K)] 28085713K->10190325K(46628864K), 1.1379570 secs] [Times: user=9.04 sys=11.32, real=1.14 secs] 
2014-05-28T12:29:05.416+0900: 408.416: [GC [PSYoungGen: 18165385K->2462K(21661696K)] 28118517K->10192219K(46827520K), 0.3804020 secs] [Times: user=2.84 sys=3.85, real=0.38 secs] 
2014-05-28T12:29:28.556+0900: 431.555: [GC [PSYoungGen: 18150302K->807873K(21651968K)] 28340059K->10998335K(46817792K), 0.3833120 secs] [Times: user=6.81 sys=0.01, real=0.39 secs] 
2014-05-28T12:29:40.681+0900: 443.681: [GC [PSYoungGen: 18955713K->1058505K(22054912K)] 29146175K->11279978K(47220736K), 0.4154530 secs] [Times: user=7.31 sys=0.07, real=0.41 secs] 
2014-05-28T12:30:10.029+0900: 473.029: [GC [PSYoungGen: 19789001K->2112K(21841408K)] 30010474K->11285386K(47007232K), 1.3282430 secs] [Times: user=10.47 sys=13.30, real=1.33 secs] 
2014-05-28T12:30:41.408+0900: 504.408: [GC [PSYoungGen: 18732608K->363908K(22172160K)] 30015882K->11647831K(47337984K), 0.1916780 secs] [Times: user=3.34 sys=0.01, real=0.20 secs] 
2014-05-28T12:30:54.466+0900: 517.466: [GC [PSYoungGen: 19438980K->1059017K(22068736K)] 30722903K->12373950K(47234560K), 0.3343980 secs] [Times: user=5.91 sys=0.00, real=0.34 secs] 
2014-05-28T12:31:30.361+0900: 553.361: [GC [PSYoungGen: 20134089K->4801K(22360576K)] 31449022K->12381608K(47526400K), 1.0332020 secs] [Times: user=7.68 sys=10.79, real=1.03 secs] 
2014-05-28T12:32:01.666+0900: 584.666: [GC [PSYoungGen: 19530433K->1748041K(21274112K)] 31907240K->14128434K(46439936K), 7.7432300 secs] [Times: user=138.61 sys=0.00, real=7.74 secs] 
2014-05-28T12:32:35.562+0900: 618.562: [GC [PSYoungGen: 21273673K->844647K(22407680K)] 33654066K->13897618K(47573504K), 1.1188680 secs] [Times: user=9.61 sys=10.39, real=1.12 secs] 
2014-05-28T12:32:52.970+0900: 635.970: [GC [PSYoungGen: 20309863K->1059433K(22223360K)] 33362834K->14564903K(47389184K), 1.0029990 secs] [Times: user=12.40 sys=5.51, real=1.00 secs] 
2014-05-28T12:33:26.151+0900: 669.151: [GC [PSYoungGen: 20524649K->2112K(22550528K)] 34030119K->14570216K(47716352K), 1.4500240 secs] [Times: user=7.34 sys=18.67, real=1.45 secs] 
2014-05-28T12:33:57.766+0900: 700.766: [GC [PSYoungGen: 19929152K->900480K(22542336K)] 34497256K->15469232K(47708160K), 8.6761230 secs] [Times: user=155.78 sys=0.00, real=8.68 secs] 
2014-05-28T12:34:28.455+0900: 731.455: [GC [PSYoungGen: 20827520K->356905K(22784000K)] 35396272K->15673739K(47949824K), 1.2634850 secs] [Times: user=8.66 sys=13.96, real=1.26 secs] 
2014-05-28T12:34:43.607+0900: 746.607: [GC [PSYoungGen: 20683305K->1077673K(22708224K)] 36000139K->16751646K(47874048K), 0.6787450 secs] [Times: user=7.65 sys=4.45, real=0.68 secs] 
2014-05-28T12:35:19.548+0900: 782.548: [GC [PSYoungGen: 21404073K->2816K(22849024K)] 37078046K->16757840K(48014848K), 1.4101690 secs] [Times: user=9.41 sys=15.87, real=1.41 secs] 
2014-05-28T12:35:49.075+0900: 812.075: [GC [PSYoungGen: 20526336K->1806137K(22329856K)] 37281360K->18561770K(47495680K), 8.4842050 secs] [Times: user=152.37 sys=0.00, real=8.49 secs] 
2014-05-28T12:36:19.164+0900: 842.164: [GC [PSYoungGen: 22329657K->373545K(22702592K)] 39085290K->17850444K(47868416K), 1.2911450 secs] [Times: user=10.46 sys=12.67, real=1.29 secs] 
2014-05-28T12:36:34.808+0900: 857.808: [GC [PSYoungGen: 20524841K->1091114K(22614528K)] 38001740K->18942007K(47780352K), 0.8566640 secs] [Times: user=9.66 sys=5.66, real=0.86 secs] 
2014-05-28T12:37:06.697+0900: 889.697: [GC [PSYoungGen: 21242410K->2032K(22777856K)] 39093303K->18946321K(47943680K), 1.4703980 secs] [Times: user=7.76 sys=18.58, real=1.47 secs] 
2014-05-28T12:37:39.112+0900: 922.112: [GC [PSYoungGen: 20376560K->866426K(22762496K)] 39320849K->19811428K(47928320K), 0.4329510 secs] [Times: user=7.71 sys=0.00, real=0.43 secs] 
2014-05-28T12:37:54.610+0900: 937.610: [GC [PSYoungGen: 21240954K->1059657K(22939648K)] 40185956K->20039342K(48105472K), 0.4391500 secs] [Times: user=7.77 sys=0.03, real=0.44 secs] 
2014-05-28T12:38:28.513+0900: 971.513: [GC [PSYoungGen: 21732681K->2176K(22899200K)] 40712366K->20044534K(48065024K), 1.9236480 secs] [Times: user=6.94 sys=27.51, real=1.92 secs] 
2014-05-28T12:38:57.933+0900: 1000.932: [GC [PSYoungGen: 20675200K->953968K(23009792K)] 40717558K->20997144K(48175616K), 7.2355200 secs] [Times: user=129.97 sys=0.00, real=7.24 secs] 
2014-05-28T12:39:32.897+0900: 1035.897: [GC [PSYoungGen: 21746288K->1254226K(22948352K)] 41789464K->22081405K(48114176K), 1.8331170 secs] [Times: user=15.19 sys=17.68, real=1.84 secs] 
2014-05-28T12:39:54.555+0900: 1057.555: [GC [PSYoungGen: 22046546K->1063434K(23000576K)] 42873725K->22233963K(48166400K), 0.8421960 secs] [Times: user=9.83 sys=5.21, real=0.84 secs] 
2014-05-28T12:40:35.990+0900: 1098.990: [GC [PSYoungGen: 21858826K->5121K(22960640K)] 43029355K->22238356K(48126464K), 1.5463190 secs] [Times: user=7.72 sys=19.97, real=1.54 secs] 
2014-05-28T12:40:57.224+0900: 1120.224: [GC [PSYoungGen: 20800513K->1121216K(22998016K)] 43033748K->23358300K(48163840K), 2.6027620 secs] [Times: user=46.67 sys=0.00, real=2.60 secs] 
2014-05-28T12:41:31.497+0900: 1154.496: [GC [PSYoungGen: 21950912K->187369K(22997504K)] 44187996K->23333680K(48163328K), 1.5478240 secs] [Times: user=7.66 sys=20.06, real=1.55 secs] 
2014-05-28T12:42:09.451+0900: 1192.451: [GC [PSYoungGen: 21017065K->1277913K(22903808K)] 44163376K->24610602K(48069632K), 2.3925030 secs] [Times: user=40.17 sys=2.74, real=2.40 secs] 
2014-05-28T12:42:37.402+0900: 1220.402: [GC [PSYoungGen: 22053849K->811913K(22970880K)] 45386538K->24427397K(48136704K), 0.6126400 secs] [Times: user=6.67 sys=4.24, real=0.61 secs] 
2014-05-28T12:43:16.403+0900: 1259.403: [GC [PSYoungGen: 21587849K->1568K(23093248K)] 45203333K->24431158K(48259072K), 1.0485790 secs] [Times: user=4.78 sys=13.97, real=1.05 secs] 
2014-05-28T12:43:17.453+0900: 1260.453: [Full GC [PSYoungGen: 1568K->0K(23093248K)] [ParOldGen: 24429589K->1141223K(25165824K)] 24431158K->1141223K(48259072K) [PSPermGen: 56028K->55942K(262144K)], 1.7003460 secs] [Times: user=20.96 sys=0.38, real=1.70 secs] 
2014-05-28T12:43:40.131+0900: 1283.131: [GC [PSYoungGen: 21025792K->1093625K(22119424K)] 22167015K->2234849K(47285248K), 0.3224600 secs] [Times: user=5.68 sys=0.00, real=0.32 secs] 
2014-05-28T12:44:27.163+0900: 1330.163: [GC [PSYoungGen: 22119417K->2016K(23095808K)] 23260641K->2240011K(48261632K), 0.8481750 secs] [Times: user=15.12 sys=0.00, real=0.85 secs] 
2014-05-28T12:44:52.536+0900: 1355.536: [GC [PSYoungGen: 21018592K->1225088K(22241792K)] 23256587K->3463476K(47407616K), 1.3990130 secs] [Times: user=25.04 sys=0.00, real=1.40 secs] 
2014-05-28T12:45:32.815+0900: 1395.815: [GC [PSYoungGen: 22241664K->48138K(23055872K)] 24480052K->3339749K(48221696K), 0.7351220 secs] [Times: user=13.09 sys=0.00, real=0.73 secs] 
2014-05-28T12:46:05.868+0900: 1428.868: [GC [PSYoungGen: 20966922K->1024528K(23028736K)] 24258533K->4363078K(48194560K), 5.7684840 secs] [Times: user=103.56 sys=0.00, real=5.77 secs] 
2014-05-28T12:46:40.934+0900: 1463.934: [GC [PSYoungGen: 21943312K->1558930K(22703104K)] 25281862K->5728259K(47868928K), 2.5691800 secs] [Times: user=46.06 sys=0.00, real=2.57 secs] 
2014-05-28T12:47:06.415+0900: 1489.415: [GC [PSYoungGen: 22160786K->798921K(22883840K)] 26330115K->5530669K(48049664K), 0.4216760 secs] [Times: user=7.46 sys=0.00, real=0.42 secs] 
2014-05-28T12:47:52.715+0900: 1535.715: [GC [PSYoungGen: 21400777K->1184K(23030272K)] 26132525K->5534093K(48196096K), 0.5258500 secs] [Times: user=8.41 sys=0.00, real=0.53 secs] 
2014-05-28T12:48:11.455+0900: 1554.455: [GC [PSYoungGen: 20891808K->1096122K(23026176K)] 26424717K->6629528K(48192000K), 0.3744680 secs] [Times: user=6.63 sys=0.00, real=0.38 secs] 
2014-05-28T12:48:47.759+0900: 1590.759: [GC [PSYoungGen: 21986746K->2144K(23041536K)] 27520152K->6635179K(48207360K), 0.9943180 secs] [Times: user=17.70 sys=0.00, real=0.99 secs] 
2014-05-28T12:49:18.287+0900: 1621.286: [GC [PSYoungGen: 20905568K->1003968K(23027712K)] 27538603K->7637604K(48193536K), 5.7800590 secs] [Times: user=103.76 sys=0.00, real=5.78 secs] 
2014-05-28T12:49:58.268+0900: 1661.268: [GC [PSYoungGen: 21907392K->279945K(23131136K)] 28541028K->7730382K(48296960K), 0.5363470 secs] [Times: user=9.51 sys=0.00, real=0.54 secs] 
2014-05-28T12:50:36.231+0900: 1699.231: [GC [PSYoungGen: 21307785K->894928K(23062528K)] 28758222K->8625279K(48228352K), 8.4070600 secs] [Times: user=151.01 sys=0.00, real=8.40 secs] 
2014-05-28T12:51:12.166+0900: 1735.165: [GC [PSYoungGen: 21922768K->1113914K(23122944K)] 29653119K->9590539K(48288768K), 0.7777290 secs] [Times: user=13.88 sys=0.00, real=0.77 secs] 
2014-05-28T12:51:32.705+0900: 1755.705: [GC [PSYoungGen: 22252346K->1062730K(23152128K)] 30728971K->9924715K(48317952K), 0.6116280 secs] [Times: user=10.89 sys=0.00, real=0.61 secs] 
2014-05-28T12:52:14.919+0900: 1797.919: [GC [PSYoungGen: 22201162K->1984K(23148544K)] 31063147K->9929755K(48314368K), 0.8645410 secs] [Times: user=15.43 sys=0.00, real=0.86 secs] 
2014-05-28T12:52:36.199+0900: 1819.199: [GC [PSYoungGen: 21140416K->1093921K(22232576K)] 31068187K->11022173K(47398400K), 0.4092230 secs] [Times: user=7.26 sys=0.00, real=0.41 secs] 
2014-05-28T12:53:14.825+0900: 1857.825: [GC [PSYoungGen: 22232353K->1824K(23141376K)] 32160605K->11026639K(48307200K), 0.8440710 secs] [Times: user=15.09 sys=0.00, real=0.84 secs] 
2014-05-28T12:53:46.212+0900: 1889.212: [GC [PSYoungGen: 21110560K->1753209K(22862336K)] 32135375K->12778721K(48028160K), 7.8022830 secs] [Times: user=140.12 sys=0.00, real=7.80 secs] 
2014-05-28T12:54:16.940+0900: 1919.940: [GC [PSYoungGen: 22861945K->446266K(22970368K)] 33887457K->12149909K(48136192K), 0.5729150 secs] [Times: user=10.22 sys=0.00, real=0.57 secs] 
2014-05-28T12:54:32.912+0900: 1935.912: [GC [PSYoungGen: 21121850K->1070633K(22871040K)] 32825493K->13217869K(48036864K), 0.5354210 secs] [Times: user=9.52 sys=0.00, real=0.54 secs] 
2014-05-28T12:55:10.144+0900: 1973.143: [GC [PSYoungGen: 21746217K->1728K(23002624K)] 33893453K->13222446K(48168448K), 0.7719820 secs] [Times: user=13.80 sys=0.00, real=0.77 secs] 
2014-05-28T12:55:39.214+0900: 2002.213: [GC [PSYoungGen: 20829888K->991520K(22991360K)] 34050606K->14212863K(48157184K), 6.5471120 secs] [Times: user=117.53 sys=0.00, real=6.55 secs] 
2014-05-28T12:56:15.138+0900: 2038.137: [GC [PSYoungGen: 21819680K->288137K(23105536K)] 35041023K->14318314K(48271360K), 0.5112940 secs] [Times: user=9.09 sys=0.00, real=0.51 secs] 
2014-05-28T12:56:56.616+0900: 2079.616: [GC [PSYoungGen: 21265801K->1338281K(22316032K)] 35295978K->15656484K(47481856K), 3.2332990 secs] [Times: user=58.03 sys=0.00, real=3.24 secs] 
2014-05-28T12:57:25.234+0900: 2108.233: [GC [PSYoungGen: 22315945K->765290K(23132672K)] 36634148K->15416850K(48298496K), 0.4356180 secs] [Times: user=7.73 sys=0.01, real=0.43 secs] 
2014-05-28T12:58:07.746+0900: 2150.746: [GC [PSYoungGen: 21731178K->10336K(22999040K)] 36382738K->15429203K(48164864K), 0.6949220 secs] [Times: user=12.41 sys=0.00, real=0.70 secs] 
2014-05-28T12:58:29.074+0900: 2172.074: [GC [PSYoungGen: 20976224K->1086953K(23100928K)] 36395091K->16513453K(48266752K), 0.3240040 secs] [Times: user=5.70 sys=0.00, real=0.32 secs] 
2014-05-28T12:59:20.901+0900: 2223.901: [GC [PSYoungGen: 22158825K->17495K(23118848K)] 37585325K->16533646K(48284672K), 0.8383860 secs] [Times: user=15.00 sys=0.00, real=0.84 secs] 
2014-05-28T12:59:42.377+0900: 2245.377: [GC [PSYoungGen: 21089367K->1086473K(23083520K)] 37605518K->17610281K(48249344K), 0.3819730 secs] [Times: user=6.73 sys=0.00, real=0.38 secs] 
2014-05-28T13:00:27.823+0900: 2290.823: [GC [PSYoungGen: 22137865K->15879K(23108608K)] 38661673K->17629257K(48274432K), 0.7510900 secs] [Times: user=13.36 sys=0.00, real=0.75 secs] 
2014-05-28T13:00:50.351+0900: 2313.351: [GC [PSYoungGen: 21067271K->1095545K(23062016K)] 38680649K->18713205K(48227840K), 0.3330680 secs] [Times: user=5.92 sys=0.00, real=0.34 secs] 
2014-05-28T13:01:39.387+0900: 2362.387: [GC [PSYoungGen: 22123385K->2528K(23096832K)] 39741045K->18716528K(48262656K), 0.8286310 secs] [Times: user=14.80 sys=0.00, real=0.83 secs] 
2014-05-28T13:02:04.555+0900: 2387.555: [GC [PSYoungGen: 21030368K->1093113K(23048192K)] 39744368K->19807834K(48214016K), 0.3762390 secs] [Times: user=6.67 sys=0.00, real=0.37 secs] 
2014-05-28T13:02:53.945+0900: 2436.945: [GC [PSYoungGen: 22099449K->1760K(23086080K)] 40814170K->19812724K(48251904K), 0.8183240 secs] [Times: user=14.62 sys=0.00, real=0.82 secs] 
2014-05-28T13:03:18.497+0900: 2461.497: [GC [PSYoungGen: 21008096K->1093513K(23034880K)] 40819060K->20905094K(48200704K), 0.4098720 secs] [Times: user=7.30 sys=0.00, real=0.41 secs] 
2014-05-28T13:04:01.824+0900: 2504.824: [GC [PSYoungGen: 22081417K->2240K(23076864K)] 41892998K->20910428K(48242688K), 0.7572700 secs] [Times: user=13.53 sys=0.00, real=0.75 secs] 
2014-05-28T13:04:30.267+0900: 2533.267: [GC [PSYoungGen: 20990144K->1197920K(22947328K)] 41898332K->22106972K(48113152K), 1.4116830 secs] [Times: user=25.27 sys=0.00, real=1.42 secs] 
2014-05-28T13:05:18.981+0900: 2581.981: [GC [PSYoungGen: 22093664K->94665K(23030784K)] 43002716K->22007509K(48196608K), 1.0149760 secs] [Times: user=18.14 sys=0.00, real=1.02 secs] 
2014-05-28T13:05:46.950+0900: 2609.950: [GC [PSYoungGen: 20990409K->1226416K(22910464K)] 42903253K->23232758K(48076288K), 1.4558350 secs] [Times: user=26.09 sys=0.00, real=1.45 secs] 
2014-05-28T13:06:30.919+0900: 2653.919: [GC [PSYoungGen: 22059696K->40905K(22999552K)] 44066038K->23103891K(48165376K), 0.7937350 secs] [Times: user=14.16 sys=0.00, real=0.79 secs] 
2014-05-28T13:07:01.597+0900: 2684.597: [GC [PSYoungGen: 20874185K->1146768K(22940160K)] 43937171K->24249787K(48105984K), 2.1397120 secs] [Times: user=38.38 sys=0.00, real=2.14 secs] 
2014-05-28T13:07:41.689+0900: 2724.689: [GC [PSYoungGen: 21969808K->162665K(22994432K)] 45072827K->24201658K(48160256K), 0.7620780 secs] [Times: user=13.60 sys=0.00, real=0.76 secs] 
2014-05-28T13:07:42.452+0900: 2725.452: [Full GC [PSYoungGen: 162665K->0K(22994432K)] [ParOldGen: 24038992K->2238096K(25165824K)] 24201658K->2238096K(48160256K) [PSPermGen: 56153K->56153K(262144K)], 1.9037570 secs] [Times: user=30.15 sys=0.00, real=1.90 secs] 
2014-05-28T13:08:15.545+0900: 2758.545: [GC [PSYoungGen: 20823040K->1100080K(22992384K)] 23061136K->3338176K(48158208K), 3.2491970 secs] [Times: user=58.27 sys=0.00, real=3.25 secs] 
2014-05-28T13:08:53.145+0900: 2796.145: [GC [PSYoungGen: 21992752K->208905K(23029248K)] 24230848K->3336687K(48195072K), 0.7505100 secs] [Times: user=13.36 sys=0.00, real=0.75 secs] 
2014-05-28T13:09:32.433+0900: 2835.433: [GC [PSYoungGen: 21101577K->1726761K(22562816K)] 24229359K->5062145K(47728640K), 7.4460960 secs] [Times: user=133.70 sys=0.00, real=7.44 secs] 
2014-05-28T13:10:04.790+0900: 2867.790: [GC [PSYoungGen: 22228265K->831917K(22833664K)] 25563649K->4823178K(47999488K), 0.6805690 secs] [Times: user=12.12 sys=0.00, real=0.68 secs] 
2014-05-28T13:10:22.133+0900: 2885.133: [GC [PSYoungGen: 21333421K->1060073K(22976512K)] 25324682K->5527372K(48142336K), 0.5707370 secs] [Times: user=10.12 sys=0.00, real=0.57 secs] 
2014-05-28T13:11:05.886+0900: 2928.885: [GC [PSYoungGen: 21822697K->4377K(22951936K)] 26289996K->5534294K(48117760K), 0.7214040 secs] [Times: user=12.88 sys=0.00, real=0.73 secs] 
2014-05-28T13:11:27.927+0900: 2950.927: [GC [PSYoungGen: 20767001K->1096416K(22984192K)] 26296918K->6627502K(48150016K), 4.1173920 secs] [Times: user=73.86 sys=0.00, real=4.12 secs] 
2014-05-28T13:12:05.660+0900: 2988.660: [GC [PSYoungGen: 21906144K->211337K(22987776K)] 27437230K->6628902K(48153600K), 0.5391880 secs] [Times: user=9.58 sys=0.00, real=0.54 secs] 
2014-05-28T13:12:42.185+0900: 3025.185: [GC [PSYoungGen: 21021065K->1413833K(22787584K)] 27438630K->8042455K(47953408K), 4.0533650 secs] [Times: user=72.71 sys=0.00, real=4.05 secs] 
2014-05-28T13:13:11.255+0900: 3054.255: [GC [PSYoungGen: 22081225K->700041K(22916608K)] 28709847K->7724544K(48082432K), 0.4432950 secs] [Times: user=7.90 sys=0.00, real=0.45 secs] 
2014-05-28T13:13:56.809+0900: 3099.809: [GC [PSYoungGen: 21367433K->555910K(23163392K)] 28391936K->8281895K(48329216K), 0.7079250 secs] [Times: user=12.64 sys=0.00, real=0.71 secs] 
2014-05-28T13:14:19.276+0900: 3122.275: [GC [PSYoungGen: 21611910K->1059497K(23058432K)] 29337895K->8819931K(48224256K), 0.4074430 secs] [Times: user=7.18 sys=0.00, real=0.41 secs] 
2014-05-28T13:15:04.908+0900: 3167.908: [GC [PSYoungGen: 22115497K->4096K(23158784K)] 29875931K->8827116K(48324608K), 0.8110510 secs] [Times: user=14.46 sys=0.00, real=0.81 secs] 
2014-05-28T13:15:30.254+0900: 3193.254: [GC [PSYoungGen: 21164032K->1097146K(22257152K)] 29987052K->9921336K(47422976K), 0.4008180 secs] [Times: user=7.05 sys=0.00, real=0.40 secs] 
2014-05-28T13:16:13.604+0900: 3236.604: [GC [PSYoungGen: 22257082K->2528K(23149056K)] 31081272K->9926820K(48314880K), 0.7805840 secs] [Times: user=13.91 sys=0.00, real=0.78 secs] 
2014-05-28T13:16:44.546+0900: 3267.545: [GC [PSYoungGen: 21127136K->1155616K(22280704K)] 31051428K->11080700K(47446528K), 2.1014180 secs] [Times: user=37.66 sys=0.00, real=2.10 secs] 
2014-05-28T13:17:33.593+0900: 3316.593: [GC [PSYoungGen: 22280224K->151785K(23141888K)] 32205308K->11022383K(48307712K), 0.8946470 secs] [Times: user=15.99 sys=0.00, real=0.90 secs] 
2014-05-28T13:18:01.376+0900: 3344.375: [GC [PSYoungGen: 21226729K->1203408K(22278656K)] 32097327K->12225295K(47444480K), 2.0002990 secs] [Times: user=35.87 sys=0.00, real=2.00 secs] 
2014-05-28T13:18:48.008+0900: 3391.008: [GC [PSYoungGen: 22278352K->87881K(23108096K)] 33300239K->12120731K(48273920K), 0.7279750 secs] [Times: user=13.01 sys=0.00, real=0.72 secs] 
2014-05-28T13:19:17.556+0900: 3420.556: [GC [PSYoungGen: 21103945K->1183936K(22200320K)] 33136795K->13303451K(47366144K), 1.8490230 secs] [Times: user=33.13 sys=0.00, real=1.85 secs] 
2014-05-28T13:20:02.781+0900: 3465.781: [GC [PSYoungGen: 22200000K->113897K(23092224K)] 34319515K->13216730K(48258048K), 0.6175500 secs] [Times: user=10.99 sys=0.00, real=0.62 secs] 
2014-05-28T13:20:32.349+0900: 3495.349: [GC [PSYoungGen: 21089001K->1168528K(22144000K)] 34191834K->14384666K(47309824K), 2.1222600 secs] [Times: user=38.05 sys=0.00, real=2.12 secs] 
2014-05-28T13:21:17.888+0900: 3540.888: [GC [PSYoungGen: 22143632K->136233K(23088640K)] 35359770K->14313945K(48254464K), 0.6829700 secs] [Times: user=12.18 sys=0.00, real=0.69 secs] 
2014-05-28T13:21:47.066+0900: 3570.065: [GC [PSYoungGen: 21098025K->1109952K(23038976K)] 35275737K->15423409K(48204800K), 2.9733710 secs] [Times: user=53.31 sys=0.00, real=2.97 secs] 
2014-05-28T13:22:22.492+0900: 3605.492: [GC [PSYoungGen: 22071744K->199273K(23117312K)] 36385201K->15411233K(48283136K), 0.6507280 secs] [Times: user=11.62 sys=0.00, real=0.65 secs] 
2014-05-28T13:23:01.820+0900: 3644.820: [GC [PSYoungGen: 21207657K->1741241K(22749696K)] 36419617K->17151835K(47915520K), 7.5409530 secs] [Times: user=135.43 sys=0.00, real=7.54 secs] 
2014-05-28T13:23:37.163+0900: 3680.162: [GC [PSYoungGen: 22749625K->1433554K(22654464K)] 38160219K->17512115K(47820288K), 0.8183920 secs] [Times: user=14.61 sys=0.00, real=0.81 secs] 
2014-05-28T13:23:57.963+0900: 3700.963: [GC [PSYoungGen: 21771218K->1036937K(22751744K)] 37849779K->17602057K(47917568K), 0.6882020 secs] [Times: user=12.23 sys=0.00, real=0.69 secs] 
2014-05-28T13:24:40.766+0900: 3743.766: [GC [PSYoungGen: 21374601K->2304K(22837248K)] 37939721K->17607474K(48003072K), 0.7078220 secs] [Times: user=12.63 sys=0.00, real=0.71 secs] 
2014-05-28T13:24:59.815+0900: 3762.815: [GC [PSYoungGen: 20502784K->1093049K(22829056K)] 38107954K->18698708K(47994880K), 0.3258870 secs] [Times: user=5.76 sys=0.00, real=0.32 secs] 
2014-05-28T13:25:39.081+0900: 3802.081: [GC [PSYoungGen: 21593529K->1696K(22886400K)] 39199188K->18703618K(48052224K), 0.6475120 secs] [Times: user=11.54 sys=0.00, real=0.64 secs] 
2014-05-28T13:26:09.385+0900: 3832.385: [GC [PSYoungGen: 20591264K->1050960K(22868992K)] 39293186K->19753355K(48034816K), 4.7710990 secs] [Times: user=85.68 sys=0.00, real=4.77 secs] 
2014-05-28T13:26:48.907+0900: 3871.907: [GC [PSYoungGen: 21640528K->247817K(22983168K)] 40342923K->19799947K(48148992K), 0.7400800 secs] [Times: user=13.23 sys=0.00, real=0.74 secs] 
2014-05-28T13:27:26.816+0900: 3909.815: [GC [PSYoungGen: 20981769K->1767833K(22501888K)] 40533899K->21567389K(47667712K), 7.5840100 secs] [Times: user=136.24 sys=0.00, real=7.59 secs] 
2014-05-28T13:28:00.538+0900: 3943.538: [GC [PSYoungGen: 22501785K->693933K(22879232K)] 42301341K->21183543K(48045056K), 0.6732540 secs] [Times: user=12.03 sys=0.00, real=0.67 secs] 
2014-05-28T13:28:20.280+0900: 3963.280: [GC [PSYoungGen: 21141677K->1059433K(22734336K)] 41631287K->21990979K(47900160K), 0.6794440 secs] [Times: user=12.11 sys=0.00, real=0.68 secs] 
2014-05-28T13:28:58.754+0900: 4001.754: [GC [PSYoungGen: 21507177K->1600K(22932480K)] 42438723K->21995643K(48098304K), 0.8242690 secs] [Times: user=14.73 sys=0.00, real=0.82 secs] 
2014-05-28T13:29:23.512+0900: 4026.512: [GC [PSYoungGen: 20697664K->1158272K(21854720K)] 42691707K->23153060K(47020544K), 2.1660050 secs] [Times: user=38.86 sys=0.00, real=2.17 secs] 
2014-05-28T13:30:02.515+0900: 4065.515: [GC [PSYoungGen: 21854336K->148361K(22965248K)] 43849124K->23092051K(48131072K), 0.8659750 secs] [Times: user=15.49 sys=0.00, real=0.87 secs] 
2014-05-28T13:30:36.611+0900: 4099.611: [GC [PSYoungGen: 20873609K->929184K(22925824K)] 43817299K->24020796K(48091648K), 7.9816430 secs] [Times: user=143.39 sys=0.00, real=7.98 secs] 
2014-05-28T13:31:14.251+0900: 4137.251: [GC [PSYoungGen: 21654432K->1597714K(22675968K)] 44746044K->25458298K(47841792K), 1.5657250 secs] [Times: user=28.04 sys=0.00, real=1.56 secs] 
2014-05-28T13:31:15.817+0900: 4138.817: [Full GC [PSYoungGen: 1597714K->0K(22675968K)] [ParOldGen: 23860583K->3501462K(25165824K)] 25458298K->3501462K(47841792K) [PSPermGen: 56190K->56190K(262144K)], 4.4534880 secs] [Times: user=65.34 sys=0.00, real=4.45 secs] 
2014-05-28T13:31:41.412+0900: 4164.412: [GC [PSYoungGen: 20544512K->917501K(22855168K)] 24045974K->4418964K(48020992K), 1.0234330 secs] [Times: user=18.32 sys=0.00, real=1.03 secs] 
2014-05-28T13:32:00.690+0900: 4183.690: [GC [PSYoungGen: 21462013K->1192544K(22971904K)] 24963476K->5613677K(48137728K), 2.6250540 secs] [Times: user=47.07 sys=0.00, real=2.62 secs] 
2014-05-28T13:32:39.779+0900: 4222.779: [GC [PSYoungGen: 21967456K->102761K(22968832K)] 26388589K->5519225K(48134656K), 0.6871680 secs] [Times: user=12.23 sys=0.00, real=0.69 secs] 
2014-05-28T13:33:11.164+0900: 4254.164: [GC [PSYoungGen: 20877673K->1636121K(22629376K)] 26294137K->7154395K(47795200K), 6.7114760 secs] [Times: user=120.49 sys=0.00, real=6.71 secs] 
2014-05-28T13:33:37.753+0900: 4280.753: [GC [PSYoungGen: 22074137K->517193K(22801920K)] 27592411K->6615911K(47967744K), 0.5434340 secs] [Times: user=9.65 sys=0.00, real=0.54 secs] 
2014-05-28T13:34:16.034+0900: 4319.034: [GC [PSYoungGen: 20955209K->1344K(22890496K)] 27053927K->6618096K(48056320K), 0.2663810 secs] [Times: user=4.67 sys=0.00, real=0.27 secs] 
2014-05-28T13:34:36.919+0900: 4339.919: [GC [PSYoungGen: 20615488K->1219232K(21833728K)] 27232240K->7836352K(46999552K), 1.3932150 secs] [Times: user=24.94 sys=0.00, real=1.40 secs] 
2014-05-28T13:35:22.109+0900: 4385.109: [GC [PSYoungGen: 21833376K->57385K(22893568K)] 28450496K->7715593K(48059392K), 0.6578710 secs] [Times: user=11.71 sys=0.00, real=0.65 secs] 
2014-05-28T13:35:49.127+0900: 4412.127: [GC [PSYoungGen: 20656169K->1100240K(22871040K)] 28314377K->8814722K(48036864K), 3.3308470 secs] [Times: user=59.79 sys=0.00, real=3.33 secs] 
2014-05-28T13:36:27.761+0900: 4450.761: [GC [PSYoungGen: 21699024K->208585K(22964736K)] 29413506K->8812639K(48130560K), 0.7527740 secs] [Times: user=13.46 sys=0.00, real=0.75 secs] 
2014-05-28T13:37:03.083+0900: 4486.083: [GC [PSYoungGen: 20917961K->1778665K(22488064K)] 29522015K->10590857K(47653888K), 8.1271150 secs] [Times: user=145.96 sys=0.00, real=8.13 secs] 
2014-05-28T13:37:38.597+0900: 4521.597: [GC [PSYoungGen: 22488041K->1020410K(22806016K)] 31300233K->10531137K(47971840K), 0.6804770 secs] [Times: user=12.12 sys=0.00, real=0.68 secs] 
2014-05-28T13:37:56.638+0900: 4539.638: [GC [PSYoungGen: 21379066K->1059529K(22718464K)] 30889793K->11004669K(47884288K), 0.5446030 secs] [Times: user=9.67 sys=0.00, real=0.55 secs] 
2014-05-28T13:38:43.617+0900: 4586.617: [GC [PSYoungGen: 21418185K->2144K(22870528K)] 31363325K->11009942K(48036352K), 0.8693420 secs] [Times: user=15.54 sys=0.00, real=0.87 secs] 
2014-05-28T13:39:04.750+0900: 4607.750: [GC [PSYoungGen: 20582496K->1093753K(22873088K)] 31590294K->12102640K(48038912K), 0.3240810 secs] [Times: user=5.71 sys=0.00, real=0.33 secs] 
2014-05-28T13:39:42.784+0900: 4645.784: [GC [PSYoungGen: 21674105K->3104K(22915584K)] 32682992K->12108764K(48081408K), 0.8169380 secs] [Times: user=14.61 sys=0.00, real=0.82 secs] 
2014-05-28T13:40:13.070+0900: 4676.070: [GC [PSYoungGen: 20659232K->1054752K(22906368K)] 32764892K->13161269K(48072192K), 4.5799980 secs] [Times: user=82.19 sys=0.00, real=4.58 secs] 
2014-05-28T13:40:48.478+0900: 4711.478: [GC [PSYoungGen: 21710880K->244841K(23004672K)] 33817397K->13204041K(48170496K), 0.6523340 secs] [Times: user=11.65 sys=0.00, real=0.65 secs] 
2014-05-28T13:41:28.449+0900: 4751.449: [GC [PSYoungGen: 21029481K->1507369K(22292480K)] 33988681K->14711259K(47458304K), 4.8817170 secs] [Times: user=87.65 sys=0.00, real=4.88 secs] 
2014-05-28T13:41:59.359+0900: 4782.359: [GC [PSYoungGen: 22292009K->624009K(22979072K)] 35495899K->14301184K(48144896K), 0.5932750 secs] [Times: user=10.57 sys=0.00, real=0.59 secs] 
2014-05-28T13:42:46.383+0900: 4829.383: [GC [PSYoungGen: 21291401K->1299113K(22854144K)] 34968576K->15601714K(48019968K), 3.3959620 secs] [Times: user=60.96 sys=0.00, real=3.40 secs] 
2014-05-28T13:43:14.265+0900: 4857.265: [GC [PSYoungGen: 21966505K->797033K(23062016K)] 36269106K->15399932K(48227840K), 0.4111060 secs] [Times: user=7.28 sys=0.00, real=0.41 secs] 
2014-05-28T13:44:01.800+0900: 4904.800: [GC [PSYoungGen: 21618025K->1067849K(22924800K)] 36220924K->16469470K(48090624K), 0.9257760 secs] [Times: user=16.56 sys=0.00, real=0.92 secs] 
2014-05-28T13:44:26.812+0900: 4929.812: [GC [PSYoungGen: 21888841K->988713K(23168000K)] 37290462K->16498981K(48333824K), 0.3782150 secs] [Times: user=6.68 sys=0.02, real=0.37 secs] 
2014-05-28T13:45:17.275+0900: 4980.275: [GC [PSYoungGen: 22089769K->940329K(23098880K)] 37600037K->17441999K(48264704K), 0.9817920 secs] [Times: user=17.56 sys=0.00, real=0.98 secs] 
2014-05-28T13:45:41.478+0900: 5004.478: [GC [PSYoungGen: 22041385K->1059721K(23285760K)] 38543055K->17599894K(48451584K), 0.3194220 secs] [Times: user=5.65 sys=0.00, real=0.32 secs] 
2014-05-28T13:46:30.530+0900: 5053.530: [GC [PSYoungGen: 22431625K->723249K(23251968K)] 38971798K->18326280K(48417792K), 0.7384290 secs] [Times: user=13.17 sys=0.00, real=0.73 secs] 
2014-05-28T13:46:56.211+0900: 5079.211: [GC [PSYoungGen: 22095153K->1059977K(23380992K)] 39698184K->18701279K(48546816K), 0.3530730 secs] [Times: user=6.24 sys=0.00, real=0.36 secs] 
2014-05-28T13:47:45.049+0900: 5128.049: [GC [PSYoungGen: 22632073K->825057K(23356928K)] 40273375K->19529337K(48522752K), 1.0047470 secs] [Times: user=17.98 sys=0.00, real=1.01 secs] 
2014-05-28T13:48:08.645+0900: 5151.645: [GC [PSYoungGen: 22397153K->1059977K(23476224K)] 41101433K->19804396K(48642048K), 0.3885380 secs] [Times: user=6.88 sys=0.00, real=0.38 secs] 
2014-05-28T13:48:58.283+0900: 5201.283: [GC [PSYoungGen: 22829705K->711617K(23459328K)] 41574124K->20519078K(48625152K), 1.0641890 secs] [Times: user=19.04 sys=0.00, real=1.06 secs] 
2014-05-28T13:49:24.496+0900: 5227.496: [GC [PSYoungGen: 22481345K->1060137K(23533056K)] 42288806K->20908746K(48698880K), 0.5083040 secs] [Times: user=9.00 sys=0.00, real=0.51 secs] 
2014-05-28T13:50:15.030+0900: 5278.030: [GC [PSYoungGen: 22950185K->796481K(23522816K)] 42798794K->21708131K(48688640K), 0.8655350 secs] [Times: user=15.49 sys=0.00, real=0.87 secs] 
2014-05-28T13:50:42.023+0900: 5305.023: [GC [PSYoungGen: 22686529K->1059945K(23594496K)] 43598179K->22013581K(48760320K), 0.3211010 secs] [Times: user=5.67 sys=0.00, real=0.32 secs] 
2014-05-28T13:51:32.722+0900: 5355.722: [GC [PSYoungGen: 23077481K->664965K(23588864K)] 44031117K->22681307K(48754688K), 1.0483010 secs] [Times: user=18.76 sys=0.00, real=1.05 secs] 
2014-05-28T13:51:58.636+0900: 5381.636: [GC [PSYoungGen: 22682501K->1059721K(23620608K)] 44698843K->23117302K(48786432K), 0.3876090 secs] [Times: user=6.88 sys=0.00, real=0.39 secs] 
2014-05-28T13:52:48.304+0900: 5431.303: [GC [PSYoungGen: 23134601K->596945K(23620096K)] 45192182K->23717511K(48785920K), 0.9241360 secs] [Times: user=16.53 sys=0.00, real=0.93 secs] 
2014-05-28T13:53:13.724+0900: 5456.724: [GC [PSYoungGen: 22671825K->1059753K(23625216K)] 45792391K->24221423K(48791040K), 0.3853150 secs] [Times: user=6.82 sys=0.00, real=0.38 secs] 
2014-05-28T13:54:03.363+0900: 5506.363: [GC [PSYoungGen: 23152553K->724721K(23629312K)] 46314223K->24949400K(48795136K), 0.9133970 secs] [Times: user=16.34 sys=0.00, real=0.91 secs] 
2014-05-28T13:54:04.277+0900: 5507.277: [Full GC [PSYoungGen: 724721K->0K(23629312K)] [ParOldGen: 24224679K->1877464K(25165824K)] 24949400K->1877464K(48795136K) [PSPermGen: 56194K->56194K(262144K)], 3.2328900 secs] [Times: user=46.35 sys=0.00, real=3.24 secs] 
2014-05-28T13:54:32.144+0900: 5535.144: [GC [PSYoungGen: 22092800K->1354247K(23434752K)] 23970264K->3231711K(48600576K), 0.8852650 secs] [Times: user=11.64 sys=4.18, real=0.88 secs] 
2014-05-28T13:55:21.995+0900: 5584.994: [GC [PSYoungGen: 23289351K->980537K(23550464K)] 25166815K->4215922K(48716288K), 1.1584650 secs] [Times: user=20.70 sys=0.00, real=1.16 secs] 
2014-05-28T13:55:47.599+0900: 5610.599: [GC [PSYoungGen: 22915641K->1060393K(23612416K)] 26151026K->4337041K(48778240K), 0.3657480 secs] [Times: user=6.46 sys=0.00, real=0.37 secs] 
2014-05-28T13:56:36.987+0900: 5659.987: [GC [PSYoungGen: 23105065K->1122105K(23598080K)] 26381713K->5461803K(48763904K), 1.2395150 secs] [Times: user=22.18 sys=0.00, real=1.24 secs] 
2014-05-28T13:57:04.933+0900: 5687.933: [GC [PSYoungGen: 23166777K->947273K(23664640K)] 27506475K->5441250K(48830464K), 0.3758390 secs] [Times: user=6.64 sys=0.00, real=0.38 secs] 
2014-05-28T13:57:56.006+0900: 5739.006: [GC [PSYoungGen: 23052361K->1017273K(23606272K)] 27546338K->6461388K(48772096K), 0.8735840 secs] [Times: user=15.61 sys=0.00, real=0.87 secs] 
2014-05-28T13:58:24.067+0900: 5767.067: [GC [PSYoungGen: 23122361K->1034209K(23720960K)] 28566476K->6545764K(48886784K), 0.3734090 secs] [Times: user=6.62 sys=0.00, real=0.38 secs] 
2014-05-28T13:59:14.942+0900: 5817.942: [GC [PSYoungGen: 23286241K->1296857K(23548928K)] 28797796K->7845086K(48714752K), 1.8704800 secs] [Times: user=33.55 sys=0.00, real=1.87 secs] 
2014-05-28T13:59:44.606+0900: 5847.606: [GC [PSYoungGen: 23548889K->802921K(23665152K)] 30097118K->7650740K(48830976K), 0.5116680 secs] [Times: user=9.03 sys=0.00, real=0.51 secs] 
2014-05-28T14:00:34.784+0900: 5897.784: [GC [PSYoungGen: 22949993K->1140524K(23647744K)] 29797812K->8793322K(48813568K), 0.9922790 secs] [Times: user=17.66 sys=0.00, real=0.99 secs] 
2014-05-28T14:01:00.748+0900: 5923.748: [GC [PSYoungGen: 23287596K->946441K(23700480K)] 30940394K->8758155K(48866304K), 0.3835490 secs] [Times: user=6.78 sys=0.00, real=0.38 secs] 
2014-05-28T14:01:22.978+0900: 5945.978: [GC [PSYoungGen: 23139593K->1100969K(23658496K)] 30951307K->9860733K(48824320K), 0.8087410 secs] [Times: user=14.43 sys=0.00, real=0.81 secs] 
2014-05-28T14:02:09.941+0900: 5992.941: [GC [PSYoungGen: 23294121K->1568K(23457792K)] 32053885K->9864779K(48623616K), 0.7320280 secs] [Times: user=13.08 sys=0.00, real=0.74 secs] 
2014-05-28T14:02:35.022+0900: 6018.022: [GC [PSYoungGen: 22001184K->1202240K(23202304K)] 31864395K->11065867K(48368128K), 2.0653220 secs] [Times: user=37.02 sys=0.00, real=2.07 secs] 
2014-05-28T14:03:16.694+0900: 6059.693: [GC [PSYoungGen: 23201856K->97417K(23394816K)] 33065483K->10968187K(48560640K), 0.6779210 secs] [Times: user=12.05 sys=0.00, real=0.67 secs] 
2014-05-28T14:03:49.058+0900: 6092.058: [GC [PSYoungGen: 21866633K->1134288K(22903808K)] 32737403K->12101700K(48069632K), 2.7435580 secs] [Times: user=49.19 sys=0.00, real=2.74 secs] 
2014-05-28T14:04:32.586+0900: 6135.586: [GC [PSYoungGen: 22903504K->182953K(23378432K)] 33870916K->12072395K(48544256K), 0.8418280 secs] [Times: user=15.02 sys=0.00, real=0.84 secs] 
2014-05-28T14:05:06.786+0900: 6169.786: [GC [PSYoungGen: 21842601K->1109392K(22769152K)] 33732043K->13181148K(47934976K), 3.0314810 secs] [Times: user=54.40 sys=0.00, real=3.03 secs] 
2014-05-28T14:05:46.327+0900: 6209.327: [GC [PSYoungGen: 22769040K->206473K(23367168K)] 34840796K->13176636K(48532992K), 0.6894560 secs] [Times: user=12.31 sys=0.00, real=0.69 secs] 
2014-05-28T14:06:25.551+0900: 6248.551: [GC [PSYoungGen: 21803657K->968096K(23381504K)] 34773820K->14144013K(48547328K), 7.3668310 secs] [Times: user=132.29 sys=0.00, real=7.37 secs] 
2014-05-28T14:07:00.900+0900: 6283.900: [GC [PSYoungGen: 22565280K->1681190K(22947328K)] 35741197K->15653491K(48113152K), 3.1743310 secs] [Times: user=56.94 sys=0.00, real=3.17 secs] 
2014-05-28T14:07:28.418+0900: 6311.418: [GC [PSYoungGen: 22873894K->738665K(23179264K)] 36846195K->15382742K(48345088K), 0.5882210 secs] [Times: user=10.50 sys=0.00, real=0.59 secs] 
2014-05-28T14:08:11.607+0900: 6354.607: [GC [PSYoungGen: 21931369K->19831K(23182848K)] 36575446K->15404390K(48348672K), 0.4270320 secs] [Times: user=7.59 sys=0.00, real=0.43 secs] 
2014-05-28T14:08:30.480+0900: 6373.480: [GC [PSYoungGen: 21301623K->1092954K(23223808K)] 36686182K->16485938K(48389632K), 0.5037870 secs] [Times: user=8.91 sys=0.00, real=0.51 secs] 
2014-05-28T14:09:13.429+0900: 6416.429: [GC [PSYoungGen: 22374746K->1600K(23173120K)] 37767730K->16490488K(48338944K), 0.8579900 secs] [Times: user=15.33 sys=0.01, real=0.85 secs] 
2014-05-28T14:09:38.164+0900: 6441.164: [GC [PSYoungGen: 21234240K->1100697K(22333440K)] 37723128K->17590137K(47499264K), 0.4097010 secs] [Times: user=7.29 sys=0.00, real=0.41 secs] 
2014-05-28T14:10:24.843+0900: 6487.843: [GC [PSYoungGen: 22333337K->2048K(23167488K)] 38822777K->17594863K(48333312K), 0.7888680 secs] [Times: user=14.11 sys=0.00, real=0.79 secs] 
2014-05-28T14:10:50.155+0900: 6513.155: [GC [PSYoungGen: 21190656K->1224912K(22413824K)] 38783471K->18818439K(47579648K), 1.4817100 secs] [Times: user=26.54 sys=0.00, real=1.48 secs] 
2014-05-28T14:11:34.976+0900: 6557.976: [GC [PSYoungGen: 22413520K->58697K(23123968K)] 40007047K->18698385K(48289792K), 0.7499070 secs] [Times: user=13.40 sys=0.00, real=0.75 secs] 
2014-05-28T14:12:03.149+0900: 6586.149: [GC [PSYoungGen: 21126985K->1155664K(22224384K)] 39766673K->19853130K(47390208K), 2.7924190 secs] [Times: user=50.12 sys=0.00, real=2.79 secs] 
2014-05-28T14:12:47.672+0900: 6630.671: [GC [PSYoungGen: 22223952K->159433K(23122944K)] 40921418K->19802212K(48288768K), 0.5814270 secs] [Times: user=10.31 sys=0.00, real=0.58 secs] 
2014-05-28T14:13:19.247+0900: 6662.247: [GC [PSYoungGen: 21200073K->1092784K(23083520K)] 40842852K->20894204K(48249344K), 3.9414800 secs] [Times: user=70.75 sys=0.00, real=3.94 secs] 
2014-05-28T14:13:54.608+0900: 6697.608: [GC [PSYoungGen: 22133424K->220031K(23155200K)] 41934844K->20905604K(48321024K), 0.7033310 secs] [Times: user=12.57 sys=0.00, real=0.71 secs] 
2014-05-28T14:14:34.131+0900: 6737.131: [GC [PSYoungGen: 21312895K->1432713K(22525952K)] 41998468K->22338153K(47691776K), 4.5469260 secs] [Times: user=81.62 sys=0.00, real=4.55 secs] 
2014-05-28T14:15:04.887+0900: 6767.887: [GC [PSYoungGen: 22525577K->690921K(23138816K)] 43431017K->22008981K(48304640K), 0.4660420 secs] [Times: user=8.27 sys=0.00, real=0.47 secs] 
2014-05-28T14:15:55.516+0900: 6818.516: [GC [PSYoungGen: 21668585K->957449K(23004672K)] 42986645K->22967503K(48170496K), 0.8662270 secs] [Times: user=15.47 sys=0.00, real=0.87 secs] 
2014-05-28T14:16:20.990+0900: 6843.990: [GC [PSYoungGen: 21935113K->1059721K(23195648K)] 43945167K->23111898K(48361472K), 0.3265280 secs] [Times: user=5.76 sys=0.00, real=0.33 secs] 
2014-05-28T14:17:13.074+0900: 6896.074: [GC [PSYoungGen: 22274953K->883785K(23185408K)] 44327130K->23998700K(48351232K), 1.0955480 secs] [Times: user=19.59 sys=0.00, real=1.10 secs] 
2014-05-28T14:17:38.489+0900: 6921.489: [GC [PSYoungGen: 22099017K->1059657K(23289856K)] 45213932K->24215820K(48455680K), 0.3228240 secs] [Times: user=5.70 sys=0.00, real=0.32 secs] 
2014-05-28T14:18:26.705+0900: 6969.705: [GC [PSYoungGen: 22461769K->473113K(23278080K)] 45617932K->24692062K(48443904K), 0.8313480 secs] [Times: user=14.85 sys=0.00, real=0.83 secs] 
2014-05-28T14:18:27.537+0900: 6970.537: [Full GC [PSYoungGen: 473113K->0K(23278080K)] [ParOldGen: 24218948K->1629041K(25165824K)] 24692062K->1629041K(48443904K) [PSPermGen: 56212K->56212K(262144K)], 2.3086890 secs] [Times: user=33.09 sys=0.00, real=2.31 secs] 
2014-05-28T14:18:53.974+0900: 6996.974: [GC [PSYoungGen: 21402112K->1595687K(22945792K)] 23031153K->3224728K(48111616K), 0.5354990 secs] [Times: user=9.53 sys=0.00, real=0.54 secs] 
2014-05-28T14:19:44.799+0900: 7047.799: [GC [PSYoungGen: 22711591K->644673K(23140864K)] 24340632K->3874242K(48306688K), 1.1679070 secs] [Times: user=20.88 sys=0.00, real=1.17 secs] 
2014-05-28T14:20:09.454+0900: 7072.454: [GC [PSYoungGen: 21760577K->1060265K(23249408K)] 24990146K->4331251K(48415232K), 0.3132550 secs] [Times: user=5.48 sys=0.00, real=0.32 secs] 
2014-05-28T14:20:58.962+0900: 7121.962: [GC [PSYoungGen: 22362537K->554070K(23218688K)] 25633523K->4888018K(48384512K), 0.8510260 secs] [Times: user=15.19 sys=0.00, real=0.85 secs] 
2014-05-28T14:21:25.037+0900: 7148.036: [GC [PSYoungGen: 21856342K->1060137K(23321088K)] 26190290K->5435165K(48486912K), 0.3970480 secs] [Times: user=7.04 sys=0.00, real=0.40 secs] 
2014-05-28T14:22:12.362+0900: 7195.362: [GC [PSYoungGen: 22516521K->39607K(21496320K)] 26891549K->5477692K(46662144K), 0.7606930 secs] [Times: user=13.56 sys=0.00, real=0.76 secs] 
2014-05-28T14:22:35.677+0900: 7218.677: [GC [PSYoungGen: 21495991K->1068841K(23283200K)] 26934076K->6539256K(48449024K), 0.3668740 secs] [Times: user=6.45 sys=0.00, real=0.37 secs] 
2014-05-28T14:23:24.892+0900: 7267.891: [GC [PSYoungGen: 22466345K->1984K(21399552K)] 27936760K->6544288K(46565376K), 0.8852460 secs] [Times: user=15.79 sys=0.00, real=0.89 secs] 
2014-05-28T14:23:47.654+0900: 7290.654: [GC [PSYoungGen: 21399488K->1100057K(23214080K)] 27941792K->7643203K(48379904K), 0.3713760 secs] [Times: user=6.55 sys=0.00, real=0.37 secs] 
2014-05-28T14:24:34.587+0900: 7337.587: [GC [PSYoungGen: 22402316K->2176K(21304832K)] 28945462K->7648883K(46470656K), 0.8634820 secs] [Times: user=15.36 sys=0.00, real=0.86 secs] 
2014-05-28T14:24:59.286+0900: 7362.286: [GC [PSYoungGen: 21304448K->1100457K(23166464K)] 28951155K->8747885K(48332288K), 0.3682230 secs] [Times: user=6.51 sys=0.00, real=0.37 secs] 
2014-05-28T14:25:49.188+0900: 7412.188: [GC [PSYoungGen: 22322857K->1792K(23194112K)] 29970285K->8752846K(48359936K), 0.8649520 secs] [Times: user=15.45 sys=0.00, real=0.87 secs] 
2014-05-28T14:26:12.737+0900: 7435.737: [GC [PSYoungGen: 21224192K->1100297K(23128576K)] 29975246K->9851944K(48294400K), 0.3832320 secs] [Times: user=6.76 sys=0.00, real=0.38 secs] 
2014-05-28T14:26:57.416+0900: 7480.416: [GC [PSYoungGen: 22258185K->1856K(23161856K)] 31009832K->9857009K(48327680K), 0.7590320 secs] [Times: user=13.57 sys=0.00, real=0.76 secs] 
2014-05-28T14:27:23.980+0900: 7506.979: [GC [PSYoungGen: 21159744K->1096368K(23100928K)] 31014897K->10952235K(48266752K), 0.3253210 secs] [Times: user=5.72 sys=0.00, real=0.33 secs] 
2014-05-28T14:28:09.640+0900: 7552.640: [GC [PSYoungGen: 22205104K->7657K(23137280K)] 32060971K->10961020K(48303104K), 0.8044140 secs] [Times: user=14.17 sys=0.00, real=0.80 secs] 
2014-05-28T14:28:36.421+0900: 7579.420: [GC [PSYoungGen: 21116393K->1179328K(23016448K)] 32069756K->12139301K(48182272K), 1.6976730 secs] [Times: user=29.99 sys=0.00, real=1.70 secs] 
2014-05-28T14:29:18.713+0900: 7621.713: [GC [PSYoungGen: 22188736K->131081K(23087616K)] 33148709K->12064935K(48253440K), 0.6572420 secs] [Times: user=11.70 sys=0.00, real=0.66 secs] 
2014-05-28T14:29:51.658+0900: 7654.658: [GC [PSYoungGen: 21140489K->1121424K(23044608K)] 33074343K->13185488K(48210432K), 2.9518660 secs] [Times: user=52.97 sys=0.00, real=2.95 secs] 
2014-05-28T14:30:34.650+0900: 7697.649: [GC [PSYoungGen: 22138000K->195305K(23091200K)] 34202064K->13168722K(48257024K), 0.5259960 secs] [Times: user=9.34 sys=0.00, real=0.53 secs] 
2014-05-28T14:31:08.247+0900: 7731.247: [GC [PSYoungGen: 21211881K->1011808K(23139328K)] 34185298K->14180139K(48305152K), 5.7787450 secs] [Times: user=103.75 sys=0.00, real=5.77 secs] 
2014-05-28T14:31:42.613+0900: 7765.613: [GC [PSYoungGen: 22137952K->1327122K(22453760K)] 35306283K->15319903K(47619584K), 1.2224680 secs] [Times: user=21.90 sys=0.00, real=1.22 secs] 
2014-05-28T14:32:05.149+0900: 7788.148: [GC [PSYoungGen: 22453266K->1008329K(23069696K)] 36446047K->15374215K(48235520K), 0.5662590 secs] [Times: user=10.10 sys=0.00, real=0.56 secs] 
2014-05-28T14:32:52.964+0900: 7835.964: [GC [PSYoungGen: 21946569K->47111K(23034368K)] 36312455K->15423512K(48200192K), 0.5589800 secs] [Times: user=9.95 sys=0.00, real=0.56 secs] 
2014-05-28T14:33:13.386+0900: 7856.386: [GC [PSYoungGen: 20985351K->1063113K(23081472K)] 36361752K->16479099K(48247296K), 0.3191640 secs] [Times: user=5.63 sys=0.00, real=0.31 secs] 
2014-05-28T14:33:56.246+0900: 7899.246: [GC [PSYoungGen: 22063305K->1696K(23083008K)] 37479291K->16483955K(48248832K), 0.6197210 secs] [Times: user=11.03 sys=0.00, real=0.62 secs] 
2014-05-28T14:34:20.276+0900: 7923.276: [GC [PSYoungGen: 21001888K->1188976K(22980608K)] 37484147K->17671660K(48146432K), 2.4217530 secs] [Times: user=43.42 sys=0.00, real=2.42 secs] 
2014-05-28T14:35:05.250+0900: 7968.250: [GC [PSYoungGen: 22101104K->122921K(23038976K)] 38583788K->17589311K(48204800K), 0.8025550 secs] [Times: user=14.35 sys=0.00, real=0.81 secs] 
2014-05-28T14:35:36.086+0900: 7999.086: [GC [PSYoungGen: 21035049K->1012768K(23090688K)] 38501439K->18600864K(48256512K), 5.8349830 secs] [Times: user=104.80 sys=0.00, real=5.84 secs] 
2014-05-28T14:36:11.474+0900: 8034.474: [GC [PSYoungGen: 22020640K->1535826K(22543872K)] 39608736K->19949091K(47709696K), 1.8745520 secs] [Times: user=33.60 sys=0.00, real=1.87 secs] 
2014-05-28T14:36:36.086+0900: 8059.086: [GC [PSYoungGen: 22543698K->835209K(23036928K)] 40956963K->19794643K(48202752K), 0.4616880 secs] [Times: user=8.21 sys=0.00, real=0.47 secs] 
2014-05-28T14:37:17.796+0900: 8100.796: [GC [PSYoungGen: 21619849K->1696K(22913536K)] 40579283K->19798316K(48079360K), 0.7422220 secs] [Times: user=13.27 sys=0.00, real=0.74 secs] 
2014-05-28T14:37:36.409+0900: 8119.409: [GC [PSYoungGen: 20786336K->1100569K(23027712K)] 40582956K->20897886K(48193536K), 0.3676050 secs] [Times: user=6.51 sys=0.00, real=0.37 secs] 
2014-05-28T14:38:21.640+0900: 8164.640: [GC [PSYoungGen: 22003481K->1568K(23034368K)] 41800798K->20902654K(48200192K), 0.6375000 secs] [Times: user=11.36 sys=0.00, real=0.64 secs] 
2014-05-28T14:38:45.810+0900: 8188.809: [GC [PSYoungGen: 20904480K->1193120K(22947328K)] 41805566K->22094647K(48113152K), 1.5825470 secs] [Times: user=28.34 sys=0.00, real=1.58 secs] 
2014-05-28T14:39:31.202+0900: 8234.201: [GC [PSYoungGen: 22023328K->111881K(22998016K)] 42924855K->22006492K(48163840K), 0.6077920 secs] [Times: user=10.80 sys=0.00, real=0.61 secs] 
2014-05-28T14:39:58.738+0900: 8261.738: [GC [PSYoungGen: 20942089K->1104864K(23001600K)] 42836700K->23110789K(48167424K), 3.6789780 secs] [Times: user=66.02 sys=0.00, real=3.68 secs] 
2014-05-28T14:40:37.863+0900: 8300.863: [GC [PSYoungGen: 21981152K->210601K(23021056K)] 43987077K->23110927K(48186880K), 0.8245780 secs] [Times: user=14.71 sys=0.00, real=0.83 secs] 
2014-05-28T14:41:13.512+0900: 8336.512: [GC [PSYoungGen: 21086889K->908912K(23130112K)] 43987215K->24019288K(48295936K), 8.5530530 secs] [Times: user=153.62 sys=0.00, real=8.55 secs] 
2014-05-28T14:41:50.429+0900: 8373.429: [GC [PSYoungGen: 21955696K->1115642K(23082496K)] 45066072K->24983131K(48248320K), 0.7693540 secs] [Times: user=13.75 sys=0.00, real=0.77 secs] 
2014-05-28T14:41:51.199+0900: 8374.199: [Full GC [PSYoungGen: 1115642K->0K(23082496K)] [ParOldGen: 23867489K->3019894K(25165824K)] 24983131K->3019894K(48248320K) [PSPermGen: 56231K->56231K(262144K)], 3.8671010 secs] [Times: user=58.00 sys=0.00, real=3.87 secs] 
2014-05-28T14:42:12.339+0900: 8395.338: [GC [PSYoungGen: 21046784K->1311783K(22935040K)] 24066678K->4331677K(48100864K), 0.3773370 secs] [Times: user=6.71 sys=0.00, real=0.37 secs] 
2014-05-28T14:42:51.712+0900: 8434.712: [GC [PSYoungGen: 22184999K->2016K(23019520K)] 25204893K->4337054K(48185344K), 0.9860090 secs] [Times: user=17.61 sys=0.00, real=0.99 secs] 
2014-05-28T14:43:17.126+0900: 8460.125: [GC [PSYoungGen: 20875232K->1046480K(23040512K)] 25210270K->5381975K(48206336K), 5.4130580 secs] [Times: user=97.16 sys=0.00, real=5.42 secs] 
2014-05-28T14:43:51.585+0900: 8494.585: [GC [PSYoungGen: 21944784K->1502482K(22401024K)] 26280279K->6686362K(47566848K), 1.5782820 secs] [Times: user=28.27 sys=0.00, real=1.58 secs] 
2014-05-28T14:44:17.079+0900: 8520.079: [GC [PSYoungGen: 22400786K->843945K(23030272K)] 27584666K->6541955K(48196096K), 0.5363330 secs] [Times: user=9.56 sys=0.00, real=0.53 secs] 
2014-05-28T14:45:03.124+0900: 8566.123: [GC [PSYoungGen: 21604521K->144588K(22896128K)] 27302531K->6688832K(48061952K), 0.4885800 secs] [Times: user=8.68 sys=0.00, real=0.49 secs] 
2014-05-28T14:45:22.337+0900: 8585.337: [GC [PSYoungGen: 20905164K->1060265K(23069696K)] 27449408K->7645941K(48235520K), 0.3595740 secs] [Times: user=6.35 sys=0.00, real=0.36 secs] 
2014-05-28T14:45:58.531+0900: 8621.531: [GC [PSYoungGen: 22011817K->2011K(23047680K)] 28597493K->7651025K(48213504K), 0.9864320 secs] [Times: user=17.59 sys=0.00, real=0.99 secs] 
2014-05-28T14:46:28.818+0900: 8651.818: [GC [PSYoungGen: 20953563K->1117424K(23041024K)] 28602577K->8767038K(48206848K), 3.7821420 secs] [Times: user=67.91 sys=0.00, real=3.78 secs] 
2014-05-28T14:47:09.007+0900: 8692.007: [GC [PSYoungGen: 22061296K->199561K(23054848K)] 29710910K->8754228K(48220672K), 0.6966760 secs] [Times: user=12.43 sys=0.00, real=0.70 secs] 
2014-05-28T14:47:43.940+0900: 8726.940: [GC [PSYoungGen: 21143433K->982736K(23128064K)] 29698100K->9736805K(48293888K), 6.7953110 secs] [Times: user=122.04 sys=0.00, real=6.79 secs] 
2014-05-28T14:48:19.139+0900: 8762.139: [GC [PSYoungGen: 22043856K->1117882K(23098880K)] 30797925K->10677504K(48264704K), 0.9371810 secs] [Times: user=16.73 sys=0.00, real=0.94 secs] 
2014-05-28T14:48:39.093+0900: 8782.093: [GC [PSYoungGen: 22179002K->1059945K(23130624K)] 31738624K->10959233K(48296448K), 0.5149160 secs] [Times: user=9.15 sys=0.00, real=0.52 secs] 
2014-05-28T14:49:22.182+0900: 8825.182: [GC [PSYoungGen: 22136937K->1760K(23112192K)] 32036225K->10964345K(48278016K), 0.8727080 secs] [Times: user=15.59 sys=0.00, real=0.88 secs] 
2014-05-28T14:49:41.911+0900: 8844.911: [GC [PSYoungGen: 21078752K->1211296K(23016960K)] 32041337K->12174546K(48182784K), 2.0224050 secs] [Times: user=36.24 sys=0.00, real=2.02 secs] 
2014-05-28T14:50:27.126+0900: 8890.126: [GC [PSYoungGen: 22183840K->83689K(23069184K)] 33147090K->12068292K(48235008K), 0.8676350 secs] [Times: user=15.52 sys=0.00, real=0.87 secs] 
2014-05-28T14:50:56.547+0900: 8919.546: [GC [PSYoungGen: 21056233K->1157664K(23021056K)] 33040836K->13225229K(48186880K), 2.8096780 secs] [Times: user=50.40 sys=0.00, real=2.81 secs] 
2014-05-28T14:51:42.315+0900: 8965.315: [GC [PSYoungGen: 22100510K->157865K(23054336K)] 34168075K->13172823K(48220160K), 0.7194030 secs] [Times: user=12.83 sys=0.00, real=0.72 secs] 
2014-05-28T14:52:11.871+0900: 8994.871: [GC [PSYoungGen: 21100713K->1100320K(23060992K)] 34115671K->14272439K(48226816K), 3.4993480 secs] [Times: user=62.79 sys=0.00, real=3.50 secs] 
2014-05-28T14:52:53.564+0900: 9036.564: [GC [PSYoungGen: 22088224K->214441K(23076864K)] 35260343K->14277241K(48242688K), 0.6783340 secs] [Times: user=12.09 sys=0.00, real=0.68 secs] 
2014-05-28T14:53:27.435+0900: 9070.435: [GC [PSYoungGen: 21202345K->946304K(23161856K)] 35265145K->15222938K(48327680K), 7.7224900 secs] [Times: user=138.68 sys=0.00, real=7.72 secs] 
2014-05-28T14:54:03.591+0900: 9106.591: [GC [PSYoungGen: 22069376K->1552498K(22675968K)] 36346010K->16611757K(47841792K), 1.6086440 secs] [Times: user=28.79 sys=0.00, real=1.61 secs] 
2014-05-28T14:54:27.312+0900: 9130.312: [GC [PSYoungGen: 22675570K->857481K(23090176K)] 37734829K->16484078K(48256000K), 0.5476790 secs] [Times: user=9.70 sys=0.00, real=0.55 secs] 
2014-05-28T14:55:11.426+0900: 9174.426: [GC [PSYoungGen: 21758857K->1536K(22977024K)] 37385454K->16487815K(48142848K), 0.6251750 secs] [Times: user=11.16 sys=0.00, real=0.63 secs] 
2014-05-28T14:55:28.984+0900: 9191.984: [GC [PSYoungGen: 20902912K->1100937K(23070720K)] 37389191K->17587761K(48236544K), 0.4628830 secs] [Times: user=8.22 sys=0.00, real=0.46 secs] 
2014-05-28T14:56:12.688+0900: 9235.688: [GC [PSYoungGen: 22089865K->1664K(23077376K)] 38576689K->17592530K(48243200K), 0.6961850 secs] [Times: user=12.41 sys=0.00, real=0.69 secs] 
2014-05-28T14:56:40.639+0900: 9263.639: [GC [PSYoungGen: 20990592K->1145056K(23017984K)] 38581458K->18736475K(48183808K), 2.5578330 secs] [Times: user=45.88 sys=0.00, real=2.56 secs] 
2014-05-28T14:57:24.840+0900: 9307.840: [GC [PSYoungGen: 22080736K->172329K(23050752K)] 39672155K->18696925K(48216576K), 0.8321830 secs] [Times: user=14.88 sys=0.00, real=0.83 secs] 
2014-05-28T14:57:57.228+0900: 9340.227: [GC [PSYoungGen: 21108009K->1080144K(23071744K)] 39632605K->19776438K(48237568K), 4.0550470 secs] [Times: user=72.80 sys=0.00, real=4.06 secs] 
2014-05-28T14:58:35.745+0900: 9378.745: [GC [PSYoungGen: 22082384K->231305K(23084032K)] 40778678K->19801560K(48249856K), 0.8379440 secs] [Times: user=15.00 sys=0.00, real=0.84 secs] 
2014-05-28T14:59:14.053+0900: 9417.053: [GC [PSYoungGen: 21233545K->1829673K(22548992K)] 40803800K->21630851K(47714816K), 8.4942500 secs] [Times: user=152.59 sys=0.00, real=8.50 secs] 
2014-05-28T14:59:51.163+0900: 9454.163: [GC [PSYoungGen: 22352681K->1307762K(21831168K)] 42153859K->21851017K(46996992K), 1.1387360 secs] [Times: user=20.36 sys=0.00, real=1.14 secs] 
2014-05-28T15:00:09.728+0900: 9472.728: [GC [PSYoungGen: 21830770K->1060681K(22871040K)] 42374025K->22008891K(48036864K), 0.5186750 secs] [Times: user=9.23 sys=0.00, real=0.52 secs] 
2014-05-28T15:00:49.029+0900: 9512.029: [GC [PSYoungGen: 21568841K->7554K(22802944K)] 42517051K->22019445K(47968768K), 0.7245190 secs] [Times: user=12.94 sys=0.00, real=0.72 secs] 
2014-05-28T15:01:12.109+0900: 9535.109: [GC [PSYoungGen: 20515714K->1086256K(22906368K)] 42527605K->23100673K(48072192K), 4.0086650 secs] [Times: user=71.93 sys=0.00, real=4.01 secs] 
2014-05-28T15:01:48.337+0900: 9571.336: [GC [PSYoungGen: 21697840K->227882K(22871040K)] 43712257K->23121036K(48036864K), 0.6692740 secs] [Times: user=11.93 sys=0.00, real=0.67 secs] 
2014-05-28T15:02:28.986+0900: 9611.986: [GC [PSYoungGen: 20839466K->1432009K(22739456K)] 43732620K->24551222K(47905280K), 4.3097550 secs] [Times: user=77.36 sys=0.00, real=4.31 secs] 
2014-05-28T15:02:59.481+0900: 9642.481: [GC [PSYoungGen: 21960137K->693193K(22846976K)] 45079350K->24223791K(48012800K), 0.3637870 secs] [Times: user=6.44 sys=0.00, real=0.36 secs] 
2014-05-28T15:03:14.633+0900: 9657.633: [GC [PSYoungGen: 21221321K->1100809K(23004672K)] 44751919K->25326008K(48170496K), 0.7439550 secs] [Times: user=13.30 sys=0.00, real=0.74 secs] 
2014-05-28T15:03:15.378+0900: 9658.378: [Full GC [PSYoungGen: 1100809K->0K(23004672K)] [ParOldGen: 24225199K->2258059K(25165824K)] 25326008K->2258059K(48170496K) [PSPermGen: 56256K->56256K(262144K)], 1.7051300 secs] [Times: user=25.97 sys=0.00, real=1.71 secs] 
2014-05-28T15:04:02.411+0900: 9705.410: [GC [PSYoungGen: 20815872K->3168K(22977024K)] 23073931K->2261228K(48142848K), 0.0145110 secs] [Times: user=0.15 sys=0.01, real=0.01 secs] 
2014-05-28T15:04:25.797+0900: 9728.797: [GC [PSYoungGen: 20819040K->1090432K(23012352K)] 23077100K->3349957K(48178176K), 4.3744520 secs] [Times: user=78.51 sys=0.00, real=4.38 secs] 
2014-05-28T15:05:01.587+0900: 9764.587: [GC [PSYoungGen: 21933952K->224745K(22996992K)] 24193477K->3366526K(48162816K), 0.5578020 secs] [Times: user=9.90 sys=0.00, real=0.55 secs] 
2014-05-28T15:05:42.182+0900: 9805.182: [GC [PSYoungGen: 21068265K->1491433K(22766080K)] 24210046K->4856917K(47931904K), 5.0866790 secs] [Times: user=91.33 sys=0.00, real=5.09 secs] 
2014-05-28T15:06:12.417+0900: 9835.417: [GC [PSYoungGen: 22146537K->644330K(22910464K)] 25512021K->4470591K(48076288K), 0.5667350 secs] [Times: user=10.05 sys=0.00, real=0.56 secs] 
2014-05-28T15:06:28.789+0900: 9851.789: [GC [PSYoungGen: 21299434K->1100265K(23047680K)] 25125695K->5570991K(48213504K), 0.8337880 secs] [Times: user=14.89 sys=0.00, real=0.84 secs] 
2014-05-28T15:07:10.473+0900: 9893.473: [GC [PSYoungGen: 22010345K->3488K(23028224K)] 26481071K->5577848K(48194048K), 0.7141090 secs] [Times: user=12.74 sys=0.00, real=0.72 secs] 
2014-05-28T15:07:38.252+0900: 9921.252: [GC [PSYoungGen: 20913568K->968864K(23092224K)] 26487928K->6544241K(48258048K), 7.2662170 secs] [Times: user=130.49 sys=0.00, real=7.26 secs] 
2014-05-28T15:08:12.013+0900: 9955.013: [GC [PSYoungGen: 21934240K->767519K(23038976K)] 27509617K->7139920K(48204800K), 0.6388130 secs] [Times: user=11.38 sys=0.00, real=0.64 secs] 
2014-05-28T15:08:29.385+0900: 9972.385: [GC [PSYoungGen: 21732895K->1060585K(23228416K)] 28105296K->7781108K(48394240K), 0.5751190 secs] [Times: user=10.26 sys=0.00, real=0.58 secs] 
2014-05-28T15:09:09.932+0900: 10012.932: [GC [PSYoungGen: 22343913K->3068K(21286400K)] 29064436K->7786977K(46452224K), 0.6102100 secs] [Times: user=10.85 sys=0.00, real=0.61 secs] 
2014-05-28T15:09:45.169+0900: 10048.169: [GC [PSYoungGen: 21286396K->1487177K(22884352K)] 29070305K->9271767K(48050176K), 4.8922070 secs] [Times: user=87.76 sys=0.00, real=4.89 secs] 
2014-05-28T15:10:11.496+0900: 10074.496: [GC [PSYoungGen: 22414665K->1113951K(23046656K)] 30199255K->9354595K(48212480K), 0.5862780 secs] [Times: user=10.42 sys=0.00, real=0.58 secs] 
2014-05-28T15:10:33.223+0900: 10096.223: [GC [PSYoungGen: 22041439K->1064750K(23098368K)] 30282083K->9998012K(48264192K), 0.8365150 secs] [Times: user=14.93 sys=0.00, real=0.84 secs] 
2014-05-28T15:10:55.398+0900: 10118.398: [GC [PSYoungGen: 22056750K->1165216K(23059456K)] 30990012K->11163785K(48225280K), 3.2829840 secs] [Times: user=58.91 sys=0.00, real=3.29 secs] 
2014-05-28T15:11:34.162+0900: 10157.162: [GC [PSYoungGen: 22157216K->150345K(23091200K)] 32155785K->11103226K(48257024K), 0.8435960 secs] [Times: user=15.03 sys=0.00, real=0.85 secs] 
2014-05-28T15:12:06.885+0900: 10189.885: [GC [PSYoungGen: 21178185K->1337993K(22366208K)] 32131066K->12440516K(47532032K), 3.2609620 secs] [Times: user=58.48 sys=0.00, real=3.26 secs] 
2014-05-28T15:12:30.463+0900: 10213.462: [GC [PSYoungGen: 22365833K->769929K(23139328K)] 33468356K->12206148K(48305152K), 0.4689410 secs] [Times: user=8.35 sys=0.00, real=0.47 secs] 
2014-05-28T15:13:06.454+0900: 10249.454: [GC [PSYoungGen: 21769609K->1792K(23026176K)] 33205828K->12209493K(48192000K), 0.5351880 secs] [Times: user=9.49 sys=0.00, real=0.54 secs] 
2014-05-28T15:13:28.856+0900: 10271.856: [GC [PSYoungGen: 21001472K->1158928K(23078912K)] 33209173K->13367149K(48244736K), 2.2297860 secs] [Times: user=39.97 sys=0.00, real=2.23 secs] 
2014-05-28T15:14:09.617+0900: 10312.616: [GC [PSYoungGen: 22184720K->156105K(23095808K)] 34392941K->13312743K(48261632K), 0.9837000 secs] [Times: user=17.53 sys=0.00, real=0.99 secs] 
2014-05-28T15:14:44.168+0900: 10347.168: [GC [PSYoungGen: 21181897K->903408K(23182848K)] 34338535K->14215751K(48348672K), 8.6223740 secs] [Times: user=154.84 sys=0.00, real=8.62 secs] 
2014-05-28T15:15:23.805+0900: 10386.805: [GC [PSYoungGen: 22032624K->565761K(23112192K)] 35344967K->14632315K(48278016K), 0.7030140 secs] [Times: user=12.55 sys=0.00, real=0.70 secs] 
2014-05-28T15:15:45.519+0900: 10408.519: [GC [PSYoungGen: 21694977K->1061193K(23264256K)] 35761531K->15522330K(48430080K), 0.6431350 secs] [Times: user=11.46 sys=0.00, real=0.64 secs] 
2014-05-28T15:16:15.814+0900: 10438.814: [GC [PSYoungGen: 22433097K->1760585K(23132672K)] 36894234K->17285421K(48298496K), 6.9009880 secs] [Times: user=123.94 sys=0.00, real=6.90 secs] 
2014-05-28T15:16:48.261+0900: 10471.261: [GC [PSYoungGen: 23132489K->1480690K(22700544K)] 38657325K->17689903K(47866368K), 0.8486680 secs] [Times: user=15.18 sys=0.00, real=0.85 secs] 
2014-05-28T15:17:06.381+0900: 10489.381: [GC [PSYoungGen: 22148082K->998153K(22916608K)] 38357295K->17731680K(48082432K), 0.5067660 secs] [Times: user=9.01 sys=0.00, real=0.51 secs] 
2014-05-28T15:17:30.076+0900: 10513.075: [GC [PSYoungGen: 21665545K->997760K(23120896K)] 38399072K->18732552K(48286720K), 7.2036260 secs] [Times: user=129.36 sys=0.00, real=7.20 secs] 
2014-05-28T15:18:00.637+0900: 10543.637: [GC [PSYoungGen: 21975936K->601773K(23023104K)] 39710728K->19151814K(48188928K), 0.7406800 secs] [Times: user=13.16 sys=0.00, real=0.74 secs] 
2014-05-28T15:18:15.322+0900: 10558.321: [GC [PSYoungGen: 21579949K->1061385K(23225344K)] 40129990K->19940884K(48391168K), 0.4456920 secs] [Times: user=7.92 sys=0.00, real=0.45 secs] 
2014-05-28T15:18:46.286+0900: 10589.286: [GC [PSYoungGen: 22294025K->2240K(21235200K)] 41173524K->19945229K(46401024K), 0.7696590 secs] [Times: user=13.75 sys=0.00, real=0.77 secs] 
2014-05-28T15:19:17.919+0900: 10620.919: [GC [PSYoungGen: 21224377K->599612K(23246848K)] 41167366K->20543018K(48412672K), 0.2533930 secs] [Times: user=4.45 sys=0.00, real=0.25 secs] 
2014-05-28T15:19:34.103+0900: 10637.103: [GC [PSYoungGen: 21850684K->1060073K(23170048K)] 41794090K->21044647K(48335872K), 0.3180540 secs] [Times: user=5.60 sys=0.00, real=0.32 secs] 
2014-05-28T15:20:10.822+0900: 10673.822: [GC [PSYoungGen: 22311145K->1888K(23196160K)] 42295719K->21049664K(48361984K), 0.6469810 secs] [Times: user=11.55 sys=0.00, real=0.65 secs] 
2014-05-28T15:20:38.383+0900: 10701.383: [GC [PSYoungGen: 21296992K->995216K(23230464K)] 42344768K->22043832K(48396288K), 6.3309020 secs] [Times: user=113.67 sys=0.00, real=6.33 secs] 
2014-05-28T15:21:14.821+0900: 10737.821: [GC [PSYoungGen: 22290320K->1426290K(23003136K)] 43338936K->23288516K(48168960K), 1.0041140 secs] [Times: user=17.97 sys=0.00, real=1.01 secs] 
2014-05-28T15:21:36.894+0900: 10759.894: [GC [PSYoungGen: 22521714K->936233K(23130624K)] 44383940K->23255477K(48296448K), 0.4816840 secs] [Times: user=8.56 sys=0.00, real=0.48 secs] 
2014-05-28T15:22:21.745+0900: 10804.745: [GC [PSYoungGen: 22031657K->1856K(23145984K)] 44350901K->23259405K(48311808K), 0.8334280 secs] [Times: user=14.83 sys=0.00, real=0.83 secs] 
2014-05-28T15:22:43.171+0900: 10826.171: [GC [PSYoungGen: 21196608K->1102137K(22297088K)] 44454157K->24360055K(47462912K), 0.3903920 secs] [Times: user=6.93 sys=0.00, real=0.39 secs] 
2014-05-28T15:23:24.546+0900: 10867.546: [GC [PSYoungGen: 22296889K->1856K(23144960K)] 45554807K->24364586K(48310784K), 0.8139130 secs] [Times: user=14.47 sys=0.00, real=0.81 secs] 
2014-05-28T15:23:25.361+0900: 10868.361: [Full GC [PSYoungGen: 1856K->0K(23144960K)] [ParOldGen: 24362730K->2255441K(25165824K)] 24364586K->2255441K(48310784K) [PSPermGen: 56279K->56279K(262144K)], 1.9943700 secs] [Times: user=30.54 sys=0.00, real=2.00 secs] 
2014-05-28T15:23:51.594+0900: 10894.594: [GC [PSYoungGen: 21156864K->1152240K(22309376K)] 23412305K->3407681K(47475200K), 2.2317310 secs] [Times: user=39.95 sys=0.00, real=2.23 secs] 
2014-05-28T15:24:35.754+0900: 10938.754: [GC [PSYoungGen: 22309104K->164457K(23155200K)] 24564545K->3360987K(48321024K), 0.6852640 secs] [Times: user=12.17 sys=0.00, real=0.69 secs] 
2014-05-28T15:25:06.985+0900: 10969.984: [GC [PSYoungGen: 21282921K->1055888K(23129088K)] 24479451K->4416308K(48294912K), 5.1196420 secs] [Times: user=91.91 sys=0.00, real=5.12 secs] 
2014-05-28T15:25:45.435+0900: 11008.435: [GC [PSYoungGen: 22174352K->251401K(23199744K)] 25534772K->4466799K(48365568K), 0.6521020 secs] [Times: user=11.60 sys=0.00, real=0.65 secs] 
2014-05-28T15:26:23.847+0900: 11046.847: [GC [PSYoungGen: 21440521K->1475945K(22665216K)] 25655919K->5941361K(47831040K), 4.7058850 secs] [Times: user=84.47 sys=0.00, real=4.71 secs] 
2014-05-28T15:26:56.663+0900: 11079.663: [GC [PSYoungGen: 22665065K->694249K(23159808K)] 27130481K->5607793K(48325632K), 0.4359040 secs] [Times: user=7.72 sys=0.00, real=0.44 secs] 
2014-05-28T15:27:14.102+0900: 11097.102: [GC [PSYoungGen: 21724649K->1087945K(23036416K)] 26638193K->6672539K(48202240K), 0.7130450 secs] [Times: user=12.69 sys=0.00, real=0.71 secs] 
2014-05-28T15:27:53.141+0900: 11136.140: [GC [PSYoungGen: 22118345K->2400K(23135744K)] 27702939K->6676745K(48301568K), 0.8285320 secs] [Times: user=14.77 sys=0.00, real=0.83 secs] 
2014-05-28T15:28:21.143+0900: 11164.143: [GC [PSYoungGen: 21135712K->1066432K(23149568K)] 27810057K->7742082K(48315392K), 4.4915470 secs] [Times: user=80.61 sys=0.00, real=4.49 secs] 
2014-05-28T15:28:59.394+0900: 11202.394: [GC [PSYoungGen: 22199744K->244265K(23190528K)] 28875394K->7783016K(48356352K), 0.5362350 secs] [Times: user=9.50 sys=0.00, real=0.54 secs] 
2014-05-28T15:29:38.799+0900: 11241.799: [GC [PSYoungGen: 21418537K->1349257K(22523904K)] 28957288K->9130750K(47689728K), 3.4560770 secs] [Times: user=61.96 sys=0.00, real=3.46 secs] 
2014-05-28T15:30:10.165+0900: 11273.165: [GC [PSYoungGen: 22523529K->772457K(23206400K)] 30305022K->8896494K(48372224K), 0.5283940 secs] [Times: user=9.30 sys=0.00, real=0.53 secs] 
2014-05-28T15:30:29.592+0900: 11292.592: [GC [PSYoungGen: 21890409K->1088793K(23077376K)] 30014446K->9987183K(48243200K), 0.6658680 secs] [Times: user=11.86 sys=0.00, real=0.66 secs] 
2014-05-28T15:31:09.403+0900: 11332.403: [GC [PSYoungGen: 22206745K->1728K(23167488K)] 31105135K->9991804K(48333312K), 0.7841820 secs] [Times: user=14.01 sys=0.00, real=0.79 secs] 
2014-05-28T15:31:35.988+0900: 11358.988: [GC [PSYoungGen: 21209792K->1061808K(22269952K)] 31199868K->11052276K(47435776K), 4.5335110 secs] [Times: user=81.37 sys=0.00, real=4.54 secs] 
2014-05-28T15:32:09.020+0900: 11392.020: [GC [PSYoungGen: 22269872K->790015K(23294464K)] 32260340K->11640181K(48460288K), 0.7726750 secs] [Times: user=13.80 sys=0.00, real=0.77 secs] 
2014-05-28T15:32:30.616+0900: 11413.616: [GC [PSYoungGen: 22104575K->1060878K(23185920K)] 32954741K->12196918K(48351744K), 0.5101220 secs] [Times: user=9.03 sys=0.00, real=0.51 secs] 
2014-05-28T15:33:08.032+0900: 11451.031: [GC [PSYoungGen: 22375438K->30977K(23253504K)] 33511478K->12230531K(48419328K), 0.8753970 secs] [Times: user=15.63 sys=0.00, real=0.88 secs] 
2014-05-28T15:33:35.914+0900: 11478.913: [GC [PSYoungGen: 21412097K->1114224K(22495744K)] 33611651K->13314731K(47661568K), 3.2014140 secs] [Times: user=57.46 sys=0.00, real=3.20 secs] 
2014-05-28T15:34:13.993+0900: 11516.993: [GC [PSYoungGen: 22495344K->201961K(23266304K)] 34695851K->13305332K(48432128K), 0.7152070 secs] [Times: user=12.69 sys=0.00, real=0.71 secs] 
2014-05-28T15:34:51.252+0900: 11554.252: [GC [PSYoungGen: 21544681K->901360K(23242240K)] 34648052K->14206461K(48408064K), 8.8706810 secs] [Times: user=159.33 sys=0.00, real=8.87 secs] 
2014-05-28T15:35:28.197+0900: 11591.196: [GC [PSYoungGen: 22244080K->1595666K(22888448K)] 35549181K->15654433K(48054272K), 1.5513710 secs] [Times: user=27.77 sys=0.00, real=1.55 secs] 
2014-05-28T15:35:51.595+0900: 11614.595: [GC [PSYoungGen: 22628626K->847401K(23099392K)] 36687393K->15514107K(48265216K), 0.5051930 secs] [Times: user=8.99 sys=0.00, real=0.51 secs] 
2014-05-28T15:36:35.357+0900: 11658.356: [GC [PSYoungGen: 21880361K->1600K(23164416K)] 36547067K->15517971K(48330240K), 0.5481090 secs] [Times: user=9.74 sys=0.00, real=0.55 secs] 
2014-05-28T15:36:55.378+0900: 11678.378: [GC [PSYoungGen: 21209664K->1101305K(22309376K)] 36726035K->16618285K(47475200K), 0.3186130 secs] [Times: user=5.63 sys=0.00, real=0.32 secs] 
2014-05-28T15:37:36.505+0900: 11719.504: [GC [PSYoungGen: 22309369K->1696K(23159808K)] 37826349K->16623157K(48325632K), 0.6335340 secs] [Times: user=11.28 sys=0.00, real=0.63 secs] 
2014-05-28T15:38:03.471+0900: 11746.471: [GC [PSYoungGen: 21169824K->1155936K(22324224K)] 37791285K->17777910K(47490048K), 2.2860530 secs] [Times: user=40.97 sys=0.00, real=2.28 secs] 
2014-05-28T15:38:40.219+0900: 11783.218: [GC [PSYoungGen: 22324064K->159721K(23157760K)] 38946038K->17726873K(48323584K), 0.7699620 secs] [Times: user=13.73 sys=0.00, real=0.77 secs] 
2014-05-28T15:39:15.767+0900: 11818.767: [GC [PSYoungGen: 21276649K->1628777K(22746112K)] 38843801K->19355347K(47911936K), 6.2673020 secs] [Times: user=112.54 sys=0.00, real=6.27 secs] 
2014-05-28T15:39:50.523+0900: 11853.523: [GC [PSYoungGen: 22745705K->867437K(23049216K)] 40472275K->19168561K(48215040K), 0.4918800 secs] [Times: user=8.72 sys=0.00, real=0.50 secs] 
2014-05-28T15:40:10.623+0900: 11873.622: [GC [PSYoungGen: 21689453K->1060457K(22938624K)] 39990577K->19934465K(48104448K), 0.6051790 secs] [Times: user=10.77 sys=0.00, real=0.61 secs] 
2014-05-28T15:40:52.096+0900: 11915.095: [GC [PSYoungGen: 21882473K->1856K(23060480K)] 40756481K->19939354K(48226304K), 0.7464100 secs] [Times: user=13.34 sys=0.00, real=0.74 secs] 
2014-05-28T15:41:15.777+0900: 11938.776: [GC [PSYoungGen: 20976448K->1129696K(22104576K)] 40913946K->21067858K(47270400K), 2.6736590 secs] [Times: user=47.98 sys=0.00, real=2.68 secs] 
2014-05-28T15:41:48.882+0900: 11971.882: [GC [PSYoungGen: 22104288K->190890K(23093760K)] 42042450K->21046599K(48259584K), 0.7202500 secs] [Times: user=12.87 sys=0.00, real=0.72 secs] 
2014-05-28T15:42:29.605+0900: 12012.605: [GC [PSYoungGen: 21177258K->1694089K(22680576K)] 42032967K->22740233K(47846400K), 7.0397800 secs] [Times: user=126.41 sys=0.00, real=7.04 secs] 
2014-05-28T15:43:03.059+0900: 12046.059: [GC [PSYoungGen: 22680457K->643428K(22987264K)] 43726601K->22318862K(48153088K), 0.5781220 secs] [Times: user=10.31 sys=0.00, real=0.58 secs] 
2014-05-28T15:43:21.898+0900: 12064.898: [GC [PSYoungGen: 21331300K->1060873K(22866432K)] 43006734K->23254023K(48032256K), 0.7187670 secs] [Times: user=12.83 sys=0.00, real=0.72 secs] 
2014-05-28T15:44:07.658+0900: 12110.658: [GC [PSYoungGen: 21748745K->2171K(23012352K)] 43941895K->23259067K(48178176K), 0.8208770 secs] [Times: user=14.65 sys=0.00, real=0.82 secs] 
2014-05-28T15:44:29.065+0900: 12132.065: [GC [PSYoungGen: 20875387K->1101321K(23019520K)] 44132283K->24359018K(48185344K), 0.4474900 secs] [Times: user=7.93 sys=0.00, real=0.45 secs] 
2014-05-28T15:45:07.363+0900: 12170.362: [GC [PSYoungGen: 21974537K->1824K(23030784K)] 45232234K->24363827K(48196608K), 0.7953820 secs] [Times: user=14.20 sys=0.00, real=0.79 secs] 
2014-05-28T15:45:08.159+0900: 12171.159: [Full GC [PSYoungGen: 1824K->0K(23030784K)] [ParOldGen: 24362003K->2251158K(25165824K)] 24363827K->2251158K(48196608K) [PSPermGen: 56294K->56294K(262144K)], 1.8899680 secs] [Times: user=29.34 sys=0.00, real=1.89 secs] 
2014-05-28T15:45:38.506+0900: 12201.506: [GC [PSYoungGen: 20890624K->992928K(23025664K)] 23141782K->3244086K(48191488K), 6.6623240 secs] [Times: user=119.61 sys=0.00, real=6.67 secs] 
2014-05-28T15:46:16.325+0900: 12239.324: [GC [PSYoungGen: 21883552K->1405746K(22837248K)] 24134710K->4469267K(48003072K), 0.8035160 secs] [Times: user=14.32 sys=0.00, real=0.80 secs] 
2014-05-28T15:46:36.988+0900: 12259.988: [GC [PSYoungGen: 22142770K->955516K(22951424K)] 25206291K->4459152K(48117248K), 0.6195280 secs] [Times: user=11.03 sys=0.00, real=0.62 secs] 
2014-05-28T15:47:16.792+0900: 12299.792: [GC [PSYoungGen: 21692540K->1472K(23022592K)] 25196176K->4462742K(48188416K), 0.7566530 secs] [Times: user=13.50 sys=0.00, real=0.75 secs] 
2014-05-28T15:47:39.514+0900: 12322.514: [GC [PSYoungGen: 20892096K->1130752K(22021632K)] 25353366K->5592542K(47187456K), 2.6656590 secs] [Times: user=47.80 sys=0.00, real=2.67 secs] 
2014-05-28T15:48:15.065+0900: 12358.064: [GC [PSYoungGen: 22021376K->187305K(23059456K)] 26483166K->5567490K(48225280K), 0.8390310 secs] [Times: user=14.95 sys=0.00, real=0.84 secs] 
2014-05-28T15:48:54.681+0900: 12397.681: [GC [PSYoungGen: 21101993K->1832538K(22747648K)] 26482178K->7399405K(47913472K), 8.4683680 secs] [Times: user=152.11 sys=0.00, real=8.47 secs] 
2014-05-28T15:49:31.696+0900: 12434.696: [GC [PSYoungGen: 22747226K->1685362K(22458368K)] 28314093K->7996584K(47624192K), 1.6933270 secs] [Times: user=30.35 sys=0.00, real=1.69 secs] 
2014-05-28T15:49:53.817+0900: 12456.817: [GC [PSYoungGen: 21761906K->784329K(22621184K)] 28073128K->7780204K(47787008K), 0.5713100 secs] [Times: user=10.15 sys=0.00, real=0.57 secs] 
2014-05-28T15:50:31.489+0900: 12494.489: [GC [PSYoungGen: 20860873K->1952K(22759936K)] 27856748K->7784309K(47925760K), 0.7190530 secs] [Times: user=12.77 sys=0.00, real=0.72 secs] 
2014-05-28T15:50:52.343+0900: 12515.343: [GC [PSYoungGen: 20359072K->1192224K(22761472K)] 28141429K->8975230K(47927296K), 1.5895360 secs] [Times: user=28.45 sys=0.00, real=1.59 secs] 
2014-05-28T15:51:30.271+0900: 12553.270: [GC [PSYoungGen: 21549344K->115593K(22808576K)] 29332350K->8889369K(47974400K), 0.5634220 secs] [Times: user=10.03 sys=0.00, real=0.56 secs] 
2014-05-28T15:52:03.563+0900: 12586.563: [GC [PSYoungGen: 20537225K->1563529K(21985280K)] 29311001K->10451883K(47151104K), 5.6541250 secs] [Times: user=101.52 sys=0.00, real=5.66 secs] 
2014-05-28T15:52:34.468+0900: 12617.467: [GC [PSYoungGen: 21985161K->584105K(22792704K)] 30873515K->9993125K(47958528K), 0.3930950 secs] [Times: user=6.93 sys=0.00, real=0.40 secs] 
2014-05-28T15:52:52.750+0900: 12635.749: [GC [PSYoungGen: 20885417K->1101001K(22674432K)] 30294437K->11095495K(47840256K), 0.5727680 secs] [Times: user=10.19 sys=0.00, real=0.58 secs] 
2014-05-28T15:53:31.983+0900: 12674.983: [GC [PSYoungGen: 21402313K->1856K(22847488K)] 31396807K->11100641K(48013312K), 0.6328590 secs] [Times: user=11.25 sys=0.00, real=0.63 secs] 
2014-05-28T15:53:58.227+0900: 12701.227: [GC [PSYoungGen: 20528960K->1125984K(22845440K)] 31627745K->12225305K(48011264K), 3.3830470 secs] [Times: user=60.72 sys=0.00, real=3.38 secs] 
2014-05-28T15:54:33.513+0900: 12736.512: [GC [PSYoungGen: 21653088K->191337K(22915072K)] 32752409K->12204621K(48080896K), 0.7082080 secs] [Times: user=12.61 sys=0.00, real=0.71 secs] 
2014-05-28T15:55:11.124+0900: 12774.124: [GC [PSYoungGen: 20810601K->1257593K(22870016K)] 32823885K->13462063K(48035840K), 2.1340840 secs] [Times: user=38.27 sys=0.00, real=2.13 secs] 
2014-05-28T15:55:38.713+0900: 12801.712: [GC [PSYoungGen: 21876857K->837129K(23009280K)] 34081327K->13308002K(48175104K), 0.4335340 secs] [Times: user=7.70 sys=0.00, real=0.43 secs] 
2014-05-28T15:56:18.052+0900: 12841.052: [GC [PSYoungGen: 21556233K->31664K(22875648K)] 34027106K->13341698K(48041472K), 0.6015520 secs] [Times: user=10.74 sys=0.00, real=0.61 secs] 
2014-05-28T15:56:35.572+0900: 12858.572: [GC [PSYoungGen: 20750768K->1101177K(23016960K)] 34060802K->14411739K(48182784K), 0.3280720 secs] [Times: user=5.79 sys=0.00, real=0.33 secs] 
2014-05-28T15:57:20.472+0900: 12903.472: [GC [PSYoungGen: 21966713K->1728K(23014400K)] 35277275K->14416809K(48180224K), 0.8141710 secs] [Times: user=14.55 sys=0.00, real=0.82 secs] 
2014-05-28T15:57:47.186+0900: 12930.186: [GC [PSYoungGen: 20867264K->1219680K(22921728K)] 35282345K->15635114K(48087552K), 1.4316060 secs] [Times: user=25.64 sys=0.00, real=1.44 secs] 
2014-05-28T15:58:28.952+0900: 12971.952: [GC [PSYoungGen: 22002784K->74442K(22974464K)] 36418218K->15524814K(48140288K), 0.8864160 secs] [Times: user=15.81 sys=0.00, real=0.89 secs] 
2014-05-28T15:59:01.539+0900: 13004.539: [GC [PSYoungGen: 20857546K->1069360K(23008256K)] 36307918K->16593248K(48174080K), 4.5016260 secs] [Times: user=80.76 sys=0.00, real=4.50 secs] 
2014-05-28T15:59:38.911+0900: 13041.911: [GC [PSYoungGen: 21919024K->240681K(23007232K)] 37442912K->16630059K(48173056K), 0.7335070 secs] [Times: user=13.11 sys=0.00, real=0.74 secs] 
2014-05-28T16:00:18.274+0900: 13081.274: [GC [PSYoungGen: 21090345K->1716532K(22579712K)] 37479723K->18346320K(47745536K), 7.0362220 secs] [Times: user=126.33 sys=0.00, real=7.03 secs] 
2014-05-28T16:00:50.698+0900: 13113.698: [GC [PSYoungGen: 22203700K->523425K(22826496K)] 38833488K->17793584K(47992320K), 0.6010230 secs] [Times: user=10.67 sys=0.00, real=0.60 secs] 
2014-05-28T16:01:08.340+0900: 13131.340: [GC [PSYoungGen: 21010593K->1061545K(22972416K)] 38280752K->18839219K(48138240K), 0.6042070 secs] [Times: user=10.74 sys=0.00, real=0.60 secs] 
2014-05-28T16:01:52.517+0900: 13175.517: [GC [PSYoungGen: 21809833K->1824K(22941696K)] 39587507K->18843581K(48107520K), 0.6133170 secs] [Times: user=10.92 sys=0.00, real=0.61 secs] 
2014-05-28T16:02:17.878+0900: 13200.878: [GC [PSYoungGen: 20750112K->1117744K(22969856K)] 39591869K->19960109K(48135680K), 3.8055900 secs] [Times: user=68.32 sys=0.00, real=3.81 secs] 
2014-05-28T16:02:52.931+0900: 13235.931: [GC [PSYoungGen: 21903920K->198857K(22976000K)] 40746285K->19947289K(48141824K), 0.7970320 secs] [Times: user=14.21 sys=0.00, real=0.80 secs] 
2014-05-28T16:03:30.513+0900: 13273.513: [GC [PSYoungGen: 20985033K->1418281K(22776832K)] 40733465K->21365226K(47942656K), 4.1046800 secs] [Times: user=73.68 sys=0.00, real=4.10 secs] 
2014-05-28T16:03:58.463+0900: 13301.463: [GC [PSYoungGen: 22058025K->704201K(22902784K)] 42004970K->21051068K(48068608K), 0.4117540 secs] [Times: user=7.28 sys=0.00, real=0.42 secs] 
2014-05-28T16:04:39.522+0900: 13342.522: [GC [PSYoungGen: 21343945K->2336K(23052800K)] 41690812K->21054853K(48218624K), 0.5204630 secs] [Times: user=9.25 sys=0.00, real=0.52 secs] 
2014-05-28T16:05:00.655+0900: 13363.655: [GC [PSYoungGen: 20932896K->1101225K(22031872K)] 41985413K->22154462K(47197696K), 0.4115830 secs] [Times: user=7.29 sys=0.00, real=0.41 secs] 
2014-05-28T16:05:43.652+0900: 13406.652: [GC [PSYoungGen: 22031785K->2272K(23057920K)] 43085022K->22159904K(48223744K), 0.8689540 secs] [Times: user=15.55 sys=0.00, real=0.87 secs] 
2014-05-28T16:06:10.334+0900: 13433.334: [GC [PSYoungGen: 20934368K->1178512K(22110720K)] 43092000K->23337274K(47276544K), 1.8142520 secs] [Times: user=32.52 sys=0.00, real=1.81 secs] 
2014-05-28T16:06:50.781+0900: 13473.781: [GC [PSYoungGen: 22110608K->137770K(23057920K)] 44269370K->23268200K(48223744K), 0.7490740 secs] [Times: user=13.37 sys=0.00, real=0.75 secs] 
2014-05-28T16:07:24.731+0900: 13507.731: [GC [PSYoungGen: 21038122K->1016480K(23008256K)] 44168552K->24284049K(48174080K), 6.1355260 secs] [Times: user=110.19 sys=0.00, real=6.14 secs] 
2014-05-28T16:07:57.543+0900: 13540.543: [GC [PSYoungGen: 21916832K->940538K(23113216K)] 45184401K->25035922K(48279040K), 0.7364250 secs] [Times: user=13.17 sys=0.00, real=0.74 secs] 
2014-05-28T16:07:58.280+0900: 13541.280: [Full GC [PSYoungGen: 940538K->0K(23113216K)] [ParOldGen: 24095383K->2914628K(25165824K)] 25035922K->2914628K(48279040K) [PSPermGen: 56298K->56298K(262144K)], 3.4541620 secs] [Times: user=51.73 sys=0.00, real=3.45 secs] 
2014-05-28T16:08:20.561+0900: 13563.561: [GC [PSYoungGen: 21014016K->1416423K(22430720K)] 23928644K->4331052K(47596544K), 0.3929690 secs] [Times: user=6.98 sys=0.00, real=0.40 secs] 
2014-05-28T16:09:07.450+0900: 13610.449: [GC [PSYoungGen: 22430439K->4048K(22993920K)] 25345068K->4339341K(48159744K), 1.1204160 secs] [Times: user=20.05 sys=0.00, real=1.12 secs] 
2014-05-28T16:09:26.422+0900: 13629.422: [GC [PSYoungGen: 20817872K->1102425K(22985728K)] 25153165K->5439376K(48151552K), 0.3923870 secs] [Times: user=6.91 sys=0.00, real=0.40 secs] 
2014-05-28T16:10:00.713+0900: 13663.713: [GC [PSYoungGen: 21916249K->1920K(23009792K)] 26253200K->5443582K(48175616K), 0.8089610 secs] [Times: user=14.46 sys=0.00, real=0.81 secs] 
2014-05-28T16:10:33.672+0900: 13696.672: [GC [PSYoungGen: 20838272K->1511241K(22347776K)] 26279934K->6953168K(47513600K), 5.1788570 secs] [Times: user=92.96 sys=0.00, real=5.18 secs] 
2014-05-28T16:11:05.409+0900: 13728.409: [GC [PSYoungGen: 22347593K->637321K(22983680K)] 27789520K->6556169K(48149504K), 0.6099690 secs] [Times: user=10.80 sys=0.00, real=0.61 secs] 
2014-05-28T16:11:23.755+0900: 13746.755: [GC [PSYoungGen: 21301641K->1092873K(22846464K)] 27220489K->7650387K(48012288K), 0.7547660 secs] [Times: user=13.48 sys=0.00, real=0.75 secs] 
2014-05-28T16:12:06.378+0900: 13789.378: [GC [PSYoungGen: 21757193K->3872K(23005696K)] 28314707K->7656578K(48171520K), 0.9089450 secs] [Times: user=16.24 sys=0.00, real=0.90 secs] 
2014-05-28T16:12:33.450+0900: 13816.449: [GC [PSYoungGen: 20841248K->1116160K(21954048K)] 28493954K->8769939K(47119872K), 3.7705470 secs] [Times: user=67.66 sys=0.00, real=3.77 secs] 
2014-05-28T16:13:05.367+0900: 13848.367: [GC [PSYoungGen: 21953536K->1290834K(22876160K)] 29607315K->9848840K(48041984K), 1.0095440 secs] [Times: user=18.05 sys=0.00, real=1.01 secs] 
2014-05-28T16:13:25.091+0900: 13868.091: [GC [PSYoungGen: 21998162K->973417K(22936576K)] 30556168K->9860130K(48102400K), 0.5007150 secs] [Times: user=8.90 sys=0.00, real=0.50 secs] 
2014-05-28T16:14:04.687+0900: 13907.687: [GC [PSYoungGen: 21680745K->2016K(23005696K)] 30567458K->9864978K(48171520K), 0.6998550 secs] [Times: user=12.44 sys=0.00, real=0.70 secs] 
2014-05-28T16:14:29.769+0900: 13932.769: [GC [PSYoungGen: 20855776K->1039376K(23009792K)] 30718738K->10903235K(48175616K), 5.5718490 secs] [Times: user=100.04 sys=0.00, real=5.58 secs] 
2014-05-28T16:15:00.960+0900: 13963.960: [GC [PSYoungGen: 21893136K->1107706K(23047168K)] 31756995K->11814628K(48212992K), 0.9982700 secs] [Times: user=17.87 sys=0.00, real=1.00 secs] 
2014-05-28T16:15:18.564+0900: 13981.564: [GC [PSYoungGen: 22027514K->1060521K(23038464K)] 32734436K->12072113K(48204288K), 0.5403170 secs] [Times: user=9.60 sys=0.00, real=0.54 secs] 
2014-05-28T16:16:00.209+0900: 14023.209: [GC [PSYoungGen: 21980329K->2112K(23054336K)] 32991921K->12077201K(48220160K), 0.6013730 secs] [Times: user=10.71 sys=0.00, real=0.60 secs] 
2014-05-28T16:16:24.304+0900: 14047.304: [GC [PSYoungGen: 20972608K->1125808K(22096384K)] 33047697K->13201393K(47262208K), 3.1570580 secs] [Times: user=56.62 sys=0.00, real=3.16 secs] 
2014-05-28T16:17:01.500+0900: 14084.500: [GC [PSYoungGen: 22096304K->191049K(23094272K)] 34171889K->13180456K(48260096K), 0.6940380 secs] [Times: user=12.40 sys=0.00, real=0.70 secs] 
2014-05-28T16:17:38.498+0900: 14121.498: [GC [PSYoungGen: 21181513K->1425898K(22416384K)] 34170920K->14605946K(47582208K), 3.8509070 secs] [Times: user=69.12 sys=0.00, real=3.86 secs] 
2014-05-28T16:18:06.257+0900: 14149.257: [GC [PSYoungGen: 22416362K->704330K(23094272K)] 35596410K->14288421K(48260096K), 0.4695660 secs] [Times: user=8.34 sys=0.00, real=0.47 secs] 
2014-05-28T16:18:47.834+0900: 14190.834: [GC [PSYoungGen: 21601098K->3392K(22968320K)] 35185189K->14292894K(48134144K), 0.5709210 secs] [Times: user=10.14 sys=0.00, real=0.57 secs] 
2014-05-28T16:19:06.941+0900: 14209.940: [GC [PSYoungGen: 20900160K->1101466K(23070720K)] 35189662K->15392892K(48236544K), 0.3844850 secs] [Times: user=6.84 sys=0.00, real=0.39 secs] 
2014-05-28T16:19:47.668+0900: 14250.668: [GC [PSYoungGen: 22096538K->1888K(23080448K)] 36387964K->15397432K(48246272K), 0.7828550 secs] [Times: user=13.98 sys=0.00, real=0.78 secs] 
2014-05-28T16:20:15.871+0900: 14278.870: [GC [PSYoungGen: 20996960K->1030960K(23095808K)] 36392504K->16427145K(48261632K), 5.4718230 secs] [Times: user=98.24 sys=0.00, real=5.48 secs] 
2014-05-28T16:20:49.414+0900: 14312.413: [GC [PSYoungGen: 22049584K->1289362K(22308352K)] 37445769K->17522655K(47474176K), 0.9501140 secs] [Times: user=17.00 sys=0.00, real=0.95 secs] 
2014-05-28T16:21:11.050+0900: 14334.050: [GC [PSYoungGen: 22307986K->1031529K(23055872K)] 38541279K->17602977K(48221696K), 0.6449970 secs] [Times: user=11.50 sys=0.00, real=0.65 secs] 
2014-05-28T16:21:55.380+0900: 14378.380: [GC [PSYoungGen: 21938025K->2611K(23016448K)] 38509473K->17608276K(48182272K), 0.9262860 secs] [Times: user=16.54 sys=0.00, real=0.92 secs] 
2014-05-28T16:22:12.697+0900: 14395.697: [GC [PSYoungGen: 20909107K->1226464K(22953472K)] 38514772K->18832978K(48119296K), 1.3263250 secs] [Times: user=23.74 sys=0.00, real=1.33 secs] 
2014-05-28T16:22:48.731+0900: 14431.731: [GC [PSYoungGen: 22067936K->61929K(23003648K)] 39674450K->18714238K(48169472K), 0.7904260 secs] [Times: user=14.10 sys=0.00, real=0.79 secs] 
2014-05-28T16:23:23.094+0900: 14466.094: [GC [PSYoungGen: 20903401K->1491401K(22723072K)] 39555710K->20203184K(47888896K), 4.9524670 secs] [Times: user=88.76 sys=0.00, real=4.95 secs] 
2014-05-28T16:23:55.067+0900: 14498.067: [GC [PSYoungGen: 22072777K->654720K(22873600K)] 40784560K->19827027K(48039424K), 0.5691680 secs] [Times: user=10.12 sys=0.00, real=0.57 secs] 
2014-05-28T16:24:11.750+0900: 14514.749: [GC [PSYoungGen: 21236096K->1098377K(23020544K)] 40408403K->20920166K(48186368K), 0.6931050 secs] [Times: user=12.38 sys=0.00, real=0.69 secs] 
2014-05-28T16:24:56.978+0900: 14559.977: [GC [PSYoungGen: 21958281K->1408K(23005184K)] 41780070K->20924875K(48171008K), 0.6455730 secs] [Times: user=11.50 sys=0.00, real=0.64 secs] 
2014-05-28T16:25:22.362+0900: 14585.362: [GC [PSYoungGen: 20861312K->1142832K(22990848K)] 41784779K->22066652K(48156672K), 3.2025730 secs] [Times: user=57.47 sys=0.00, real=3.20 secs] 
2014-05-28T16:25:57.455+0900: 14620.454: [GC [PSYoungGen: 21988400K->174633K(23005696K)] 42912220K->22029063K(48171520K), 0.5932060 secs] [Times: user=10.56 sys=0.00, real=0.59 secs] 
2014-05-28T16:26:33.951+0900: 14656.951: [GC [PSYoungGen: 21020201K->1561081K(22693376K)] 42874631K->23589625K(47859200K), 5.5676040 secs] [Times: user=99.96 sys=0.00, real=5.56 secs] 
2014-05-28T16:27:05.675+0900: 14688.675: [GC [PSYoungGen: 22135289K->586441K(22870016K)] 44163833K->23133564K(48035840K), 0.4035540 secs] [Times: user=7.14 sys=0.00, real=0.40 secs] 
2014-05-28T16:27:47.731+0900: 14730.731: [GC [PSYoungGen: 21160649K->199386K(23031808K)] 43707772K->23334255K(48197632K), 0.5214170 secs] [Times: user=9.27 sys=0.00, real=0.52 secs] 
2014-05-28T16:28:09.061+0900: 14752.061: [GC [PSYoungGen: 21052122K->1060809K(22986752K)] 44186991K->24236881K(48152576K), 0.3208830 secs] [Times: user=5.68 sys=0.00, real=0.32 secs] 
2014-05-28T16:28:51.407+0900: 14794.407: [GC [PSYoungGen: 21913545K->1504K(23055360K)] 45089617K->24241218K(48221184K), 0.7030180 secs] [Times: user=12.51 sys=0.00, real=0.71 secs] 
2014-05-28T16:28:52.111+0900: 14795.111: [Full GC [PSYoungGen: 1504K->0K(23055360K)] [ParOldGen: 24239713K->2253937K(25165824K)] 24241218K->2253937K(48221184K) [PSPermGen: 56304K->56303K(262144K)], 1.8231920 secs] [Times: user=28.01 sys=0.00, real=1.82 secs] 
2014-05-28T16:29:14.259+0900: 14817.259: [GC [PSYoungGen: 20933632K->1101337K(22035456K)] 23187569K->3355275K(47201280K), 0.3795520 secs] [Times: user=6.62 sys=0.00, real=0.38 secs] 
2014-05-28T16:29:56.609+0900: 14859.609: [GC [PSYoungGen: 22034969K->2208K(23060480K)] 24288907K->3360963K(48226304K), 0.7421650 secs] [Times: user=13.22 sys=0.00, real=0.75 secs] 
2014-05-28T16:30:26.020+0900: 14889.019: [GC [PSYoungGen: 20936864K->1108464K(22043136K)] 24295619K->4467812K(47208960K), 3.4864120 secs] [Times: user=62.52 sys=0.00, real=3.49 secs] 
2014-05-28T16:31:02.977+0900: 14925.977: [GC [PSYoungGen: 22043120K->210858K(23096832K)] 25402468K->4467658K(48262656K), 0.6702450 secs] [Times: user=11.94 sys=0.00, real=0.67 secs] 
2014-05-28T16:31:42.679+0900: 14965.679: [GC [PSYoungGen: 21175722K->1828569K(22793728K)] 25432522K->6296012K(47959552K), 8.6139030 secs] [Times: user=154.69 sys=0.00, real=8.61 secs] 
2014-05-28T16:32:18.493+0900: 15001.492: [GC [PSYoungGen: 22793433K->1406610K(22642688K)] 27260876K->6614889K(47808512K), 0.8850870 secs] [Times: user=15.78 sys=0.00, real=0.88 secs] 
2014-05-28T16:32:37.178+0900: 15020.178: [GC [PSYoungGen: 21683858K->1014729K(22721536K)] 26892137K->6676454K(47887360K), 0.4329620 secs] [Times: user=7.67 sys=0.00, real=0.43 secs] 
2014-05-28T16:33:20.787+0900: 15063.787: [GC [PSYoungGen: 21291977K->1856K(22820864K)] 26953702K->6681183K(47986688K), 0.5705780 secs] [Times: user=10.14 sys=0.00, real=0.57 secs] 
2014-05-28T16:33:42.357+0900: 15085.357: [GC [PSYoungGen: 20470080K->1207056K(22813184K)] 27149407K->7887200K(47979008K), 1.5182110 secs] [Times: user=27.17 sys=0.00, real=1.52 secs] 
2014-05-28T16:34:19.950+0900: 15122.950: [GC [PSYoungGen: 21675280K->93097K(22848000K)] 28355424K->7786478K(48013824K), 0.6385980 secs] [Times: user=11.38 sys=0.00, real=0.64 secs] 
2014-05-28T16:34:53.896+0900: 15156.895: [GC [PSYoungGen: 20588969K->1691833K(22188032K)] 28282350K->9477488K(47353856K), 6.9066980 secs] [Times: user=124.03 sys=0.00, real=6.91 secs] 
2014-05-28T16:35:27.047+0900: 15190.047: [GC [PSYoungGen: 22187705K->749857K(22806528K)] 29973360K->9162645K(47972352K), 0.4752230 secs] [Times: user=8.43 sys=0.00, real=0.48 secs] 
2014-05-28T16:35:46.488+0900: 15209.488: [GC [PSYoungGen: 21041953K->1060937K(22651392K)] 29454741K->9994138K(47817216K), 0.7056720 secs] [Times: user=12.60 sys=0.00, real=0.71 secs] 
2014-05-28T16:36:23.641+0900: 15246.641: [GC [PSYoungGen: 21353033K->1952K(22873088K)] 30286234K->9998810K(48038912K), 0.8280220 secs] [Times: user=14.75 sys=0.00, real=0.83 secs] 
2014-05-28T16:36:51.814+0900: 15274.814: [GC [PSYoungGen: 20580768K->1043600K(22871552K)] 30577626K->11041147K(48037376K), 4.9362380 secs] [Times: user=86.11 sys=0.00, real=4.93 secs] 
2014-05-28T16:37:23.516+0900: 15306.516: [GC [PSYoungGen: 21622416K->1243570K(22876672K)] 31619963K->12087073K(48042496K), 0.8120990 secs] [Times: user=14.47 sys=0.00, real=0.81 secs] 
2014-05-28T16:37:41.324+0900: 15324.324: [GC [PSYoungGen: 21876146K->1060521K(22899200K)] 32719649K->12203779K(48065024K), 0.5488700 secs] [Times: user=9.77 sys=0.00, real=0.55 secs] 
2014-05-28T16:38:18.687+0900: 15361.687: [GC [PSYoungGen: 21693097K->3040K(22938112K)] 32836355K->12210043K(48103936K), 0.7715250 secs] [Times: user=13.80 sys=0.00, real=0.77 secs] 
2014-05-28T16:38:52.373+0900: 15395.373: [GC [PSYoungGen: 20733920K->1227145K(21958144K)] 32940923K->13435793K(47123968K), 2.2456020 secs] [Times: user=40.24 sys=0.00, real=2.24 secs] 
2014-05-28T16:39:15.050+0900: 15418.050: [GC [PSYoungGen: 21958025K->871488K(23046656K)] 34166673K->13321197K(48212480K), 0.5237350 secs] [Times: user=9.26 sys=0.00, real=0.52 secs] 
2014-05-28T16:39:32.789+0900: 15435.788: [GC [PSYoungGen: 21676608K->1224832K(22924288K)] 34126317K->14542334K(48090112K), 1.2966330 secs] [Times: user=23.20 sys=0.00, real=1.29 secs] 
2014-05-28T16:40:17.618+0900: 15480.618: [GC [PSYoungGen: 22029952K->57577K(23008256K)] 35347454K->14422101K(48174080K), 0.6100690 secs] [Times: user=10.86 sys=0.00, real=0.61 secs] 
2014-05-28T16:40:46.102+0900: 15509.102: [GC [PSYoungGen: 20927721K->1007296K(23017984K)] 35292245K->15427670K(48183808K), 6.1191870 secs] [Times: user=109.90 sys=0.00, real=6.12 secs] 
2014-05-28T16:41:20.497+0900: 15543.497: [GC [PSYoungGen: 21877440K->713535K(23184896K)] 36297814K->15955349K(48350720K), 0.7370300 secs] [Times: user=13.17 sys=0.00, real=0.73 secs] 
2014-05-28T16:41:40.657+0900: 15563.657: [GC [PSYoungGen: 21803839K->1060393K(23071232K)] 37045653K->16626500K(48237056K), 0.5130270 secs] [Times: user=9.14 sys=0.00, real=0.52 secs] 
2014-05-28T16:42:05.267+0900: 15588.267: [GC [PSYoungGen: 22150697K->1011456K(23249408K)] 37716804K->17641205K(48415232K), 6.7062510 secs] [Times: user=120.43 sys=0.00, real=6.71 secs] 
2014-05-28T16:42:38.949+0900: 15621.949: [GC [PSYoungGen: 22300416K->709791K(23205376K)] 38930165K->18163791K(48371200K), 0.5942190 secs] [Times: user=10.57 sys=0.00, real=0.59 secs] 
2014-05-28T16:42:56.335+0900: 15639.334: [GC [PSYoungGen: 21998751K->1060713K(23348736K)] 39452751K->18835911K(48514560K), 0.4834980 secs] [Times: user=8.61 sys=0.00, real=0.48 secs] 
2014-05-28T16:43:28.622+0900: 15671.621: [GC [PSYoungGen: 22578025K->1728K(21519360K)] 40353223K->18840543K(46685184K), 0.5862550 secs] [Times: user=10.46 sys=0.00, real=0.59 secs] 
2014-05-28T16:43:58.159+0900: 15701.159: [GC [PSYoungGen: 21519040K->1585097K(22914560K)] 40357855K->20424473K(48080384K), 5.7958080 secs] [Times: user=104.02 sys=0.00, real=5.79 secs] 
2014-05-28T16:44:25.231+0900: 15728.231: [GC [PSYoungGen: 22634441K->566985K(23107584K)] 41473817K->19944637K(48273408K), 0.4890030 secs] [Times: user=8.70 sys=0.00, real=0.49 secs] 
2014-05-28T16:45:00.773+0900: 15763.772: [GC [PSYoungGen: 21616329K->1760K(23135744K)] 40993981K->19947518K(48301568K), 0.3162700 secs] [Times: user=5.58 sys=0.00, real=0.32 secs] 
2014-05-28T16:45:22.613+0900: 15785.613: [GC [PSYoungGen: 21152480K->1109920K(22260736K)] 41098238K->21056295K(47426560K), 3.3303760 secs] [Times: user=59.74 sys=0.00, real=3.33 secs] 
2014-05-28T16:46:03.673+0900: 15826.673: [GC [PSYoungGen: 22260640K->207145K(23175168K)] 42207015K->21052187K(48340992K), 0.5379050 secs] [Times: user=9.56 sys=0.00, real=0.54 secs] 
2014-05-28T16:46:38.352+0900: 15861.352: [GC [PSYoungGen: 21364009K->931216K(23147520K)] 42209051K->21982812K(48313344K), 7.9123170 secs] [Times: user=142.12 sys=0.00, real=7.92 secs] 
2014-05-28T16:47:15.197+0900: 15898.197: [GC [PSYoungGen: 22088080K->1505554K(22897152K)] 43139676K->23329706K(48062976K), 0.8872840 secs] [Times: user=15.87 sys=0.00, real=0.89 secs] 
2014-05-28T16:47:35.332+0900: 15918.332: [GC [PSYoungGen: 22460690K->906185K(23060480K)] 44284842K->23259775K(48226304K), 0.6288370 secs] [Times: user=11.20 sys=0.00, real=0.63 secs] 
2014-05-28T16:48:14.578+0900: 15957.578: [GC [PSYoungGen: 21861321K->1440K(23113216K)] 44214911K->23263663K(48279040K), 0.5000930 secs] [Times: user=8.88 sys=0.00, real=0.50 secs] 
2014-05-28T16:48:36.940+0900: 15979.940: [GC [PSYoungGen: 21105056K->1208512K(22312448K)] 44367279K->24471224K(47478272K), 1.4530520 secs] [Times: user=25.43 sys=0.00, real=1.46 secs] 
2014-05-28T16:49:12.998+0900: 16015.998: [GC [PSYoungGen: 22312128K->95242K(23101440K)] 45574840K->24373080K(48267264K), 0.7123810 secs] [Times: user=12.69 sys=0.00, real=0.71 secs] 
2014-05-28T16:49:13.712+0900: 16016.711: [Full GC [PSYoungGen: 95242K->0K(23101440K)] [ParOldGen: 24277838K->2254552K(25165824K)] 24373080K->2254552K(48267264K) [PSPermGen: 56307K->56307K(262144K)], 1.9085770 secs] [Times: user=30.15 sys=0.00, real=1.91 secs] 
2014-05-28T16:49:47.991+0900: 16050.990: [GC [PSYoungGen: 21026816K->942976K(23091200K)] 23281368K->3197528K(48257024K), 7.7629730 secs] [Times: user=139.40 sys=0.00, real=7.77 secs] 
2014-05-28T16:50:23.536+0900: 16086.536: [GC [PSYoungGen: 21969792K->761439K(23273472K)] 24224344K->3796639K(48439296K), 0.7438900 secs] [Times: user=13.23 sys=0.00, real=0.75 secs] 
2014-05-28T16:50:43.075+0900: 16106.075: [GC [PSYoungGen: 22022751K->1061001K(23153664K)] 25057951K->4462231K(48319488K), 0.5136500 secs] [Times: user=9.08 sys=0.00, real=0.51 secs] 
2014-05-28T16:51:23.517+0900: 16146.517: [GC [PSYoungGen: 22322313K->1728K(23232000K)] 25723543K->4467039K(48397824K), 0.7571840 secs] [Times: user=13.43 sys=0.00, real=0.75 secs] 
2014-05-28T16:51:49.880+0900: 16172.880: [GC [PSYoungGen: 21338816K->1076897K(22414336K)] 25804127K->5542825K(47580160K), 4.3115820 secs] [Times: user=77.39 sys=0.00, real=4.31 secs] 
2014-05-28T16:52:24.406+0900: 16207.406: [GC [PSYoungGen: 22413985K->1383858K(22992384K)] 26879913K->6721663K(48158208K), 0.8692490 secs] [Times: user=15.49 sys=0.00, real=0.87 secs] 
2014-05-28T16:52:45.990+0900: 16228.989: [GC [PSYoungGen: 22443442K->927209K(23112704K)] 27781247K->6676755K(48278528K), 0.4196080 secs] [Times: user=7.43 sys=0.00, real=0.42 secs] 
2014-05-28T16:53:23.714+0900: 16266.714: [GC [PSYoungGen: 21986793K->2176K(23147520K)] 27736339K->6681707K(48313344K), 0.5208930 secs] [Times: user=9.25 sys=0.00, real=0.53 secs] 
2014-05-28T16:53:47.534+0900: 16290.534: [GC [PSYoungGen: 21175424K->1140640K(22313984K)] 27854955K->7820524K(47479808K), 3.1734410 secs] [Times: user=56.92 sys=0.00, real=3.17 secs] 
2014-05-28T16:54:22.627+0900: 16325.626: [GC [PSYoungGen: 22313888K->177865K(23168512K)] 28993772K->7786153K(48334336K), 0.5480140 secs] [Times: user=9.73 sys=0.00, real=0.55 secs] 
2014-05-28T16:54:59.970+0900: 16362.970: [GC [PSYoungGen: 21325513K->1087785K(23144960K)] 28933801K->8873395K(48310784K), 0.7344380 secs] [Times: user=13.10 sys=0.00, real=0.73 secs] 
2014-05-28T16:55:25.578+0900: 16388.577: [GC [PSYoungGen: 22235433K->977769K(23200256K)] 30021043K->8888343K(48366080K), 0.3562570 secs] [Times: user=6.26 sys=0.00, real=0.36 secs] 
2014-05-28T16:56:12.174+0900: 16435.174: [GC [PSYoungGen: 22170473K->394628K(23158272K)] 30081047K->9285515K(48324096K), 0.8430310 secs] [Times: user=15.02 sys=0.00, real=0.84 secs] 
2014-05-28T16:56:35.280+0900: 16458.280: [GC [PSYoungGen: 21587332K->1061097K(23248896K)] 30478219K->9993276K(48414720K), 0.3722850 secs] [Times: user=6.58 sys=0.00, real=0.37 secs] 
2014-05-28T16:57:17.249+0900: 16500.249: [GC [PSYoungGen: 22399209K->4833K(21343232K)] 31331388K->10001229K(46509056K), 0.8227810 secs] [Times: user=14.69 sys=0.00, real=0.83 secs] 
2014-05-28T16:57:40.443+0900: 16523.443: [GC [PSYoungGen: 21342945K->1241904K(23076864K)] 31339341K->11242102K(48242688K), 1.3885110 secs] [Times: user=24.84 sys=0.00, real=1.39 secs] 
2014-05-28T16:58:26.599+0900: 16569.599: [GC [PSYoungGen: 22389552K->25641K(23156736K)] 32389750K->11106899K(48322560K), 0.7677030 secs] [Times: user=13.72 sys=0.00, real=0.77 secs] 
2014-05-28T16:58:53.770+0900: 16596.770: [GC [PSYoungGen: 21173289K->1198640K(23039488K)] 32254547K->12304412K(48205312K), 1.9445070 secs] [Times: user=34.84 sys=0.00, real=1.95 secs] 
2014-05-28T16:59:30.813+0900: 16633.813: [GC [PSYoungGen: 22232624K->106473K(23099904K)] 33338396K->12212185K(48265728K), 0.7253920 secs] [Times: user=12.96 sys=0.00, real=0.72 secs] 
2014-05-28T17:00:05.605+0900: 16668.605: [GC [PSYoungGen: 21140457K->1020864K(23133696K)] 33246169K->13231938K(48299520K), 5.8999610 secs] [Times: user=105.93 sys=0.00, real=5.90 secs] 
2014-05-28T17:00:38.530+0900: 16701.530: [GC [PSYoungGen: 22116800K->278441K(23128064K)] 34327874K->13318487K(48293888K), 0.6826860 secs] [Times: user=12.17 sys=0.00, real=0.69 secs] 
2014-05-28T17:01:20.774+0900: 16743.774: [GC [PSYoungGen: 21374377K->974789K(23208960K)] 34414423K->14291733K(48374784K), 0.5846580 secs] [Times: user=10.38 sys=0.00, real=0.59 secs] 
2014-05-28T17:01:45.359+0900: 16768.359: [GC [PSYoungGen: 22213061K->1061417K(23195136K)] 35530005K->14419653K(48360960K), 0.3161960 secs] [Times: user=5.56 sys=0.00, real=0.32 secs] 
2014-05-28T17:02:33.143+0900: 16816.143: [GC [PSYoungGen: 22299689K->379652K(23263232K)] 35657925K->14802017K(48429056K), 0.8467730 secs] [Times: user=15.05 sys=0.00, real=0.85 secs] 
2014-05-28T17:02:56.486+0900: 16839.486: [GC [PSYoungGen: 21675268K->1061577K(23198208K)] 36097633K->15525972K(48364032K), 0.3597180 secs] [Times: user=6.33 sys=0.00, real=0.36 secs] 
2014-05-28T17:03:42.263+0900: 16885.262: [GC [PSYoungGen: 22357193K->2912K(23238656K)] 36821588K->15531444K(48404480K), 0.8450700 secs] [Times: user=15.08 sys=0.00, real=0.84 secs] 
2014-05-28T17:04:05.669+0900: 16908.669: [GC [PSYoungGen: 21323616K->1102105K(22423040K)] 36852148K->16632016K(47588864K), 0.3722270 secs] [Times: user=6.60 sys=0.00, real=0.38 secs] 
2014-05-28T17:04:46.441+0900: 16949.441: [GC [PSYoungGen: 22422809K->1536K(23212032K)] 37952720K->16636352K(48377856K), 0.8918230 secs] [Times: user=15.96 sys=0.00, real=0.89 secs] 
2014-05-28T17:05:12.101+0900: 16975.100: [GC [PSYoungGen: 21252608K->1216032K(22467584K)] 37887424K->17851216K(47633408K), 1.3563340 secs] [Times: user=24.27 sys=0.00, real=1.36 secs] 
2014-05-28T17:05:55.160+0900: 17018.159: [GC [PSYoungGen: 22467104K->77673K(23158272K)] 39102288K->17741413K(48324096K), 0.7717230 secs] [Times: user=13.80 sys=0.00, real=0.77 secs] 
2014-05-28T17:06:26.045+0900: 17049.045: [GC [PSYoungGen: 21197673K->1144976K(22265344K)] 38861413K->18885726K(47431168K), 3.2030560 secs] [Times: user=57.51 sys=0.00, real=3.20 secs] 
2014-05-28T17:07:12.861+0900: 17095.861: [GC [PSYoungGen: 22264976K->176266K(23157760K)] 40005726K->18849996K(48323584K), 0.5917780 secs] [Times: user=10.53 sys=0.00, real=0.59 secs] 
2014-05-28T17:07:44.801+0900: 17127.801: [GC [PSYoungGen: 21273226K->1071520K(23105024K)] 39946956K->19920901K(48270848K), 4.8271630 secs] [Times: user=86.63 sys=0.00, real=4.83 secs] 
2014-05-28T17:08:21.882+0900: 17164.882: [GC [PSYoungGen: 22168480K->1342322K(22908928K)] 41017861K->21058827K(48074752K), 1.0621990 secs] [Times: user=18.99 sys=0.00, real=1.06 secs] 
2014-05-28T17:08:44.050+0900: 17187.050: [GC [PSYoungGen: 22217586K->964041K(23020544K)] 41934091K->21057922K(48186368K), 0.6448410 secs] [Times: user=11.48 sys=0.00, real=0.65 secs] 
2014-05-28T17:09:27.495+0900: 17230.494: [GC [PSYoungGen: 21839305K->2336K(23081472K)] 41933186K->21063154K(48247296K), 0.8124100 secs] [Times: user=14.53 sys=0.00, real=0.81 secs] 
2014-05-28T17:09:46.410+0900: 17249.410: [GC [PSYoungGen: 20996384K->1101435K(22095872K)] 42057202K->22163078K(47261696K), 0.3784130 secs] [Times: user=6.73 sys=0.00, real=0.38 secs] 
2014-05-28T17:10:23.760+0900: 17286.760: [GC [PSYoungGen: 22095483K->1728K(23081472K)] 43157126K->22168252K(48247296K), 0.6211630 secs] [Times: user=11.05 sys=0.00, real=0.62 secs] 
2014-05-28T17:10:54.049+0900: 17317.049: [GC [PSYoungGen: 20985536K->1537993K(22521856K)] 43152060K->23705158K(47687680K), 5.5640340 secs] [Times: user=99.90 sys=0.00, real=5.56 secs] 
2014-05-28T17:11:24.254+0900: 17347.254: [GC [PSYoungGen: 22521801K->605865K(23026688K)] 44688966K->23272193K(48192512K), 0.3948830 secs] [Times: user=7.00 sys=0.00, real=0.40 secs] 
2014-05-28T17:11:42.997+0900: 17365.997: [GC [PSYoungGen: 21364393K->1103241K(22897664K)] 44030721K->24376675K(48063488K), 0.8961690 secs] [Times: user=16.02 sys=0.00, real=0.90 secs] 
2014-05-28T17:12:22.306+0900: 17405.306: [GC [PSYoungGen: 21861769K->1856K(23036416K)] 45135203K->24381254K(48202240K), 0.8690210 secs] [Times: user=15.54 sys=0.00, real=0.87 secs] 
2014-05-28T17:12:23.176+0900: 17406.176: [Full GC [PSYoungGen: 1856K->0K(23036416K)] [ParOldGen: 24379398K->2255218K(25165824K)] 24381254K->2255218K(48202240K) [PSPermGen: 56318K->56318K(262144K)], 1.8443740 secs] [Times: user=28.52 sys=0.00, real=1.85 secs] 
2014-05-28T17:12:53.257+0900: 17436.257: [GC [PSYoungGen: 20899840K->1552201K(22452224K)] 23155058K->3807420K(47618048K), 5.0154950 secs] [Times: user=90.01 sys=0.00, real=5.02 secs] 
2014-05-28T17:13:19.220+0900: 17462.220: [GC [PSYoungGen: 22452041K->644969K(22991360K)] 24707260K->3362592K(48157184K), 0.4176900 secs] [Times: user=7.38 sys=0.00, real=0.42 secs] 
2014-05-28T17:13:37.915+0900: 17480.914: [GC [PSYoungGen: 21331817K->1101513K(22861312K)] 24049440K->4464643K(48027136K), 0.7625400 secs] [Times: user=13.59 sys=0.00, real=0.76 secs] 
2014-05-28T17:14:10.922+0900: 17513.922: [GC [PSYoungGen: 21788358K->2144K(23008256K)] 25151488K->4470023K(48174080K), 0.8585060 secs] [Times: user=15.30 sys=0.00, real=0.86 secs] 
2014-05-28T17:14:44.925+0900: 17547.925: [GC [PSYoungGen: 20852320K->1817257K(22667776K)] 25320199K->6286098K(47833600K), 8.4080400 secs] [Times: user=151.01 sys=0.00, real=8.41 secs] 
2014-05-28T17:15:18.098+0900: 17581.098: [GC [PSYoungGen: 22667433K->377065K(22828032K)] 27136274K->5576997K(47993856K), 0.7538790 secs] [Times: user=13.41 sys=0.00, real=0.75 secs] 
2014-05-28T17:15:32.762+0900: 17595.761: [GC [PSYoungGen: 20784873K->1100137K(22745600K)] 25984805K->6677295K(47911424K), 0.7184660 secs] [Times: user=12.77 sys=0.00, real=0.72 secs] 
2014-05-28T17:16:07.160+0900: 17630.160: [GC [PSYoungGen: 21507945K->4384K(22877184K)] 27085103K->6685038K(48043008K), 0.6334100 secs] [Times: user=11.28 sys=0.00, real=0.64 secs] 
2014-05-28T17:16:42.009+0900: 17665.009: [GC [PSYoungGen: 20582176K->413766K(22866432K)] 27262830K->7096176K(48032256K), 0.1941100 secs] [Times: user=3.38 sys=0.00, real=0.19 secs] 
2014-05-28T17:17:02.063+0900: 17685.063: [GC [PSYoungGen: 20991558K->1108513K(22973952K)] 27673968K->7835350K(48139776K), 2.2939180 secs] [Times: user=41.16 sys=0.00, real=2.29 secs] 
2014-05-28T17:17:31.738+0900: 17714.738: [GC [PSYoungGen: 21894689K->1931070K(22717440K)] 28621526K->9553598K(47883264K), 7.1605670 secs] [Times: user=128.56 sys=0.00, real=7.16 secs] 
2014-05-28T17:17:59.379+0900: 17742.379: [GC [PSYoungGen: 22717246K->1615698K(22411264K)] 30339774K->10087830K(47577088K), 1.1028280 secs] [Times: user=19.74 sys=0.00, real=1.10 secs] 
2014-05-28T17:18:19.055+0900: 17762.054: [GC [PSYoungGen: 21578578K->894473K(22564352K)] 30050710K->10004386K(47730176K), 0.5988960 secs] [Times: user=10.69 sys=0.00, real=0.60 secs] 
2014-05-28T17:18:55.161+0900: 17798.161: [GC [PSYoungGen: 20857353K->3360K(22709248K)] 29967266K->10010170K(47875072K), 0.6359240 secs] [Times: user=11.29 sys=0.00, real=0.64 secs] 
2014-05-28T17:19:23.335+0900: 17826.335: [GC [PSYoungGen: 20270368K->1394297K(21661696K)] 30277178K->11402341K(46827520K), 4.0481610 secs] [Times: user=72.67 sys=0.00, real=4.05 secs] 
2014-05-28T17:19:45.413+0900: 17848.413: [GC [PSYoungGen: 21661305K->726473K(22803456K)] 31669349K->11114212K(47969280K), 0.3478200 secs] [Times: user=6.14 sys=0.00, real=0.35 secs] 
2014-05-28T17:20:07.699+0900: 17870.699: [GC [PSYoungGen: 21036489K->1070560K(22672384K)] 31424228K->12186236K(47838208K), 4.2868930 secs] [Times: user=76.93 sys=0.00, real=4.28 secs] 
2014-05-28T17:20:36.301+0900: 17899.300: [GC [PSYoungGen: 21380576K->615821K(22971392K)] 32496252K->12597358K(48137216K), 0.8138480 secs] [Times: user=14.55 sys=0.00, real=0.82 secs] 
2014-05-28T17:20:53.158+0900: 17916.158: [GC [PSYoungGen: 21302157K->1060873K(22880768K)] 33283694K->13322831K(48046592K), 0.5218820 secs] [Times: user=9.26 sys=0.00, real=0.52 secs] 
2014-05-28T17:21:30.430+0900: 17953.430: [GC [PSYoungGen: 21747209K->1824K(22980608K)] 34009167K->13327711K(48146432K), 0.6831570 secs] [Times: user=12.13 sys=0.00, real=0.69 secs] 
2014-05-28T17:21:57.518+0900: 17980.518: [GC [PSYoungGen: 20849440K->939136K(23006720K)] 34175327K->14265423K(48172544K), 7.8748360 secs] [Times: user=141.47 sys=0.00, real=7.87 secs] 
2014-05-28T17:22:28.244+0900: 18011.244: [GC [PSYoungGen: 21786752K->327273K(23134720K)] 35113039K->14431572K(48300544K), 0.6400570 secs] [Times: user=11.42 sys=0.00, real=0.64 secs] 
2014-05-28T17:22:44.827+0900: 18027.827: [GC [PSYoungGen: 21387369K->1101769K(23091200K)] 35491668K->15533823K(48257024K), 0.5681850 secs] [Times: user=10.14 sys=0.00, real=0.57 secs] 
2014-05-28T17:23:15.933+0900: 18058.933: [GC [PSYoungGen: 22161865K->1472K(23111680K)] 36593919K->15538279K(48277504K), 0.8531790 secs] [Times: user=15.24 sys=0.00, real=0.86 secs] 
2014-05-28T17:23:50.904+0900: 18093.904: [GC [PSYoungGen: 21083584K->1454329K(22536704K)] 36620391K->16991489K(47702528K), 4.6692200 secs] [Times: user=83.82 sys=0.00, real=4.67 secs] 
2014-05-28T17:24:18.906+0900: 18121.906: [GC [PSYoungGen: 22536441K->675081K(23102976K)] 38073601K->16641932K(48268800K), 0.3768180 secs] [Times: user=6.64 sys=0.00, real=0.38 secs] 
2014-05-28T17:24:56.105+0900: 18159.105: [GC [PSYoungGen: 21596425K->1760K(22984192K)] 37563276K->16645149K(48150016K), 0.3889060 secs] [Times: user=6.87 sys=0.00, real=0.39 secs] 
2014-05-28T17:25:16.797+0900: 18179.797: [GC [PSYoungGen: 20923104K->1228432K(22983168K)] 37566493K->17872502K(48148992K), 1.3122240 secs] [Times: user=23.49 sys=0.00, real=1.31 secs] 
2014-05-28T17:25:57.300+0900: 18220.300: [GC [PSYoungGen: 22144656K->54377K(23041024K)] 38788726K->17750147K(48206848K), 0.7687390 secs] [Times: user=13.72 sys=0.00, real=0.77 secs] 
2014-05-28T17:26:28.067+0900: 18251.067: [GC [PSYoungGen: 20970601K->982416K(23090688K)] 38666371K->18731611K(48256512K), 6.7856820 secs] [Times: user=121.85 sys=0.00, real=6.78 secs] 
2014-05-28T17:27:04.351+0900: 18287.350: [GC [PSYoungGen: 21965712K->1324946K(22308352K)] 39714907K->19879617K(47474176K), 0.8397360 secs] [Times: user=14.99 sys=0.00, real=0.84 secs] 
2014-05-28T17:27:25.134+0900: 18308.134: [GC [PSYoungGen: 22308242K->1028105K(23046656K)] 40862913K->19956717K(48212480K), 0.6535130 secs] [Times: user=11.67 sys=0.00, real=0.66 secs] 
2014-05-28T17:28:08.973+0900: 18351.973: [GC [PSYoungGen: 21910025K->1888K(23001088K)] 40838637K->19961270K(48166912K), 0.7896660 secs] [Times: user=14.06 sys=0.00, real=0.79 secs] 
2014-05-28T17:28:29.509+0900: 18372.509: [GC [PSYoungGen: 20883808K->1241793K(22938112K)] 40843190K->21201776K(48103936K), 1.4381160 secs] [Times: user=25.77 sys=0.00, real=1.44 secs] 
2014-05-28T17:29:05.310+0900: 18408.309: [GC [PSYoungGen: 22056641K->34217K(22990336K)] 42016624K->21070013K(48156160K), 0.6415290 secs] [Times: user=11.43 sys=0.00, real=0.64 secs] 
2014-05-28T17:29:39.890+0900: 18442.889: [GC [PSYoungGen: 20849065K->1787545K(22491648K)] 41884861K->22856015K(47657472K), 8.1322630 secs] [Times: user=146.07 sys=0.00, real=8.13 secs] 
2014-05-28T17:30:14.730+0900: 18477.730: [GC [PSYoungGen: 22118041K->718957K(22748160K)] 43186511K->22493855K(47913984K), 0.6479370 secs] [Times: user=11.57 sys=0.00, real=0.65 secs] 
2014-05-28T17:30:33.783+0900: 18496.783: [GC [PSYoungGen: 21049453K->1061193K(22944256K)] 42824351K->23277905K(48110080K), 0.4942270 secs] [Times: user=8.78 sys=0.00, real=0.50 secs] 
2014-05-28T17:31:13.028+0900: 18536.028: [GC [PSYoungGen: 21733705K->1600K(22894080K)] 43950417K->23282466K(48059904K), 0.9013850 secs] [Times: user=16.12 sys=0.00, real=0.91 secs] 
2014-05-28T17:31:42.451+0900: 18565.451: [GC [PSYoungGen: 20674112K->1015457K(22990848K)] 43954978K->24296844K(48156672K), 6.3297740 secs] [Times: user=113.66 sys=0.00, real=6.33 secs] 
2014-05-28T17:32:11.527+0900: 18594.526: [GC [PSYoungGen: 21784225K->479172K(22943744K)] 45065612K->24588406K(48109568K), 0.7684350 secs] [Times: user=13.74 sys=0.00, real=0.77 secs] 
2014-05-28T17:32:12.296+0900: 18595.296: [Full GC [PSYoungGen: 479172K->0K(22943744K)] [ParOldGen: 24109234K->3550852K(25165824K)] 24588406K->3550852K(48109568K) [PSPermGen: 56342K->56342K(262144K)], 2.6185380 secs] [Times: user=40.94 sys=0.00, real=2.62 secs] 
2014-05-28T17:32:32.365+0900: 18615.365: [GC [PSYoungGen: 20768768K->1857223K(22523904K)] 24319620K->5408075K(47689728K), 0.5775810 secs] [Times: user=10.28 sys=0.00, real=0.58 secs] 
2014-05-28T17:33:12.004+0900: 18655.004: [GC [PSYoungGen: 22297287K->4288K(22802944K)] 25848139K->5418268K(47968768K), 1.4148970 secs] [Times: user=25.32 sys=0.00, real=1.42 secs] 
2014-05-28T17:33:41.966+0900: 18684.965: [GC [PSYoungGen: 20444352K->917376K(22913536K)] 25858332K->6333424K(48079360K), 8.5622150 secs] [Times: user=153.80 sys=0.00, real=8.56 secs] 
2014-05-28T17:34:15.795+0900: 18718.795: [GC [PSYoungGen: 21475200K->951194K(22810112K)] 26891248K->7130454K(47975936K), 0.7943500 secs] [Times: user=14.19 sys=0.00, real=0.80 secs] 
2014-05-28T17:34:33.271+0900: 18736.271: [GC [PSYoungGen: 21509018K->1061449K(23037952K)] 27688278K->7624379K(48203776K), 0.5027540 secs] [Times: user=8.92 sys=0.00, real=0.50 secs] 
2014-05-28T17:35:09.701+0900: 18772.701: [GC [PSYoungGen: 21931593K->1952K(22998016K)] 28494523K->7629547K(48163840K), 0.8174930 secs] [Times: user=14.59 sys=0.00, real=0.82 secs] 
2014-05-28T17:35:39.554+0900: 18802.553: [GC [PSYoungGen: 20872096K->1041824K(23056896K)] 28499691K->8670060K(48222720K), 5.2314860 secs] [Times: user=93.89 sys=0.00, real=5.23 secs] 
2014-05-28T17:36:12.084+0900: 18835.084: [GC [PSYoungGen: 21961120K->905914K(23028224K)] 29589356K->9379354K(48194048K), 0.6832230 secs] [Times: user=12.17 sys=0.00, real=0.69 secs] 
2014-05-28T17:36:29.939+0900: 18852.939: [GC [PSYoungGen: 21825210K->1061737K(23163392K)] 30298650K->9836879K(48329216K), 0.5363260 secs] [Times: user=9.55 sys=0.00, real=0.53 secs] 
2014-05-28T17:37:06.454+0900: 18889.454: [GC [PSYoungGen: 22200681K->1632K(23141376K)] 30975823K->9841575K(48307200K), 0.8465780 secs] [Times: user=15.14 sys=0.00, real=0.84 secs] 
2014-05-28T17:37:33.927+0900: 18916.926: [GC [PSYoungGen: 21140576K->1064672K(23150080K)] 30980519K->10905104K(48315904K), 4.4561050 secs] [Times: user=79.98 sys=0.00, real=4.45 secs] 
2014-05-28T17:38:08.725+0900: 18951.724: [GC [PSYoungGen: 22192864K->244073K(23143936K)] 32033296K->10946153K(48309760K), 0.5448480 secs] [Times: user=9.70 sys=0.00, real=0.54 secs] 
2014-05-28T17:38:47.410+0900: 18990.410: [GC [PSYoungGen: 21372265K->1131017K(23131136K)] 32074345K->12076826K(48296960K), 0.9869430 secs] [Times: user=17.64 sys=0.00, real=0.98 secs] 
2014-05-28T17:39:12.115+0900: 19015.115: [GC [PSYoungGen: 22282761K->942505K(23158784K)] 33228570K->12049022K(48324608K), 0.3203330 secs] [Times: user=5.63 sys=0.00, real=0.32 secs] 
2014-05-28T17:39:56.912+0900: 19059.911: [GC [PSYoungGen: 22094249K->26248K(23195136K)] 33200766K->12078055K(48360960K), 0.6961400 secs] [Times: user=12.41 sys=0.00, real=0.69 secs] 
2014-05-28T17:40:16.993+0900: 19079.993: [GC [PSYoungGen: 21270152K->1089705K(22333952K)] 33321959K->13157994K(47499776K), 0.3190980 secs] [Times: user=5.60 sys=0.00, real=0.32 secs] 
2014-05-28T17:40:57.635+0900: 19120.635: [GC [PSYoungGen: 22333609K->1696K(23183872K)] 34401898K->13162882K(48349696K), 0.7629240 secs] [Times: user=13.63 sys=0.00, real=0.76 secs] 
2014-05-28T17:41:26.715+0900: 19149.715: [GC [PSYoungGen: 21206688K->1142256K(22347264K)] 34367874K->14304011K(47513088K), 3.1238470 secs] [Times: user=56.02 sys=0.00, real=3.12 secs] 
2014-05-28T17:41:58.993+0900: 19181.992: [GC [PSYoungGen: 22347248K->1852498K(22559744K)] 35509003K->15944083K(47725568K), 5.9372320 secs] [Times: user=106.57 sys=0.00, real=5.94 secs] 
2014-05-28T17:42:29.591+0900: 19212.591: [GC [PSYoungGen: 22386770K->491913K(22850048K)] 36478355K->15374159K(48015872K), 0.5307160 secs] [Times: user=9.42 sys=0.00, real=0.53 secs] 
2014-05-28T17:42:48.115+0900: 19231.115: [GC [PSYoungGen: 21026185K->1101865K(22970880K)] 35908431K->16476784K(48136704K), 0.6557480 secs] [Times: user=11.69 sys=0.00, real=0.65 secs] 
2014-05-28T17:43:23.267+0900: 19266.267: [GC [PSYoungGen: 21848617K->2356K(22941696K)] 37223536K->16482300K(48107520K), 0.7338110 secs] [Times: user=13.10 sys=0.00, real=0.74 secs] 
2014-05-28T17:43:51.794+0900: 19294.794: [GC [PSYoungGen: 20749108K->1740841K(22519808K)] 37229052K->18221362K(47685632K), 7.5708970 secs] [Times: user=136.00 sys=0.00, real=7.57 secs] 
2014-05-28T17:44:23.141+0900: 19326.141: [GC [PSYoungGen: 22063145K->439273K(22744064K)] 38543666K->17587150K(47909888K), 0.6540810 secs] [Times: user=11.68 sys=0.00, real=0.65 secs] 
2014-05-28T17:44:37.908+0900: 19340.908: [GC [PSYoungGen: 20761577K->1102281K(22875136K)] 37909454K->18690192K(48040960K), 0.7711980 secs] [Times: user=13.70 sys=0.00, real=0.77 secs] 
2014-05-28T17:45:14.368+0900: 19377.368: [GC [PSYoungGen: 21645257K->1600K(22833664K)] 39233168K->18694796K(47999488K), 0.6833340 secs] [Times: user=12.16 sys=0.00, real=0.68 secs] 
2014-05-28T17:45:46.547+0900: 19409.547: [GC [PSYoungGen: 20544576K->1441449K(22674432K)] 39237772K->20135223K(47840256K), 4.5218350 secs] [Times: user=81.16 sys=0.00, real=4.52 secs] 
2014-05-28T17:46:10.871+0900: 19433.871: [GC [PSYoungGen: 21830313K->687465K(22777344K)] 40524087K->19799364K(47943168K), 0.4942110 secs] [Times: user=8.75 sys=0.00, real=0.49 secs] 
2014-05-28T17:46:28.820+0900: 19451.820: [GC [PSYoungGen: 21076329K->1061920K(22962176K)] 40188228K->20863036K(48128000K), 3.9408670 secs] [Times: user=70.71 sys=0.00, real=3.94 secs] 
2014-05-28T17:46:58.090+0900: 19481.089: [GC [PSYoungGen: 21770784K->245737K(22912512K)] 41571900K->20906577K(48078336K), 0.6882930 secs] [Times: user=12.26 sys=0.00, real=0.69 secs] 
2014-05-28T17:47:33.639+0900: 19516.639: [GC [PSYoungGen: 20954601K->1948K(23008256K)] 41615441K->20908189K(48174080K), 0.1709980 secs] [Times: user=2.98 sys=0.00, real=0.17 secs] 
2014-05-28T17:47:49.159+0900: 19532.159: [GC [PSYoungGen: 20844444K->1230912K(22073856K)] 41750685K->22137441K(47239680K), 1.3807200 secs] [Times: user=24.69 sys=0.00, real=1.38 secs] 
2014-05-28T17:48:23.595+0900: 19566.595: [GC [PSYoungGen: 22073408K->51433K(22983680K)] 42979937K->22013518K(48149504K), 0.7394230 secs] [Times: user=13.18 sys=0.00, real=0.74 secs] 
2014-05-28T17:48:55.586+0900: 19598.586: [GC [PSYoungGen: 20825833K->770737K(22956544K)] 42787918K->22783088K(48122368K), 0.3870420 secs] [Times: user=6.84 sys=0.00, real=0.39 secs] 
2014-05-28T17:49:18.977+0900: 19621.977: [GC [PSYoungGen: 21545137K->1061801K(23098368K)] 43557488K->23115172K(48264192K), 0.3682440 secs] [Times: user=6.55 sys=0.00, real=0.37 secs] 
2014-05-28T17:50:03.509+0900: 19666.509: [GC [PSYoungGen: 22094761K->1504K(23099392K)] 44148132K->23119276K(48265216K), 0.8596500 secs] [Times: user=15.38 sys=0.00, real=0.86 secs] 
2014-05-28T17:50:25.404+0900: 19688.404: [GC [PSYoungGen: 21034464K->1101705K(23058432K)] 44152236K->24219893K(48224256K), 0.3930330 secs] [Times: user=6.99 sys=0.00, real=0.40 secs] 
2014-05-28T17:51:06.660+0900: 19729.660: [GC [PSYoungGen: 22104969K->5025K(23084544K)] 45223157K->24228303K(48250368K), 0.8221770 secs] [Times: user=14.68 sys=0.00, real=0.83 secs] 
2014-05-28T17:51:07.484+0900: 19730.484: [Full GC [PSYoungGen: 5025K->0K(23084544K)] [ParOldGen: 24223277K->2257336K(25165824K)] 24228303K->2257336K(48250368K) [PSPermGen: 56342K->56342K(262144K)], 2.0209180 secs] [Times: user=30.95 sys=0.00, real=2.02 secs] 
2014-05-28T17:51:33.207+0900: 19756.207: [GC [PSYoungGen: 21003264K->1213824K(22958080K)] 23260600K->3471160K(48123904K), 1.2942810 secs] [Times: user=23.14 sys=0.00, real=1.29 secs] 
2014-05-28T17:52:17.485+0900: 19800.485: [GC [PSYoungGen: 22111616K->84233K(23031808K)] 24368952K->3365489K(48197632K), 0.7428050 secs] [Times: user=13.23 sys=0.00, real=0.74 secs] 
2014-05-28T17:52:46.510+0900: 19829.510: [GC [PSYoungGen: 20982025K->1130416K(22994432K)] 24263281K->4494162K(48160256K), 2.7589290 secs] [Times: user=49.45 sys=0.00, real=2.76 secs] 
2014-05-28T17:53:28.699+0900: 19871.699: [GC [PSYoungGen: 22033328K->188361K(23034368K)] 25397074K->4470375K(48200192K), 0.5662490 secs] [Times: user=10.04 sys=0.00, real=0.57 secs] 
2014-05-28T17:54:02.605+0900: 19905.605: [GC [PSYoungGen: 21091273K->985376K(23108608K)] 25373287K->5455352K(48274432K), 6.7352110 secs] [Times: user=120.88 sys=0.00, real=6.74 secs] 
2014-05-28T17:54:38.267+0900: 19941.267: [GC [PSYoungGen: 22024480K->1429970K(22469120K)] 26494456K->6707590K(47634944K), 0.8242090 secs] [Times: user=14.68 sys=0.00, real=0.82 secs] 
2014-05-28T17:54:59.261+0900: 19962.261: [GC [PSYoungGen: 22469074K->940649K(23036416K)] 27746694K->6678634K(48202240K), 0.5025950 secs] [Times: user=8.92 sys=0.00, real=0.50 secs] 
2014-05-28T17:55:43.037+0900: 20006.036: [GC [PSYoungGen: 21775465K->2304K(22964224K)] 27513450K->6683707K(48130048K), 0.6462310 secs] [Times: user=11.50 sys=0.00, real=0.65 secs] 
2014-05-28T17:56:10.584+0900: 20033.584: [GC [PSYoungGen: 20837120K->1114993K(23012864K)] 27518523K->7797246K(48178688K), 4.1562580 secs] [Times: user=74.62 sys=0.00, real=4.16 secs] 
2014-05-28T17:56:39.638+0900: 20062.638: [GC [PSYoungGen: 22006641K->1965140K(22857216K)] 28688894K->9546841K(48023040K), 6.2423950 secs] [Times: user=112.07 sys=0.00, real=6.24 secs] 
2014-05-28T17:57:10.490+0900: 20093.489: [GC [PSYoungGen: 22856788K->780653K(22860288K)] 30438489K->9252282K(48026112K), 0.7304060 secs] [Times: user=13.00 sys=0.00, real=0.73 secs] 
2014-05-28T17:57:26.033+0900: 20109.033: [GC [PSYoungGen: 21332333K->1061129K(22857216K)] 29803962K->10002756K(48023040K), 0.4688060 secs] [Times: user=8.32 sys=0.00, real=0.47 secs] 
2014-05-28T17:58:00.202+0900: 20143.202: [GC [PSYoungGen: 21612809K->2592K(22907392K)] 30554436K->10008652K(48073216K), 0.7797320 secs] [Times: user=13.93 sys=0.00, real=0.78 secs] 
2014-05-28T17:58:32.548+0900: 20175.548: [GC [PSYoungGen: 20669984K->1366281K(22033920K)] 30676044K->11373542K(47199744K), 3.5078140 secs] [Times: user=62.38 sys=0.00, real=3.51 secs] 
2014-05-28T17:58:53.803+0900: 20196.803: [GC [PSYoungGen: 22033673K->752106K(22980096K)] 32040934K->11115451K(48145920K), 0.4968350 secs] [Times: user=8.82 sys=0.00, real=0.49 secs] 
2014-05-28T17:59:20.704+0900: 20223.703: [GC [PSYoungGen: 21412842K->2240K(22846464K)] 31776187K->11119211K(48012288K), 0.5389730 secs] [Times: user=9.58 sys=0.00, real=0.54 secs] 
2014-05-28T17:59:53.559+0900: 20256.559: [GC [PSYoungGen: 20662976K->1387273K(22789632K)] 31779947K->12504918K(47955456K), 3.9546270 secs] [Times: user=70.92 sys=0.00, real=3.96 secs] 
2014-05-28T18:00:21.322+0900: 20284.322: [GC [PSYoungGen: 21986057K->734217K(22882304K)] 33103702K->12225489K(48048128K), 0.4068470 secs] [Times: user=7.23 sys=0.00, real=0.41 secs] 
2014-05-28T18:00:38.112+0900: 20301.112: [GC [PSYoungGen: 21333001K->1188352K(23001088K)] 32824273K->13413307K(48166912K), 2.0316250 secs] [Times: user=36.41 sys=0.00, real=2.03 secs] 
2014-05-28T18:01:17.251+0900: 20340.250: [GC [PSYoungGen: 22040064K->124745K(23008768K)] 34265019K->13332636K(48174592K), 0.7570710 secs] [Times: user=13.50 sys=0.00, real=0.76 secs] 
2014-05-28T18:01:49.619+0900: 20372.619: [GC [PSYoungGen: 20976457K->1487058K(22763008K)] 34184348K->14818191K(47928832K), 4.8237520 secs] [Times: user=86.30 sys=0.00, real=4.82 secs] 
2014-05-28T18:02:13.200+0900: 20396.200: [GC [PSYoungGen: 22102226K->661769K(22890496K)] 35433359K->14438397K(48056320K), 0.3761060 secs] [Times: user=6.65 sys=0.00, real=0.38 secs] 
2014-05-28T18:02:33.119+0900: 20416.119: [GC [PSYoungGen: 21276937K->1044832K(23055360K)] 35053565K->15482878K(48221184K), 5.6410110 secs] [Times: user=101.24 sys=0.00, real=5.64 secs] 
2014-05-28T18:03:02.850+0900: 20445.850: [GC [PSYoungGen: 21937504K->347661K(23003136K)] 36375550K->15632771K(48168960K), 0.6928990 secs] [Times: user=12.33 sys=0.00, real=0.69 secs] 
2014-05-28T18:03:17.395+0900: 20460.394: [GC [PSYoungGen: 21240333K->1061769K(23126016K)] 36525443K->16646016K(48291840K), 0.4457210 secs] [Times: user=7.91 sys=0.00, real=0.44 secs] 
2014-05-28T18:03:47.583+0900: 20490.583: [GC [PSYoungGen: 22119305K->2048K(23097344K)] 37703552K->16650648K(48263168K), 0.6181910 secs] [Times: user=11.00 sys=0.00, real=0.62 secs] 
2014-05-28T18:04:19.204+0900: 20522.203: [GC [PSYoungGen: 21059584K->274488K(23160832K)] 37708184K->16923585K(48326656K), 0.1191290 secs] [Times: user=2.02 sys=0.00, real=0.12 secs] 
2014-05-28T18:04:34.136+0900: 20537.135: [GC [PSYoungGen: 21377592K->1061097K(23108096K)] 38026689K->17751626K(48273920K), 0.3464220 secs] [Times: user=6.15 sys=0.00, real=0.34 secs] 
2014-05-28T18:05:04.194+0900: 20567.194: [GC [PSYoungGen: 22164201K->1440K(23159808K)] 38854730K->17756298K(48325632K), 0.8727990 secs] [Times: user=15.61 sys=0.00, real=0.87 secs] 
2014-05-28T18:05:33.167+0900: 20596.167: [GC [PSYoungGen: 21151136K->146236K(23155712K)] 38905994K->17901327K(48321536K), 0.0810680 secs] [Times: user=1.34 sys=0.00, real=0.08 secs] 
2014-05-28T18:05:49.495+0900: 20612.495: [GC [PSYoungGen: 21295932K->1061065K(23141888K)] 39051023K->18857346K(48307712K), 0.4098580 secs] [Times: user=7.28 sys=0.00, real=0.41 secs] 
2014-05-28T18:06:26.073+0900: 20649.073: [GC [PSYoungGen: 22244553K->1376K(23174656K)] 40040834K->18861986K(48340480K), 0.7691360 secs] [Times: user=13.74 sys=0.00, real=0.77 secs] 
2014-05-28T18:06:57.113+0900: 20680.113: [GC [PSYoungGen: 21184864K->1531801K(22774784K)] 40045474K->20392660K(47940608K), 5.4362670 secs] [Times: user=97.57 sys=0.00, real=5.44 secs] 
2014-05-28T18:07:24.529+0900: 20707.529: [GC [PSYoungGen: 22338457K->615241K(22986240K)] 41199316K->19969564K(48152064K), 0.6367720 secs] [Times: user=11.30 sys=0.00, real=0.64 secs] 
2014-05-28T18:07:44.053+0900: 20727.053: [GC [PSYoungGen: 21421897K->1111028K(23074816K)] 40776220K->21078849K(48240640K), 3.0701790 secs] [Times: user=55.06 sys=0.00, real=3.07 secs] 
2014-05-28T18:08:08.302+0900: 20751.302: [GC [PSYoungGen: 22145012K->211817K(23099904K)] 42112833K->21075529K(48265728K), 0.6519870 secs] [Times: user=11.64 sys=0.00, real=0.65 secs] 
Heap
 PSYoungGen      total 23099904K, used 3798218K [0x00007fc60d000000, 0x00007fcc0d000000, 0x00007fcc0d000000)
  eden space 21033984K, 17% used [0x00007fc60d000000,0x00007fc6e7e58428,0x00007fcb10d00000)
  from space 2065920K, 10% used [0x00007fcb10d00000,0x00007fcb1dbda668,0x00007fcb8ee80000)
  to   space 2017280K, 0% used [0x00007fcb91e00000,0x00007fcb91e00000,0x00007fcc0d000000)
 ParOldGen       total 25165824K, used 20863711K [0x00007fc00d000000, 0x00007fc60d000000, 0x00007fc60d000000)
  object space 25165824K, 82% used [0x00007fc00d000000,0x00007fc5066b7dc8,0x00007fc60d000000)
 PSPermGen       total 262144K, used 56437K [0x00007fbfed000000, 0x00007fbffd000000, 0x00007fc00d000000)
  object space 262144K, 21% used [0x00007fbfed000000,0x00007fbff071d608,0x00007fbffd000000)
