2014-05-28T12:22:41.529+0900: 24.538: [GC [PSYoungGen: 18874368K->1121242K(22020096K)] 18874368K->1121353K(47185920K), 1.1095850 secs] [Times: user=6.83 sys=12.73, real=1.11 secs] 
2014-05-28T12:22:47.194+0900: 30.203: [GC [PSYoungGen: 19995610K->1761297K(22020096K)] 19995725K->1761420K(47185920K), 1.2331810 secs] [Times: user=7.01 sys=15.01, real=1.24 secs] 
2014-05-28T12:22:54.873+0900: 37.882: [GC [PSYoungGen: 20635665K->2310405K(22020096K)] 20635792K->2310540K(47185920K), 1.6307990 secs] [Times: user=18.89 sys=9.95, real=1.63 secs] 
2014-05-28T12:23:04.752+0900: 47.761: [GC [PSYoungGen: 21184773K->2290219K(22020096K)] 21184908K->2290370K(47185920K), 1.8204410 secs] [Times: user=28.02 sys=4.51, real=1.82 secs] 
2014-05-28T12:23:29.090+0900: 72.099: [GC [PSYoungGen: 21164587K->3145722K(22020096K)] 21164738K->3395663K(47185920K), 1.3846540 secs] [Times: user=15.60 sys=9.05, real=1.39 secs] 
2014-05-28T12:23:43.936+0900: 86.945: [GC [PSYoungGen: 22020090K->2322577K(21233664K)] 22270031K->2572526K(46399488K), 1.3107320 secs] [Times: user=23.32 sys=0.04, real=1.31 secs] 
2014-05-28T12:24:12.564+0900: 115.572: [GC [PSYoungGen: 20410513K->2331955K(21626880K)] 20660462K->2632380K(46792704K), 2.4342860 secs] [Times: user=43.43 sys=0.12, real=2.43 secs] 
2014-05-28T12:24:42.222+0900: 145.231: [GC [PSYoungGen: 20419891K->1903006K(21830144K)] 20720316K->3143265K(46995968K), 2.3611280 secs] [Times: user=36.89 sys=5.44, real=2.36 secs] 
2014-05-28T12:24:56.873+0900: 159.882: [GC [PSYoungGen: 20315038K->1223324K(21747712K)] 21555297K->3800491K(46913536K), 3.8397470 secs] [Times: user=62.83 sys=6.11, real=3.84 secs] 
2014-05-28T12:25:26.963+0900: 189.972: [GC [PSYoungGen: 19635356K->2302198K(21828096K)] 22212523K->4914394K(46993920K), 2.3546100 secs] [Times: user=42.24 sys=0.00, real=2.35 secs] 
2014-05-28T12:25:43.567+0900: 206.576: [GC [PSYoungGen: 20745946K->838857K(19282944K)] 23358143K->4768321K(44448768K), 1.5900010 secs] [Times: user=14.27 sys=14.24, real=1.59 secs] 
2014-05-28T12:26:21.330+0900: 244.338: [GC [PSYoungGen: 19282633K->4579K(21360640K)] 23212097K->4774535K(46526464K), 1.0390640 secs] [Times: user=9.49 sys=9.05, real=1.04 secs] 
2014-05-28T12:26:49.679+0900: 272.687: [GC [PSYoungGen: 17937891K->1611738K(21549568K)] 22707847K->6384259K(46715392K), 6.2147060 secs] [Times: user=111.58 sys=0.00, real=6.21 secs] 
2014-05-28T12:27:14.853+0900: 297.862: [GC [PSYoungGen: 19545050K->536041K(21631488K)] 24317571K->5869302K(46797312K), 0.8362800 secs] [Times: user=7.18 sys=7.77, real=0.84 secs] 
2014-05-28T12:27:30.887+0900: 313.896: [GC [PSYoungGen: 18707945K->1039360K(21668864K)] 24041206K->6909663K(46834688K), 5.5370190 secs] [Times: user=96.38 sys=3.06, real=5.54 secs] 
2014-05-28T12:27:59.471+0900: 342.480: [GC [PSYoungGen: 19211264K->300270K(21686784K)] 25081567K->7010872K(46852608K), 1.1638520 secs] [Times: user=10.68 sys=10.14, real=1.17 secs] 
2014-05-28T12:28:13.629+0900: 356.638: [GC [PSYoungGen: 18574574K->1172480K(21720064K)] 25285176K->8167649K(46885888K), 1.2738880 secs] [Times: user=22.18 sys=0.61, real=1.27 secs] 
2014-05-28T12:28:47.053+0900: 390.061: [GC [PSYoungGen: 19446784K->78494K(21790720K)] 26441953K->8060008K(46956544K), 1.0521820 secs] [Times: user=9.45 sys=9.29, real=1.05 secs] 
2014-05-28T12:29:18.624+0900: 421.633: [GC [PSYoungGen: 18576030K->181803K(21831680K)] 26557544K->8241195K(46997504K), 0.1963020 secs] [Times: user=2.54 sys=0.84, real=0.20 secs] 
2014-05-28T12:29:33.141+0900: 436.150: [GC [PSYoungGen: 18679339K->1148192K(22057984K)] 26738731K->9241094K(47223808K), 1.6485700 secs] [Times: user=29.53 sys=0.00, real=1.65 secs] 
2014-05-28T12:30:01.822+0900: 464.831: [GC [PSYoungGen: 19888928K->881199K(21848576K)] 27981830K->9922397K(47014400K), 1.2731490 secs] [Times: user=12.82 sys=9.96, real=1.28 secs] 
2014-05-28T12:30:14.745+0900: 477.754: [GC [PSYoungGen: 19621935K->1058697K(22369280K)] 28663133K->10245843K(47535104K), 0.5885460 secs] [Times: user=10.02 sys=0.43, real=0.59 secs] 
2014-05-28T12:30:46.792+0900: 509.801: [GC [PSYoungGen: 20464009K->1920K(22201856K)] 29651155K->10250979K(47367680K), 1.3494550 secs] [Times: user=11.66 sys=12.50, real=1.35 secs] 
2014-05-28T12:31:20.398+0900: 543.407: [GC [PSYoungGen: 19407232K->1320697K(22412288K)] 29656291K->11570221K(47578112K), 3.1806850 secs] [Times: user=57.06 sys=0.00, real=3.18 secs] 
2014-05-28T12:31:42.421+0900: 565.430: [GC [PSYoungGen: 20909817K->773417K(22342656K)] 31159341K->11341306K(47508480K), 0.6540800 secs] [Times: user=7.00 sys=4.64, real=0.65 secs] 
2014-05-28T12:32:20.773+0900: 603.782: [GC [PSYoungGen: 20362537K->1664K(22508544K)] 30930426K->11344851K(47674368K), 0.9648250 secs] [Times: user=8.21 sys=9.02, real=0.96 secs] 
2014-05-28T12:32:43.391+0900: 626.400: [GC [PSYoungGen: 19879552K->1095104K(22521856K)] 31222739K->12438971K(47687680K), 3.9675550 secs] [Times: user=71.21 sys=0.00, real=3.97 secs] 
2014-05-28T12:33:18.150+0900: 661.159: [GC [PSYoungGen: 20972992K->209129K(22665216K)] 32316859K->12437551K(47831040K), 1.1034490 secs] [Times: user=8.50 sys=11.25, real=1.11 secs] 
2014-05-28T12:33:53.399+0900: 696.407: [GC [PSYoungGen: 20338409K->254344K(22629888K)] 32566831K->12691615K(47795712K), 0.3077070 secs] [Times: user=3.07 sys=2.38, real=0.30 secs] 
2014-05-28T12:34:13.242+0900: 716.251: [GC [PSYoungGen: 20383624K->1060251K(22793728K)] 32820895K->13528460K(47959552K), 0.3090350 secs] [Times: user=5.47 sys=0.00, real=0.31 secs] 
2014-05-28T12:34:55.504+0900: 758.513: [GC [PSYoungGen: 21412763K->1696K(22724608K)] 33880972K->13532515K(47890432K), 1.2034420 secs] [Times: user=10.13 sys=11.25, real=1.21 secs] 
2014-05-28T12:35:19.861+0900: 782.870: [GC [PSYoungGen: 20354208K->1193840K(22798848K)] 33885027K->14725075K(47964672K), 1.4231630 secs] [Times: user=25.39 sys=0.00, real=1.42 secs] 
2014-05-28T12:36:05.111+0900: 828.120: [GC [PSYoungGen: 21633904K->97994K(22802944K)] 35165139K->14629063K(47968768K), 1.2721440 secs] [Times: user=10.80 sys=11.98, real=1.27 secs] 
2014-05-28T12:36:32.317+0900: 855.326: [GC [PSYoungGen: 20538058K->1007584K(22896640K)] 35069127K->15636009K(48062464K), 5.3608870 secs] [Times: user=96.25 sys=0.00, real=5.36 secs] 
2014-05-28T12:37:09.270+0900: 892.279: [GC [PSYoungGen: 21580256K->276297K(22841856K)] 36208681K->15722675K(48007680K), 1.2645190 secs] [Times: user=10.50 sys=12.14, real=1.26 secs] 
2014-05-28T12:37:47.956+0900: 930.965: [GC [PSYoungGen: 20848969K->1471977K(22698496K)] 36295347K->17194093K(47864320K), 3.9876930 secs] [Times: user=65.35 sys=4.05, real=3.99 secs] 
2014-05-28T12:38:18.456+0900: 961.465: [GC [PSYoungGen: 21972457K->655819K(22833152K)] 37694573K->16821961K(47998976K), 0.9606830 secs] [Times: user=8.45 sys=8.66, real=0.97 secs] 
2014-05-28T12:38:59.784+0900: 1002.793: [GC [PSYoungGen: 21156299K->2998K(22980096K)] 37322441K->16825162K(48145920K), 1.0914930 secs] [Times: user=5.90 sys=13.64, real=1.09 secs] 
2014-05-28T12:39:21.421+0900: 1024.429: [GC [PSYoungGen: 20784054K->1091641K(22966784K)] 37606218K->17914589K(48132608K), 0.4017570 secs] [Times: user=7.10 sys=0.00, real=0.40 secs] 
2014-05-28T12:40:06.645+0900: 1069.654: [GC [PSYoungGen: 21872697K->2240K(23002624K)] 38695645K->17920178K(48168448K), 1.5472070 secs] [Times: user=6.45 sys=21.23, real=1.54 secs] 
2014-05-28T12:40:30.326+0900: 1093.335: [GC [PSYoungGen: 20820160K->1181648K(21999616K)] 38738098K->19100306K(47165440K), 2.2715810 secs] [Times: user=40.74 sys=0.00, real=2.28 secs] 
2014-05-28T12:41:10.462+0900: 1133.470: [GC [PSYoungGen: 21999568K->115817K(23007744K)] 39918226K->19014981K(48173568K), 1.3487290 secs] [Times: user=8.43 sys=15.64, real=1.35 secs] 
2014-05-28T12:41:44.466+0900: 1167.475: [GC [PSYoungGen: 20917353K->930032K(22959616K)] 39816517K->19944229K(48125440K), 7.3447480 secs] [Times: user=131.17 sys=0.75, real=7.35 secs] 
2014-05-28T12:42:19.266+0900: 1202.275: [GC [PSYoungGen: 21731568K->1146650K(22995968K)] 40745765K->20929910K(48161792K), 1.4293080 secs] [Times: user=12.27 sys=13.34, real=1.43 secs] 
2014-05-28T12:42:39.681+0900: 1222.690: [GC [PSYoungGen: 22032154K->1059081K(23025664K)] 41815414K->21201960K(48191488K), 0.7261800 secs] [Times: user=7.53 sys=5.43, real=0.73 secs] 
2014-05-28T12:43:17.313+0900: 1260.322: [GC [PSYoungGen: 21944585K->2208K(23051264K)] 42087464K->21207409K(48217088K), 1.6380840 secs] [Times: user=10.40 sys=18.96, real=1.63 secs] 
2014-05-28T12:43:43.278+0900: 1286.287: [GC [PSYoungGen: 20931232K->1033824K(23043584K)] 42136433K->22239273K(48209408K), 5.3370030 secs] [Times: user=95.84 sys=0.00, real=5.33 secs] 
2014-05-28T12:44:17.411+0900: 1320.420: [GC [PSYoungGen: 21962848K->1547314K(22728704K)] 43168297K->23589870K(47894528K), 1.5149660 secs] [Times: user=13.72 sys=13.40, real=1.52 secs] 
2014-05-28T12:44:39.225+0900: 1342.234: [GC [PSYoungGen: 22174770K->802569K(22896640K)] 44217326K->23396609K(48062464K), 1.1198580 secs] [Times: user=9.36 sys=10.70, real=1.13 secs] 
2014-05-28T12:45:24.690+0900: 1387.699: [GC [PSYoungGen: 21430025K->1920K(23035392K)] 44024065K->23400817K(48201216K), 1.2665190 secs] [Times: user=7.79 sys=14.91, real=1.27 secs] 
2014-05-28T12:45:43.623+0900: 1406.632: [GC [PSYoungGen: 20914048K->1090656K(23038976K)] 44312945K->24490266K(48204800K), 0.4044220 secs] [Times: user=7.16 sys=0.00, real=0.41 secs] 
2014-05-28T12:46:21.786+0900: 1444.795: [GC [PSYoungGen: 22002784K->5321K(23051264K)] 45402394K->24497717K(48217088K), 1.4257430 secs] [Times: user=9.10 sys=16.42, real=1.43 secs] 
2014-05-28T12:46:23.212+0900: 1446.221: [Full GC [PSYoungGen: 5321K->0K(23051264K)] [ParOldGen: 24492396K->2232918K(25165824K)] 24497717K->2232918K(48217088K) [PSPermGen: 55932K->55839K(262144K)], 2.5210360 secs] [Times: user=36.26 sys=0.33, real=2.52 secs] 
2014-05-28T12:46:53.342+0900: 1476.351: [GC [PSYoungGen: 20928512K->944832K(23043072K)] 23161430K->3177750K(48208896K), 6.8617080 secs] [Times: user=123.21 sys=0.00, real=6.86 secs] 
2014-05-28T12:47:30.355+0900: 1513.364: [GC [PSYoungGen: 21873344K->1303986K(22929408K)] 24106262K->4316171K(48095232K), 0.8872060 secs] [Times: user=15.83 sys=0.00, real=0.89 secs] 
2014-05-28T12:47:52.732+0900: 1535.741: [GC [PSYoungGen: 22164914K->1051497K(23013376K)] 25177099K->4423318K(48179200K), 0.4220080 secs] [Times: user=7.49 sys=0.00, real=0.42 secs] 
2014-05-28T12:48:36.083+0900: 1579.091: [GC [PSYoungGen: 21912425K->1728K(23041024K)] 25284246K->4428238K(48206848K), 0.6026090 secs] [Times: user=10.69 sys=0.00, real=0.60 secs] 
2014-05-28T12:48:56.542+0900: 1599.551: [GC [PSYoungGen: 20924096K->1092793K(23044096K)] 25350606K->5519936K(48209920K), 0.3128860 secs] [Times: user=5.51 sys=0.00, real=0.32 secs] 
2014-05-28T12:49:36.440+0900: 1639.449: [GC [PSYoungGen: 22015161K->1760K(23053824K)] 26442304K->5524978K(48219648K), 0.7580710 secs] [Times: user=13.49 sys=0.00, real=0.75 secs] 
2014-05-28T12:50:05.156+0900: 1668.164: [GC [PSYoungGen: 20935392K->903072K(23045632K)] 26458610K->6426682K(48211456K), 7.8495860 secs] [Times: user=140.97 sys=0.00, real=7.84 secs] 
2014-05-28T12:50:39.393+0900: 1702.402: [GC [PSYoungGen: 21836704K->1125818K(23070720K)] 27360314K->7400351K(48236544K), 0.7461960 secs] [Times: user=13.31 sys=0.00, real=0.75 secs] 
2014-05-28T12:50:58.291+0900: 1721.299: [GC [PSYoungGen: 22145466K->1059337K(23092736K)] 28419999K->7713851K(48258560K), 0.6056930 secs] [Times: user=10.78 sys=0.00, real=0.61 secs] 
2014-05-28T12:51:39.609+0900: 1762.618: [GC [PSYoungGen: 22078985K->1760K(23101952K)] 28733499K->7718707K(48267776K), 0.6237440 secs] [Times: user=11.10 sys=0.00, real=0.62 secs] 
2014-05-28T12:52:04.339+0900: 1787.348: [GC [PSYoungGen: 21047008K->1162566K(22208000K)] 28763955K->8880017K(47373824K), 1.9411620 secs] [Times: user=34.80 sys=0.00, real=1.94 secs] 
2014-05-28T12:52:42.007+0900: 1825.016: [GC [PSYoungGen: 22207814K->143145K(23102976K)] 29925265K->8815138K(48268800K), 0.8258850 secs] [Times: user=14.72 sys=0.00, real=0.83 secs] 
2014-05-28T12:53:16.544+0900: 1859.553: [GC [PSYoungGen: 21150505K->1580073K(22587904K)] 29822498K->10394684K(47753728K), 5.4790710 secs] [Times: user=98.35 sys=0.00, real=5.48 secs] 
2014-05-28T12:53:48.443+0900: 1891.452: [GC [PSYoungGen: 22587433K->574633K(23023616K)] 31402064K->9923387K(48189440K), 0.5279140 secs] [Times: user=9.36 sys=0.00, real=0.53 secs] 
2014-05-28T12:54:06.555+0900: 1909.564: [GC [PSYoungGen: 21341865K->1084393K(22909440K)] 30690621K->11009086K(48075264K), 0.8506880 secs] [Times: user=14.68 sys=0.00, real=0.85 secs] 
2014-05-28T12:54:49.642+0900: 1952.651: [GC [PSYoungGen: 21851625K->1312K(23040512K)] 31776318K->11013833K(48206336K), 0.8609710 secs] [Times: user=15.37 sys=0.00, real=0.86 secs] 
2014-05-28T12:55:15.083+0900: 1978.092: [GC [PSYoungGen: 20916000K->991296K(23040000K)] 31928521K->12004041K(48205824K), 5.9081070 secs] [Times: user=106.09 sys=0.00, real=5.90 secs] 
2014-05-28T12:55:47.800+0900: 2010.809: [GC [PSYoungGen: 21905984K->1026170K(23105536K)] 32918729K->12847470K(48271360K), 0.9461270 secs] [Times: user=16.92 sys=0.00, real=0.95 secs] 
2014-05-28T12:56:06.122+0900: 2029.131: [GC [PSYoungGen: 22043258K->1059561K(23077376K)] 33864558K->13202755K(48243200K), 0.4114880 secs] [Times: user=7.26 sys=0.00, real=0.41 secs] 
2014-05-28T12:56:48.255+0900: 2071.264: [GC [PSYoungGen: 22076649K->1920K(23105024K)] 34219843K->13207820K(48270848K), 0.7636200 secs] [Times: user=13.55 sys=0.00, real=0.77 secs] 
2014-05-28T12:57:12.837+0900: 2095.846: [GC [PSYoungGen: 21067648K->1177056K(22242816K)] 34273548K->14383461K(47408640K), 1.4625780 secs] [Times: user=26.20 sys=0.00, real=1.47 secs] 
2014-05-28T12:57:50.937+0900: 2133.946: [GC [PSYoungGen: 22242784K->124137K(23102464K)] 35449189K->14303616K(48268288K), 0.5998930 secs] [Times: user=10.70 sys=0.00, real=0.60 secs] 
2014-05-28T12:58:22.908+0900: 2165.917: [GC [PSYoungGen: 21139177K->1686361K(22701568K)] 35318656K->15989570K(47867392K), 6.7020260 secs] [Times: user=120.36 sys=0.00, real=6.70 secs] 
2014-05-28T12:58:57.388+0900: 2200.397: [GC [PSYoungGen: 22701401K->588037K(22987264K)] 37004610K->15513649K(48153088K), 0.6938950 secs] [Times: user=12.33 sys=0.00, real=0.69 secs] 
2014-05-28T12:59:15.557+0900: 2218.566: [GC [PSYoungGen: 21283077K->1059145K(22873600K)] 36208689K->16493880K(48039424K), 0.5644330 secs] [Times: user=10.06 sys=0.00, real=0.57 secs] 
2014-05-28T12:59:53.267+0900: 2256.276: [GC [PSYoungGen: 21754185K->1536K(23017984K)] 37188920K->16498568K(48183808K), 1.0384070 secs] [Times: user=18.55 sys=0.00, real=1.04 secs] 
2014-05-28T13:00:21.764+0900: 2284.773: [GC [PSYoungGen: 20876800K->1007947K(23020544K)] 37373832K->17505484K(48186368K), 5.5013450 secs] [Times: user=98.47 sys=0.00, real=5.50 secs] 
2014-05-28T13:00:53.509+0900: 2316.518: [GC [PSYoungGen: 21883211K->641997K(23174144K)] 38380748K->17957584K(48339968K), 0.5856540 secs] [Times: user=10.44 sys=0.00, real=0.59 secs] 
2014-05-28T13:01:12.084+0900: 2335.093: [GC [PSYoungGen: 21707725K->1059369K(23057408K)] 39023312K->18687976K(48223232K), 0.6569550 secs] [Times: user=11.70 sys=0.00, real=0.66 secs] 
2014-05-28T13:01:55.323+0900: 2378.331: [GC [PSYoungGen: 22125097K->1792K(23161856K)] 39753704K->18692881K(48327680K), 0.7704780 secs] [Times: user=13.73 sys=0.00, real=0.78 secs] 
2014-05-28T13:02:19.922+0900: 2402.930: [GC [PSYoungGen: 21179136K->1196192K(22373888K)] 39870225K->19887889K(47539712K), 1.6079030 secs] [Times: user=28.80 sys=0.00, real=1.61 secs] 
2014-05-28T13:03:01.731+0900: 2444.739: [GC [PSYoungGen: 22373536K->136053K(23142912K)] 41065233K->19829025K(48308736K), 0.7967570 secs] [Times: user=14.25 sys=0.00, real=0.80 secs] 
2014-05-28T13:03:32.316+0900: 2475.325: [GC [PSYoungGen: 21229429K->898816K(23116288K)] 40922401K->20687382K(48282112K), 7.8944840 secs] [Times: user=141.81 sys=0.00, real=7.90 secs] 
2014-05-28T13:04:08.423+0900: 2511.432: [GC [PSYoungGen: 21992192K->1403186K(22934528K)] 41780758K->21939886K(48100352K), 0.8995230 secs] [Times: user=16.07 sys=0.00, real=0.90 secs] 
2014-05-28T13:04:30.052+0900: 2533.061: [GC [PSYoungGen: 22369586K->995529K(23066112K)] 42906286K->21979667K(48231936K), 0.4914730 secs] [Times: user=8.71 sys=0.00, real=0.49 secs] 
2014-05-28T13:05:14.872+0900: 2577.881: [GC [PSYoungGen: 21961929K->1888K(23095808K)] 42946067K->21984316K(48261632K), 0.6687100 secs] [Times: user=11.89 sys=0.00, real=0.67 secs] 
2014-05-28T13:05:35.829+0900: 2598.838: [GC [PSYoungGen: 21049184K->1093161K(22140928K)] 43031612K->23076310K(47306752K), 0.3324670 secs] [Times: user=5.87 sys=0.00, real=0.33 secs] 
2014-05-28T13:06:17.537+0900: 2640.545: [GC [PSYoungGen: 22140457K->2112K(23105024K)] 44123606K->23081299K(48270848K), 0.7524040 secs] [Times: user=13.45 sys=0.00, real=0.75 secs] 
2014-05-28T13:06:46.388+0900: 2669.397: [GC [PSYoungGen: 21043264K->1044672K(23101952K)] 44122451K->24124667K(48267776K), 4.5029090 secs] [Times: user=80.83 sys=0.00, real=4.50 secs] 
2014-05-28T13:07:21.198+0900: 2704.207: [GC [PSYoungGen: 22085824K->1631986K(22699520K)] 45165819K->25557123K(47865344K), 2.6494690 secs] [Times: user=47.52 sys=0.00, real=2.65 secs] 
2014-05-28T13:07:23.849+0900: 2706.857: [Full GC [PSYoungGen: 1631986K->0K(22699520K)] [ParOldGen: 23925137K->3615461K(25165824K)] 25557123K->3615461K(47865344K) [PSPermGen: 55911K->55910K(262144K)], 4.8258160 secs] [Times: user=72.23 sys=0.00, real=4.83 secs] 
2014-05-28T13:07:50.434+0900: 2733.442: [GC [PSYoungGen: 20641792K->807742K(22903808K)] 24257253K->4423203K(48069632K), 0.9405080 secs] [Times: user=16.83 sys=0.00, real=0.94 secs] 
2014-05-28T13:08:09.044+0900: 2752.053: [GC [PSYoungGen: 21449534K->1219968K(23005696K)] 25064995K->5645084K(48171520K), 2.8647340 secs] [Times: user=51.38 sys=0.00, real=2.86 secs] 
2014-05-28T13:08:47.980+0900: 2790.989: [GC [PSYoungGen: 22108544K->55562K(20944384K)] 26533660K->5524083K(46110208K), 0.7922000 secs] [Times: user=14.06 sys=0.00, real=0.79 secs] 
2014-05-28T13:09:20.997+0900: 2824.005: [GC [PSYoungGen: 20944138K->1629113K(22660608K)] 26412659K->7151069K(47826432K), 5.8513530 secs] [Times: user=105.06 sys=0.00, real=5.85 secs] 
2014-05-28T13:09:47.542+0900: 2850.551: [GC [PSYoungGen: 22144953K->522010K(22840832K)] 27666909K->6618923K(48006656K), 0.4415020 secs] [Times: user=7.83 sys=0.00, real=0.44 secs] 
2014-05-28T13:10:05.470+0900: 2868.479: [GC [PSYoungGen: 21037850K->1165792K(22945280K)] 27134763K->7785482K(48111104K), 2.7453320 secs] [Times: user=49.23 sys=0.00, real=2.74 secs] 
2014-05-28T13:10:39.206+0900: 2902.215: [GC [PSYoungGen: 21876192K->138249K(22930944K)] 28495882K->7716901K(48096768K), 0.7289010 secs] [Times: user=13.01 sys=0.00, real=0.73 secs] 
2014-05-28T13:11:18.028+0900: 2941.036: [GC [PSYoungGen: 20848649K->744705K(23094784K)] 28427301K->8460895K(48260608K), 0.3282020 secs] [Times: user=5.79 sys=0.00, real=0.33 secs] 
2014-05-28T13:11:38.875+0900: 2961.884: [GC [PSYoungGen: 21632769K->1059177K(22959104K)] 29348959K->8810973K(48124928K), 0.3805270 secs] [Times: user=6.70 sys=0.00, real=0.38 secs] 
2014-05-28T13:12:15.877+0900: 2998.885: [GC [PSYoungGen: 21947241K->1216K(23093248K)] 29699037K->8815373K(48259072K), 0.7519290 secs] [Times: user=13.33 sys=0.00, real=0.76 secs] 
2014-05-28T13:12:41.557+0900: 3024.565: [GC [PSYoungGen: 21049536K->1094432K(22142976K)] 29863693K->9908933K(47308800K), 3.2726620 secs] [Times: user=58.72 sys=0.00, real=3.27 secs] 
2014-05-28T13:13:22.457+0900: 3065.466: [GC [PSYoungGen: 22142752K->212105K(23140352K)] 30957253K->9911191K(48306176K), 0.5845160 secs] [Times: user=10.40 sys=0.00, real=0.59 secs] 
2014-05-28T13:13:56.406+0900: 3099.415: [GC [PSYoungGen: 21291145K->916896K(23104512K)] 30990231K->10827984K(48270336K), 7.4950760 secs] [Times: user=134.65 sys=0.00, real=7.49 secs] 
2014-05-28T13:14:33.826+0900: 3136.835: [GC [PSYoungGen: 21995936K->1371410K(22968832K)] 31907024K->12043276K(48134656K), 0.8925490 secs] [Times: user=15.96 sys=0.00, real=0.90 secs] 
2014-05-28T13:14:53.711+0900: 3156.720: [GC [PSYoungGen: 22369554K->1011081K(23081984K)] 33041420K->12101653K(48247808K), 0.4817430 secs] [Times: user=8.57 sys=0.00, real=0.49 secs] 
2014-05-28T13:15:35.930+0900: 3198.939: [GC [PSYoungGen: 22009101K->2592K(23097856K)] 33099674K->12107126K(48263680K), 0.8196280 secs] [Times: user=14.67 sys=0.00, real=0.82 secs] 
2014-05-28T13:16:02.501+0900: 3225.510: [GC [PSYoungGen: 21065248K->1139520K(22202368K)] 33169782K->13244839K(47368192K), 2.3377440 secs] [Times: user=41.91 sys=0.00, real=2.33 secs] 
2014-05-28T13:16:33.717+0900: 3256.725: [GC [PSYoungGen: 22202176K->1507666K(22813184K)] 34307495K->14540315K(47979008K), 2.6562040 secs] [Times: user=47.66 sys=0.00, real=2.65 secs] 
2014-05-28T13:16:58.728+0900: 3281.736: [GC [PSYoungGen: 22250834K->761897K(22954496K)] 35283483K->14297740K(48120320K), 0.5329750 secs] [Times: user=9.50 sys=0.00, real=0.54 secs] 
2014-05-28T13:17:42.241+0900: 3325.250: [GC [PSYoungGen: 21505065K->1632K(23041024K)] 35040908K->14301037K(48206848K), 0.5497980 secs] [Times: user=9.77 sys=0.00, real=0.55 secs] 
2014-05-28T13:18:02.232+0900: 3345.241: [GC [PSYoungGen: 20952672K->1095789K(23058432K)] 35252077K->15395771K(48224256K), 0.3704690 secs] [Times: user=6.48 sys=0.00, real=0.37 secs] 
2014-05-28T13:18:45.268+0900: 3388.277: [GC [PSYoungGen: 22046829K->2144K(23061504K)] 36346811K->15399169K(48227328K), 0.7909630 secs] [Times: user=14.09 sys=0.00, real=0.79 secs] 
2014-05-28T13:19:11.404+0900: 3414.412: [GC [PSYoungGen: 20965472K->1115632K(22078976K)] 36362497K->16513442K(47244800K), 2.8394940 secs] [Times: user=50.96 sys=0.00, real=2.84 secs] 
2014-05-28T13:19:52.703+0900: 3455.712: [GC [PSYoungGen: 22078960K->192873K(23095296K)] 37476770K->16494492K(48261120K), 0.6824830 secs] [Times: user=12.16 sys=0.00, real=0.69 secs] 
2014-05-28T13:20:25.591+0900: 3488.600: [GC [PSYoungGen: 21176169K->962531K(23053824K)] 37477788K->17456856K(48219648K), 6.4485490 secs] [Times: user=115.82 sys=0.00, real=6.44 secs] 
2014-05-28T13:21:00.510+0900: 3523.519: [GC [PSYoungGen: 21945827K->960730K(23176704K)] 38440152K->18245103K(48342528K), 0.7692070 secs] [Times: user=13.75 sys=0.00, real=0.77 secs] 
2014-05-28T13:21:20.720+0900: 3543.729: [GC [PSYoungGen: 22105306K->1058921K(23133696K)] 39389679K->18684750K(48299520K), 0.4640260 secs] [Times: user=8.25 sys=0.00, real=0.47 secs] 
2014-05-28T13:22:10.482+0900: 3593.491: [GC [PSYoungGen: 22203497K->2048K(23161856K)] 39829326K->18690126K(48327680K), 0.7846760 secs] [Times: user=14.00 sys=0.00, real=0.79 secs] 
2014-05-28T13:22:28.965+0900: 3611.974: [GC [PSYoungGen: 21183488K->1093209K(22275072K)] 39871566K->19781840K(47440896K), 0.3446500 secs] [Times: user=6.11 sys=0.00, real=0.35 secs] 
2014-05-28T13:23:14.988+0900: 3657.997: [GC [PSYoungGen: 22274649K->1920K(23158784K)] 40963280K->19786742K(48324608K), 1.0267030 secs] [Times: user=18.38 sys=0.00, real=1.02 secs] 
2014-05-28T13:23:40.112+0900: 3683.121: [GC [PSYoungGen: 21152128K->1176160K(22326784K)] 40936950K->20961687K(47492608K), 2.3303820 secs] [Times: user=41.77 sys=0.00, real=2.33 secs] 
2014-05-28T13:24:26.633+0900: 3729.642: [GC [PSYoungGen: 22326368K->125193K(23137792K)] 42111895K->20883095K(48303616K), 0.5972150 secs] [Times: user=10.63 sys=0.00, real=0.60 secs] 
2014-05-28T13:24:54.861+0900: 3757.870: [GC [PSYoungGen: 21201161K->1103600K(23104000K)] 41959063K->21986120K(48269824K), 3.2353670 secs] [Times: user=58.06 sys=0.00, real=3.24 secs] 
2014-05-28T13:25:39.922+0900: 3802.931: [GC [PSYoungGen: 22179568K->204297K(23160832K)] 43062088K->21979668K(48326656K), 0.5854630 secs] [Times: user=10.44 sys=0.00, real=0.58 secs] 
2014-05-28T13:26:11.752+0900: 3834.761: [GC [PSYoungGen: 21309449K->1061968K(23110144K)] 43084820K->23041189K(48275968K), 4.2765760 secs] [Times: user=76.75 sys=0.00, real=4.28 secs] 
2014-05-28T13:26:52.357+0900: 3875.366: [GC [PSYoungGen: 22167120K->239305K(23199744K)] 44146341K->23076869K(48365568K), 0.6929530 secs] [Times: user=12.34 sys=0.00, real=0.70 secs] 
2014-05-28T13:27:28.909+0900: 3911.918: [GC [PSYoungGen: 21417673K->905232K(23144448K)] 44255237K->23982045K(48310272K), 7.9707900 secs] [Times: user=143.19 sys=0.00, real=7.97 secs] 
2014-05-28T13:28:05.902+0900: 3948.911: [GC [PSYoungGen: 22083600K->1134010K(23146496K)] 45160413K->24963006K(48312320K), 0.9615580 secs] [Times: user=17.16 sys=0.00, real=0.96 secs] 
2014-05-28T13:28:06.865+0900: 3949.874: [Full GC [PSYoungGen: 1134010K->0K(23146496K)] [ParOldGen: 23828996K->3021913K(25165824K)] 24963006K->3021913K(48312320K) [PSPermGen: 56094K->56094K(262144K)], 4.2124230 secs] [Times: user=62.89 sys=0.00, real=4.21 secs] 
2014-05-28T13:28:32.658+0900: 3975.667: [GC [PSYoungGen: 21217280K->1280231K(22497792K)] 24239193K->4302144K(47663616K), 0.4367680 secs] [Times: user=7.77 sys=0.00, real=0.44 secs] 
2014-05-28T13:28:52.847+0900: 3995.856: [GC [PSYoungGen: 22497511K->1187584K(23061504K)] 25519424K->5493457K(48227328K), 1.2762820 secs] [Times: user=22.83 sys=0.00, real=1.28 secs] 
2014-05-28T13:29:32.558+0900: 4035.567: [GC [PSYoungGen: 22192896K->108105K(23085568K)] 26498769K->5402992K(48251392K), 0.7600070 secs] [Times: user=13.55 sys=0.00, real=0.76 secs] 
2014-05-28T13:30:03.871+0900: 4066.880: [GC [PSYoungGen: 21113417K->1732697K(22626304K)] 26408304K->7134970K(47792128K), 6.9020570 secs] [Times: user=123.96 sys=0.00, real=6.90 secs] 
2014-05-28T13:30:33.409+0900: 4096.418: [GC [PSYoungGen: 22284377K->436745K(22858752K)] 27686650K->6499929K(48024576K), 0.5099350 secs] [Times: user=9.02 sys=0.00, real=0.51 secs] 
2014-05-28T13:30:49.413+0900: 4112.422: [GC [PSYoungGen: 20988425K->1231456K(22904832K)] 27051609K->7732146K(48070656K), 1.5401370 secs] [Times: user=27.57 sys=0.00, real=1.54 secs] 
2014-05-28T13:31:28.113+0900: 4151.121: [GC [PSYoungGen: 21906016K->30025K(22920192K)] 28406706K->7599048K(48086016K), 0.9152980 secs] [Times: user=16.37 sys=0.00, real=0.91 secs] 
2014-05-28T13:31:59.734+0900: 4182.743: [GC [PSYoungGen: 20704585K->1715705K(22513664K)] 28273608K->9313074K(47679488K), 6.8679190 secs] [Times: user=123.31 sys=0.00, real=6.87 secs] 
2014-05-28T13:32:29.528+0900: 4212.536: [GC [PSYoungGen: 21984761K->451113K(22717440K)] 29582130K->8695349K(47883264K), 0.5927510 secs] [Times: user=10.54 sys=0.00, real=0.59 secs] 
2014-05-28T13:32:46.426+0900: 4229.435: [GC [PSYoungGen: 20720169K->1235808K(22806528K)] 28964405K->9931790K(47972352K), 1.3934310 secs] [Times: user=24.96 sys=0.00, real=1.39 secs] 
2014-05-28T13:33:25.973+0900: 4268.982: [GC [PSYoungGen: 21683040K->18281K(22806528K)] 30379022K->9794642K(47972352K), 0.7657650 secs] [Times: user=13.62 sys=0.00, real=0.76 secs] 
2014-05-28T13:33:56.910+0900: 4299.919: [GC [PSYoungGen: 20465513K->955776K(22904320K)] 30241874K->10749139K(48070144K), 6.5524340 secs] [Times: user=117.68 sys=0.00, real=6.55 secs] 
2014-05-28T13:34:29.118+0900: 4332.127: [GC [PSYoungGen: 21507456K->330400K(22813184K)] 31300819K->10909859K(47979008K), 0.6752650 secs] [Times: user=12.05 sys=0.00, real=0.68 secs] 
2014-05-28T13:34:46.321+0900: 4349.329: [GC [PSYoungGen: 20882080K->1081193K(22993408K)] 31461539K->11984070K(48159232K), 0.5918960 secs] [Times: user=10.48 sys=0.00, real=0.60 secs] 
2014-05-28T13:35:25.989+0900: 4388.998: [GC [PSYoungGen: 21880681K->1952K(22971904K)] 32783558K->11989385K(48137728K), 0.8628740 secs] [Times: user=15.43 sys=0.00, real=0.86 secs] 
2014-05-28T13:35:54.727+0900: 4417.736: [GC [PSYoungGen: 20801440K->1040176K(23021568K)] 32788873K->13028098K(48187392K), 4.7903570 secs] [Times: user=86.01 sys=0.00, real=4.79 secs] 
2014-05-28T13:36:31.234+0900: 4454.243: [GC [PSYoungGen: 21895984K->255561K(23000064K)] 33883906K->13085190K(48165888K), 0.7124080 secs] [Times: user=12.68 sys=0.00, real=0.71 secs] 
2014-05-28T13:37:09.796+0900: 4492.805: [GC [PSYoungGen: 21111369K->1260201K(22937088K)] 33940998K->14345185K(48102912K), 2.3661020 secs] [Times: user=42.43 sys=0.00, real=2.36 secs] 
2014-05-28T13:37:35.345+0900: 4518.354: [GC [PSYoungGen: 22111913K->827561K(23008768K)] 35196897K->14180195K(48174592K), 0.4116900 secs] [Times: user=7.26 sys=0.00, real=0.41 secs] 
2014-05-28T13:38:18.557+0900: 4561.566: [GC [PSYoungGen: 21679273K->1824K(23120896K)] 35031907K->14184324K(48286720K), 0.7439250 secs] [Times: user=13.27 sys=0.00, real=0.74 secs] 
2014-05-28T13:38:40.799+0900: 4583.808: [GC [PSYoungGen: 21076768K->1093433K(22168576K)] 35259268K->15276550K(47334400K), 0.3464980 secs] [Times: user=6.13 sys=0.00, real=0.34 secs] 
2014-05-28T13:39:29.801+0900: 4632.810: [GC [PSYoungGen: 22168377K->1920K(23116288K)] 36351494K->15281825K(48282112K), 0.9212720 secs] [Times: user=16.47 sys=0.00, real=0.92 secs] 
2014-05-28T13:39:55.712+0900: 4658.721: [GC [PSYoungGen: 21056384K->1094553K(22149120K)] 36336289K->16375043K(47314944K), 0.3845950 secs] [Times: user=6.83 sys=0.00, real=0.38 secs] 
2014-05-28T13:40:45.742+0900: 4708.751: [GC [PSYoungGen: 22149017K->1840K(23111680K)] 37429507K->16379628K(48277504K), 0.7842990 secs] [Times: user=13.94 sys=0.00, real=0.79 secs] 
2014-05-28T13:41:11.034+0900: 4734.043: [GC [PSYoungGen: 21038896K->1093529K(22130688K)] 37416684K->17471789K(47296512K), 0.3262360 secs] [Times: user=5.77 sys=0.00, real=0.32 secs] 
2014-05-28T13:41:59.669+0900: 4782.678: [GC [PSYoungGen: 22130585K->1792K(23108608K)] 38508845K->17476808K(48274432K), 0.6473870 secs] [Times: user=11.55 sys=0.00, real=0.64 secs] 
2014-05-28T13:42:23.893+0900: 4806.901: [GC [PSYoungGen: 21025536K->1094649K(22118400K)] 38500552K->18570379K(47284224K), 0.3790430 secs] [Times: user=6.71 sys=0.00, real=0.38 secs] 
2014-05-28T13:43:11.954+0900: 4854.963: [GC [PSYoungGen: 22118393K->2560K(23106048K)] 39594123K->18576360K(48271872K), 0.6832210 secs] [Times: user=12.20 sys=0.00, real=0.68 secs] 
2014-05-28T13:43:38.065+0900: 4881.073: [GC [PSYoungGen: 21015040K->1096585K(22109184K)] 39588840K->19671058K(47275008K), 0.3679650 secs] [Times: user=6.50 sys=0.00, real=0.37 secs] 
2014-05-28T13:44:25.988+0900: 4928.997: [GC [PSYoungGen: 22109065K->1824K(23102464K)] 40683538K->19676055K(48268288K), 0.7053060 secs] [Times: user=12.59 sys=0.00, real=0.71 secs] 
2014-05-28T13:44:51.387+0900: 4954.396: [GC [PSYoungGen: 21003040K->1216560K(22218240K)] 40677271K->20891416K(47384064K), 1.5121410 secs] [Times: user=27.08 sys=0.00, real=1.51 secs] 
2014-05-28T13:45:35.672+0900: 4998.681: [GC [PSYoungGen: 22217776K->66889K(23068160K)] 41892632K->20775368K(48233984K), 0.7488750 secs] [Times: user=13.37 sys=0.00, real=0.75 secs] 
2014-05-28T13:46:06.549+0900: 5029.558: [GC [PSYoungGen: 20983625K->1120928K(23014400K)] 41692104K->21895641K(48180224K), 2.7828300 secs] [Times: user=49.93 sys=0.00, real=2.78 secs] 
2014-05-28T13:46:45.801+0900: 5068.810: [GC [PSYoungGen: 22037664K->192233K(23095808K)] 42812377K->21876337K(48261632K), 0.9164560 secs] [Times: user=16.30 sys=0.00, real=0.92 secs] 
2014-05-28T13:47:22.556+0900: 5105.565: [GC [PSYoungGen: 21142249K->1018848K(23020032K)] 42826353K->22894706K(48185856K), 5.4034490 secs] [Times: user=97.03 sys=0.00, real=5.41 secs] 
2014-05-28T13:47:57.873+0900: 5140.882: [GC [PSYoungGen: 21968864K->1569330K(22682112K)] 43844722K->24273652K(47847936K), 1.2325520 secs] [Times: user=22.06 sys=0.00, real=1.24 secs] 
2014-05-28T13:48:21.388+0900: 5164.397: [GC [PSYoungGen: 22171186K->802144K(22883840K)] 44875508K->24079738K(48049664K), 0.5270930 secs] [Times: user=9.35 sys=0.00, real=0.52 secs] 
2014-05-28T13:49:01.737+0900: 5204.746: [GC [PSYoungGen: 21404000K->1504K(23029248K)] 44681594K->24083044K(48195072K), 0.4612880 secs] [Times: user=8.20 sys=0.00, real=0.46 secs] 
2014-05-28T13:49:02.200+0900: 5205.208: [Full GC [PSYoungGen: 1504K->0K(23029248K)] [ParOldGen: 24081539K->2246934K(25165824K)] 24083044K->2246934K(48195072K) [PSPermGen: 56155K->56154K(262144K)], 1.9552460 secs] [Times: user=30.64 sys=0.00, real=1.96 secs] 
2014-05-28T13:49:22.572+0900: 5225.581: [GC [PSYoungGen: 20875264K->1100233K(23011840K)] 23122198K->3347167K(48177664K), 0.3317580 secs] [Times: user=5.85 sys=0.00, real=0.33 secs] 
2014-05-28T13:50:07.211+0900: 5270.220: [GC [PSYoungGen: 21975497K->2048K(23039488K)] 24222431K->3352734K(48205312K), 0.6370250 secs] [Times: user=11.33 sys=0.00, real=0.64 secs] 
2014-05-28T13:50:36.168+0900: 5299.177: [GC [PSYoungGen: 20890112K->1165984K(22054400K)] 24240798K->4517479K(47220224K), 2.6168320 secs] [Times: user=46.88 sys=0.00, real=2.61 secs] 
2014-05-28T13:51:19.612+0900: 5342.621: [GC [PSYoungGen: 22054048K->147369K(23048704K)] 25405543K->4455935K(48214528K), 0.8247170 secs] [Times: user=14.69 sys=0.00, real=0.83 secs] 
2014-05-28T13:51:52.377+0900: 5375.386: [GC [PSYoungGen: 21022121K->1057712K(22991872K)] 25330687K->5513152K(48157696K), 4.5026360 secs] [Times: user=80.81 sys=0.00, real=4.51 secs] 
2014-05-28T13:52:29.375+0900: 5412.384: [GC [PSYoungGen: 21932464K->247817K(23112192K)] 26387904K->5559744K(48278016K), 0.9025650 secs] [Times: user=16.05 sys=0.00, real=0.90 secs] 
2014-05-28T13:53:09.315+0900: 5452.324: [GC [PSYoungGen: 21234185K->1667497K(22653952K)] 26546112K->7227058K(47819776K), 6.1885700 secs] [Times: user=111.13 sys=0.00, real=6.19 secs] 
2014-05-28T13:53:44.727+0900: 5487.736: [GC [PSYoungGen: 22653865K->1031455K(22918656K)] 28213426K->7198503K(48084480K), 0.7205140 secs] [Times: user=12.81 sys=0.00, real=0.72 secs] 
2014-05-28T13:54:05.418+0900: 5508.427: [GC [PSYoungGen: 21655839K->1059305K(22871552K)] 27822887K->7764665K(48037376K), 0.6667660 secs] [Times: user=11.85 sys=0.00, real=0.66 secs] 
2014-05-28T13:54:48.184+0900: 5551.192: [GC [PSYoungGen: 21683689K->1696K(22964224K)] 28389049K->7769722K(48130048K), 0.6186150 secs] [Times: user=11.01 sys=0.00, real=0.62 secs] 
2014-05-28T13:55:11.726+0900: 5574.735: [GC [PSYoungGen: 20758176K->1191408K(21947904K)] 28526202K->8959986K(47113728K), 1.6464190 secs] [Times: user=29.51 sys=0.00, real=1.65 secs] 
2014-05-28T13:55:51.284+0900: 5614.293: [GC [PSYoungGen: 21947888K->113769K(22972928K)] 29716466K->8873235K(48138752K), 0.7633250 secs] [Times: user=13.59 sys=0.00, real=0.76 secs] 
2014-05-28T13:56:24.574+0900: 5647.583: [GC [PSYoungGen: 20857961K->960272K(22937088K)] 29617427K->9832907K(48102912K), 6.8239010 secs] [Times: user=122.53 sys=0.00, real=6.82 secs] 
2014-05-28T13:57:00.500+0900: 5683.509: [GC [PSYoungGen: 21704464K->1479762K(22750208K)] 30577099K->11143893K(47916032K), 0.9435170 secs] [Times: user=16.85 sys=0.00, real=0.94 secs] 
2014-05-28T13:57:23.577+0900: 5706.586: [GC [PSYoungGen: 22089810K->908585K(22887936K)] 31753941K->11078421K(48053760K), 0.5692050 secs] [Times: user=10.13 sys=0.00, real=0.57 secs] 
2014-05-28T13:58:07.237+0900: 5750.246: [GC [PSYoungGen: 21518633K->1664K(22992384K)] 31688469K->11082429K(48158208K), 0.6576030 secs] [Times: user=11.71 sys=0.00, real=0.66 secs] 
2014-05-28T13:58:28.372+0900: 5771.380: [GC [PSYoungGen: 20823680K->1101097K(22993920K)] 31904445K->12182407K(48159744K), 0.3195150 secs] [Times: user=5.62 sys=0.00, real=0.32 secs] 
2014-05-28T13:59:00.470+0900: 5803.479: [GC [PSYoungGen: 21923113K->1920K(23010304K)] 33004423K->12187544K(48176128K), 0.7973200 secs] [Times: user=14.23 sys=0.00, real=0.80 secs] 
2014-05-28T13:59:38.392+0900: 5841.401: [GC [PSYoungGen: 20846976K->1454761K(22300160K)] 33032600K->13640890K(47465984K), 4.2008620 secs] [Times: user=75.40 sys=0.00, real=4.20 secs] 
2014-05-28T14:00:08.219+0900: 5871.228: [GC [PSYoungGen: 22299817K->691401K(23013888K)] 34485946K->13308385K(48179712K), 0.5732300 secs] [Times: user=10.15 sys=0.00, real=0.57 secs] 
2014-05-28T14:00:26.504+0900: 5889.513: [GC [PSYoungGen: 21413577K->1102167K(22874112K)] 34030561K->14410809K(48039936K), 0.8286540 secs] [Times: user=14.67 sys=0.00, real=0.83 secs] 
2014-05-28T14:01:01.543+0900: 5924.552: [GC [PSYoungGen: 21824343K->11140K(23027712K)] 35132985K->14406616K(48193536K), 0.6247670 secs] [Times: user=11.12 sys=0.00, real=0.62 secs] 
2014-05-28T14:01:34.107+0900: 5957.115: [GC [PSYoungGen: 20899204K->996337K(23026176K)] 35294680K->15392902K(48192000K), 5.9077280 secs] [Times: user=106.04 sys=0.00, real=5.91 secs] 
2014-05-28T14:02:07.000+0900: 5990.008: [GC [PSYoungGen: 21884401K->1048922K(23088640K)] 36280966K->16256118K(48254464K), 0.7981760 secs] [Times: user=14.24 sys=0.00, real=0.80 secs] 
2014-05-28T14:02:26.034+0900: 6009.043: [GC [PSYoungGen: 22037850K->1059529K(23066112K)] 37245046K->16600709K(48231936K), 0.7339850 secs] [Times: user=13.07 sys=0.00, real=0.73 secs] 
2014-05-28T14:03:06.513+0900: 6049.522: [GC [PSYoungGen: 22048457K->1728K(23090688K)] 37589637K->16605613K(48256512K), 0.6207230 secs] [Times: user=11.04 sys=0.00, real=0.62 secs] 
2014-05-28T14:03:32.683+0900: 6075.691: [GC [PSYoungGen: 21039808K->1146544K(22184960K)] 37643693K->17751070K(47350784K), 2.2574090 secs] [Times: user=40.44 sys=0.00, real=2.26 secs] 
2014-05-28T14:04:10.151+0900: 6113.160: [GC [PSYoungGen: 22184624K->170025K(23110144K)] 38789150K->17709214K(48275968K), 0.7996150 secs] [Times: user=14.28 sys=0.00, real=0.80 secs] 
2014-05-28T14:04:45.624+0900: 6148.633: [GC [PSYoungGen: 21193769K->1444617K(22468608K)] 38732958K->19153201K(47634432K), 4.1387780 secs] [Times: user=74.29 sys=0.00, real=4.14 secs] 
2014-05-28T14:05:15.134+0900: 6178.142: [GC [PSYoungGen: 22468361K->680937K(23096320K)] 40176945K->18811692K(48262144K), 0.4760210 secs] [Times: user=8.44 sys=0.00, real=0.48 secs] 
2014-05-28T14:05:36.342+0900: 6199.351: [GC [PSYoungGen: 21583337K->1100137K(22971904K)] 39714092K->19913790K(48137728K), 0.8272560 secs] [Times: user=14.76 sys=0.00, real=0.83 secs] 
2014-05-28T14:06:20.928+0900: 6243.937: [GC [PSYoungGen: 22002537K->1792K(23083520K)] 40816190K->19918773K(48249344K), 0.7681970 secs] [Times: user=13.69 sys=0.00, real=0.77 secs] 
2014-05-28T14:06:46.566+0900: 6269.574: [GC [PSYoungGen: 21023488K->1159232K(22181376K)] 40940469K->21076749K(47347200K), 2.2956180 secs] [Times: user=41.14 sys=0.00, real=2.29 secs] 
2014-05-28T14:07:24.125+0900: 6307.133: [GC [PSYoungGen: 22180928K->155625K(23096832K)] 42098445K->21022130K(48262656K), 0.6017730 secs] [Times: user=10.73 sys=0.00, real=0.60 secs] 
2014-05-28T14:07:59.182+0900: 6342.191: [GC [PSYoungGen: 21153769K->1680441K(22679040K)] 42020274K->22702052K(47844864K), 6.5673360 secs] [Times: user=117.95 sys=0.00, real=6.57 secs] 
2014-05-28T14:08:31.640+0900: 6374.649: [GC [PSYoungGen: 22678585K->529664K(22974976K)] 43700196K->22169642K(48140800K), 0.5263510 secs] [Times: user=9.37 sys=0.00, real=0.52 secs] 
2014-05-28T14:08:51.149+0900: 6394.158: [GC [PSYoungGen: 21210880K->1063001K(22872064K)] 42850858K->23226979K(48037888K), 0.6405280 secs] [Times: user=11.43 sys=0.00, real=0.64 secs] 
2014-05-28T14:09:32.001+0900: 6435.010: [GC [PSYoungGen: 21744217K->1728K(23007744K)] 43908195K->23231715K(48173568K), 0.8635980 secs] [Times: user=15.41 sys=0.00, real=0.86 secs] 
2014-05-28T14:09:57.948+0900: 6460.957: [GC [PSYoungGen: 20853440K->1121872K(21974016K)] 44083427K->24352364K(47139840K), 2.7912470 secs] [Times: user=50.06 sys=0.00, real=2.79 secs] 
2014-05-28T14:10:33.017+0900: 6496.026: [GC [PSYoungGen: 21973584K->194953K(23047680K)] 45204076K->24335508K(48213504K), 0.5833370 secs] [Times: user=10.39 sys=0.00, real=0.59 secs] 
2014-05-28T14:10:33.601+0900: 6496.610: [Full GC [PSYoungGen: 194953K->0K(23047680K)] [ParOldGen: 24140555K->3346671K(25165824K)] 24335508K->3346671K(48213504K) [PSPermGen: 56171K->56171K(262144K)], 2.9206590 secs] [Times: user=47.10 sys=0.00, real=2.92 secs] 
2014-05-28T14:11:11.860+0900: 6534.869: [GC [PSYoungGen: 20886528K->1238249K(22125056K)] 24233199K->4584920K(47290880K), 2.2784250 secs] [Times: user=40.83 sys=0.00, real=2.28 secs] 
2014-05-28T14:11:39.852+0900: 6562.861: [GC [PSYoungGen: 22124777K->851561K(23099904K)] 25471448K->4449313K(48265728K), 0.4138410 secs] [Times: user=7.30 sys=0.00, real=0.41 secs] 
2014-05-28T14:12:25.620+0900: 6608.629: [GC [PSYoungGen: 21778025K->173994K(22992384K)] 25375777K->4625396K(48158208K), 0.6460560 secs] [Times: user=11.43 sys=0.00, real=0.65 secs] 
2014-05-28T14:12:48.981+0900: 6631.990: [GC [PSYoungGen: 21100458K->1059465K(23131648K)] 25551860K->5551979K(48297472K), 0.4247520 secs] [Times: user=7.45 sys=0.00, real=0.42 secs] 
2014-05-28T14:13:38.004+0900: 6681.013: [GC [PSYoungGen: 22153353K->2224K(23128064K)] 26645867K->5557435K(48293888K), 0.8035810 secs] [Times: user=14.34 sys=0.00, real=0.81 secs] 
2014-05-28T14:14:01.074+0900: 6704.082: [GC [PSYoungGen: 21096112K->1100441K(23088128K)] 26651323K->6656318K(48253952K), 0.4574370 secs] [Times: user=8.09 sys=0.00, real=0.46 secs] 
2014-05-28T14:14:45.869+0900: 6748.877: [GC [PSYoungGen: 22156953K->1984K(23111168K)] 27712830K->6661518K(48276992K), 0.8666850 secs] [Times: user=15.47 sys=0.00, real=0.86 secs] 
2014-05-28T14:15:10.076+0900: 6773.084: [GC [PSYoungGen: 21058496K->1100105K(23065088K)] 27718030K->7760296K(48230912K), 0.3189950 secs] [Times: user=5.62 sys=0.00, real=0.32 secs] 
2014-05-28T14:15:55.103+0900: 6818.112: [GC [PSYoungGen: 22123849K->2720K(23094784K)] 28784040K->7766481K(48260608K), 0.7977560 secs] [Times: user=14.25 sys=0.00, real=0.80 secs] 
2014-05-28T14:16:24.832+0900: 6847.841: [GC [PSYoungGen: 21026464K->1176496K(22989824K)] 28790225K->8941780K(48155648K), 1.8021640 secs] [Times: user=32.26 sys=0.00, real=1.80 secs] 
2014-05-28T14:17:10.057+0900: 6893.065: [GC [PSYoungGen: 22117296K->134921K(23053312K)] 29882580K->8870366K(48219136K), 0.7347460 secs] [Times: user=13.08 sys=0.00, real=0.74 secs] 
2014-05-28T14:17:39.638+0900: 6922.647: [GC [PSYoungGen: 21075721K->1100032K(23038976K)] 29811166K->9969390K(48204800K), 3.3806540 secs] [Times: user=60.66 sys=0.00, real=3.38 secs] 
2014-05-28T14:18:22.675+0900: 6965.684: [GC [PSYoungGen: 22078720K->214217K(23072256K)] 30948078K->9973864K(48238080K), 0.6765850 secs] [Times: user=11.98 sys=0.00, real=0.68 secs] 
2014-05-28T14:18:55.778+0900: 6998.786: [GC [PSYoungGen: 21192905K->1050496K(23102464K)] 30952552K->11023929K(48268288K), 4.9025920 secs] [Times: user=88.03 sys=0.00, real=4.90 secs] 
2014-05-28T14:19:34.518+0900: 7037.526: [GC [PSYoungGen: 22124416K->253225K(23119872K)] 32097849K->11077915K(48285696K), 0.6923120 secs] [Times: user=12.32 sys=0.00, real=0.69 secs] 
2014-05-28T14:20:12.836+0900: 7075.845: [GC [PSYoungGen: 21327145K->1783689K(22600704K)] 32151835K->12861509K(47766528K), 7.1803190 secs] [Times: user=128.94 sys=0.00, real=7.18 secs] 
2014-05-28T14:20:48.930+0900: 7111.938: [GC [PSYoungGen: 22406025K->1287890K(21910528K)] 33483845K->13069872K(47076352K), 0.8112680 secs] [Times: user=14.44 sys=0.00, real=0.81 secs] 
2014-05-28T14:21:11.120+0900: 7134.129: [GC [PSYoungGen: 21910226K->1059721K(22899712K)] 33692208K->13284297K(48065536K), 0.6633370 secs] [Times: user=11.84 sys=0.00, real=0.66 secs] 
2014-05-28T14:21:57.002+0900: 7180.010: [GC [PSYoungGen: 21638537K->1984K(22844928K)] 33863113K->13289370K(48010752K), 0.8626030 secs] [Times: user=15.38 sys=0.00, real=0.87 secs] 
2014-05-28T14:22:16.518+0900: 7199.527: [GC [PSYoungGen: 20580800K->1100297K(22923264K)] 33868186K->14388516K(48089088K), 0.3411190 secs] [Times: user=6.02 sys=0.00, real=0.34 secs] 
2014-05-28T14:22:55.556+0900: 7238.565: [GC [PSYoungGen: 21762057K->1600K(22904320K)] 35050276K->14393268K(48070144K), 0.7953390 secs] [Times: user=14.18 sys=0.00, real=0.80 secs] 
2014-05-28T14:23:26.373+0900: 7269.381: [GC [PSYoungGen: 20663360K->1024256K(22970880K)] 35055028K->15416597K(48136704K), 5.5945010 secs] [Times: user=100.44 sys=0.00, real=5.60 secs] 
2014-05-28T14:24:01.945+0900: 7304.953: [GC [PSYoungGen: 21767424K->1544050K(22287360K)] 36159765K->16769177K(47453184K), 1.8468600 secs] [Times: user=33.08 sys=0.00, real=1.85 secs] 
2014-05-28T14:24:26.178+0900: 7329.187: [GC [PSYoungGen: 22287218K->821609K(22966272K)] 37512345K->16598753K(48132096K), 0.5334400 secs] [Times: user=9.50 sys=0.00, real=0.53 secs] 
2014-05-28T14:25:06.141+0900: 7369.150: [GC [PSYoungGen: 21438313K->1568K(22816256K)] 37215457K->16602313K(47982080K), 0.5966110 secs] [Times: user=10.64 sys=0.00, real=0.59 secs] 
2014-05-28T14:25:27.028+0900: 7390.037: [GC [PSYoungGen: 20618272K->1211728K(22904832K)] 37219017K->17813147K(48070656K), 1.9637450 secs] [Times: user=35.19 sys=0.00, real=1.96 secs] 
2014-05-28T14:26:06.637+0900: 7429.646: [GC [PSYoungGen: 21918032K->82665K(22936064K)] 38519451K->17706645K(48101888K), 0.6213960 secs] [Times: user=11.05 sys=0.00, real=0.62 secs] 
2014-05-28T14:26:39.235+0900: 7462.244: [GC [PSYoungGen: 20788969K->930144K(23030784K)] 38412949K->18635677K(48196608K), 7.3597890 secs] [Times: user=132.16 sys=0.00, real=7.35 secs] 
2014-05-28T14:27:16.813+0900: 7499.822: [GC [PSYoungGen: 21757792K->1217650K(22962688K)] 39463325K->19695193K(48128512K), 0.8567450 secs] [Times: user=15.27 sys=0.00, real=0.85 secs] 
2014-05-28T14:27:38.769+0900: 7521.778: [GC [PSYoungGen: 22045298K->1059945K(23027200K)] 40522841K->19910602K(48193024K), 0.4813510 secs] [Times: user=8.53 sys=0.00, real=0.48 secs] 
2014-05-28T14:28:22.411+0900: 7565.419: [GC [PSYoungGen: 21912681K->1536K(22991360K)] 40763338K->19915203K(48157184K), 0.8568160 secs] [Times: user=15.30 sys=0.00, real=0.86 secs] 
2014-05-28T14:28:42.167+0900: 7585.175: [GC [PSYoungGen: 20854272K->1236569K(22929920K)] 40767939K->21150941K(48095744K), 1.3494590 secs] [Times: user=24.15 sys=0.00, real=1.35 secs] 
2014-05-28T14:29:22.679+0900: 7625.688: [GC [PSYoungGen: 22023769K->36201K(22976512K)] 41938141K->21019469K(48142336K), 0.7343880 secs] [Times: user=13.12 sys=0.00, real=0.74 secs] 
2014-05-28T14:29:53.376+0900: 7656.385: [GC [PSYoungGen: 20823401K->998128K(23029760K)] 41806670K->22016583K(48195584K), 5.6953300 secs] [Times: user=102.25 sys=0.00, real=5.69 secs] 
2014-05-28T14:30:35.938+0900: 7698.947: [GC [PSYoungGen: 21853424K->288777K(22991360K)] 42871881K->22158171K(48157184K), 0.5553510 secs] [Times: user=9.86 sys=0.00, real=0.56 secs] 
2014-05-28T14:31:11.622+0900: 7734.631: [GC [PSYoungGen: 21144073K->1717369K(22609920K)] 43013467K->23875557K(47775744K), 6.4380650 secs] [Times: user=115.64 sys=0.00, real=6.44 secs] 
2014-05-28T14:31:46.807+0900: 7769.816: [GC [PSYoungGen: 22255737K->1063066K(22852096K)] 44413925K->23870263K(48017920K), 0.7232260 secs] [Times: user=12.90 sys=0.00, real=0.72 secs] 
2014-05-28T14:32:05.826+0900: 7788.835: [GC [PSYoungGen: 21601434K->1061929K(22958592K)] 44408631K->24366473K(48124416K), 0.5141880 secs] [Times: user=9.14 sys=0.00, real=0.51 secs] 
2014-05-28T14:32:50.598+0900: 7833.607: [GC [PSYoungGen: 21758505K->2048K(22903808K)] 45063049K->24369914K(48069632K), 0.6232970 secs] [Times: user=11.08 sys=0.00, real=0.63 secs] 
2014-05-28T14:32:51.223+0900: 7834.231: [Full GC [PSYoungGen: 2048K->0K(22903808K)] [ParOldGen: 24367866K->2253492K(25165824K)] 24369914K->2253492K(48069632K) [PSPermGen: 56203K->56203K(262144K)], 1.7774440 secs] [Times: user=27.35 sys=0.00, real=1.77 secs] 
2014-05-28T14:33:12.902+0900: 7855.911: [GC [PSYoungGen: 20696576K->1171136K(22938112K)] 22950068K->3424628K(48103936K), 1.9281150 secs] [Times: user=34.54 sys=0.00, real=1.93 secs] 
2014-05-28T14:33:51.615+0900: 7894.624: [GC [PSYoungGen: 21894848K->143049K(22944768K)] 24148340K->3359406K(48110592K), 0.8226850 secs] [Times: user=14.63 sys=0.00, real=0.82 secs] 
2014-05-28T14:34:29.199+0900: 7932.208: [GC [PSYoungGen: 20866761K->1436073K(22747648K)] 24083118K->4794969K(47913472K), 3.8157160 secs] [Times: user=68.46 sys=0.00, real=3.81 secs] 
2014-05-28T14:34:59.933+0900: 7962.942: [GC [PSYoungGen: 21992873K->869668K(22861312K)] 25351769K->4643390K(48027136K), 0.4556820 secs] [Times: user=8.04 sys=0.00, real=0.45 secs] 
2014-05-28T14:35:20.086+0900: 7983.095: [GC [PSYoungGen: 21426468K->1060203K(23031808K)] 25200190K->5566079K(48197632K), 0.9416240 secs] [Times: user=16.78 sys=0.00, real=0.94 secs] 
2014-05-28T14:36:02.975+0900: 8025.984: [GC [PSYoungGen: 21913342K->1824K(22987264K)] 26419218K->5570790K(48153088K), 0.7904320 secs] [Times: user=14.09 sys=0.00, real=0.79 secs] 
2014-05-28T14:36:25.612+0900: 8048.620: [GC [PSYoungGen: 20855072K->1141600K(23010304K)] 26424038K->6711238K(48176128K), 2.4120550 secs] [Times: user=43.23 sys=0.00, real=2.41 secs] 
2014-05-28T14:37:04.306+0900: 8087.315: [GC [PSYoungGen: 22005600K->175209K(23014912K)] 27575238K->6674468K(48180736K), 0.7898920 secs] [Times: user=14.10 sys=0.00, real=0.79 secs] 
2014-05-28T14:37:39.061+0900: 8122.070: [GC [PSYoungGen: 21039209K->1645609K(22646784K)] 27538468K->8319662K(47812608K), 5.9483520 secs] [Times: user=106.77 sys=0.00, real=5.95 secs] 
2014-05-28T14:38:10.778+0900: 8153.787: [GC [PSYoungGen: 22172713K->527337K(22846464K)] 28846766K->7790582K(48012288K), 0.5449150 secs] [Times: user=9.69 sys=0.00, real=0.55 secs] 
2014-05-28T14:38:26.999+0900: 8170.008: [GC [PSYoungGen: 21054441K->1088489K(22979072K)] 28317686K->8880144K(48144896K), 0.6041170 secs] [Times: user=10.75 sys=0.00, real=0.61 secs] 
2014-05-28T14:39:10.926+0900: 8213.935: [GC [PSYoungGen: 21848041K->2208K(22946304K)] 29639696K->8885729K(48112128K), 0.9527920 secs] [Times: user=17.00 sys=0.00, real=0.95 secs] 
2014-05-28T14:39:35.539+0900: 8238.548: [GC [PSYoungGen: 20761760K->1025440K(23015424K)] 29645281K->9909602K(48181248K), 5.2200130 secs] [Times: user=93.72 sys=0.00, real=5.22 secs] 
2014-05-28T14:40:13.579+0900: 8276.588: [GC [PSYoungGen: 21851552K->270793K(22976512K)] 30735714K->9988451K(48142336K), 0.6868730 secs] [Times: user=12.27 sys=0.00, real=0.68 secs] 
2014-05-28T14:40:52.569+0900: 8315.577: [GC [PSYoungGen: 21096905K->1379193K(22856192K)] 30814563K->11367733K(48022016K), 3.8060810 secs] [Times: user=68.31 sys=0.00, real=3.80 secs] 
2014-05-28T14:41:21.344+0900: 8344.353: [GC [PSYoungGen: 22138745K->736009K(22962688K)] 32127285K->11091766K(48128512K), 0.5648500 secs] [Times: user=9.99 sys=0.00, real=0.56 secs] 
2014-05-28T14:41:56.126+0900: 8379.135: [GC [PSYoungGen: 21495561K->1728K(23089152K)] 31851318K->11095294K(48254976K), 0.6193760 secs] [Times: user=11.02 sys=0.00, real=0.62 secs] 
2014-05-28T14:42:20.170+0900: 8403.179: [GC [PSYoungGen: 21021376K->1100681K(22120448K)] 32114942K->12194768K(47286272K), 0.3192180 secs] [Times: user=5.64 sys=0.00, real=0.32 secs] 
2014-05-28T14:43:08.483+0900: 8451.492: [GC [PSYoungGen: 22120329K->1600K(23090688K)] 33214416K->12199521K(48256512K), 0.9784300 secs] [Times: user=17.49 sys=0.00, real=0.98 secs] 
2014-05-28T14:43:34.281+0900: 8477.290: [GC [PSYoungGen: 21008960K->1101241K(22108672K)] 33206881K->13299619K(47274496K), 0.4015380 secs] [Times: user=7.09 sys=0.00, real=0.40 secs] 
2014-05-28T14:44:18.511+0900: 8521.520: [GC [PSYoungGen: 22108601K->1760K(23088640K)] 34306979K->13304159K(48254464K), 0.9308620 secs] [Times: user=16.62 sys=0.00, real=0.93 secs] 
2014-05-28T14:44:46.093+0900: 8549.102: [GC [PSYoungGen: 20995808K->1162336K(22156800K)] 34298207K->14465304K(47322624K), 2.5304910 secs] [Times: user=45.39 sys=0.00, real=2.53 secs] 
2014-05-28T14:45:32.451+0900: 8595.460: [GC [PSYoungGen: 22156367K->152217K(23090688K)] 35459336K->14408042K(48256512K), 0.6604710 secs] [Times: user=11.78 sys=0.00, real=0.66 secs] 
2014-05-28T14:46:03.050+0900: 8626.059: [GC [PSYoungGen: 21116057K->1138912K(23038976K)] 35371882K->15546315K(48204800K), 2.3907280 secs] [Times: user=42.88 sys=0.00, real=2.39 secs] 
2014-05-28T14:46:43.325+0900: 8666.334: [GC [PSYoungGen: 22102752K->178985K(23105536K)] 36510155K->15513501K(48271360K), 0.7273720 secs] [Times: user=12.96 sys=0.00, real=0.73 secs] 
2014-05-28T14:47:19.640+0900: 8702.649: [GC [PSYoungGen: 21167913K->980768K(23049216K)] 36502429K->16493278K(48215040K), 6.2431070 secs] [Times: user=112.11 sys=0.00, real=6.24 secs] 
2014-05-28T14:47:55.452+0900: 8738.461: [GC [PSYoungGen: 21969696K->1552306K(22743040K)] 37482206K->17869305K(47908864K), 1.3632030 secs] [Times: user=24.39 sys=0.00, real=1.36 secs] 
2014-05-28T14:48:17.862+0900: 8760.871: [GC [PSYoungGen: 22250418K->839577K(22931968K)] 38567417K->17719506K(48097792K), 0.4612520 secs] [Times: user=8.21 sys=0.00, real=0.47 secs] 
2014-05-28T14:49:02.839+0900: 8805.848: [GC [PSYoungGen: 21537689K->1856K(23054848K)] 38417618K->17723459K(48220672K), 0.4794010 secs] [Times: user=8.49 sys=0.00, real=0.48 secs] 
2014-05-28T14:49:22.724+0900: 8825.732: [GC [PSYoungGen: 20941120K->1100537K(22040064K)] 38662723K->18822852K(47205888K), 0.3237250 secs] [Times: user=5.74 sys=0.00, real=0.32 secs] 
2014-05-28T14:50:02.561+0900: 8865.570: [GC [PSYoungGen: 22039801K->1888K(23059968K)] 39762116K->18828089K(48225792K), 0.7518890 secs] [Times: user=13.42 sys=0.00, real=0.75 secs] 
2014-05-28T14:50:31.583+0900: 8894.592: [GC [PSYoungGen: 20941152K->1151136K(22090752K)] 39767353K->19978082K(47256576K), 2.7801710 secs] [Times: user=49.89 sys=0.00, real=2.77 secs] 
2014-05-28T14:51:16.061+0900: 8939.070: [GC [PSYoungGen: 22090400K->165129K(23073792K)] 40917346K->19932004K(48239616K), 0.8135720 secs] [Times: user=14.53 sys=0.00, real=0.81 secs] 
2014-05-28T14:51:46.995+0900: 8970.004: [GC [PSYoungGen: 21095689K->1035264K(23022592K)] 40862564K->20966893K(48188416K), 4.8865500 secs] [Times: user=87.73 sys=0.00, real=4.88 secs] 
2014-05-28T14:52:29.046+0900: 9012.055: [GC [PSYoungGen: 21965824K->264393K(23143424K)] 41897453K->21036439K(48309248K), 0.8079110 secs] [Times: user=14.41 sys=0.00, real=0.81 secs] 
2014-05-28T14:53:06.087+0900: 9049.096: [GC [PSYoungGen: 21318345K->953296K(23076352K)] 42090391K->21989504K(48242176K), 7.0299290 secs] [Times: user=126.26 sys=0.00, real=7.02 secs] 
2014-05-28T14:53:41.740+0900: 9084.749: [GC [PSYoungGen: 22007248K->1596722K(22753280K)] 43043456K->23419939K(47919104K), 1.5558860 secs] [Times: user=27.88 sys=0.00, real=1.56 secs] 
2014-05-28T14:54:06.652+0900: 9109.661: [GC [PSYoungGen: 22352178K->816617K(22960640K)] 44175395K->23242956K(48126464K), 0.5177190 secs] [Times: user=9.22 sys=0.00, real=0.52 secs] 
2014-05-28T14:54:50.725+0900: 9153.734: [GC [PSYoungGen: 21572073K->1888K(23085056K)] 43998412K->23247172K(48250880K), 0.5511510 secs] [Times: user=9.83 sys=0.00, real=0.55 secs] 
2014-05-28T14:55:10.912+0900: 9173.921: [GC [PSYoungGen: 21008224K->1100633K(22107136K)] 44253508K->24346518K(47272960K), 0.4083230 secs] [Times: user=7.23 sys=0.00, real=0.41 secs] 
2014-05-28T14:55:52.577+0900: 9215.586: [GC [PSYoungGen: 22106969K->1728K(23085056K)] 45352854K->24351374K(48250880K), 0.7554130 secs] [Times: user=13.49 sys=0.00, real=0.76 secs] 
2014-05-28T14:55:53.333+0900: 9216.342: [Full GC [PSYoungGen: 1728K->0K(23085056K)] [ParOldGen: 24349646K->2251462K(25165824K)] 24351374K->2251462K(48250880K) [PSPermGen: 56219K->56219K(262144K)], 1.8186030 secs] [Times: user=28.07 sys=0.00, real=1.82 secs] 
2014-05-28T14:56:19.323+0900: 9242.332: [GC [PSYoungGen: 20994560K->1168592K(22163456K)] 23246022K->3420054K(47329280K), 1.8512850 secs] [Times: user=33.18 sys=0.00, real=1.85 secs] 
2014-05-28T14:57:00.465+0900: 9283.473: [GC [PSYoungGen: 22163152K->146025K(23084544K)] 24414614K->3357560K(48250368K), 0.8740890 secs] [Times: user=15.60 sys=0.00, real=0.87 secs] 
2014-05-28T14:57:32.894+0900: 9315.903: [GC [PSYoungGen: 21105257K->1020288K(23040512K)] 24316792K->4376569K(48206336K), 5.4085380 secs] [Times: user=97.08 sys=0.00, real=5.41 secs] 
2014-05-28T14:58:12.839+0900: 9355.848: [GC [PSYoungGen: 21979520K->275369K(23159296K)] 25335801K->4461915K(48325120K), 0.6855150 secs] [Times: user=12.20 sys=0.00, real=0.69 secs] 
2014-05-28T14:58:50.333+0900: 9393.342: [GC [PSYoungGen: 21361577K->1614825K(22701056K)] 25548123K->6076246K(47866880K), 5.6220050 secs] [Times: user=100.88 sys=0.00, real=5.62 secs] 
2014-05-28T14:59:24.345+0900: 9427.353: [GC [PSYoungGen: 22701033K->851751K(23048704K)] 27162454K->5876013K(48214528K), 0.4733500 secs] [Times: user=8.38 sys=0.00, real=0.47 secs] 
2014-05-28T14:59:42.032+0900: 9445.041: [GC [PSYoungGen: 21673255K->1060809K(22938624K)] 26697517K->6668729K(48104448K), 0.8371260 secs] [Times: user=14.96 sys=0.00, real=0.84 secs] 
2014-05-28T15:00:24.148+0900: 9487.157: [GC [PSYoungGen: 21882227K->3744K(23066624K)] 27490147K->6675177K(48232448K), 0.7725580 secs] [Times: user=13.78 sys=0.00, real=0.77 secs] 
2014-05-28T15:00:56.332+0900: 9519.340: [GC [PSYoungGen: 20977312K->1702634K(22676480K)] 27648745K->8374756K(47842304K), 6.6078150 secs] [Times: user=118.66 sys=0.00, real=6.61 secs] 
2014-05-28T15:01:28.302+0900: 9551.311: [GC [PSYoungGen: 22676202K->1159962K(22862848K)] 29348324K->8463686K(48028672K), 0.7476430 secs] [Times: user=13.34 sys=0.00, real=0.75 secs] 
2014-05-28T15:01:47.416+0900: 9570.425: [GC [PSYoungGen: 21697818K->1060073K(22840832K)] 29001542K->8881032K(48006656K), 0.7608160 secs] [Times: user=13.58 sys=0.00, real=0.76 secs] 
2014-05-28T15:02:28.637+0900: 9611.646: [GC [PSYoungGen: 21597929K->2208K(22908928K)] 29418888K->8886400K(48074752K), 0.8857550 secs] [Times: user=15.79 sys=0.00, real=0.89 secs] 
2014-05-28T15:02:53.173+0900: 9636.182: [GC [PSYoungGen: 20674720K->1144192K(22919168K)] 29558912K->10029073K(48084992K), 2.3663280 secs] [Times: user=42.43 sys=0.00, real=2.37 secs] 
2014-05-28T15:03:27.419+0900: 9670.428: [GC [PSYoungGen: 21816704K->178826K(22964736K)] 30701585K->9995955K(48130560K), 0.7724190 secs] [Times: user=13.81 sys=0.00, real=0.78 secs] 
2014-05-28T15:04:08.699+0900: 9711.708: [GC [PSYoungGen: 20908682K->1439449K(22169600K)] 30725811K->11428764K(47335424K), 3.9931560 secs] [Times: user=71.68 sys=0.00, real=3.99 secs] 
2014-05-28T15:04:38.207+0900: 9741.215: [GC [PSYoungGen: 22169305K->706976K(22984704K)] 32158620K->11114045K(48150528K), 0.3726330 secs] [Times: user=6.59 sys=0.00, real=0.37 secs] 
2014-05-28T15:04:54.975+0900: 9757.984: [GC [PSYoungGen: 21381024K->1093257K(22855168K)] 31788093K->12197128K(48020992K), 0.6357220 secs] [Times: user=11.32 sys=0.00, real=0.63 secs] 
2014-05-28T15:05:36.222+0900: 9799.231: [GC [PSYoungGen: 21767305K->2592K(22995456K)] 32871176K->12201912K(48161280K), 0.7530770 secs] [Times: user=13.44 sys=0.00, real=0.75 secs] 
2014-05-28T15:06:04.632+0900: 9827.640: [GC [PSYoungGen: 20849184K->1000096K(23006208K)] 33048504K->13200096K(48172032K), 5.6734310 secs] [Times: user=101.87 sys=0.00, real=5.67 secs] 
2014-05-28T15:06:41.657+0900: 9864.666: [GC [PSYoungGen: 21846688K->287977K(23105024K)] 34046688K->13304546K(48270848K), 0.6083380 secs] [Times: user=10.84 sys=0.00, real=0.61 secs] 
2014-05-28T15:07:22.694+0900: 9905.703: [GC [PSYoungGen: 21283049K->1317041K(22312448K)] 34299618K->14621268K(47478272K), 3.1148610 secs] [Times: user=55.91 sys=0.00, real=3.12 secs] 
2014-05-28T15:07:52.575+0900: 9935.584: [GC [PSYoungGen: 22312113K->788233K(23156736K)] 35616340K->14408447K(48322560K), 0.5280340 secs] [Times: user=9.33 sys=0.00, real=0.53 secs] 
2014-05-28T15:08:37.902+0900: 9980.911: [GC [PSYoungGen: 21800201K->223080K(23021056K)] 35420415K->14633359K(48186880K), 0.7063270 secs] [Times: user=12.61 sys=0.00, real=0.71 secs] 
2014-05-28T15:08:58.657+0900: 10001.666: [GC [PSYoungGen: 21235048K->1061705K(23185408K)] 35645327K->15513887K(48351232K), 0.3283490 secs] [Times: user=5.80 sys=0.00, real=0.33 secs] 
2014-05-28T15:09:30.581+0900: 10033.590: [GC [PSYoungGen: 22263625K->1689417K(22891520K)] 36715807K->17206092K(48057344K), 5.5011280 secs] [Times: user=98.77 sys=0.00, real=5.50 secs] 
2014-05-28T15:10:02.905+0900: 10065.914: [GC [PSYoungGen: 22878229K->1057343K(23025664K)] 38394904K->17198627K(48191488K), 0.6416840 secs] [Times: user=11.45 sys=0.00, real=0.64 secs] 
2014-05-28T15:10:22.019+0900: 10085.027: [GC [PSYoungGen: 21882431K->1062345K(22965248K)] 38023715K->17726024K(48131072K), 0.6246550 secs] [Times: user=11.09 sys=0.00, real=0.62 secs] 
2014-05-28T15:11:01.110+0900: 10124.119: [GC [PSYoungGen: 21887433K->3136K(23016960K)] 38551112K->17730345K(48182784K), 0.6110540 secs] [Times: user=10.89 sys=0.00, real=0.61 secs] 
2014-05-28T15:11:28.353+0900: 10151.362: [GC [PSYoungGen: 20937792K->1041808K(23050240K)] 38665001K->18769608K(48216064K), 4.9164920 secs] [Times: user=88.23 sys=0.00, real=4.92 secs] 
2014-05-28T15:12:01.040+0900: 10184.049: [GC [PSYoungGen: 21976464K->958874K(23170560K)] 39704264K->19531571K(48336384K), 0.7319280 secs] [Times: user=13.05 sys=0.00, real=0.73 secs] 
2014-05-28T15:12:19.279+0900: 10202.288: [GC [PSYoungGen: 22057882K->1060489K(23094272K)] 40630579K->19932875K(48260096K), 0.5635690 secs] [Times: user=10.05 sys=0.00, real=0.57 secs] 
2014-05-28T15:13:00.810+0900: 10243.819: [GC [PSYoungGen: 22159497K->2112K(23130624K)] 41031883K->19937940K(48296448K), 0.9156820 secs] [Times: user=16.38 sys=0.00, real=0.91 secs] 
2014-05-28T15:13:23.872+0900: 10266.881: [GC [PSYoungGen: 21172288K->1170592K(22341120K)] 41108116K->21107213K(47506944K), 1.9798260 secs] [Times: user=35.48 sys=0.00, real=1.98 secs] 
2014-05-28T15:14:03.659+0900: 10306.668: [GC [PSYoungGen: 22340768K->142249K(23150592K)] 42277389K->21041486K(48316416K), 0.7788150 secs] [Times: user=13.92 sys=0.00, real=0.78 secs] 
2014-05-28T15:14:38.081+0900: 10341.090: [GC [PSYoungGen: 21271977K->1727001K(22857216K)] 42171214K->22768001K(48023040K), 6.7379840 secs] [Times: user=121.02 sys=0.00, real=6.74 secs] 
2014-05-28T15:15:10.550+0900: 10373.559: [GC [PSYoungGen: 22856729K->624932K(23017984K)] 43897729K->22321796K(48183808K), 0.5940270 secs] [Times: user=10.60 sys=0.00, real=0.59 secs] 
2014-05-28T15:15:36.452+0900: 10399.461: [GC [PSYoungGen: 21392676K->1104288K(22915584K)] 43089540K->23292718K(48081408K), 2.6552560 secs] [Times: user=47.64 sys=0.00, real=2.65 secs] 
2014-05-28T15:16:10.332+0900: 10433.341: [GC [PSYoungGen: 21872032K->1102947K(23080960K)] 44060462K->24184008K(48246784K), 1.0083470 secs] [Times: user=18.02 sys=0.00, real=1.01 secs] 
2014-05-28T15:16:30.762+0900: 10453.771: [GC [PSYoungGen: 22065251K->1197990K(23047168K)] 45146312K->24494441K(48212992K), 0.5275020 secs] [Times: user=9.39 sys=0.02, real=0.53 secs] 
2014-05-28T15:16:53.834+0900: 10476.843: [GC [PSYoungGen: 22160294K->1122016K(23122432K)] 45456745K->25524293K(48288256K), 3.0441270 secs] [Times: user=54.61 sys=0.00, real=3.04 secs] 
2014-05-28T15:16:56.879+0900: 10479.888: [Full GC [PSYoungGen: 1122016K->0K(23122432K)] [ParOldGen: 24402277K->5611069K(25165824K)] 25524293K->5611069K(48288256K) [PSPermGen: 56240K->56240K(262144K)], 4.1093740 secs] [Times: user=69.10 sys=0.00, real=4.11 secs] 
2014-05-28T15:17:26.201+0900: 10509.210: [GC [PSYoungGen: 21040128K->1365735K(22406144K)] 26651197K->6976804K(47571968K), 2.0017030 secs] [Times: user=35.88 sys=0.00, real=2.00 secs] 
2014-05-28T15:17:46.290+0900: 10529.299: [GC [PSYoungGen: 22405863K->871337K(23166976K)] 28016932K->6864925K(48332800K), 0.5011470 secs] [Times: user=8.93 sys=0.00, real=0.50 secs] 
2014-05-28T15:18:04.061+0900: 10547.070: [GC [PSYoungGen: 21945257K->1177248K(23072768K)] 27938845K->8044629K(48238592K), 2.7439960 secs] [Times: user=49.21 sys=0.00, real=2.75 secs] 
2014-05-28T15:18:34.212+0900: 10577.221: [GC [PSYoungGen: 22224764K->977242K(23289344K)] 29092145K->8815864K(48455168K), 0.9344960 secs] [Times: user=16.70 sys=0.00, real=0.93 secs] 
2014-05-28T15:18:49.929+0900: 10592.938: [GC [PSYoungGen: 22292314K->1059817K(23191552K)] 30130936K->9072121K(48357376K), 0.5279140 secs] [Times: user=9.33 sys=0.00, real=0.53 secs] 
2014-05-28T15:19:23.912+0900: 10626.921: [GC [PSYoungGen: 22374889K->1920K(23177728K)] 30387193K->9077369K(48343552K), 0.8506630 secs] [Times: user=15.21 sys=0.00, real=0.85 secs] 
2014-05-28T15:19:55.055+0900: 10658.064: [GC [PSYoungGen: 21364608K->1180937K(22543872K)] 30440057K->10256963K(47709696K), 1.7216870 secs] [Times: user=30.85 sys=0.00, real=1.72 secs] 
2014-05-28T15:20:14.816+0900: 10677.825: [GC [PSYoungGen: 22543625K->899337K(23353344K)] 31619651K->10178348K(48519168K), 0.4721700 secs] [Times: user=8.37 sys=0.00, real=0.47 secs] 
2014-05-28T15:20:51.179+0900: 10714.188: [GC [PSYoungGen: 22345481K->1888K(23258624K)] 31624492K->10182540K(48424448K), 0.7071910 secs] [Times: user=12.62 sys=0.00, real=0.71 secs] 
2014-05-28T15:21:17.681+0900: 10740.690: [GC [PSYoungGen: 21448032K->1080576K(23298048K)] 31628684K->11261757K(48463872K), 3.8641330 secs] [Times: user=69.35 sys=0.00, real=3.87 secs] 
2014-05-28T15:21:56.927+0900: 10779.935: [GC [PSYoungGen: 22499584K->230889K(23286784K)] 32680765K->11285907K(48452608K), 0.6041550 secs] [Times: user=10.72 sys=0.00, real=0.61 secs] 
2014-05-28T15:22:41.742+0900: 10824.750: [GC [PSYoungGen: 21649897K->1192345K(23213056K)] 32704915K->12477788K(48378880K), 1.7831690 secs] [Times: user=31.93 sys=0.00, real=1.78 secs] 
2014-05-28T15:23:07.694+0900: 10850.702: [GC [PSYoungGen: 22533529K->1021957K(23253504K)] 33818972K->12519953K(48419328K), 0.4331490 secs] [Times: user=7.71 sys=0.00, real=0.43 secs] 
2014-05-28T15:23:27.003+0900: 10870.012: [GC [PSYoungGen: 22363141K->1060297K(23315456K)] 33861137K->13492566K(48481280K), 0.9820460 secs] [Times: user=17.55 sys=0.00, real=0.99 secs] 
2014-05-28T15:24:11.400+0900: 10914.409: [GC [PSYoungGen: 22500809K->2080K(21443072K)] 34933078K->13497910K(46608896K), 0.6459500 secs] [Times: user=11.51 sys=0.00, real=0.65 secs] 
2014-05-28T15:24:37.734+0900: 10940.743: [GC [PSYoungGen: 21442592K->1188672K(23190016K)] 34938422K->14685215K(48355840K), 1.6072800 secs] [Times: user=28.78 sys=0.00, real=1.60 secs] 
2014-05-28T15:25:18.072+0900: 10981.081: [GC [PSYoungGen: 22478656K->119433K(21409792K)] 35975199K->14602176K(46575616K), 0.8256910 secs] [Times: user=14.75 sys=0.00, real=0.82 secs] 
2014-05-28T15:25:54.453+0900: 11017.462: [GC [PSYoungGen: 21409417K->1782057K(22696960K)] 35892160K->16383251K(47862784K), 7.1493900 secs] [Times: user=128.37 sys=0.00, real=7.15 secs] 
2014-05-28T15:26:27.908+0900: 11050.917: [GC [PSYoungGen: 22532393K->953503K(22958080K)] 37133587K->16256858K(48123904K), 0.9650520 secs] [Times: user=17.20 sys=0.00, real=0.97 secs] 
2014-05-28T15:26:49.748+0900: 11072.757: [GC [PSYoungGen: 21703839K->1060521K(23109632K)] 37007194K->16808570K(48275456K), 0.4641400 secs] [Times: user=8.24 sys=0.00, real=0.46 secs] 
2014-05-28T15:27:14.051+0900: 11097.060: [GC [PSYoungGen: 22061737K->1040160K(23057408K)] 37809786K->17851787K(48223232K), 5.9417820 secs] [Times: user=106.70 sys=0.00, real=5.94 secs] 
2014-05-28T15:27:47.712+0900: 11130.721: [GC [PSYoungGen: 22041376K->1340178K(23064064K)] 38853003K->18995438K(48229888K), 0.9326560 secs] [Times: user=16.68 sys=0.00, real=0.94 secs] 
2014-05-28T15:28:06.207+0900: 11149.216: [GC [PSYoungGen: 22407954K->981705K(23116800K)] 40063214K->19017243K(48282624K), 0.4669480 secs] [Times: user=8.30 sys=0.00, real=0.46 secs] 
2014-05-28T15:28:41.118+0900: 11184.127: [GC [PSYoungGen: 22049481K->1280K(23092736K)] 40085019K->19021443K(48258560K), 0.8172310 secs] [Times: user=14.60 sys=0.00, real=0.82 secs] 
2014-05-28T15:29:08.725+0900: 11211.734: [GC [PSYoungGen: 21141760K->960704K(23153152K)] 40161923K->19981131K(48318976K), 6.5777330 secs] [Times: user=118.12 sys=0.00, real=6.57 secs] 
2014-05-28T15:29:40.148+0900: 11243.157: [GC [PSYoungGen: 22101184K->722943K(23312384K)] 41121611K->20535086K(48478208K), 0.7753380 secs] [Times: user=13.83 sys=0.00, real=0.78 secs] 
2014-05-28T15:29:59.051+0900: 11262.060: [GC [PSYoungGen: 22098943K->1060553K(23229440K)] 41911086K->21226938K(48395264K), 0.4346540 secs] [Times: user=7.71 sys=0.00, real=0.44 secs] 
2014-05-28T15:30:37.234+0900: 11300.243: [GC [PSYoungGen: 22436553K->1632K(23231488K)] 42602938K->21231178K(48397312K), 0.8191320 secs] [Times: user=14.64 sys=0.00, real=0.82 secs] 
2014-05-28T15:31:03.596+0900: 11326.605: [GC [PSYoungGen: 21402208K->1042112K(23283200K)] 42631754K->22272058K(48449024K), 4.7766140 secs] [Times: user=85.75 sys=0.00, real=4.78 secs] 
2014-05-28T15:31:40.839+0900: 11363.848: [GC [PSYoungGen: 22442688K->259529K(23309824K)] 43672634K->22334804K(48475648K), 0.7879560 secs] [Times: user=14.08 sys=0.00, real=0.78 secs] 
2014-05-28T15:32:18.821+0900: 11401.830: [GC [PSYoungGen: 21701065K->997705K(23297536K)] 43776340K->23332278K(48463360K), 0.4859710 secs] [Times: user=8.64 sys=0.00, real=0.49 secs] 
2014-05-28T15:32:41.579+0900: 11424.588: [GC [PSYoungGen: 22439241K->1051721K(23334912K)] 44773814K->23437127K(48500736K), 0.4182740 secs] [Times: user=7.42 sys=0.00, real=0.42 secs] 
2014-05-28T15:33:29.168+0900: 11472.177: [GC [PSYoungGen: 22550601K->1536K(21500928K)] 44936007K->23441472K(46666752K), 0.9835490 secs] [Times: user=17.57 sys=0.00, real=0.98 secs] 
2014-05-28T15:33:50.652+0900: 11493.661: [GC [PSYoungGen: 21500416K->1100745K(23250432K)] 44940352K->24541202K(48416256K), 0.4844810 secs] [Times: user=8.61 sys=0.00, real=0.48 secs] 
2014-05-28T15:34:30.105+0900: 11533.114: [GC [PSYoungGen: 22485961K->1536K(21387264K)] 45926418K->24546033K(46553088K), 0.9903730 secs] [Times: user=16.57 sys=1.13, real=0.99 secs] 
2014-05-28T15:34:31.096+0900: 11534.105: [Full GC [PSYoungGen: 1536K->0K(21387264K)] [ParOldGen: 24544497K->2254676K(25165824K)] 24546033K->2254676K(46553088K) [PSPermGen: 56246K->56246K(262144K)], 1.9382540 secs] [Times: user=29.99 sys=0.00, real=1.94 secs] 
2014-05-28T15:35:00.805+0900: 11563.814: [GC [PSYoungGen: 21385216K->1189984K(23130624K)] 23639892K->3444660K(48296448K), 1.5477660 secs] [Times: user=27.69 sys=0.00, real=1.55 secs] 
2014-05-28T15:35:46.315+0900: 11609.324: [GC [PSYoungGen: 22413408K->118409K(23194624K)] 24668084K->3360651K(48360448K), 0.9085170 secs] [Times: user=16.17 sys=0.00, real=0.91 secs] 
2014-05-28T15:36:16.414+0900: 11639.423: [GC [PSYoungGen: 21341833K->1149456K(23117824K)] 24584075K->4509532K(48283648K), 2.2444800 secs] [Times: user=40.24 sys=0.00, real=2.24 secs] 
2014-05-28T15:37:01.938+0900: 11684.946: [GC [PSYoungGen: 22314512K->167657K(23165440K)] 25674588K->4465622K(48331264K), 0.5937100 secs] [Times: user=10.54 sys=0.00, real=0.59 secs] 
2014-05-28T15:37:33.309+0900: 11716.318: [GC [PSYoungGen: 21332713K->1161136K(23093248K)] 25630678K->5626279K(48259072K), 2.0677720 secs] [Times: user=37.01 sys=0.00, real=2.07 secs] 
2014-05-28T15:38:12.679+0900: 11755.688: [GC [PSYoungGen: 22287280K->155241K(23145984K)] 26752423K->5571234K(48311808K), 0.6800990 secs] [Times: user=12.08 sys=0.00, real=0.68 secs] 
2014-05-28T15:38:47.378+0900: 11790.387: [GC [PSYoungGen: 21281385K->992625K(23190528K)] 26697378K->6562820K(48356352K), 5.5539720 secs] [Times: user=99.67 sys=0.00, real=5.55 secs] 
2014-05-28T15:39:22.344+0900: 11825.353: [GC [PSYoungGen: 22198129K->1349970K(22555648K)] 27768324K->7733329K(47721472K), 0.8083210 secs] [Times: user=14.42 sys=0.00, real=0.81 secs] 
2014-05-28T15:39:47.060+0900: 11850.069: [GC [PSYoungGen: 22555474K->1003593K(23118336K)] 28938833K->7780836K(48284160K), 0.5488420 secs] [Times: user=9.78 sys=0.00, real=0.55 secs] 
2014-05-28T15:40:30.567+0900: 11893.576: [GC [PSYoungGen: 22031945K->2808K(23075840K)] 28809188K->7785869K(48241664K), 0.5805200 secs] [Times: user=10.33 sys=0.00, real=0.58 secs] 
2014-05-28T15:40:50.335+0900: 11913.344: [GC [PSYoungGen: 21031160K->1101113K(23088640K)] 28814221K->8885127K(48254464K), 0.3995720 secs] [Times: user=7.04 sys=0.00, real=0.40 secs] 
2014-05-28T15:41:35.503+0900: 11958.512: [GC [PSYoungGen: 22136121K->1792K(23100416K)] 29920135K->8890224K(48266240K), 0.8999810 secs] [Times: user=16.09 sys=0.00, real=0.90 secs] 
2014-05-28T15:42:06.051+0900: 11989.060: [GC [PSYoungGen: 21036800K->1076976K(23083520K)] 29925232K->9965921K(48249344K), 3.9451650 secs] [Times: user=70.78 sys=0.00, real=3.95 secs] 
2014-05-28T15:42:38.883+0900: 12021.892: [GC [PSYoungGen: 22100720K->1756818K(22780928K)] 30989665K->11517102K(47946752K), 3.7571070 secs] [Times: user=67.41 sys=0.00, real=3.76 secs] 
2014-05-28T15:43:06.793+0900: 12049.802: [GC [PSYoungGen: 22780562K->615625K(22960128K)] 32540846K->11097448K(48125952K), 0.5652010 secs] [Times: user=10.05 sys=0.00, real=0.56 secs] 
2014-05-28T15:43:49.697+0900: 12092.706: [GC [PSYoungGen: 21253833K->2048K(22843904K)] 31735656K->11101000K(48009728K), 0.5007870 secs] [Times: user=8.92 sys=0.00, real=0.50 secs] 
2014-05-28T15:44:06.339+0900: 12109.347: [GC [PSYoungGen: 20640256K->1101145K(22972416K)] 31739208K->12200866K(48138240K), 0.3217370 secs] [Times: user=5.67 sys=0.00, real=0.32 secs] 
2014-05-28T15:44:49.545+0900: 12152.554: [GC [PSYoungGen: 21874009K->1856K(22966272K)] 32973730K->12206160K(48132096K), 1.0255110 secs] [Times: user=18.34 sys=0.00, real=1.03 secs] 
2014-05-28T15:45:18.653+0900: 12181.662: [GC [PSYoungGen: 20774720K->1124800K(22957568K)] 32979024K->13329705K(48123392K), 2.7940900 secs] [Times: user=50.08 sys=0.00, real=2.79 secs] 
2014-05-28T15:46:02.200+0900: 12225.209: [GC [PSYoungGen: 21904832K->192617K(22972928K)] 34109737K->13310341K(48138752K), 0.7407980 secs] [Times: user=13.20 sys=0.00, real=0.74 secs] 
2014-05-28T15:46:34.265+0900: 12257.274: [GC [PSYoungGen: 20972649K->984528K(23059968K)] 34090373K->14294494K(48225792K), 6.3986490 secs] [Times: user=114.90 sys=0.00, real=6.39 secs] 
2014-05-28T15:47:10.883+0900: 12293.892: [GC [PSYoungGen: 21908432K->1436018K(22360064K)] 35218398K->15539443K(47525888K), 0.8088470 secs] [Times: user=14.44 sys=0.00, real=0.81 secs] 
2014-05-28T15:47:29.112+0900: 12312.120: [GC [PSYoungGen: 22359922K->944809K(23012352K)] 36463347K->15516821K(48178176K), 0.5410050 secs] [Times: user=9.60 sys=0.00, real=0.55 secs] 
2014-05-28T15:48:13.088+0900: 12356.097: [GC [PSYoungGen: 21720233K->1536K(22928896K)] 36292245K->15521085K(48094720K), 0.5539230 secs] [Times: user=9.86 sys=0.00, real=0.56 secs] 
2014-05-28T15:48:34.588+0900: 12377.597: [GC [PSYoungGen: 20776960K->1233472K(22917632K)] 36296509K->16753413K(48083456K), 1.3800730 secs] [Times: user=24.72 sys=0.00, real=1.38 secs] 
2014-05-28T15:49:12.359+0900: 12415.368: [GC [PSYoungGen: 21999168K->44457K(22965760K)] 37519109K->16626081K(48131584K), 0.6104610 secs] [Times: user=10.87 sys=0.00, real=0.61 secs] 
2014-05-28T15:49:45.860+0900: 12448.868: [GC [PSYoungGen: 20810153K->999248K(23021568K)] 37391777K->17624378K(48187392K), 5.7683980 secs] [Times: user=103.59 sys=0.00, real=5.77 secs] 
2014-05-28T15:50:20.880+0900: 12483.889: [GC [PSYoungGen: 21841232K->288521K(22986240K)] 38466362K->17730115K(48152064K), 0.7571540 secs] [Times: user=13.53 sys=0.00, real=0.75 secs] 
2014-05-28T15:51:01.881+0900: 12524.890: [GC [PSYoungGen: 21130505K->1257977K(22941184K)] 38572099K->18988205K(48107008K), 2.3114200 secs] [Times: user=41.44 sys=0.00, real=2.31 secs] 
2014-05-28T15:51:28.310+0900: 12551.319: [GC [PSYoungGen: 22123001K->836137K(23015424K)] 39853229K->18833312K(48181248K), 0.4065140 secs] [Times: user=7.19 sys=0.00, real=0.40 secs] 
2014-05-28T15:52:14.421+0900: 12597.430: [GC [PSYoungGen: 21701161K->93469K(23138816K)] 39698336K->18928934K(48304640K), 0.6014910 secs] [Times: user=10.69 sys=0.00, real=0.60 secs] 
2014-05-28T15:52:38.797+0900: 12621.806: [GC [PSYoungGen: 21186845K->1064202K(23120384K)] 40022310K->19941045K(48286208K), 0.3806320 secs] [Times: user=6.75 sys=0.00, real=0.38 secs] 
2014-05-28T15:53:29.280+0900: 12672.289: [GC [PSYoungGen: 22157578K->17233K(23143936K)] 41034421K->19957709K(48309760K), 0.7499710 secs] [Times: user=13.33 sys=0.00, real=0.75 secs] 
2014-05-28T15:53:53.854+0900: 12696.863: [GC [PSYoungGen: 21127505K->1089513K(22199808K)] 41067981K->21046072K(47365632K), 0.4800420 secs] [Times: user=8.49 sys=0.00, real=0.48 secs] 
2014-05-28T15:54:41.267+0900: 12744.276: [GC [PSYoungGen: 22199785K->1952K(23136256K)] 42156344K->21050774K(48302080K), 0.7460950 secs] [Times: user=13.32 sys=0.00, real=0.75 secs] 
2014-05-28T15:55:04.974+0900: 12767.983: [GC [PSYoungGen: 21090720K->1101273K(22190080K)] 42139542K->22151032K(47355904K), 0.4047480 secs] [Times: user=7.16 sys=0.00, real=0.40 secs] 
2014-05-28T15:55:51.718+0900: 12814.726: [GC [PSYoungGen: 22190041K->5217K(23126016K)] 43239800K->22159640K(48291840K), 0.9247620 secs] [Times: user=16.53 sys=0.00, real=0.93 secs] 
2014-05-28T15:56:16.891+0900: 12839.899: [GC [PSYoungGen: 21065825K->1101561K(22162432K)] 43220248K->23259762K(47328256K), 0.3326750 secs] [Times: user=5.87 sys=0.00, real=0.34 secs] 
2014-05-28T15:56:59.099+0900: 12882.108: [GC [PSYoungGen: 22162169K->16160K(23119872K)] 44320370K->23278977K(48285696K), 0.8548320 secs] [Times: user=15.28 sys=0.00, real=0.85 secs] 
2014-05-28T15:57:28.012+0900: 12911.021: [GC [PSYoungGen: 21056288K->1197920K(22238208K)] 44319105K->24461305K(47404032K), 1.5166100 secs] [Times: user=27.17 sys=0.00, real=1.52 secs] 
2014-05-28T15:58:13.098+0900: 12956.106: [GC [PSYoungGen: 22238048K->105833K(23095296K)] 45501433K->24368988K(48261120K), 0.6073160 secs] [Times: user=10.81 sys=0.00, real=0.61 secs] 
2014-05-28T15:58:13.706+0900: 12956.715: [Full GC [PSYoungGen: 105833K->0K(23095296K)] [ParOldGen: 24263155K->2250873K(25165824K)] 24368988K->2250873K(48261120K) [PSPermGen: 56246K->56246K(262144K)], 2.0057310 secs] [Times: user=29.91 sys=0.00, real=2.01 secs] 
2014-05-28T15:58:44.677+0900: 12987.686: [GC [PSYoungGen: 20970496K->1118416K(23041024K)] 23221369K->3369289K(48206848K), 2.9312880 secs] [Times: user=52.53 sys=0.00, real=2.93 secs] 
2014-05-28T15:59:24.267+0900: 13027.276: [GC [PSYoungGen: 22088912K->200294K(23119872K)] 24339785K->3358025K(48285696K), 0.7348720 secs] [Times: user=13.03 sys=0.00, real=0.74 secs] 
2014-05-28T15:59:59.151+0900: 13062.160: [GC [PSYoungGen: 21204070K->941280K(23049728K)] 24361801K->4298310K(48215552K), 7.1350560 secs] [Times: user=128.10 sys=0.00, real=7.13 secs] 
2014-05-28T16:00:34.545+0900: 13097.554: [GC [PSYoungGen: 21945056K->759697K(23233536K)] 25302086K->4896281K(48399360K), 0.8900430 secs] [Times: user=15.83 sys=0.00, real=0.89 secs] 
2014-05-28T16:00:52.028+0900: 13115.037: [GC [PSYoungGen: 21966737K->1060457K(23139328K)] 26103321K->5563829K(48305152K), 0.6438800 secs] [Times: user=11.47 sys=0.00, real=0.64 secs] 
2014-05-28T16:01:39.597+0900: 13162.606: [GC [PSYoungGen: 22267497K->1952K(23219200K)] 26770869K->5568886K(48385024K), 0.6205850 secs] [Times: user=11.05 sys=0.00, real=0.62 secs] 
2014-05-28T16:02:03.122+0900: 13186.131: [GC [PSYoungGen: 21265312K->1187088K(22450688K)] 26832246K->6754574K(47616512K), 1.7290050 secs] [Times: user=30.96 sys=0.00, real=1.73 secs] 
2014-05-28T16:02:42.857+0900: 13225.865: [GC [PSYoungGen: 22450448K->121673K(23182336K)] 28017934K->6673030K(48348160K), 0.6137730 secs] [Times: user=10.91 sys=0.00, real=0.61 secs] 
2014-05-28T16:03:21.809+0900: 13264.818: [GC [PSYoungGen: 21280585K->1614665K(22773760K)] 27831942K->8287032K(47939584K), 5.7058460 secs] [Times: user=102.42 sys=0.00, real=5.70 secs] 
2014-05-28T16:03:55.030+0900: 13298.039: [GC [PSYoungGen: 22773577K->1406834K(22743552K)] 29445944K->8642284K(47909376K), 0.7816090 secs] [Times: user=13.88 sys=0.00, real=0.78 secs] 
2014-05-28T16:04:15.212+0900: 13318.220: [GC [PSYoungGen: 21935986K->1061065K(22847488K)] 29171436K->8880253K(48013312K), 0.8652250 secs] [Times: user=15.47 sys=0.00, real=0.87 secs] 
2014-05-28T16:04:54.873+0900: 13357.882: [GC [PSYoungGen: 21590217K->1664K(22906368K)] 29409405K->8884357K(48072192K), 0.8661450 secs] [Times: user=15.49 sys=0.00, real=0.86 secs] 
2014-05-28T16:05:20.586+0900: 13383.595: [GC [PSYoungGen: 20642432K->1143136K(22900224K)] 29525125K->10026438K(48066048K), 3.0093880 secs] [Times: user=53.98 sys=0.00, real=3.00 secs] 
2014-05-28T16:05:55.489+0900: 13418.498: [GC [PSYoungGen: 21783904K->178249K(22953984K)] 30667206K->9988979K(48119808K), 0.7081780 secs] [Times: user=12.57 sys=0.00, real=0.71 secs] 
2014-05-28T16:06:31.603+0900: 13454.612: [GC [PSYoungGen: 20874313K->1127801K(22907904K)] 30685043K->11116469K(48073728K), 1.3048130 secs] [Times: user=23.32 sys=0.00, real=1.31 secs] 
2014-05-28T16:06:54.292+0900: 13477.300: [GC [PSYoungGen: 21823865K->944041K(23028224K)] 31812533K->11091318K(48194048K), 0.3298410 secs] [Times: user=5.83 sys=0.00, real=0.33 secs] 
2014-05-28T16:07:41.029+0900: 13524.038: [GC [PSYoungGen: 21757865K->2016K(22951424K)] 31905142K->11095790K(48117248K), 0.5972570 secs] [Times: user=10.59 sys=0.00, real=0.60 secs] 
2014-05-28T16:08:02.327+0900: 13545.336: [GC [PSYoungGen: 20815840K->1101145K(23021568K)] 31909614K->12195544K(48187392K), 0.4020870 secs] [Times: user=7.09 sys=0.00, real=0.40 secs] 
2014-05-28T16:08:44.112+0900: 13587.121: [GC [PSYoungGen: 21989721K->2848K(23027200K)] 33084120K->12201718K(48193024K), 0.7890490 secs] [Times: user=14.07 sys=0.00, real=0.79 secs] 
2014-05-28T16:09:13.036+0900: 13616.044: [GC [PSYoungGen: 20891424K->1061152K(23041024K)] 33090294K->13260863K(48206848K), 4.7178740 secs] [Times: user=84.68 sys=0.00, real=4.72 secs] 
2014-05-28T16:09:46.949+0900: 13649.958: [GC [PSYoungGen: 21978400K->1277875K(22195200K)] 34178111K->14336124K(47361024K), 1.0668320 secs] [Times: user=19.08 sys=0.00, real=1.07 secs] 
2014-05-28T16:10:06.715+0900: 13669.724: [GC [PSYoungGen: 22195123K->1023209K(23018496K)] 35253372K->14407080K(48184320K), 0.4026040 secs] [Times: user=7.13 sys=0.00, real=0.40 secs] 
2014-05-28T16:10:50.698+0900: 13713.707: [GC [PSYoungGen: 21847273K->1792K(22971392K)] 35231144K->14411808K(48137216K), 0.5751360 secs] [Times: user=10.23 sys=0.00, real=0.57 secs] 
2014-05-28T16:11:10.556+0900: 13733.565: [GC [PSYoungGen: 20825856K->1238016K(22916096K)] 35235872K->15648688K(48081920K), 1.4030180 secs] [Times: user=25.12 sys=0.00, real=1.41 secs] 
2014-05-28T16:11:48.920+0900: 13771.929: [GC [PSYoungGen: 22008832K->34473K(22968320K)] 36419504K->15517011K(48134144K), 1.0500990 secs] [Times: user=18.75 sys=0.00, real=1.05 secs] 
2014-05-28T16:12:22.196+0900: 13805.205: [GC [PSYoungGen: 20805289K->1602649K(22610432K)] 36287827K->17118013K(47776256K), 5.5096310 secs] [Times: user=98.92 sys=0.00, real=5.51 secs] 
2014-05-28T16:12:54.811+0900: 13837.819: [GC [PSYoungGen: 22035545K->1032575K(22799360K)] 37550909K->17100637K(47965184K), 0.5356750 secs] [Times: user=9.53 sys=0.00, real=0.54 secs] 
2014-05-28T16:13:12.512+0900: 13855.521: [GC [PSYoungGen: 21465471K->1060537K(22920192K)] 37533533K->17722794K(48086016K), 0.6102070 secs] [Times: user=10.87 sys=0.00, real=0.61 secs] 
2014-05-28T16:13:55.874+0900: 13898.883: [GC [PSYoungGen: 21679801K->1888K(22864896K)] 38342058K->17727738K(48030720K), 0.6399160 secs] [Times: user=11.31 sys=0.00, real=0.64 secs] 
2014-05-28T16:14:21.328+0900: 13924.336: [GC [PSYoungGen: 20621152K->1128896K(22929408K)] 38347002K->18855283K(48095232K), 2.5828210 secs] [Times: user=46.28 sys=0.00, real=2.59 secs] 
2014-05-28T16:15:00.751+0900: 13963.760: [GC [PSYoungGen: 21812672K->189833K(22920192K)] 39539059K->18832654K(48086016K), 0.5943140 secs] [Times: user=10.60 sys=0.00, real=0.60 secs] 
2014-05-28T16:15:33.944+0900: 13996.953: [GC [PSYoungGen: 20873609K->1262985K(22869504K)] 39516430K->20094930K(48035328K), 2.2984780 secs] [Times: user=41.22 sys=0.00, real=2.30 secs] 
2014-05-28T16:16:01.640+0900: 14024.649: [GC [PSYoungGen: 21939593K->832297K(22921216K)] 40771538K->19934867K(48087040K), 0.3325790 secs] [Times: user=5.89 sys=0.00, real=0.34 secs] 
2014-05-28T16:16:44.879+0900: 14067.888: [GC [PSYoungGen: 21508905K->2992K(23048704K)] 40611475K->19940051K(48214528K), 0.7004740 secs] [Times: user=12.52 sys=0.00, real=0.70 secs] 
2014-05-28T16:17:06.650+0900: 14089.658: [GC [PSYoungGen: 20934064K->1100540K(22031872K)] 40871123K->21039152K(47197696K), 0.3252560 secs] [Times: user=5.76 sys=0.00, real=0.33 secs] 
2014-05-28T16:17:34.878+0900: 14117.887: [GC [PSYoungGen: 22031612K->925376K(23115264K)] 41970224K->21967163K(48281088K), 7.0813660 secs] [Times: user=127.18 sys=0.00, real=7.08 secs] 
2014-05-28T16:18:08.163+0900: 14151.172: [GC [PSYoungGen: 21918912K->745087K(23044096K)] 42960699K->22555660K(48209920K), 0.8154100 secs] [Times: user=14.54 sys=0.00, real=0.81 secs] 
2014-05-28T16:18:25.494+0900: 14168.503: [GC [PSYoungGen: 21738623K->1069418K(23243264K)] 43549196K->23256835K(48409088K), 0.4292230 secs] [Times: user=7.62 sys=0.00, real=0.43 secs] 
2014-05-28T16:19:05.187+0900: 14208.196: [GC [PSYoungGen: 22387562K->1494K(21319680K)] 44574979K->23254589K(46485504K), 0.7948000 secs] [Times: user=14.20 sys=0.00, real=0.80 secs] 
2014-05-28T16:19:32.809+0900: 14235.818: [GC [PSYoungGen: 21319638K->942048K(23260160K)] 44572733K->24195350K(48425984K), 7.0837750 secs] [Times: user=127.21 sys=0.00, real=7.08 secs] 
2014-05-28T16:20:05.420+0900: 14268.429: [GC [PSYoungGen: 22258144K->534337K(23221760K)] 45511446K->24567533K(48387584K), 0.7410850 secs] [Times: user=13.24 sys=0.00, real=0.74 secs] 
2014-05-28T16:20:06.162+0900: 14269.171: [Full GC [PSYoungGen: 534337K->0K(23221760K)] [ParOldGen: 24033196K->3563607K(25165824K)] 24567533K->3563607K(48387584K) [PSPermGen: 56260K->56260K(262144K)], 2.8159490 secs] [Times: user=44.23 sys=0.00, real=2.81 secs] 
2014-05-28T16:20:24.252+0900: 14287.261: [GC [PSYoungGen: 21316096K->1823207K(22727168K)] 24879703K->5411471K(47892992K), 1.0121510 secs] [Times: user=14.03 sys=4.03, real=1.02 secs] 
2014-05-28T16:20:52.703+0900: 14315.712: [GC [PSYoungGen: 22727143K->1633385K(22537728K)] 26315407K->7050282K(47703552K), 4.1033880 secs] [Times: user=73.62 sys=0.00, real=4.10 secs] 
2014-05-28T16:21:18.459+0900: 14341.468: [GC [PSYoungGen: 22537321K->528137K(22941184K)] 27954218K->6523036K(48107008K), 0.4896020 secs] [Times: user=8.71 sys=0.00, real=0.49 secs] 
2014-05-28T16:21:55.412+0900: 14378.421: [GC [PSYoungGen: 21170953K->2609K(22867456K)] 27165852K->6525565K(48033280K), 0.3993560 secs] [Times: user=7.09 sys=0.00, real=0.40 secs] 
2014-05-28T16:22:19.314+0900: 14402.323: [GC [PSYoungGen: 20645425K->1013760K(22989312K)] 27168381K->7537357K(48155136K), 5.8492540 secs] [Times: user=105.02 sys=0.00, real=5.85 secs] 
2014-05-28T16:22:48.872+0900: 14431.881: [GC [PSYoungGen: 21766144K->488353K(22928896K)] 28289741K->7837557K(48094720K), 0.5810670 secs] [Times: user=10.33 sys=0.00, real=0.58 secs] 
2014-05-28T16:23:08.508+0900: 14451.517: [GC [PSYoungGen: 21240737K->1108384K(23080448K)] 28589941K->8780623K(48246272K), 2.3255760 secs] [Times: user=41.69 sys=0.00, real=2.33 secs] 
2014-05-28T16:23:35.733+0900: 14478.742: [GC [PSYoungGen: 22094752K->1827367K(22814208K)] 29766991K->10396824K(47980032K), 5.4498210 secs] [Times: user=97.83 sys=0.00, real=5.45 secs] 
2014-05-28T16:24:03.329+0900: 14506.338: [GC [PSYoungGen: 22813735K->505321K(22904832K)] 31383192K->9843921K(48070656K), 0.6394760 secs] [Times: user=11.38 sys=0.00, real=0.64 secs] 
2014-05-28T16:24:19.887+0900: 14522.896: [GC [PSYoungGen: 21075945K->1197296K(22831616K)] 30414545K->11042250K(47997440K), 2.2640570 secs] [Times: user=40.59 sys=0.00, real=2.27 secs] 
2014-05-28T16:24:53.240+0900: 14556.249: [GC [PSYoungGen: 21767920K->106473K(22919680K)] 31612874K->10950189K(48085504K), 0.6213820 secs] [Times: user=11.05 sys=0.00, real=0.62 secs] 
2014-05-28T16:25:26.280+0900: 14589.289: [GC [PSYoungGen: 20783081K->547174K(22921216K)] 31626797K->11496667K(48087040K), 0.2902110 secs] [Times: user=5.11 sys=0.00, real=0.29 secs] 
2014-05-28T16:25:43.492+0900: 14606.501: [GC [PSYoungGen: 21223782K->1060137K(23053824K)] 32173275K->12050792K(48219648K), 0.3131200 secs] [Times: user=5.52 sys=0.00, real=0.31 secs] 
2014-05-28T16:26:18.593+0900: 14641.602: [GC [PSYoungGen: 21964585K->3328K(23016448K)] 32955240K->12057505K(48182272K), 0.8098930 secs] [Times: user=14.44 sys=0.00, real=0.81 secs] 
2014-05-28T16:26:47.683+0900: 14670.692: [GC [PSYoungGen: 20907776K->1840617K(22505984K)] 32961953K->13895916K(47671808K), 7.9058280 secs] [Times: user=141.98 sys=0.00, real=7.90 secs] 
2014-05-28T16:27:17.842+0900: 14700.850: [GC [PSYoungGen: 22224361K->355209K(22774784K)] 34279660K->13161442K(47940608K), 0.6284890 secs] [Times: user=11.21 sys=0.00, real=0.63 secs] 
2014-05-28T16:27:33.141+0900: 14716.150: [GC [PSYoungGen: 20738953K->1098176K(22886912K)] 33545186K->14260107K(48052736K), 0.4912670 secs] [Times: user=8.72 sys=0.00, real=0.49 secs] 
2014-05-28T16:28:09.794+0900: 14752.802: [GC [PSYoungGen: 21664192K->5673K(22844928K)] 34826123K->14267952K(48010752K), 0.8894800 secs] [Times: user=15.90 sys=0.00, real=0.89 secs] 
2014-05-28T16:28:40.524+0900: 14783.533: [GC [PSYoungGen: 20571689K->1381760K(22727680K)] 34833968K->15648024K(47893504K), 3.4592650 secs] [Times: user=62.05 sys=0.00, real=3.46 secs] 
2014-05-28T16:29:06.886+0900: 14809.894: [GC [PSYoungGen: 21835136K->735241K(22809600K)] 36101400K->15370541K(47975424K), 0.5625600 secs] [Times: user=9.97 sys=0.00, real=0.56 secs] 
2014-05-28T16:29:45.909+0900: 14848.917: [GC [PSYoungGen: 21188617K->1536K(22955520K)] 35823917K->15373173K(48121344K), 0.7686620 secs] [Times: user=13.66 sys=0.00, real=0.77 secs] 
2014-05-28T16:30:08.646+0900: 14871.655: [GC [PSYoungGen: 20742144K->1216720K(21957632K)] 36113781K->16588726K(47123456K), 1.4128140 secs] [Times: user=25.32 sys=0.00, real=1.41 secs] 
2014-05-28T16:30:47.667+0900: 14910.676: [GC [PSYoungGen: 21957328K->77833K(22950912K)] 37329334K->16478605K(48116736K), 0.6034010 secs] [Times: user=10.73 sys=0.00, real=0.61 secs] 
2014-05-28T16:31:21.994+0900: 14945.003: [GC [PSYoungGen: 20784649K->963536K(22921728K)] 37185421K->17441125K(48087552K), 6.5697610 secs] [Times: user=117.97 sys=0.00, real=6.57 secs] 
2014-05-28T16:31:57.909+0900: 14980.918: [GC [PSYoungGen: 21670352K->1405746K(22791680K)] 38147941K->18676939K(47957504K), 0.8216550 secs] [Times: user=14.66 sys=0.00, real=0.82 secs] 
2014-05-28T16:32:17.702+0900: 15000.711: [GC [PSYoungGen: 22037298K->969865K(22898688K)] 39308491K->18684303K(48064512K), 0.5244350 secs] [Times: user=9.34 sys=0.00, real=0.52 secs] 
2014-05-28T16:32:57.114+0900: 15040.123: [GC [PSYoungGen: 21601417K->1856K(22979584K)] 39315855K->18688888K(48145408K), 0.7728550 secs] [Times: user=13.79 sys=0.00, real=0.78 secs] 
2014-05-28T16:33:22.267+0900: 15065.276: [GC [PSYoungGen: 20797248K->1145536K(21941248K)] 39484280K->19833056K(47107072K), 2.1852990 secs] [Times: user=39.17 sys=0.00, real=2.19 secs] 
2014-05-28T16:34:02.406+0900: 15105.415: [GC [PSYoungGen: 21940928K->171561K(23012352K)] 40628448K->19792669K(48178176K), 0.5917540 secs] [Times: user=10.52 sys=0.00, real=0.60 secs] 
2014-05-28T16:34:37.683+0900: 15140.692: [GC [PSYoungGen: 20991017K->978114K(22972928K)] 40612125K->20770416K(48138752K), 6.2855770 secs] [Times: user=112.89 sys=0.00, real=6.28 secs] 
2014-05-28T16:35:12.509+0900: 15175.518: [GC [PSYoungGen: 21797570K->1536946K(22743040K)] 41589872K->22131655K(47908864K), 1.3195430 secs] [Times: user=23.60 sys=0.00, real=1.32 secs] 
2014-05-28T16:35:36.602+0900: 15199.611: [GC [PSYoungGen: 22172594K->855465K(22900736K)] 42767303K->22001026K(48066560K), 0.4981150 secs] [Times: user=8.86 sys=0.00, real=0.49 secs] 
2014-05-28T16:36:17.249+0900: 15240.258: [GC [PSYoungGen: 21491113K->1536K(23014400K)] 42636674K->22004691K(48180224K), 0.6688060 secs] [Times: user=11.93 sys=0.00, real=0.67 secs] 
2014-05-28T16:36:37.159+0900: 15260.168: [GC [PSYoungGen: 20881920K->1235984K(22116864K)] 42885075K->23239659K(47282688K), 1.7672140 secs] [Times: user=31.64 sys=0.00, real=1.77 secs] 
2014-05-28T16:37:17.100+0900: 15300.109: [GC [PSYoungGen: 22116368K->37737K(22991872K)] 44120043K->23109085K(48157696K), 0.8760650 secs] [Times: user=15.67 sys=0.00, real=0.88 secs] 
2014-05-28T16:37:54.801+0900: 15337.810: [GC [PSYoungGen: 20843881K->1461162K(22267392K)] 43915229K->24569439K(47433216K), 4.2066630 secs] [Times: user=75.48 sys=0.00, real=4.21 secs] 
2014-05-28T16:38:24.373+0900: 15367.382: [GC [PSYoungGen: 22267306K->1279888K(22801408K)] 45375583K->24822758K(47967232K), 0.5491020 secs] [Times: user=9.78 sys=0.00, real=0.55 secs] 
2014-05-28T16:38:43.799+0900: 15386.808: [GC [PSYoungGen: 21777296K->1060553K(22831616K)] 45320166K->25317445K(47997440K), 0.7166350 secs] [Times: user=12.79 sys=0.00, real=0.72 secs] 
2014-05-28T16:38:44.516+0900: 15387.525: [Full GC [PSYoungGen: 1060553K->0K(22831616K)] [ParOldGen: 24256891K->3358645K(25165824K)] 25317445K->3358645K(47997440K) [PSPermGen: 56265K->56265K(262144K)], 2.3924080 secs] [Times: user=38.28 sys=0.00, real=2.39 secs] 
2014-05-28T16:39:24.993+0900: 15428.002: [GC [PSYoungGen: 20497408K->2688K(22888960K)] 23856053K->3361334K(48054784K), 0.0252140 secs] [Times: user=0.25 sys=0.02, real=0.03 secs] 
2014-05-28T16:39:53.353+0900: 15456.362: [GC [PSYoungGen: 20625024K->1722217K(22344704K)] 23983670K->5082265K(47510528K), 6.7709720 secs] [Times: user=121.57 sys=0.00, real=6.77 secs] 
2014-05-28T16:40:23.652+0900: 15486.661: [GC [PSYoungGen: 22344553K->540609K(22797312K)] 25704601K->4552286K(47963136K), 0.6211150 secs] [Times: user=10.99 sys=0.00, real=0.62 secs] 
2014-05-28T16:40:46.168+0900: 15509.177: [GC [PSYoungGen: 20865473K->1106688K(22693376K)] 24877150K->5620235K(47859200K), 2.5115240 secs] [Times: user=45.03 sys=0.00, real=2.52 secs] 
2014-05-28T16:41:17.040+0900: 15540.049: [GC [PSYoungGen: 21431552K->1568871K(22619136K)] 25945099K->6977122K(47784960K), 3.0979100 secs] [Times: user=55.57 sys=0.00, real=3.10 secs] 
2014-05-28T16:41:39.213+0900: 15562.222: [GC [PSYoungGen: 21872743K->719145K(22734848K)] 27280994K->6682062K(47900672K), 0.5461450 secs] [Times: user=9.70 sys=0.00, real=0.55 secs] 
2014-05-28T16:41:54.564+0900: 15577.573: [GC [PSYoungGen: 21023017K->1226112K(22872576K)] 26985934K->7910006K(48038400K), 1.6665570 secs] [Times: user=29.85 sys=0.00, real=1.67 secs] 
2014-05-28T16:42:27.877+0900: 15610.886: [GC [PSYoungGen: 21780864K->57993K(22848000K)] 28464758K->7789523K(48013824K), 0.8084800 secs] [Times: user=14.34 sys=0.00, real=0.81 secs] 
2014-05-28T16:43:02.379+0900: 15645.387: [GC [PSYoungGen: 20612745K->1116521K(22905856K)] 28344275K->8904965K(48071680K), 1.0394980 secs] [Times: user=18.55 sys=0.00, real=1.04 secs] 
2014-05-28T16:43:20.770+0900: 15663.779: [GC [PSYoungGen: 21713257K->952809K(22856704K)] 29501701K->8890584K(48022528K), 0.4599660 secs] [Times: user=8.11 sys=0.00, real=0.46 secs] 
2014-05-28T16:43:55.808+0900: 15698.817: [GC [PSYoungGen: 21549545K->1408K(22967808K)] 29487320K->8894817K(48133632K), 0.5715140 secs] [Times: user=10.15 sys=0.00, real=0.57 secs] 
2014-05-28T16:44:22.103+0900: 15725.112: [GC [PSYoungGen: 20820352K->988288K(22992384K)] 29713761K->9882033K(48158208K), 5.8774000 secs] [Times: user=105.50 sys=0.00, real=5.87 secs] 
2014-05-28T16:44:53.022+0900: 15756.031: [GC [PSYoungGen: 21807232K->359403K(23110656K)] 30700977K->10062441K(48276480K), 0.6911090 secs] [Times: user=12.29 sys=0.00, real=0.69 secs] 
2014-05-28T16:45:13.134+0900: 15776.143: [GC [PSYoungGen: 21364203K->1060649K(23059968K)] 31067241K->11100764K(48225792K), 0.5213920 secs] [Times: user=9.23 sys=0.00, real=0.52 secs] 
2014-05-28T16:45:52.120+0900: 15815.129: [GC [PSYoungGen: 22065449K->1600K(23106560K)] 32105564K->11105645K(48272384K), 0.6892650 secs] [Times: user=12.23 sys=0.00, real=0.69 secs] 
2014-05-28T16:46:18.738+0900: 15841.747: [GC [PSYoungGen: 21074496K->1085104K(22158336K)] 32178541K->12189741K(47324160K), 3.8355770 secs] [Times: user=68.84 sys=0.00, real=3.84 secs] 
2014-05-28T16:46:54.177+0900: 15877.186: [GC [PSYoungGen: 22158000K->227753K(23156224K)] 33262637K->12210186K(48322048K), 0.7417230 secs] [Times: user=13.24 sys=0.00, real=0.74 secs] 
2014-05-28T16:47:32.178+0900: 15915.187: [GC [PSYoungGen: 21335465K->1326249K(22434304K)] 33317898K->13536164K(47600128K), 2.7429640 secs] [Times: user=49.19 sys=0.00, real=2.75 secs] 
2014-05-28T16:47:58.799+0900: 15941.808: [GC [PSYoungGen: 22433961K->781065K(23185920K)] 34643876K->13313880K(48351744K), 0.4133960 secs] [Times: user=7.35 sys=0.00, real=0.41 secs] 
2014-05-28T16:48:44.914+0900: 15987.923: [GC [PSYoungGen: 21858057K->141970K(23056896K)] 34390872K->13457931K(48222720K), 0.6467810 secs] [Times: user=11.53 sys=0.00, real=0.65 secs] 
2014-05-28T16:49:04.552+0900: 16007.561: [GC [PSYoungGen: 21218962K->1061257K(23190016K)] 34534923K->14418839K(48355840K), 0.4038160 secs] [Times: user=7.10 sys=0.00, real=0.41 secs] 
2014-05-28T16:49:47.538+0900: 16050.547: [GC [PSYoungGen: 22285705K->1856K(21226496K)] 35643287K->14423752K(46392320K), 0.5970700 secs] [Times: user=10.64 sys=0.00, real=0.60 secs] 
2014-05-28T16:50:13.868+0900: 16076.877: [GC [PSYoungGen: 21226304K->1170368K(23081472K)] 35648200K->15592809K(48247296K), 1.7330210 secs] [Times: user=31.04 sys=0.00, real=1.73 secs] 
2014-05-28T16:50:57.372+0900: 16120.381: [GC [PSYoungGen: 22278080K->144649K(23136768K)] 36700521K->15528737K(48302592K), 0.7544740 secs] [Times: user=13.47 sys=0.00, real=0.75 secs] 
2014-05-28T16:51:28.652+0900: 16151.661: [GC [PSYoungGen: 21252361K->1079824K(23127040K)] 36636449K->16607513K(48292864K), 4.5486860 secs] [Times: user=81.61 sys=0.00, real=4.55 secs] 
2014-05-28T16:52:08.476+0900: 16191.485: [GC [PSYoungGen: 22211088K->269979K(23148544K)] 37738777K->16670889K(48314368K), 0.5764160 secs] [Times: user=10.26 sys=0.00, real=0.58 secs] 
2014-05-28T16:52:44.356+0900: 16227.365: [GC [PSYoungGen: 21401243K->1609770K(22763008K)] 37802153K->18243082K(47928832K), 5.4266300 secs] [Times: user=97.42 sys=0.00, real=5.43 secs] 
2014-05-28T16:53:17.186+0900: 16260.195: [GC [PSYoungGen: 22413354K->561833K(22984704K)] 39046666K->17754461K(48150528K), 0.5306760 secs] [Times: user=9.39 sys=0.00, real=0.53 secs] 
2014-05-28T16:53:36.073+0900: 16279.082: [GC [PSYoungGen: 21365417K->1089766K(23096832K)] 38558045K->18845005K(48262656K), 0.6012250 secs] [Times: user=10.62 sys=0.00, real=0.60 secs] 
2014-05-28T16:54:17.626+0900: 16320.635: [GC [PSYoungGen: 22115558K->2400K(23094784K)] 39870797K->18850378K(48260608K), 0.6468300 secs] [Times: user=11.54 sys=0.00, real=0.65 secs] 
2014-05-28T16:54:44.968+0900: 16347.977: [GC [PSYoungGen: 21028192K->1103360K(23068672K)] 39876170K->19951674K(48234496K), 3.3843180 secs] [Times: user=60.73 sys=0.00, real=3.38 secs] 
2014-05-28T16:55:21.493+0900: 16384.502: [GC [PSYoungGen: 22102484K->215882K(23082496K)] 40950798K->19957372K(48248320K), 0.5987120 secs] [Times: user=10.65 sys=0.00, real=0.60 secs] 
2014-05-28T16:55:58.314+0900: 16421.322: [GC [PSYoungGen: 21215050K->1388361K(22877184K)] 40956540K->21345334K(48043008K), 3.3350930 secs] [Times: user=59.81 sys=0.00, real=3.34 secs] 
2014-05-28T16:56:27.465+0900: 16450.473: [GC [PSYoungGen: 22228809K->729929K(23003136K)] 42185782K->21061778K(48168960K), 0.3506200 secs] [Times: user=6.19 sys=0.00, real=0.35 secs] 
2014-05-28T16:57:11.426+0900: 16494.435: [GC [PSYoungGen: 21570377K->59761K(23150080K)] 41902226K->21122932K(48315904K), 0.5281900 secs] [Times: user=9.38 sys=0.00, real=0.53 secs] 
2014-05-28T16:57:34.075+0900: 16517.084: [GC [PSYoungGen: 21184369K->1064442K(23140352K)] 42247540K->22169009K(48306176K), 0.3202820 secs] [Times: user=5.65 sys=0.00, real=0.32 secs] 
2014-05-28T16:58:20.630+0900: 16563.639: [GC [PSYoungGen: 22189050K->5089K(23150592K)] 43293617K->22173673K(48316416K), 0.6980780 secs] [Times: user=12.46 sys=0.00, real=0.69 secs] 
2014-05-28T16:58:42.292+0900: 16585.300: [GC [PSYoungGen: 21131745K->1102073K(22228992K)] 43300329K->23274556K(47394816K), 0.3701020 secs] [Times: user=6.49 sys=0.00, real=0.38 secs] 
2014-05-28T16:59:28.591+0900: 16631.600: [GC [PSYoungGen: 22228729K->2048K(23137280K)] 44401212K->23279607K(48303104K), 0.8411070 secs] [Times: user=15.04 sys=0.00, real=0.84 secs] 
2014-05-28T16:59:52.675+0900: 16655.683: [GC [PSYoungGen: 21092864K->1149824K(22240768K)] 44370423K->24428104K(47406592K), 2.2977350 secs] [Times: user=41.20 sys=0.00, real=2.30 secs] 
2014-05-28T17:00:30.655+0900: 16693.664: [GC [PSYoungGen: 22240640K->170381K(23137792K)] 45518920K->24386649K(48303616K), 0.9105000 secs] [Times: user=16.22 sys=0.00, real=0.91 secs] 
2014-05-28T17:00:31.566+0900: 16694.575: [Full GC [PSYoungGen: 170381K->0K(23137792K)] [ParOldGen: 24216268K->2255589K(25165824K)] 24386649K->2255589K(48303616K) [PSPermGen: 56267K->56267K(262144K)], 1.8217870 secs] [Times: user=28.09 sys=0.00, real=1.82 secs] 
2014-05-28T17:01:04.931+0900: 16727.940: [GC [PSYoungGen: 21054976K->1487817K(22542848K)] 23310565K->3743406K(47708672K), 4.4020530 secs] [Times: user=79.01 sys=0.00, real=4.40 secs] 
2014-05-28T17:01:35.872+0900: 16758.881: [GC [PSYoungGen: 22542793K->649641K(23097856K)] 24798382K->3361061K(48263680K), 0.4494010 secs] [Times: user=7.91 sys=0.00, real=0.45 secs] 
2014-05-28T17:02:18.954+0900: 16801.963: [GC [PSYoungGen: 21540777K->198890K(22959104K)] 24252197K->3561201K(48124928K), 0.5269750 secs] [Times: user=9.38 sys=0.00, real=0.53 secs] 
2014-05-28T17:02:42.076+0900: 16825.085: [GC [PSYoungGen: 21090026K->1061833K(23119872K)] 24452337K->4465980K(48285696K), 0.4761330 secs] [Times: user=8.37 sys=0.00, real=0.48 secs] 
2014-05-28T17:03:27.109+0900: 16870.118: [GC [PSYoungGen: 22163401K->4256K(23133696K)] 25567548K->4472581K(48299520K), 0.6405550 secs] [Times: user=11.39 sys=0.00, real=0.64 secs] 
2014-05-28T17:03:53.424+0900: 16896.433: [GC [PSYoungGen: 21105824K->1229232K(22981632K)] 25574149K->5699078K(48147456K), 1.5329330 secs] [Times: user=27.42 sys=0.00, real=1.53 secs] 
2014-05-28T17:04:25.332+0900: 16928.341: [GC [PSYoungGen: 22194608K->969833K(23065600K)] 26664454K->6492552K(48231424K), 6.5726950 secs] [Times: user=117.99 sys=0.00, real=6.58 secs] 
2014-05-28T17:04:56.277+0900: 16959.286: [GC [PSYoungGen: 21935209K->355690K(23175680K)] 27457928K->6694117K(48341504K), 0.8401300 secs] [Times: user=15.01 sys=0.00, real=0.84 secs] 
2014-05-28T17:05:13.394+0900: 16976.403: [GC [PSYoungGen: 21468010K->1089929K(23102464K)] 27806437K->7784087K(48268288K), 0.4859540 secs] [Times: user=8.65 sys=0.00, real=0.48 secs] 
2014-05-28T17:05:48.459+0900: 17011.468: [GC [PSYoungGen: 22202249K->27432K(23166464K)] 28896407K->7814871K(48332288K), 0.6518330 secs] [Times: user=11.61 sys=0.00, real=0.65 secs] 
2014-05-28T17:06:19.167+0900: 17042.176: [GC [PSYoungGen: 21183272K->1339881K(22495744K)] 28970711K->9128241K(47661568K), 3.1622960 secs] [Times: user=56.72 sys=0.00, real=3.16 secs] 
2014-05-28T17:06:43.494+0900: 17066.502: [GC [PSYoungGen: 22495721K->769641K(23168000K)] 30284081K->8892412K(48333824K), 0.4280460 secs] [Times: user=7.55 sys=0.00, real=0.43 secs] 
2014-05-28T17:07:23.815+0900: 17106.824: [GC [PSYoungGen: 21817961K->1792K(23046144K)] 29940732K->8896093K(48211968K), 0.6189840 secs] [Times: user=11.02 sys=0.00, real=0.62 secs] 
2014-05-28T17:07:46.661+0900: 17129.670: [GC [PSYoungGen: 21046533K->1235328K(23009280K)] 29940834K->10130221K(48175104K), 1.2794910 secs] [Times: user=22.90 sys=0.00, real=1.28 secs] 
2014-05-28T17:08:27.389+0900: 17170.398: [GC [PSYoungGen: 22250880K->97353K(23090688K)] 31145773K->10001170K(48256512K), 0.7801500 secs] [Times: user=13.88 sys=0.00, real=0.78 secs] 
2014-05-28T17:08:59.019+0900: 17202.028: [GC [PSYoungGen: 21112905K->1731433K(22600704K)] 31016722K->11731708K(47766528K), 6.6594090 secs] [Times: user=119.59 sys=0.00, real=6.66 secs] 
2014-05-28T17:09:31.546+0900: 17234.555: [GC [PSYoungGen: 22289257K->834285K(22861824K)] 32289532K->11494427K(48027648K), 0.6853440 secs] [Times: user=12.16 sys=0.00, real=0.69 secs] 
2014-05-28T17:09:49.013+0900: 17252.022: [GC [PSYoungGen: 21392109K->1061321K(23020032K)] 32052251K->12208845K(48185856K), 0.6504140 secs] [Times: user=11.54 sys=0.00, real=0.65 secs] 
2014-05-28T17:10:31.399+0900: 17294.408: [GC [PSYoungGen: 21903817K->1280K(22988288K)] 33051341K->12213238K(48154112K), 0.7425410 secs] [Times: user=13.24 sys=0.00, real=0.75 secs] 
2014-05-28T17:10:54.838+0900: 17317.847: [GC [PSYoungGen: 20843776K->941568K(23079424K)] 33055734K->13153766K(48245248K), 7.0300920 secs] [Times: user=126.24 sys=0.00, real=7.03 secs] 
2014-05-28T17:11:26.951+0900: 17349.960: [GC [PSYoungGen: 21875200K->343401K(23020032K)] 34087398K->13335199K(48185856K), 0.6547920 secs] [Times: user=11.69 sys=0.00, real=0.65 secs] 
2014-05-28T17:11:44.958+0900: 17367.966: [GC [PSYoungGen: 21277033K->1092553K(23119360K)] 34268831K->14419969K(48285184K), 0.5512190 secs] [Times: user=9.83 sys=0.00, real=0.55 secs] 
2014-05-28T17:12:23.206+0900: 17406.215: [GC [PSYoungGen: 22193097K->1632K(23133184K)] 35520513K->14424758K(48299008K), 0.7776370 secs] [Times: user=13.88 sys=0.00, real=0.78 secs] 
2014-05-28T17:12:56.117+0900: 17439.126: [GC [PSYoungGen: 21102176K->1781097K(22584320K)] 35525302K->16204616K(47750144K), 7.2698280 secs] [Times: user=130.56 sys=0.00, real=7.27 secs] 
2014-05-28T17:13:27.592+0900: 17470.600: [GC [PSYoungGen: 22336873K->710285K(22860800K)] 36760392K->15834257K(48026624K), 0.5661990 secs] [Times: user=10.07 sys=0.00, real=0.57 secs] 
2014-05-28T17:13:43.069+0900: 17486.078: [GC [PSYoungGen: 21266061K->1061561K(23033856K)] 36390033K->16634773K(48199680K), 0.6548030 secs] [Times: user=11.65 sys=0.00, real=0.65 secs] 
2014-05-28T17:14:21.282+0900: 17524.291: [GC [PSYoungGen: 21932217K->2208K(23002624K)] 37505429K->16639349K(48168448K), 0.7762120 secs] [Times: user=13.83 sys=0.00, real=0.78 secs] 
2014-05-28T17:14:51.295+0900: 17554.304: [GC [PSYoungGen: 20872864K->1554121K(22696960K)] 37510005K->18191847K(47862784K), 5.1456040 secs] [Times: user=92.36 sys=0.00, real=5.15 secs] 
2014-05-28T17:15:19.100+0900: 17582.109: [GC [PSYoungGen: 22117065K->592425K(22864384K)] 38754791K->17742742K(48030208K), 0.4022480 secs] [Times: user=7.14 sys=0.00, real=0.40 secs] 
2014-05-28T17:15:37.101+0900: 17600.110: [GC [PSYoungGen: 21155369K->1190752K(22956544K)] 38305686K->18934862K(48122368K), 1.9731570 secs] [Times: user=35.38 sys=0.00, real=1.97 secs] 
2014-05-28T17:16:13.257+0900: 17636.266: [GC [PSYoungGen: 21959520K->120329K(22967296K)] 39703630K->18853436K(48133120K), 0.6151430 secs] [Times: user=10.96 sys=0.00, real=0.62 secs] 
2014-05-28T17:16:50.276+0900: 17673.285: [GC [PSYoungGen: 20889097K->1278633K(22881280K)] 39622204K->20128559K(48047104K), 2.5062370 secs] [Times: user=44.94 sys=0.00, real=2.51 secs] 
2014-05-28T17:17:15.104+0900: 17698.113: [GC [PSYoungGen: 21979817K->835409K(22933504K)] 40829743K->19968452K(48099328K), 0.3397910 secs] [Times: user=5.95 sys=0.00, real=0.34 secs] 
2014-05-28T17:17:37.376+0900: 17720.385: [GC [PSYoungGen: 21536593K->1111722K(23081984K)] 40669636K->21070682K(48247808K), 2.5266970 secs] [Times: user=45.31 sys=0.00, real=2.52 secs] 
2014-05-28T17:18:08.215+0900: 17751.224: [GC [PSYoungGen: 22092970K->1384787K(22366208K)] 42051930K->22241191K(47532032K), 1.0082830 secs] [Times: user=18.02 sys=0.00, real=1.01 secs] 
2014-05-28T17:18:28.095+0900: 17771.104: [GC [PSYoungGen: 22366035K->903369K(23127040K)] 43222439K->22167122K(48292864K), 0.6303800 secs] [Times: user=11.22 sys=0.00, real=0.63 secs] 
2014-05-28T17:19:05.189+0900: 17808.197: [GC [PSYoungGen: 21868745K->2976K(23004160K)] 43132498K->22172202K(48169984K), 0.7384870 secs] [Times: user=13.18 sys=0.00, real=0.73 secs] 
2014-05-28T17:19:36.514+0900: 17839.523: [GC [PSYoungGen: 20968352K->1774390K(22627328K)] 43137578K->23945459K(47793152K), 7.1672100 secs] [Times: user=128.68 sys=0.00, real=7.16 secs] 
2014-05-28T17:20:04.921+0900: 17867.929: [GC [PSYoungGen: 22326070K->424489K(22858752K)] 44497139K->23290437K(48024576K), 0.7066820 secs] [Times: user=12.60 sys=0.00, real=0.71 secs] 
2014-05-28T17:20:27.626+0900: 17890.635: [GC [PSYoungGen: 20976169K->1112512K(22961664K)] 43842117K->24400357K(48127488K), 3.0286380 secs] [Times: user=54.32 sys=0.00, real=3.03 secs] 
2014-05-28T17:20:52.652+0900: 17915.661: [GC [PSYoungGen: 21826496K->1537010K(22251008K)] 45114341K->25725517K(47416832K), 3.7329190 secs] [Times: user=67.00 sys=0.00, real=3.74 secs] 
2014-05-28T17:20:56.386+0900: 17919.395: [Full GC [PSYoungGen: 1537010K->0K(22251008K)] [ParOldGen: 24188506K->5793395K(25165824K)] 25725517K->5793395K(47416832K) [PSPermGen: 56285K->56285K(262144K)], 6.1941720 secs] [Times: user=97.04 sys=0.00, real=6.19 secs] 
2014-05-28T17:21:22.011+0900: 17945.019: [GC [PSYoungGen: 20713984K->858782K(22972928K)] 26507379K->6652177K(48138752K), 0.9863440 secs] [Times: user=17.64 sys=0.00, real=0.98 secs] 
2014-05-28T17:21:39.997+0900: 17963.005: [GC [PSYoungGen: 21516958K->1200704K(22851072K)] 27310353K->7854476K(48016896K), 3.1278110 secs] [Times: user=56.11 sys=0.00, real=3.13 secs] 
2014-05-28T17:22:11.270+0900: 17994.279: [GC [PSYoungGen: 21858880K->101641K(22947840K)] 28512652K->7759241K(48113664K), 0.6798660 secs] [Times: user=12.08 sys=0.00, real=0.68 secs] 
2014-05-28T17:22:45.008+0900: 18028.017: [GC [PSYoungGen: 20884745K->43776K(20827136K)] 28542345K->7802458K(45992960K), 0.0753860 secs] [Times: user=1.24 sys=0.00, real=0.08 secs] 
2014-05-28T17:22:59.495+0900: 18042.504: [GC [PSYoungGen: 20826880K->1198176K(22946816K)] 28585562K->8998973K(48112640K), 1.4408370 secs] [Times: user=25.69 sys=0.00, real=1.44 secs] 
2014-05-28T17:23:32.529+0900: 18075.538: [GC [PSYoungGen: 21943392K->32925K(22955520K)] 29744189K->8867787K(48121344K), 0.6593630 secs] [Times: user=11.74 sys=0.00, real=0.66 secs] 
2014-05-28T17:24:07.653+0900: 18110.662: [GC [PSYoungGen: 20778141K->637777K(23082496K)] 29613003K->9504621K(48248320K), 0.2991580 secs] [Times: user=5.27 sys=0.00, real=0.30 secs] 
2014-05-28T17:24:25.613+0900: 18128.622: [GC [PSYoungGen: 21511505K->1060777K(22957056K)] 30378349K->9969274K(48122880K), 0.3085180 secs] [Times: user=5.43 sys=0.00, real=0.31 secs] 
2014-05-28T17:25:09.325+0900: 18172.334: [GC [PSYoungGen: 21934505K->1952K(23094784K)] 30843002K->9974411K(48260608K), 0.7430290 secs] [Times: user=13.23 sys=0.00, real=0.74 secs] 
2014-05-28T17:25:34.171+0900: 18197.180: [GC [PSYoungGen: 21029792K->1171088K(22199296K)] 31002251K->11144267K(47365120K), 1.8752100 secs] [Times: user=33.58 sys=0.00, real=1.87 secs] 
2014-05-28T17:26:10.987+0900: 18233.995: [GC [PSYoungGen: 22198928K->142857K(23092736K)] 32172107K->11078856K(48258560K), 0.6075300 secs] [Times: user=10.82 sys=0.00, real=0.61 secs] 
2014-05-28T17:26:46.499+0900: 18269.508: [GC [PSYoungGen: 21128201K->1513129K(22498816K)] 32064200K->12591154K(47664640K), 4.6630530 secs] [Times: user=83.70 sys=0.00, real=4.66 secs] 
2014-05-28T17:27:18.815+0900: 18301.823: [GC [PSYoungGen: 22498473K->669143K(23055360K)] 33576498K->12225635K(48221184K), 0.5969610 secs] [Times: user=10.61 sys=0.00, real=0.59 secs] 
2014-05-28T17:27:37.801+0900: 18320.810: [GC [PSYoungGen: 21483479K->1061417K(22924800K)] 33039971K->13285762K(48090624K), 0.7382120 secs] [Times: user=13.17 sys=0.00, real=0.74 secs] 
2014-05-28T17:28:19.741+0900: 18362.750: [GC [PSYoungGen: 21875753K->1632K(23070208K)] 34100098K->13290619K(48236032K), 0.9278970 secs] [Times: user=16.54 sys=0.00, real=0.93 secs] 
2014-05-28T17:28:45.139+0900: 18388.148: [GC [PSYoungGen: 20984416K->1072369K(23074304K)] 34273403K->14361916K(48240128K), 4.5369980 secs] [Times: user=80.40 sys=0.00, real=4.53 secs] 
2014-05-28T17:29:19.829+0900: 18422.838: [GC [PSYoungGen: 22055153K->241865K(23127040K)] 35344700K->14399714K(48292864K), 0.5600630 secs] [Times: user=9.95 sys=0.00, real=0.56 secs] 
2014-05-28T17:30:01.431+0900: 18464.440: [GC [PSYoungGen: 21281481K->1257289K(22297088K)] 35439330K->15655444K(47462912K), 2.4017280 secs] [Times: user=43.04 sys=0.00, real=2.40 secs] 
2014-05-28T17:30:28.601+0900: 18491.610: [GC [PSYoungGen: 22296905K->837737K(23157248K)] 36695060K->15501912K(48323072K), 0.4315830 secs] [Times: user=7.64 sys=0.00, real=0.44 secs] 
2014-05-28T17:31:14.186+0900: 18537.195: [GC [PSYoungGen: 21882473K->133485K(23053312K)] 36546648K->15637494K(48219136K), 0.7255410 secs] [Times: user=12.91 sys=0.00, real=0.73 secs] 
2014-05-28T17:31:38.107+0900: 18561.116: [GC [PSYoungGen: 21178221K->1065194K(23162368K)] 36682230K->16610551K(48328192K), 0.3860610 secs] [Times: user=6.83 sys=0.00, real=0.39 secs] 
2014-05-28T17:32:19.370+0900: 18602.379: [GC [PSYoungGen: 22237418K->1584K(23169024K)] 37782775K->16614471K(48334848K), 0.7373250 secs] [Times: user=13.16 sys=0.00, real=0.73 secs] 
2014-05-28T17:32:44.875+0900: 18627.883: [GC [PSYoungGen: 21173808K->1102761K(23110144K)] 37786695K->17716145K(48275968K), 0.3428470 secs] [Times: user=6.04 sys=0.00, real=0.34 secs] 
2014-05-28T17:33:30.636+0900: 18673.645: [GC [PSYoungGen: 22217641K->3552K(23140352K)] 38831025K->17721988K(48306176K), 0.9070170 secs] [Times: user=16.21 sys=0.00, real=0.91 secs] 
2014-05-28T17:33:59.862+0900: 18702.871: [GC [PSYoungGen: 21118432K->1186433K(23021056K)] 38836868K->18906608K(48186880K), 1.8217420 secs] [Times: user=32.63 sys=0.00, real=1.83 secs] 
2014-05-28T17:34:43.244+0900: 18746.252: [GC [PSYoungGen: 22194817K->130602K(23087104K)] 39914992K->18829341K(48252928K), 0.8100280 secs] [Times: user=14.47 sys=0.00, real=0.81 secs] 
2014-05-28T17:35:15.605+0900: 18778.614: [GC [PSYoungGen: 21138986K->1103317K(23064064K)] 39837725K->19932195K(48229888K), 3.2813030 secs] [Times: user=58.88 sys=0.00, real=3.28 secs] 
2014-05-28T17:35:55.194+0900: 18818.203: [GC [PSYoungGen: 22132181K->213641K(23097344K)] 40961059K->19935451K(48263168K), 0.7809880 secs] [Times: user=13.96 sys=0.00, real=0.78 secs] 
2014-05-28T17:36:30.846+0900: 18853.855: [GC [PSYoungGen: 21242505K->1825257K(22550016K)] 40964315K->21760445K(47715840K), 7.5046590 secs] [Times: user=134.77 sys=0.00, real=7.51 secs] 
2014-05-28T17:37:05.833+0900: 18888.842: [GC [PSYoungGen: 22365673K->914207K(22853120K)] 42300861K->21586815K(48018944K), 0.7667580 secs] [Times: user=13.69 sys=0.00, real=0.76 secs] 
2014-05-28T17:37:23.135+0900: 18906.144: [GC [PSYoungGen: 21454623K->1061513K(22986240K)] 42127231K->22145592K(48152064K), 0.5238000 secs] [Times: user=9.33 sys=0.00, real=0.52 secs] 
2014-05-28T17:38:07.051+0900: 18950.060: [GC [PSYoungGen: 21831817K->2048K(22949888K)] 42915896K->22150649K(48115712K), 0.6343220 secs] [Times: user=11.29 sys=0.00, real=0.64 secs] 
2014-05-28T17:38:30.949+0900: 18973.958: [GC [PSYoungGen: 20772352K->1037453K(23016960K)] 42920953K->23186679K(48182784K), 5.6054220 secs] [Times: user=100.62 sys=0.00, real=5.60 secs] 
2014-05-28T17:39:03.766+0900: 19006.775: [GC [PSYoungGen: 21877389K->1197746K(22988800K)] 44026615K->24173680K(48154624K), 0.8291180 secs] [Times: user=14.82 sys=0.00, real=0.83 secs] 
2014-05-28T17:39:25.170+0900: 19028.179: [GC [PSYoungGen: 22037682K->1061609K(23030784K)] 45013616K->24357432K(48196608K), 0.4612600 secs] [Times: user=8.17 sys=0.00, real=0.46 secs] 
2014-05-28T17:40:03.045+0900: 19066.054: [GC [PSYoungGen: 21917929K->2016K(22991360K)] 45213752K->24362560K(48157184K), 0.8796320 secs] [Times: user=15.72 sys=0.00, real=0.88 secs] 
2014-05-28T17:40:03.925+0900: 19066.934: [Full GC [PSYoungGen: 2016K->0K(22991360K)] [ParOldGen: 24360544K->2256618K(25165824K)] 24362560K->2256618K(48157184K) [PSPermGen: 56298K->56298K(262144K)], 2.0138770 secs] [Times: user=31.50 sys=0.00, real=2.02 secs] 
2014-05-28T17:40:26.798+0900: 19089.806: [GC [PSYoungGen: 20856320K->1102768K(23028736K)] 23112938K->3359386K(48194560K), 3.3664210 secs] [Times: user=60.37 sys=0.00, real=3.37 secs] 
2014-05-28T17:41:00.195+0900: 19123.204: [GC [PSYoungGen: 21988272K->213705K(23022592K)] 24244890K->3363031K(48188416K), 0.8726970 secs] [Times: user=15.56 sys=0.00, real=0.88 secs] 
2014-05-28T17:41:39.929+0900: 19162.938: [GC [PSYoungGen: 21099209K->1321497K(22899200K)] 24248535K->4684402K(48065024K), 2.8475490 secs] [Times: user=51.07 sys=0.00, real=2.85 secs] 
2014-05-28T17:42:09.168+0900: 19192.176: [GC [PSYoungGen: 22124057K->786089K(22984192K)] 25486962K->4467293K(48150016K), 0.4161290 secs] [Times: user=7.31 sys=0.00, real=0.42 secs] 
2014-05-28T17:42:52.803+0900: 19235.812: [GC [PSYoungGen: 21588649K->64123K(23126528K)] 25269853K->4533378K(48292352K), 0.6274770 secs] [Times: user=11.17 sys=0.00, real=0.63 secs] 
2014-05-28T17:43:15.385+0900: 19258.394: [GC [PSYoungGen: 21146747K->1086089K(22169088K)] 25616002K->5572472K(47334912K), 0.3754000 secs] [Times: user=6.66 sys=0.00, real=0.38 secs] 
2014-05-28T17:43:58.130+0900: 19301.139: [GC [PSYoungGen: 22168713K->1600K(23123456K)] 26655096K->5577341K(48289280K), 0.9125990 secs] [Times: user=16.31 sys=0.00, real=0.91 secs] 
2014-05-28T17:44:24.389+0900: 19327.398: [GC [PSYoungGen: 21079104K->1217392K(22295040K)] 26654845K->6793597K(47460864K), 1.2764350 secs] [Times: user=22.80 sys=0.00, real=1.27 secs] 
2014-05-28T17:45:08.183+0900: 19371.192: [GC [PSYoungGen: 22294896K->76937K(23086080K)] 27871101K->6683354K(48251904K), 0.7924640 secs] [Times: user=14.12 sys=0.00, real=0.80 secs] 
2014-05-28T17:45:39.077+0900: 19402.086: [GC [PSYoungGen: 21055625K->1086544K(23058432K)] 27662042K->7768676K(48224256K), 3.9856730 secs] [Times: user=71.51 sys=0.00, real=3.99 secs] 
2014-05-28T17:46:20.010+0900: 19443.019: [GC [PSYoungGen: 22065232K->232426K(23129600K)] 28747364K->7792802K(48295424K), 0.7328900 secs] [Times: user=13.09 sys=0.00, real=0.73 secs] 
2014-05-28T17:46:55.669+0900: 19478.677: [GC [PSYoungGen: 21266922K->1715225K(22750208K)] 28827298K->9507543K(47916032K), 6.8279880 secs] [Times: user=122.61 sys=0.00, real=6.83 secs] 
2014-05-28T17:47:28.240+0900: 19511.249: [GC [PSYoungGen: 22749721K->574117K(22996480K)] 30542039K->9012695K(48162304K), 0.5450760 secs] [Times: user=9.65 sys=0.00, real=0.54 secs] 
2014-05-28T17:47:45.652+0900: 19528.661: [GC [PSYoungGen: 21280933K->1061513K(22876160K)] 29719511K->10001847K(48041984K), 0.7094310 secs] [Times: user=12.65 sys=0.00, real=0.71 secs] 
2014-05-28T17:48:25.656+0900: 19568.665: [GC [PSYoungGen: 21768329K->1600K(23026688K)] 30708663K->10006568K(48192512K), 0.9080280 secs] [Times: user=16.17 sys=0.00, real=0.90 secs] 
2014-05-28T17:48:52.832+0900: 19595.841: [GC [PSYoungGen: 20884032K->1028800K(23021568K)] 30889000K->11034265K(48187392K), 5.2320680 secs] [Times: user=93.92 sys=0.00, real=5.23 secs] 
2014-05-28T17:49:24.856+0900: 19627.865: [GC [PSYoungGen: 21911232K->617293K(23167488K)] 31916697K->11458858K(48333312K), 0.7115800 secs] [Times: user=12.70 sys=0.00, real=0.71 secs] 
2014-05-28T17:49:41.938+0900: 19644.947: [GC [PSYoungGen: 21667661K->1061673K(23048704K)] 32509226K->12213635K(48214528K), 0.4939060 secs] [Times: user=8.75 sys=0.00, real=0.49 secs] 
2014-05-28T17:50:19.727+0900: 19682.736: [GC [PSYoungGen: 22112041K->2528K(23161856K)] 33264003K->12218899K(48327680K), 0.8233300 secs] [Times: user=14.68 sys=0.00, real=0.82 secs] 
2014-05-28T17:50:48.437+0900: 19711.446: [GC [PSYoungGen: 21167584K->1012352K(23165440K)] 33383955K->13229844K(48331264K), 5.4148970 secs] [Times: user=97.20 sys=0.00, real=5.41 secs] 
2014-05-28T17:51:20.971+0900: 19743.980: [GC [PSYoungGen: 22177408K->913882K(23227392K)] 34394900K->13956626K(48393216K), 0.8750760 secs] [Times: user=15.59 sys=0.00, real=0.88 secs] 
2014-05-28T17:51:38.604+0900: 19761.613: [GC [PSYoungGen: 22149594K->1061513K(23174144K)] 35192338K->14425558K(48339968K), 0.5600450 secs] [Times: user=9.95 sys=0.00, real=0.56 secs] 
2014-05-28T17:52:18.178+0900: 19801.187: [GC [PSYoungGen: 22297225K->2720K(23201792K)] 35661270K->14431206K(48367616K), 0.7969370 secs] [Times: user=14.23 sys=0.00, real=0.80 secs] 
2014-05-28T17:52:44.254+0900: 19827.263: [GC [PSYoungGen: 21265056K->1050496K(22312960K)] 35693542K->15479775K(47478784K), 5.0281490 secs] [Times: user=90.27 sys=0.00, real=5.03 secs] 
2014-05-28T17:53:19.319+0900: 19862.328: [GC [PSYoungGen: 22312832K->254505K(23249920K)] 36742111K->15535212K(48415744K), 0.7797510 secs] [Times: user=13.91 sys=0.00, real=0.78 secs] 
2014-05-28T17:53:59.566+0900: 19902.575: [GC [PSYoungGen: 21545513K->1000249K(23206912K)] 36826220K->16535270K(48372736K), 0.5723780 secs] [Times: user=10.19 sys=0.00, real=0.58 secs] 
2014-05-28T17:54:21.328+0900: 19924.337: [GC [PSYoungGen: 22291257K->1050761K(23243264K)] 37826278K->16637922K(48409088K), 0.3127000 secs] [Times: user=5.52 sys=0.00, real=0.32 secs] 
2014-05-28T17:55:04.368+0900: 19967.377: [GC [PSYoungGen: 22382729K->2016K(21334016K)] 37969890K->16643058K(46499840K), 0.7818950 secs] [Times: user=13.94 sys=0.00, real=0.78 secs] 
2014-05-28T17:55:28.774+0900: 19991.783: [GC [PSYoungGen: 21333984K->1246833K(23064576K)] 37975026K->17888556K(48230400K), 1.5328690 secs] [Times: user=27.43 sys=0.00, real=1.53 secs] 
2014-05-28T17:56:07.460+0900: 20030.469: [GC [PSYoungGen: 22385265K->1055987K(23152128K)] 39026988K->18784109K(48317952K), 1.0053290 secs] [Times: user=17.98 sys=0.00, real=1.00 secs] 
2014-05-28T17:56:30.147+0900: 20053.156: [GC [PSYoungGen: 22194419K->1047808K(23177216K)] 39922541K->18877780K(48343040K), 0.3912780 secs] [Times: user=6.95 sys=0.00, real=0.39 secs] 
2014-05-28T17:56:50.157+0900: 20073.166: [GC [PSYoungGen: 22218496K->1088969K(23159296K)] 40048468K->19960823K(48325120K), 0.9117740 secs] [Times: user=16.28 sys=0.00, real=0.91 secs] 
2014-05-28T17:57:19.990+0900: 20102.999: [GC [PSYoungGen: 22259657K->1372425K(23009280K)] 41131511K->21336648K(48175104K), 2.1790120 secs] [Times: user=39.05 sys=0.00, real=2.18 secs] 
2014-05-28T17:57:41.543+0900: 20124.552: [GC [PSYoungGen: 22402313K->743017K(23097856K)] 42366536K->21068555K(48263680K), 0.3402020 secs] [Times: user=6.01 sys=0.00, real=0.34 secs] 
2014-05-28T17:58:02.697+0900: 20145.706: [GC [PSYoungGen: 21772905K->1089984K(23221248K)] 42098443K->22160428K(48387072K), 4.6389390 secs] [Times: user=83.24 sys=0.00, real=4.64 secs] 
2014-05-28T17:58:33.144+0900: 20176.153: [GC [PSYoungGen: 22340032K->951290K(23194624K)] 43410476K->22903537K(48360448K), 1.1672510 secs] [Times: user=20.84 sys=0.00, real=1.17 secs] 
2014-05-28T17:58:50.251+0900: 20193.260: [GC [PSYoungGen: 22201338K->1061449K(23336448K)] 44153585K->23278246K(48502272K), 0.4411210 secs] [Times: user=7.84 sys=0.00, real=0.44 secs] 
2014-05-28T17:59:20.343+0900: 20223.352: [GC [PSYoungGen: 22534217K->2688K(21475840K)] 44751014K->23283990K(46641664K), 0.8572500 secs] [Times: user=15.33 sys=0.00, real=0.86 secs] 
2014-05-28T17:59:53.692+0900: 20256.701: [GC [PSYoungGen: 21475456K->975449K(23323648K)] 44756758K->24257697K(48489472K), 0.4643440 secs] [Times: user=8.23 sys=0.00, real=0.46 secs] 
2014-05-28T18:00:09.588+0900: 20272.597: [GC [PSYoungGen: 22407769K->1066153K(23274496K)] 45690017K->24389680K(48440320K), 0.5222040 secs] [Times: user=9.23 sys=0.00, real=0.52 secs] 
2014-05-28T18:00:45.919+0900: 20308.927: [GC [PSYoungGen: 22498473K->5184K(23243264K)] 45822000K->24393818K(48409088K), 0.6220890 secs] [Times: user=11.07 sys=0.00, real=0.62 secs] 
2014-05-28T18:00:46.542+0900: 20309.550: [Full GC [PSYoungGen: 5184K->0K(23243264K)] [ParOldGen: 24388633K->3361169K(25165824K)] 24393818K->3361169K(48409088K) [PSPermGen: 56298K->56298K(262144K)], 2.4194100 secs] [Times: user=38.69 sys=0.00, real=2.42 secs] 
2014-05-28T18:01:15.156+0900: 20338.164: [GC [PSYoungGen: 21415936K->977312K(23290880K)] 24777105K->4338481K(48456704K), 6.4202720 secs] [Times: user=115.27 sys=0.00, real=6.42 secs] 
2014-05-28T18:01:45.335+0900: 20368.344: [GC [PSYoungGen: 22393248K->376785K(23358976K)] 25754417K->4540370K(48524800K), 0.7547070 secs] [Times: user=13.41 sys=0.00, real=0.76 secs] 
2014-05-28T18:02:04.010+0900: 20387.019: [GC [PSYoungGen: 21894609K->1074185K(23324672K)] 26058194K->5583582K(48490496K), 0.5872370 secs] [Times: user=10.44 sys=0.00, real=0.58 secs] 
2014-05-28T18:02:38.577+0900: 20421.586: [GC [PSYoungGen: 22592009K->3840K(23287808K)] 27101406K->5578342K(48453632K), 0.6121510 secs] [Times: user=10.88 sys=0.00, real=0.61 secs] 
2014-05-28T18:03:06.674+0900: 20449.682: [GC [PSYoungGen: 21470976K->1254377K(22721536K)] 27045478K->6829328K(47887360K), 2.4705790 secs] [Times: user=44.27 sys=0.00, real=2.47 secs] 
2014-05-28T18:03:26.718+0900: 20469.727: [GC [PSYoungGen: 22721513K->841545K(23314944K)] 28296464K->6679600K(48480768K), 0.3377300 secs] [Times: user=5.94 sys=0.00, real=0.34 secs] 
2014-05-28T18:03:58.404+0900: 20501.413: [GC [PSYoungGen: 22218057K->2736K(23227392K)] 28056112K->6683472K(48393216K), 0.7517590 secs] [Times: user=13.37 sys=0.00, real=0.75 secs] 
2014-05-28T18:04:26.175+0900: 20529.184: [GC [PSYoungGen: 21379248K->1795641K(22711808K)] 28059984K->8477210K(47877632K), 7.4437280 secs] [Times: user=133.69 sys=0.00, real=7.44 secs] 
2014-05-28T18:04:56.875+0900: 20559.883: [GC [PSYoungGen: 22635065K->393769K(23002624K)] 29316634K->7788282K(48168448K), 0.5799450 secs] [Times: user=10.26 sys=0.00, real=0.58 secs] 
2014-05-28T18:05:12.569+0900: 20575.578: [GC [PSYoungGen: 21233193K->1228256K(22990848K)] 28627706K->9017010K(48156672K), 1.3626810 secs] [Times: user=24.39 sys=0.00, real=1.36 secs] 
2014-05-28T18:05:46.243+0900: 20609.252: [GC [PSYoungGen: 22122976K->56553K(23030272K)] 29911730K->8895420K(48196096K), 0.8526950 secs] [Times: user=15.19 sys=0.00, real=0.86 secs] 
2014-05-28T18:06:19.775+0900: 20642.784: [GC [PSYoungGen: 20951273K->1148489K(23006720K)] 29790140K->10042878K(48172544K), 1.4282460 secs] [Times: user=25.57 sys=0.00, real=1.43 secs] 
2014-05-28T18:06:39.796+0900: 20662.805: [GC [PSYoungGen: 22024777K->928329K(23021056K)] 30919166K->9997861K(48186880K), 0.4676690 secs] [Times: user=8.29 sys=0.00, real=0.47 secs] 
2014-05-28T18:07:08.398+0900: 20691.407: [GC [PSYoungGen: 21804617K->1664K(23088640K)] 30874149K->10001973K(48254464K), 0.8274630 secs] [Times: user=14.75 sys=0.00, real=0.83 secs] 
2014-05-28T18:07:36.231+0900: 20719.240: [GC [PSYoungGen: 21025408K->550952K(23094784K)] 31025717K->10551710K(48260608K), 0.2414150 secs] [Times: user=4.25 sys=0.00, real=0.24 secs] 
2014-05-28T18:07:53.578+0900: 20736.587: [GC [PSYoungGen: 21574696K->1061481K(23185920K)] 31575454K->11104713K(48351744K), 0.3120380 secs] [Times: user=5.50 sys=0.00, real=0.31 secs] 
Heap
 PSYoungGen      total 23185920K, used 13109864K [0x00007fc3a1000000, 0x00007fc9a1000000, 0x00007fc9a1000000)
  eden space 21223424K, 56% used [0x00007fc3a1000000,0x00007fc6805ffe78,0x00007fc8b0600000)
  from space 1962496K, 54% used [0x00007fc929380000,0x00007fc96a01a530,0x00007fc9a1000000)
  to   space 1971200K, 0% used [0x00007fc8b0600000,0x00007fc8b0600000,0x00007fc928b00000)
 ParOldGen       total 25165824K, used 10043232K [0x00007fbda1000000, 0x00007fc3a1000000, 0x00007fc3a1000000)
  object space 25165824K, 39% used [0x00007fbda1000000,0x00007fc005fd8298,0x00007fc3a1000000)
 PSPermGen       total 262144K, used 56396K [0x00007fbd81000000, 0x00007fbd91000000, 0x00007fbda1000000)
  object space 262144K, 21% used [0x00007fbd81000000,0x00007fbd847132d0,0x00007fbd91000000)
