2014-05-28T12:22:40.699+0900: 23.732: [GC2014-05-28T12:22:40.699+0900: 23.732: [ParNew: 20132736K->1122806K(22649280K), 1.3477780 secs] 20132736K->1122806K(47815104K), 1.3480280 secs] [Times: user=7.95 sys=15.87, real=1.35 secs] 
2014-05-28T12:22:46.251+0900: 29.284: [GC2014-05-28T12:22:46.251+0900: 29.284: [ParNew: 21255542K->2253049K(22649280K), 0.7062860 secs] 21255542K->2253049K(47815104K), 0.7069120 secs] [Times: user=11.91 sys=0.64, real=0.71 secs] 
2014-05-28T12:22:54.892+0900: 37.925: [GC2014-05-28T12:22:54.893+0900: 37.926: [ParNew: 22385785K->2451305K(22649280K), 10.7488380 secs] 22385785K->3718912K(47815104K), 10.7510200 secs] [Times: user=47.66 sys=6.44, real=10.75 secs] 
2014-05-28T12:23:13.177+0900: 56.210: [GC2014-05-28T12:23:13.178+0900: 56.211: [ParNew: 22584041K->1574533K(22649280K), 1.1742730 secs] 23851648K->2884790K(47815104K), 1.1764590 secs] [Times: user=20.72 sys=0.03, real=1.18 secs] 
2014-05-28T12:23:36.566+0900: 79.599: [GC2014-05-28T12:23:36.568+0900: 79.601: [ParNew: 21707269K->2516544K(22649280K), 3.3676690 secs] 23017526K->4032478K(47815104K), 3.3706700 secs] [Times: user=59.30 sys=0.08, real=3.37 secs] 
2014-05-28T12:23:58.632+0900: 101.665: [GC2014-05-28T12:23:58.634+0900: 101.667: [ParNew: 22649280K->2144631K(22649280K), 1.9001500 secs] 24165214K->5266512K(47815104K), 1.9031890 secs] [Times: user=18.52 sys=0.68, real=1.91 secs] 
2014-05-28T12:24:20.356+0900: 123.389: [GC2014-05-28T12:24:20.357+0900: 123.390: [ParNew: 22277367K->1836929K(22649280K), 4.1874390 secs] 25399248K->4958810K(47815104K), 4.1896540 secs] [Times: user=75.16 sys=0.00, real=4.19 secs] 
2014-05-28T12:24:47.510+0900: 150.543: [GC2014-05-28T12:24:47.511+0900: 150.544: [ParNew: 21969665K->2050920K(22649280K), 0.9750890 secs] 25091546K->5726653K(47815104K), 0.9774910 secs] [Times: user=13.41 sys=0.20, real=0.98 secs] 
2014-05-28T12:25:02.159+0900: 165.192: [GC2014-05-28T12:25:02.161+0900: 165.194: [ParNew: 22183656K->2516544K(22649280K), 0.5683260 secs] 25859389K->6193073K(47815104K), 0.5708760 secs] [Times: user=10.11 sys=0.00, real=0.57 secs] 
2014-05-28T12:25:33.289+0900: 196.322: [GC2014-05-28T12:25:33.291+0900: 196.324: [ParNew: 22649280K->2028138K(22649280K), 1.4476700 secs] 26325809K->6827344K(47815104K), 1.4508670 secs] [Times: user=12.45 sys=0.41, real=1.46 secs] 
2014-05-28T12:26:06.141+0900: 229.174: [GC2014-05-28T12:26:06.142+0900: 229.175: [ParNew: 22160874K->1897478K(22649280K), 0.5097070 secs] 26960080K->6696684K(47815104K), 0.5122210 secs] [Times: user=9.00 sys=0.01, real=0.51 secs] 
2014-05-28T12:26:19.310+0900: 242.343: [GC2014-05-28T12:26:19.312+0900: 242.345: [ParNew: 22030214K->1663441K(22649280K), 1.8716430 secs] 26829420K->7521811K(47815104K), 1.8747120 secs] [Times: user=21.74 sys=0.54, real=1.87 secs] 
2014-05-28T12:26:55.839+0900: 278.872: [GC2014-05-28T12:26:55.841+0900: 278.874: [ParNew: 21796177K->1697349K(22649280K), 0.2609440 secs] 27654547K->7555720K(47815104K), 0.2639060 secs] [Times: user=4.52 sys=0.00, real=0.27 secs] 
2014-05-28T12:27:25.754+0900: 308.787: [GC2014-05-28T12:27:25.755+0900: 308.788: [ParNew: 21830085K->2516544K(22649280K), 0.8584660 secs] 27688456K->8399841K(47815104K), 0.8606470 secs] [Times: user=15.12 sys=0.05, real=0.86 secs] 
2014-05-28T12:27:46.048+0900: 329.081: [GC2014-05-28T12:27:46.050+0900: 329.083: [ParNew: 22649280K->2103791K(22649280K), 1.7102980 secs] 28532577K->9077788K(47815104K), 1.7136800 secs] [Times: user=18.69 sys=0.32, real=1.72 secs] 
2014-05-28T12:28:28.704+0900: 371.737: [GC2014-05-28T12:28:28.706+0900: 371.739: [ParNew: 22236527K->1513781K(22649280K), 0.2535760 secs] 29210524K->8487779K(47815104K), 0.2559670 secs] [Times: user=4.43 sys=0.01, real=0.26 secs] 
2014-05-28T12:28:48.262+0900: 391.295: [GC2014-05-28T12:28:48.264+0900: 391.297: [ParNew: 21646517K->2516544K(22649280K), 0.5611680 secs] 28620515K->9497483K(47815104K), 0.5635610 secs] [Times: user=9.95 sys=0.00, real=0.56 secs] 
2014-05-28T12:29:24.236+0900: 427.269: [GC2014-05-28T12:29:24.237+0900: 427.270: [ParNew: 22649280K->2069823K(22649280K), 0.9488490 secs] 29630219K->10140176K(47815104K), 0.9510210 secs] [Times: user=10.06 sys=0.26, real=0.95 secs] 
2014-05-28T12:29:57.162+0900: 460.195: [GC2014-05-28T12:29:57.164+0900: 460.197: [ParNew: 22202559K->2516544K(22649280K), 2.7956640 secs] 30272912K->10751703K(47815104K), 2.7987580 secs] [Times: user=49.34 sys=0.00, real=2.80 secs] 
2014-05-28T12:30:23.211+0900: 486.244: [GC2014-05-28T12:30:23.213+0900: 486.246: [ParNew: 22649280K->2087575K(22649280K), 1.9171040 secs] 30884439K->11858503K(47815104K), 1.9204250 secs] [Times: user=18.61 sys=0.52, real=1.92 secs] 
2014-05-28T12:31:09.316+0900: 532.349: [GC2014-05-28T12:31:09.318+0900: 532.351: [ParNew: 22216721K->1235576K(22649280K), 0.4399720 secs] 31987650K->11006504K(47815104K), 0.4425530 secs] [Times: user=7.80 sys=0.00, real=0.44 secs] 
2014-05-28T12:31:26.974+0900: 550.007: [GC2014-05-28T12:31:26.975+0900: 550.008: [ParNew: 21368312K->2117615K(22649280K), 0.6286180 secs] 31139240K->11888543K(47815104K), 0.6312230 secs] [Times: user=11.16 sys=0.00, real=0.63 secs] 
2014-05-28T12:32:10.338+0900: 593.371: [GC2014-05-28T12:32:10.339+0900: 593.372: [ParNew: 22250351K->1892577K(22649280K), 0.9767760 secs] 32021279K->12270460K(47815104K), 0.9793420 secs] [Times: user=13.24 sys=0.16, real=0.98 secs] 
2014-05-28T12:32:36.149+0900: 619.182: [GC2014-05-28T12:32:36.150+0900: 619.183: [ParNew: 22025313K->2516544K(22649280K), 0.8961970 secs] 32403196K->12914490K(47815104K), 0.8984030 secs] [Times: user=15.90 sys=0.00, real=0.90 secs] 
2014-05-28T12:33:12.783+0900: 655.816: [GC2014-05-28T12:33:12.785+0900: 655.818: [ParNew: 22649280K->1979452K(22649280K), 1.2123330 secs] 33047226K->13451527K(47815104K), 1.2151830 secs] [Times: user=13.18 sys=0.34, real=1.21 secs] 
2014-05-28T12:33:48.429+0900: 691.462: [GC2014-05-28T12:33:48.431+0900: 691.464: [ParNew: 22112188K->2516544K(22649280K), 4.9017140 secs] 33584263K->14380932K(47815104K), 4.9040960 secs] [Times: user=86.35 sys=0.00, real=4.90 secs] 
2014-05-28T12:34:19.369+0900: 722.402: [GC2014-05-28T12:34:19.371+0900: 722.404: [ParNew: 22649280K->2107187K(22649280K), 1.8218720 secs] 34513668K->15543113K(47815104K), 1.8246380 secs] [Times: user=15.62 sys=0.52, real=1.83 secs] 
2014-05-28T12:35:02.601+0900: 765.634: [GC2014-05-28T12:35:02.603+0900: 765.636: [ParNew: 22239923K->1355934K(22649280K), 0.6806050 secs] 35675849K->14791860K(47815104K), 0.6839580 secs] [Times: user=12.09 sys=0.00, real=0.68 secs] 
2014-05-28T12:35:27.916+0900: 790.949: [GC2014-05-28T12:35:27.918+0900: 790.951: [ParNew: 21488670K->2124536K(22649280K), 0.5564680 secs] 34924596K->15560462K(47815104K), 0.5588480 secs] [Times: user=9.89 sys=0.00, real=0.56 secs] 
2014-05-28T12:36:06.959+0900: 829.992: [GC2014-05-28T12:36:06.961+0900: 829.994: [ParNew: 22257272K->1567813K(22649280K), 0.6114110 secs] 35693198K->15367613K(47815104K), 0.6139580 secs] [Times: user=7.30 sys=0.15, real=0.61 secs] 
2014-05-28T12:36:25.915+0900: 848.948: [GC2014-05-28T12:36:25.916+0900: 848.949: [ParNew: 21700549K->2516544K(22649280K), 0.5638030 secs] 35500349K->16321734K(47815104K), 0.5662510 secs] [Times: user=10.02 sys=0.00, real=0.57 secs] 
2014-05-28T12:37:02.209+0900: 885.242: [GC2014-05-28T12:37:02.211+0900: 885.244: [ParNew: 22649280K->2107152K(22649280K), 0.2982380 secs] 36454470K->15917985K(47815104K), 0.3016800 secs] [Times: user=5.20 sys=0.00, real=0.30 secs] 
2014-05-28T12:37:36.551+0900: 919.584: [GC2014-05-28T12:37:36.553+0900: 919.586: [ParNew: 22239888K->2516544K(22649280K), 4.6023530 secs] 36050721K->16664721K(47815104K), 4.6045330 secs] [Times: user=80.77 sys=0.00, real=4.60 secs] 
2014-05-28T12:38:14.066+0900: 957.099: [GC2014-05-28T12:38:14.068+0900: 957.101: [ParNew: 22649280K->2088628K(22649280K), 2.2565780 secs] 36797457K->17761116K(47815104K), 2.2595610 secs] [Times: user=20.86 sys=0.65, real=2.26 secs] 
2014-05-28T12:38:54.262+0900: 997.295: [GC2014-05-28T12:38:54.263+0900: 997.296: [ParNew: 22221364K->2229518K(22649280K), 1.6569820 secs] 37893852K->17902006K(47815104K), 1.6591950 secs] [Times: user=29.60 sys=0.00, real=1.65 secs] 
2014-05-28T12:39:20.865+0900: 1023.898: [GC2014-05-28T12:39:20.867+0900: 1023.900: [ParNew: 22362254K->1554747K(22649280K), 1.0667880 secs] 38034742K->18109513K(47815104K), 1.0691730 secs] [Times: user=13.11 sys=0.30, real=1.06 secs] 
2014-05-28T12:40:03.469+0900: 1066.502: [GC2014-05-28T12:40:03.471+0900: 1066.504: [ParNew: 21687483K->949578K(22649280K), 0.1761010 secs] 38242249K->17504344K(47815104K), 0.1784430 secs] [Times: user=3.05 sys=0.00, real=0.18 secs] 
2014-05-28T12:40:24.162+0900: 1087.195: [GC2014-05-28T12:40:24.163+0900: 1087.196: [ParNew: 21082314K->2110386K(22649280K), 0.6056290 secs] 37637080K->18665151K(47815104K), 0.6080110 secs] [Times: user=10.77 sys=0.00, real=0.61 secs] 
2014-05-28T12:41:04.120+0900: 1127.153: [GC2014-05-28T12:41:04.121+0900: 1127.154: [ParNew: 22243122K->1638974K(22649280K), 0.8457900 secs] 38797887K->18844418K(47815104K), 0.8483470 secs] [Times: user=9.15 sys=0.21, real=0.85 secs] 
2014-05-28T12:41:31.529+0900: 1154.562: [GC2014-05-28T12:41:31.530+0900: 1154.563: [ParNew: 21771710K->2516544K(22649280K), 0.6588640 secs] 38977154K->19729397K(47815104K), 0.6613960 secs] [Times: user=11.71 sys=0.00, real=0.66 secs] 
2014-05-28T12:42:06.537+0900: 1189.570: [GC2014-05-28T12:42:06.539+0900: 1189.572: [ParNew: 22649280K->1985292K(22649280K), 1.5071430 secs] 39862133K->20290658K(47815104K), 1.5103180 secs] [Times: user=15.52 sys=0.37, real=1.51 secs] 
2014-05-28T12:42:46.162+0900: 1229.195: [GC2014-05-28T12:42:46.163+0900: 1229.196: [ParNew: 22118028K->2516544K(22649280K), 3.8052180 secs] 40423394K->21104895K(47815104K), 3.8077000 secs] [Times: user=67.04 sys=0.00, real=3.81 secs] 
2014-05-28T12:43:15.701+0900: 1258.734: [GC2014-05-28T12:43:15.702+0900: 1258.735: [ParNew: 22649280K->2090136K(22649280K), 1.5599240 secs] 41237631K->22214474K(47815104K), 1.5626370 secs] [Times: user=14.05 sys=0.45, real=1.57 secs] 
2014-05-28T12:43:17.268+0900: 1260.301: [GC [1 CMS-initial-mark: 20124338K(25165824K)] 22215672K(47815104K), 0.6241900 secs] [Times: user=0.60 sys=0.03, real=0.63 secs] 
2014-05-28T12:43:17.894+0900: 1260.927: [CMS-concurrent-mark-start]
2014-05-28T12:43:19.169+0900: 1262.202: [CMS-concurrent-mark: 1.240/1.276 secs] [Times: user=9.99 sys=2.22, real=1.27 secs] 
2014-05-28T12:43:19.170+0900: 1262.203: [CMS-concurrent-preclean-start]
2014-05-28T12:43:19.256+0900: 1262.289: [CMS-concurrent-preclean: 0.086/0.086 secs] [Times: user=0.37 sys=0.15, real=0.09 secs] 
2014-05-28T12:43:19.257+0900: 1262.289: [CMS-concurrent-abortable-preclean-start]
 CMS: abort preclean due to time 2014-05-28T12:43:26.856+0900: 1269.889: [CMS-concurrent-abortable-preclean: 7.587/7.600 secs] [Times: user=22.87 sys=10.44, real=7.60 secs] 
2014-05-28T12:43:26.861+0900: 1269.894: [GC[YG occupancy: 9367468 K (22649280 K)]2014-05-28T12:43:26.863+0900: 1269.896: [Rescan (parallel) , 4.6290940 secs]2014-05-28T12:43:31.492+0900: 1274.525: [weak refs processing, 0.0029680 secs]2014-05-28T12:43:31.495+0900: 1274.528: [class unloading, 0.0112860 secs]2014-05-28T12:43:31.506+0900: 1274.539: [scrub symbol table, 0.0059150 secs]2014-05-28T12:43:31.512+0900: 1274.545: [scrub string table, 0.0007680 secs] [1 CMS-remark: 20124338K(25165824K)] 29491806K(47815104K), 4.6556530 secs] [Times: user=81.66 sys=0.00, real=4.66 secs] 
2014-05-28T12:43:31.518+0900: 1274.551: [CMS-concurrent-sweep-start]
2014-05-28T12:43:40.000+0900: 1283.033: [GC2014-05-28T12:43:40.001+0900: 1283.034: [ParNew: 22222872K->1880926K(22649280K), 0.4813580 secs] 34814304K->14472358K(47815104K), 0.4841050 secs] [Times: user=8.56 sys=0.00, real=0.49 secs] 
2014-05-28T12:43:56.560+0900: 1299.593: [CMS-concurrent-sweep: 24.376/25.042 secs] [Times: user=80.16 sys=28.00, real=25.04 secs] 
2014-05-28T12:43:56.560+0900: 1299.593: [CMS-concurrent-reset-start]
2014-05-28T12:43:56.641+0900: 1299.674: [CMS-concurrent-reset: 0.081/0.081 secs] [Times: user=0.21 sys=0.12, real=0.08 secs] 
2014-05-28T12:44:07.304+0900: 1310.337: [GC2014-05-28T12:44:07.306+0900: 1310.339: [ParNew: 22013662K->2516544K(22649280K), 3.4450730 secs] 24081536K->5281399K(47815104K), 3.4475170 secs] [Times: user=55.11 sys=0.00, real=3.45 secs] 
2014-05-28T12:44:32.128+0900: 1335.161: [GC2014-05-28T12:44:32.129+0900: 1335.162: [ParNew: 22649280K->2168112K(22649280K), 1.1954890 secs] 25414135K->6441244K(47815104K), 1.1977460 secs] [Times: user=13.29 sys=0.02, real=1.20 secs] 
2014-05-28T12:44:49.660+0900: 1352.693: [GC2014-05-28T12:44:49.662+0900: 1352.695: [ParNew: 22300848K->2069411K(22649280K), 0.4947140 secs] 26573980K->6342544K(47815104K), 0.4969770 secs] [Times: user=8.81 sys=0.00, real=0.50 secs] 
2014-05-28T12:45:21.628+0900: 1384.661: [GC2014-05-28T12:45:21.630+0900: 1384.663: [ParNew: 22202147K->1882341K(22649280K), 1.0140820 secs] 26475280K->6745468K(47815104K), 1.0170470 secs] [Times: user=15.52 sys=0.00, real=1.02 secs] 
2014-05-28T12:45:55.772+0900: 1418.805: [GC2014-05-28T12:45:55.773+0900: 1418.806: [ParNew: 22015077K->2516544K(22649280K), 0.7740200 secs] 26878204K->7379671K(47815104K), 0.7765040 secs] [Times: user=13.83 sys=0.00, real=0.78 secs] 
2014-05-28T12:46:14.771+0900: 1437.804: [GC2014-05-28T12:46:14.774+0900: 1437.806: [ParNew: 22649280K->1873984K(22649280K), 1.0194970 secs] 27512407K->7727259K(47815104K), 1.0226700 secs] [Times: user=13.92 sys=0.00, real=1.02 secs] 
2014-05-28T12:46:53.765+0900: 1476.798: [GC2014-05-28T12:46:53.767+0900: 1476.800: [ParNew: 22006720K->1635003K(22649280K), 0.2726440 secs] 27859995K->7488279K(47815104K), 0.2758450 secs] [Times: user=4.78 sys=0.00, real=0.27 secs] 
2014-05-28T12:47:15.669+0900: 1498.702: [GC2014-05-28T12:47:15.670+0900: 1498.703: [ParNew: 21767739K->2516544K(22649280K), 1.5771010 secs] 27621015K->8392817K(47815104K), 1.5793320 secs] [Times: user=28.14 sys=0.00, real=1.58 secs] 
2014-05-28T12:47:47.286+0900: 1530.319: [GC2014-05-28T12:47:47.287+0900: 1530.320: [ParNew: 22649280K->2356395K(22649280K), 1.0073950 secs] 28525553K->9435998K(47815104K), 1.0097950 secs] [Times: user=13.19 sys=0.00, real=1.01 secs] 
2014-05-28T12:48:20.399+0900: 1563.432: [GC2014-05-28T12:48:20.400+0900: 1563.433: [ParNew: 22489131K->1523867K(22649280K), 0.2542500 secs] 29568734K->8603470K(47815104K), 0.2566490 secs] [Times: user=4.44 sys=0.01, real=0.25 secs] 
2014-05-28T12:48:38.577+0900: 1581.610: [GC2014-05-28T12:48:38.579+0900: 1581.612: [ParNew: 21656603K->2516544K(22649280K), 0.7003950 secs] 28736206K->9596859K(47815104K), 0.7032100 secs] [Times: user=12.44 sys=0.00, real=0.71 secs] 
2014-05-28T12:49:18.200+0900: 1621.233: [GC2014-05-28T12:49:18.202+0900: 1621.235: [ParNew: 22649280K->1879711K(22649280K), 0.3460800 secs] 29729595K->8986003K(47815104K), 0.3494080 secs] [Times: user=5.92 sys=0.00, real=0.35 secs] 
2014-05-28T12:49:46.095+0900: 1649.128: [GC2014-05-28T12:49:46.097+0900: 1649.130: [ParNew: 22012447K->2490726K(22649280K), 0.6669690 secs] 29118739K->9597018K(47815104K), 0.6705400 secs] [Times: user=11.86 sys=0.00, real=0.67 secs] 
2014-05-28T12:50:21.898+0900: 1684.931: [GC2014-05-28T12:50:21.900+0900: 1684.933: [ParNew: 22623462K->2021888K(22649280K), 0.9812110 secs] 29729754K->10219657K(47815104K), 0.9835680 secs] [Times: user=12.80 sys=0.01, real=0.98 secs] 
2014-05-28T12:50:57.450+0900: 1720.483: [GC2014-05-28T12:50:57.452+0900: 1720.484: [ParNew: 22154624K->2356574K(22649280K), 3.1724310 secs] 30352393K->10554343K(47815104K), 3.1748910 secs] [Times: user=56.91 sys=0.00, real=3.18 secs] 
2014-05-28T12:51:29.152+0900: 1752.185: [GC2014-05-28T12:51:29.153+0900: 1752.186: [ParNew: 22489310K->1717033K(22649280K), 0.9895360 secs] 30687079K->10857451K(47815104K), 0.9919240 secs] [Times: user=13.64 sys=0.01, real=0.99 secs] 
2014-05-28T12:52:11.902+0900: 1794.935: [GC2014-05-28T12:52:11.904+0900: 1794.937: [ParNew: 21849769K->2516544K(22649280K), 1.3663140 secs] 30990187K->11789219K(47815104K), 1.3686380 secs] [Times: user=23.93 sys=0.00, real=1.36 secs] 
2014-05-28T12:52:39.073+0900: 1822.106: [GC2014-05-28T12:52:39.074+0900: 1822.107: [ParNew: 22649280K->2262317K(22649280K), 1.3857670 secs] 31921955K->12777033K(47815104K), 1.3882170 secs] [Times: user=19.52 sys=0.05, real=1.39 secs] 
2014-05-28T12:53:23.527+0900: 1866.560: [GC2014-05-28T12:53:23.528+0900: 1866.561: [ParNew: 22395053K->1786583K(22649280K), 1.0703790 secs] 32909769K->12301298K(47815104K), 1.0726390 secs] [Times: user=19.15 sys=0.00, real=1.07 secs] 
2014-05-28T12:53:44.455+0900: 1887.488: [GC2014-05-28T12:53:44.456+0900: 1887.489: [ParNew: 21919319K->2516544K(22649280K), 0.9139350 secs] 32434034K->13049853K(47815104K), 0.9160800 secs] [Times: user=16.25 sys=0.00, real=0.92 secs] 
2014-05-28T12:54:28.505+0900: 1931.538: [GC2014-05-28T12:54:28.507+0900: 1931.540: [ParNew: 22649280K->2076944K(22649280K), 2.7780350 secs] 33182589K->13207301K(47815104K), 2.7810950 secs] [Times: user=47.57 sys=0.00, real=2.78 secs] 
2014-05-28T12:54:55.373+0900: 1958.406: [GC2014-05-28T12:54:55.374+0900: 1958.407: [ParNew: 22209680K->2516544K(22649280K), 0.7081810 secs] 33340037K->13646946K(47815104K), 0.7106040 secs] [Times: user=12.59 sys=0.00, real=0.71 secs] 
2014-05-28T12:55:39.241+0900: 2002.274: [GC2014-05-28T12:55:39.243+0900: 2002.276: [ParNew: 22649279K->1853720K(22649280K), 1.0554350 secs] 33779682K->14066793K(47815104K), 1.0582260 secs] [Times: user=13.56 sys=0.01, real=1.06 secs] 
2014-05-28T12:56:09.009+0900: 2032.042: [GC2014-05-28T12:56:09.011+0900: 2032.044: [ParNew: 21986456K->2516544K(22649280K), 0.8745690 secs] 34199529K->14732661K(47815104K), 0.8770690 secs] [Times: user=15.61 sys=0.00, real=0.87 secs] 
2014-05-28T12:56:48.238+0900: 2071.271: [GC2014-05-28T12:56:48.239+0900: 2071.272: [ParNew: 22649280K->1902808K(22649280K), 0.7925710 secs] 34865397K->15203611K(47815104K), 0.7950060 secs] [Times: user=10.11 sys=0.00, real=0.79 secs] 
2014-05-28T12:57:22.849+0900: 2105.882: [GC2014-05-28T12:57:22.850+0900: 2105.883: [ParNew: 22035544K->2493660K(22649280K), 3.1713050 secs] 35336347K->15794463K(47815104K), 3.1738570 secs] [Times: user=56.90 sys=0.00, real=3.18 secs] 
2014-05-28T12:57:58.284+0900: 2141.317: [GC2014-05-28T12:57:58.286+0900: 2141.319: [ParNew: 22626396K->1824496K(22649280K), 0.9456460 secs] 35927199K->16033045K(47815104K), 0.9487180 secs] [Times: user=13.18 sys=0.01, real=0.95 secs] 
2014-05-28T12:58:37.492+0900: 2180.525: [GC2014-05-28T12:58:37.494+0900: 2180.527: [ParNew: 21957232K->2516544K(22649280K), 2.7700820 secs] 36165781K->17099579K(47815104K), 2.7727520 secs] [Times: user=47.73 sys=0.00, real=2.77 secs] 
2014-05-28T12:59:07.677+0900: 2210.710: [GC2014-05-28T12:59:07.678+0900: 2210.711: [ParNew: 22649280K->2157291K(22649280K), 1.1537320 secs] 37232315K->18252068K(47815104K), 1.1560210 secs] [Times: user=15.07 sys=0.01, real=1.15 secs] 
2014-05-28T12:59:50.354+0900: 2253.387: [GC2014-05-28T12:59:50.355+0900: 2253.388: [ParNew: 22290027K->1744215K(22649280K), 0.6260480 secs] 38384804K->17838992K(47815104K), 0.6284780 secs] [Times: user=11.14 sys=0.00, real=0.63 secs] 
2014-05-28T13:00:12.656+0900: 2275.689: [GC2014-05-28T13:00:12.657+0900: 2275.690: [ParNew: 21876951K->1633737K(22649280K), 0.9228630 secs] 37971728K->18360846K(47815104K), 0.9253300 secs] [Times: user=13.84 sys=0.00, real=0.92 secs] 
2014-05-28T13:00:54.927+0900: 2317.960: [GC2014-05-28T13:00:54.930+0900: 2317.963: [ParNew: 21766473K->1740111K(22649280K), 0.2543400 secs] 38493582K->18467220K(47815104K), 0.2578340 secs] [Times: user=4.41 sys=0.00, real=0.26 secs] 
2014-05-28T13:01:16.680+0900: 2339.713: [GC2014-05-28T13:01:16.681+0900: 2339.714: [ParNew: 21872847K->2516544K(22649280K), 0.5668100 secs] 38599956K->19251768K(47815104K), 0.5690990 secs] [Times: user=10.06 sys=0.00, real=0.57 secs] 
2014-05-28T13:02:03.726+0900: 2386.759: [GC2014-05-28T13:02:03.729+0900: 2386.762: [ParNew: 22649280K->2120868K(22649280K), 1.0751520 secs] 39384504K->19941970K(47815104K), 1.0784520 secs] [Times: user=11.98 sys=0.04, real=1.08 secs] 
2014-05-28T13:02:29.383+0900: 2412.416: [GC2014-05-28T13:02:29.385+0900: 2412.418: [ParNew: 22253604K->2516544K(22649280K), 0.5460190 secs] 40074706K->20345892K(47815104K), 0.5485570 secs] [Times: user=9.67 sys=0.00, real=0.55 secs] 
2014-05-28T13:03:11.969+0900: 2455.002: [GC2014-05-28T13:03:11.971+0900: 2455.004: [ParNew: 22649280K->2033354K(22649280K), 1.0498210 secs] 40478628K->20953030K(47815104K), 1.0529440 secs] [Times: user=13.47 sys=0.00, real=1.05 secs] 
2014-05-28T13:03:13.027+0900: 2456.060: [GC [1 CMS-initial-mark: 18919675K(25165824K)] 20953697K(47815104K), 0.7980230 secs] [Times: user=0.80 sys=0.00, real=0.80 secs] 
2014-05-28T13:03:13.826+0900: 2456.859: [CMS-concurrent-mark-start]
2014-05-28T13:03:14.299+0900: 2457.332: [CMS-concurrent-mark: 0.463/0.473 secs] [Times: user=3.58 sys=0.68, real=0.47 secs] 
2014-05-28T13:03:14.300+0900: 2457.333: [CMS-concurrent-preclean-start]
2014-05-28T13:03:14.365+0900: 2457.398: [CMS-concurrent-preclean: 0.065/0.066 secs] [Times: user=0.19 sys=0.11, real=0.07 secs] 
2014-05-28T13:03:14.366+0900: 2457.399: [CMS-concurrent-abortable-preclean-start]
 CMS: abort preclean due to time 2014-05-28T13:03:27.803+0900: 2470.836: [CMS-concurrent-abortable-preclean: 13.404/13.437 secs] [Times: user=33.05 sys=12.46, real=13.43 secs] 
2014-05-28T13:03:27.807+0900: 2470.840: [GC[YG occupancy: 8353755 K (22649280 K)]2014-05-28T13:03:27.808+0900: 2470.841: [Rescan (parallel) , 2.4492820 secs]2014-05-28T13:03:30.257+0900: 2473.290: [weak refs processing, 0.0006610 secs]2014-05-28T13:03:30.258+0900: 2473.291: [class unloading, 0.0070110 secs]2014-05-28T13:03:30.265+0900: 2473.298: [scrub symbol table, 0.0057520 secs]2014-05-28T13:03:30.271+0900: 2473.304: [scrub string table, 0.0007250 secs] [1 CMS-remark: 18919675K(25165824K)] 27273430K(47815104K), 2.4668260 secs] [Times: user=43.18 sys=0.00, real=2.46 secs] 
2014-05-28T13:03:30.275+0900: 2473.308: [CMS-concurrent-sweep-start]
2014-05-28T13:03:42.860+0900: 2485.893: [GC2014-05-28T13:03:42.862+0900: 2485.895: [ParNew: 22166090K->2516544K(22649280K), 0.7234730 secs] 28959282K->9314077K(47815104K), 0.7260620 secs] [Times: user=12.87 sys=0.00, real=0.72 secs] 
2014-05-28T13:03:49.576+0900: 2492.609: [CMS-concurrent-sweep: 18.438/19.301 secs] [Times: user=64.59 sys=13.63, real=19.30 secs] 
2014-05-28T13:03:49.577+0900: 2492.610: [CMS-concurrent-reset-start]
2014-05-28T13:03:49.628+0900: 2492.661: [CMS-concurrent-reset: 0.052/0.052 secs] [Times: user=0.13 sys=0.06, real=0.06 secs] 
2014-05-28T13:04:23.767+0900: 2526.800: [GC2014-05-28T13:04:23.769+0900: 2526.802: [ParNew: 22649280K->1895618K(22649280K), 1.1590640 secs] 24155731K->4382045K(47815104K), 1.1623660 secs] [Times: user=11.54 sys=0.05, real=1.16 secs] 
2014-05-28T13:04:59.463+0900: 2562.496: [GC2014-05-28T13:04:59.465+0900: 2562.498: [ParNew: 22028354K->2516544K(22649280K), 2.3524960 secs] 24514781K->5046608K(47815104K), 2.3548430 secs] [Times: user=41.88 sys=0.00, real=2.35 secs] 
2014-05-28T13:05:33.685+0900: 2596.718: [GC2014-05-28T13:05:33.687+0900: 2596.720: [ParNew: 22649280K->2238669K(22649280K), 1.0470520 secs] 25179344K->5777134K(47815104K), 1.0501630 secs] [Times: user=14.12 sys=0.00, real=1.05 secs] 
2014-05-28T13:06:13.354+0900: 2636.387: [GC2014-05-28T13:06:13.356+0900: 2636.389: [ParNew: 22371405K->2516544K(22649280K), 3.8490030 secs] 25909870K->6530680K(47815104K), 3.8519780 secs] [Times: user=66.90 sys=0.00, real=3.85 secs] 
2014-05-28T13:06:45.591+0900: 2668.624: [GC2014-05-28T13:06:45.593+0900: 2668.626: [ParNew: 22649280K->2126500K(22649280K), 1.5468050 secs] 26663416K->7663958K(47815104K), 1.5502140 secs] [Times: user=19.24 sys=0.01, real=1.55 secs] 
2014-05-28T13:07:29.741+0900: 2712.774: [GC2014-05-28T13:07:29.743+0900: 2712.776: [ParNew: 22259236K->1845266K(22649280K), 0.6507700 secs] 27796694K->7382724K(47815104K), 0.6532760 secs] [Times: user=11.60 sys=0.00, real=0.66 secs] 
2014-05-28T13:07:52.354+0900: 2735.387: [GC2014-05-28T13:07:52.355+0900: 2735.388: [ParNew: 21978002K->1798314K(22649280K), 0.7794310 secs] 27515460K->7796105K(47815104K), 0.7819000 secs] [Times: user=11.73 sys=0.01, real=0.79 secs] 
2014-05-28T13:08:36.509+0900: 2779.542: [GC2014-05-28T13:08:36.512+0900: 2779.544: [ParNew: 21931050K->1777777K(22649280K), 0.2514290 secs] 27928841K->7775568K(47815104K), 0.2549420 secs] [Times: user=4.38 sys=0.00, real=0.26 secs] 
2014-05-28T13:08:58.382+0900: 2801.415: [GC2014-05-28T13:08:58.384+0900: 2801.417: [ParNew: 21910513K->2516544K(22649280K), 0.6718500 secs] 27908304K->8526269K(47815104K), 0.6753210 secs] [Times: user=11.87 sys=0.00, real=0.68 secs] 
2014-05-28T13:09:42.515+0900: 2845.548: [GC2014-05-28T13:09:42.517+0900: 2845.550: [ParNew: 22649280K->1905377K(22649280K), 0.2735040 secs] 28659005K->7919799K(47815104K), 0.2764400 secs] [Times: user=4.79 sys=0.00, real=0.27 secs] 
2014-05-28T13:10:08.811+0900: 2871.844: [GC2014-05-28T13:10:08.813+0900: 2871.846: [ParNew: 22038113K->2516544K(22649280K), 0.6059840 secs] 28052535K->8533724K(47815104K), 0.6085460 secs] [Times: user=10.79 sys=0.00, real=0.61 secs] 
2014-05-28T13:10:49.900+0900: 2912.933: [GC2014-05-28T13:10:49.902+0900: 2912.935: [ParNew: 22649280K->2029235K(22649280K), 1.1011490 secs] 28666460K->9137399K(47815104K), 1.1044640 secs] [Times: user=12.91 sys=0.01, real=1.11 secs] 
2014-05-28T13:11:23.754+0900: 2946.787: [GC2014-05-28T13:11:23.757+0900: 2946.790: [ParNew: 22161971K->2450894K(22649280K), 2.8840820 secs] 29270135K->9559058K(47815104K), 2.8869950 secs] [Times: user=51.70 sys=0.00, real=2.89 secs] 
2014-05-28T13:11:55.274+0900: 2978.307: [GC2014-05-28T13:11:55.275+0900: 2978.308: [ParNew: 22583630K->2516544K(22649280K), 1.2681070 secs] 29691794K->10605576K(47815104K), 1.2707030 secs] [Times: user=18.56 sys=0.00, real=1.27 secs] 
2014-05-28T13:12:14.715+0900: 2997.748: [GC2014-05-28T13:12:14.717+0900: 2997.750: [ParNew: 22649280K->2108657K(22649280K), 0.8993820 secs] 30738312K->11116896K(47815104K), 0.9018310 secs] [Times: user=12.13 sys=0.00, real=0.90 secs] 
2014-05-28T13:12:56.822+0900: 3039.855: [GC2014-05-28T13:12:56.824+0900: 3039.857: [ParNew: 22241393K->1639829K(22649280K), 0.3706120 secs] 31249632K->10995489K(47815104K), 0.3728050 secs] [Times: user=4.91 sys=0.01, real=0.37 secs] 
2014-05-28T13:13:19.744+0900: 3062.777: [GC2014-05-28T13:13:19.746+0900: 3062.779: [ParNew: 21772565K->2516544K(22649280K), 0.9397310 secs] 31128225K->11889191K(47815104K), 0.9429230 secs] [Times: user=16.71 sys=0.00, real=0.95 secs] 
2014-05-28T13:13:53.800+0900: 3096.833: [GC2014-05-28T13:13:53.801+0900: 3096.834: [ParNew: 22649280K->2064451K(22649280K), 0.7624610 secs] 32021927K->12500669K(47815104K), 0.7648390 secs] [Times: user=9.71 sys=0.02, real=0.77 secs] 
2014-05-28T13:14:30.545+0900: 3133.578: [GC2014-05-28T13:14:30.547+0900: 3133.580: [ParNew: 22197187K->2516544K(22649280K), 1.4937540 secs] 32633405K->13010838K(47815104K), 1.4962650 secs] [Times: user=26.49 sys=0.00, real=1.50 secs] 
2014-05-28T13:14:56.604+0900: 3159.637: [GC2014-05-28T13:14:56.606+0900: 3159.639: [ParNew: 22649280K->2040954K(22649280K), 1.1091990 secs] 33143574K->13616070K(47815104K), 1.1116570 secs] [Times: user=15.54 sys=0.00, real=1.11 secs] 
2014-05-28T13:15:41.698+0900: 3204.731: [GC2014-05-28T13:15:41.700+0900: 3204.733: [ParNew: 22173690K->1529438K(22649280K), 0.8792070 secs] 33748806K->13104553K(47815104K), 0.8824390 secs] [Times: user=15.68 sys=0.00, real=0.88 secs] 
2014-05-28T13:16:03.739+0900: 3226.772: [GC2014-05-28T13:16:03.741+0900: 3226.774: [ParNew: 21662174K->2516544K(22649280K), 0.8772410 secs] 33237289K->14134826K(47815104K), 0.8803650 secs] [Times: user=15.48 sys=0.00, real=0.88 secs] 
2014-05-28T13:16:42.301+0900: 3265.334: [GC2014-05-28T13:16:42.303+0900: 3265.336: [ParNew: 22649280K->2056308K(22649280K), 1.4404880 secs] 34267562K->14826508K(47815104K), 1.4430360 secs] [Times: user=21.27 sys=0.00, real=1.44 secs] 
2014-05-28T13:17:11.060+0900: 3294.093: [GC2014-05-28T13:17:11.062+0900: 3294.095: [ParNew: 22189044K->2450840K(22649280K), 0.8329270 secs] 34959244K->15221039K(47815104K), 0.8354710 secs] [Times: user=14.89 sys=0.00, real=0.83 secs] 
2014-05-28T13:17:52.663+0900: 3335.696: [GC2014-05-28T13:17:52.664+0900: 3335.697: [ParNew: 22583576K->1979343K(22649280K), 0.9714770 secs] 35353775K->15801285K(47815104K), 0.9740690 secs] [Times: user=12.74 sys=0.01, real=0.98 secs] 
2014-05-28T13:18:25.282+0900: 3368.315: [GC2014-05-28T13:18:25.284+0900: 3368.317: [ParNew: 22112079K->2516544K(22649280K), 1.3485590 secs] 35934021K->16339463K(47815104K), 1.3511930 secs] [Times: user=24.14 sys=0.00, real=1.35 secs] 
2014-05-28T13:19:04.364+0900: 3407.397: [GC2014-05-28T13:19:04.365+0900: 3407.398: [ParNew: 22649221K->1876979K(22649280K), 0.7875070 secs] 36472141K->16611296K(47815104K), 0.7899090 secs] [Times: user=10.40 sys=0.00, real=0.79 secs] 
2014-05-28T13:19:38.586+0900: 3441.619: [GC2014-05-28T13:19:38.588+0900: 3441.621: [ParNew: 22009715K->2516544K(22649280K), 2.0978550 secs] 36744032K->17429731K(47815104K), 2.1010890 secs] [Times: user=36.82 sys=0.00, real=2.10 secs] 
2014-05-28T13:20:13.233+0900: 3476.266: [GC2014-05-28T13:20:13.235+0900: 3476.268: [ParNew: 22649280K->2207431K(22649280K), 0.9584880 secs] 37562467K->17980219K(47815104K), 0.9616620 secs] [Times: user=13.54 sys=0.00, real=0.96 secs] 
2014-05-28T13:20:53.538+0900: 3516.571: [GC2014-05-28T13:20:53.540+0900: 3516.573: [ParNew: 22340167K->2516544K(22649280K), 2.9803300 secs] 38112955K->18737805K(47815104K), 2.9835680 secs] [Times: user=51.64 sys=0.00, real=2.98 secs] 
2014-05-28T13:21:24.921+0900: 3547.954: [GC2014-05-28T13:21:24.923+0900: 3547.956: [ParNew: 22649280K->2125882K(22649280K), 1.1136530 secs] 38870541K->19889365K(47815104K), 1.1163620 secs] [Times: user=12.73 sys=0.02, real=1.11 secs] 
2014-05-28T13:22:09.485+0900: 3592.518: [GC2014-05-28T13:22:09.486+0900: 3592.519: [ParNew: 22258618K->2087728K(22649280K), 0.6896890 secs] 40022101K->19851211K(47815104K), 0.6919080 secs] [Times: user=12.28 sys=0.00, real=0.70 secs] 
2014-05-28T13:22:32.965+0900: 3615.997: [GC2014-05-28T13:22:32.966+0900: 3615.999: [ParNew: 22220464K->1709888K(22649280K), 0.7420220 secs] 39983947K->20016611K(47815104K), 0.7444040 secs] [Times: user=10.09 sys=0.00, real=0.75 secs] 
2014-05-28T13:23:15.771+0900: 3658.804: [GC2014-05-28T13:23:15.773+0900: 3658.806: [ParNew: 21842624K->1818107K(22649280K), 0.2533480 secs] 40149347K->20124830K(47815104K), 0.2565880 secs] [Times: user=4.44 sys=0.00, real=0.26 secs] 
2014-05-28T13:23:38.256+0900: 3681.289: [GC2014-05-28T13:23:38.258+0900: 3681.291: [ParNew: 21950843K->2516544K(22649280K), 0.6623490 secs] 40257566K->20844079K(47815104K), 0.6647060 secs] [Times: user=11.70 sys=0.00, real=0.67 secs] 
2014-05-28T13:24:25.458+0900: 3728.491: [GC2014-05-28T13:24:25.459+0900: 3728.492: [ParNew: 22649280K->1898548K(22649280K), 0.2671350 secs] 40976815K->20251934K(47815104K), 0.2695850 secs] [Times: user=4.59 sys=0.00, real=0.27 secs] 
2014-05-28T13:24:47.767+0900: 3750.800: [GC2014-05-28T13:24:47.768+0900: 3750.801: [ParNew: 22031284K->2516544K(22649280K), 0.6460550 secs] 40384670K->20870681K(47815104K), 0.6486990 secs] [Times: user=11.52 sys=0.00, real=0.65 secs] 
2014-05-28T13:25:30.375+0900: 3793.408: [GC2014-05-28T13:25:30.377+0900: 3793.410: [ParNew: 22649280K->1855604K(22649280K), 0.2645790 secs] 41003417K->20210002K(47815104K), 0.2676530 secs] [Times: user=4.65 sys=0.00, real=0.27 secs] 
2014-05-28T13:26:00.484+0900: 3823.517: [GC2014-05-28T13:26:00.486+0900: 3823.519: [ParNew: 21988340K->2475316K(22649280K), 0.9482600 secs] 40342738K->20829714K(47815104K), 0.9505230 secs] [Times: user=16.96 sys=0.00, real=0.95 secs] 
2014-05-28T13:26:42.977+0900: 3866.010: [GC2014-05-28T13:26:42.978+0900: 3866.011: [ParNew: 22608052K->1908062K(22649280K), 0.3425700 secs] 40962450K->20263041K(47815104K), 0.3448340 secs] [Times: user=6.05 sys=0.00, real=0.35 secs] 
2014-05-28T13:27:14.296+0900: 3897.329: [GC2014-05-28T13:27:14.298+0900: 3897.331: [ParNew: 22040798K->2393257K(22649280K), 1.4097950 secs] 40395777K->20748236K(47815104K), 1.4121380 secs] [Times: user=25.21 sys=0.00, real=1.41 secs] 
2014-05-28T13:27:52.563+0900: 3935.596: [GC2014-05-28T13:27:52.565+0900: 3935.598: [ParNew: 22525993K->1897789K(22649280K), 1.3598850 secs] 40880972K->21163326K(47815104K), 1.3631200 secs] [Times: user=17.22 sys=0.28, real=1.36 secs] 
2014-05-28T13:27:53.933+0900: 3936.966: [GC [1 CMS-initial-mark: 19265536K(25165824K)] 21201843K(47815104K), 1.2668070 secs] [Times: user=1.26 sys=0.00, real=1.27 secs] 
2014-05-28T13:27:55.202+0900: 3938.235: [CMS-concurrent-mark-start]
2014-05-28T13:27:56.089+0900: 3939.122: [CMS-concurrent-mark: 0.873/0.887 secs] [Times: user=6.80 sys=1.45, real=0.89 secs] 
2014-05-28T13:27:56.089+0900: 3939.122: [CMS-concurrent-preclean-start]
2014-05-28T13:27:56.203+0900: 3939.236: [CMS-concurrent-preclean: 0.113/0.114 secs] [Times: user=0.41 sys=0.19, real=0.11 secs] 
2014-05-28T13:27:56.204+0900: 3939.237: [CMS-concurrent-abortable-preclean-start]
 CMS: abort preclean due to time 2014-05-28T13:28:11.645+0900: 3954.678: [CMS-concurrent-abortable-preclean: 15.441/15.441 secs] [Times: user=36.19 sys=20.26, real=15.44 secs] 
2014-05-28T13:28:11.652+0900: 3954.685: [GC[YG occupancy: 9546086 K (22649280 K)]2014-05-28T13:28:11.654+0900: 3954.687: [Rescan (parallel) , 6.1183760 secs]2014-05-28T13:28:17.772+0900: 3960.805: [weak refs processing, 0.0013160 secs]2014-05-28T13:28:17.773+0900: 3960.806: [class unloading, 0.0076340 secs]2014-05-28T13:28:17.781+0900: 3960.814: [scrub symbol table, 0.0050570 secs]2014-05-28T13:28:17.786+0900: 3960.819: [scrub string table, 0.0006560 secs] [1 CMS-remark: 19265536K(25165824K)] 28811622K(47815104K), 6.1369970 secs] [Times: user=107.66 sys=0.00, real=6.13 secs] 
2014-05-28T13:28:17.791+0900: 3960.824: [CMS-concurrent-sweep-start]
2014-05-28T13:28:28.880+0900: 3971.913: [GC2014-05-28T13:28:28.881+0900: 3971.914: [ParNew: 22030525K->2516544K(22649280K), 2.1600690 secs] 30724319K->11438562K(47815104K), 2.1626410 secs] [Times: user=36.48 sys=0.00, real=2.16 secs] 
2014-05-28T13:28:39.084+0900: 3982.117: [CMS-concurrent-sweep: 18.986/21.293 secs] [Times: user=93.90 sys=16.20, real=21.29 secs] 
2014-05-28T13:28:39.085+0900: 3982.118: [CMS-concurrent-reset-start]
2014-05-28T13:28:39.138+0900: 3982.171: [CMS-concurrent-reset: 0.054/0.054 secs] [Times: user=0.15 sys=0.08, real=0.06 secs] 
2014-05-28T13:29:08.981+0900: 4012.014: [GC2014-05-28T13:29:08.983+0900: 4012.016: [ParNew: 22649280K->1871429K(22649280K), 1.3379030 secs] 24207094K->4324962K(47815104K), 1.3410030 secs] [Times: user=16.18 sys=0.03, real=1.34 secs] 
2014-05-28T13:29:45.830+0900: 4048.863: [GC2014-05-28T13:29:45.832+0900: 4048.865: [ParNew: 22004165K->2516544K(22649280K), 3.4493310 secs] 24457698K->5493104K(47815104K), 3.4519130 secs] [Times: user=59.55 sys=0.00, real=3.45 secs] 
2014-05-28T13:30:15.970+0900: 4079.003: [GC2014-05-28T13:30:15.972+0900: 4079.005: [ParNew: 22649280K->2245907K(22649280K), 1.3427820 secs] 25625840K->6827848K(47815104K), 1.3459610 secs] [Times: user=17.14 sys=0.04, real=1.34 secs] 
2014-05-28T13:30:35.750+0900: 4098.783: [GC2014-05-28T13:30:35.753+0900: 4098.786: [ParNew: 22378643K->1892793K(22649280K), 0.5276480 secs] 26960584K->6474735K(47815104K), 0.5310390 secs] [Times: user=9.35 sys=0.00, real=0.53 secs] 
2014-05-28T13:31:14.284+0900: 4137.317: [GC2014-05-28T13:31:14.287+0900: 4137.320: [ParNew: 22025529K->1603606K(22649280K), 0.6327110 secs] 26607471K->6649999K(47815104K), 0.6361860 secs] [Times: user=7.57 sys=0.02, real=0.64 secs] 
2014-05-28T13:31:42.190+0900: 4165.223: [GC2014-05-28T13:31:42.192+0900: 4165.225: [ParNew: 21736342K->2516544K(22649280K), 2.2027360 secs] 26782735K->7586336K(47815104K), 2.2053350 secs] [Times: user=39.38 sys=0.00, real=2.21 secs] 
2014-05-28T13:32:15.728+0900: 4198.761: [GC2014-05-28T13:32:15.731+0900: 4198.764: [ParNew: 22649280K->1788603K(22649280K), 0.9898250 secs] 27719072K->7915153K(47815104K), 0.9929780 secs] [Times: user=13.23 sys=0.00, real=0.99 secs] 
2014-05-28T13:32:55.126+0900: 4238.159: [GC2014-05-28T13:32:55.128+0900: 4238.161: [ParNew: 21921339K->2516544K(22649280K), 2.0155080 secs] 28047889K->8775056K(47815104K), 2.0181210 secs] [Times: user=35.55 sys=0.00, real=2.02 secs] 
2014-05-28T13:33:23.560+0900: 4266.593: [GC2014-05-28T13:33:23.562+0900: 4266.595: [ParNew: 22649280K->2137601K(22649280K), 1.2420120 secs] 28907792K->9873462K(47815104K), 1.2445540 secs] [Times: user=16.02 sys=0.00, real=1.24 secs] 
2014-05-28T13:34:09.514+0900: 4312.547: [GC2014-05-28T13:34:09.516+0900: 4312.549: [ParNew: 22270337K->2065250K(22649280K), 0.8445940 secs] 30006198K->9801111K(47815104K), 0.8481350 secs] [Times: user=15.07 sys=0.00, real=0.85 secs] 
2014-05-28T13:34:33.432+0900: 4336.465: [GC2014-05-28T13:34:33.434+0900: 4336.467: [ParNew: 22197986K->1918710K(22649280K), 1.3383340 secs] 29933847K->10363696K(47815104K), 1.3418670 secs] [Times: user=18.77 sys=0.00, real=1.34 secs] 
2014-05-28T13:35:14.878+0900: 4377.911: [GC2014-05-28T13:35:14.880+0900: 4377.913: [ParNew: 22051446K->1395546K(22649280K), 0.2612140 secs] 30496432K->9840532K(47815104K), 0.2647020 secs] [Times: user=4.55 sys=0.00, real=0.26 secs] 
2014-05-28T13:35:36.437+0900: 4399.470: [GC2014-05-28T13:35:36.439+0900: 4399.472: [ParNew: 21528282K->2516544K(22649280K), 0.7142250 secs] 29973268K->10977544K(47815104K), 0.7178040 secs] [Times: user=12.57 sys=0.00, real=0.72 secs] 
2014-05-28T13:36:22.138+0900: 4445.170: [GC2014-05-28T13:36:22.140+0900: 4445.172: [ParNew: 22649280K->1879249K(22649280K), 0.2642720 secs] 31110280K->10341677K(47815104K), 0.2675110 secs] [Times: user=4.62 sys=0.00, real=0.27 secs] 
2014-05-28T13:36:45.645+0900: 4468.678: [GC2014-05-28T13:36:45.646+0900: 4468.679: [ParNew: 22011985K->2516544K(22649280K), 0.5559410 secs] 30474413K->10979019K(47815104K), 0.5582540 secs] [Times: user=9.90 sys=0.00, real=0.56 secs] 
2014-05-28T13:37:30.992+0900: 4514.025: [GC2014-05-28T13:37:30.994+0900: 4514.027: [ParNew: 22649280K->1851781K(22649280K), 0.2535340 secs] 31111755K->10314642K(47815104K), 0.2567590 secs] [Times: user=4.44 sys=0.00, real=0.26 secs] 
2014-05-28T13:37:58.481+0900: 4541.514: [GC2014-05-28T13:37:58.482+0900: 4541.515: [ParNew: 21984517K->2516544K(22649280K), 0.8841460 secs] 30447378K->10991346K(47815104K), 0.8864250 secs] [Times: user=15.75 sys=0.00, real=0.88 secs] 
2014-05-28T13:38:41.398+0900: 4584.431: [GC2014-05-28T13:38:41.401+0900: 4584.434: [ParNew: 22649280K->1915631K(22649280K), 1.1210720 secs] 31124082K->11456398K(47815104K), 1.1241840 secs] [Times: user=14.97 sys=0.01, real=1.12 secs] 
2014-05-28T13:39:11.092+0900: 4614.125: [GC2014-05-28T13:39:11.094+0900: 4614.127: [ParNew: 22048367K->2516544K(22649280K), 1.5531020 secs] 31589134K->12058563K(47815104K), 1.5562830 secs] [Times: user=27.78 sys=0.00, real=1.55 secs] 
2014-05-28T13:39:46.283+0900: 4649.316: [GC2014-05-28T13:39:46.285+0900: 4649.318: [ParNew: 22649280K->1904831K(22649280K), 0.9493440 secs] 32191299K->12419831K(47815104K), 0.9519240 secs] [Times: user=12.85 sys=0.01, real=0.95 secs] 
2014-05-28T13:40:23.954+0900: 4686.987: [GC2014-05-28T13:40:23.956+0900: 4686.989: [ParNew: 22037567K->2516544K(22649280K), 4.8757500 secs] 32552567K->13497975K(47815104K), 4.8782940 secs] [Times: user=85.71 sys=0.00, real=4.88 secs] 
2014-05-28T13:41:00.304+0900: 4723.337: [GC2014-05-28T13:41:00.306+0900: 4723.339: [ParNew: 22649280K->2220913K(22649280K), 1.0312650 secs] 33630711K->14821667K(47815104K), 1.0337500 secs] [Times: user=12.18 sys=0.00, real=1.04 secs] 
2014-05-28T13:41:41.876+0900: 4764.909: [GC2014-05-28T13:41:41.879+0900: 4764.912: [ParNew: 22353649K->2351084K(22649280K), 2.1475940 secs] 34954403K->14951838K(47815104K), 2.1506310 secs] [Times: user=38.47 sys=0.00, real=2.15 secs] 
2014-05-28T13:42:11.872+0900: 4794.905: [GC2014-05-28T13:42:11.874+0900: 4794.907: [ParNew: 22483820K->1621298K(22649280K), 0.7690190 secs] 35084574K->15175037K(47815104K), 0.7716070 secs] [Times: user=9.93 sys=0.00, real=0.77 secs] 
2014-05-28T13:42:55.674+0900: 4838.707: [GC2014-05-28T13:42:55.676+0900: 4838.709: [ParNew: 21754034K->1974019K(22649280K), 0.7812550 secs] 35307773K->15527757K(47815104K), 0.7844830 secs] [Times: user=13.90 sys=0.00, real=0.79 secs] 
2014-05-28T13:43:20.240+0900: 4863.273: [GC2014-05-28T13:43:20.243+0900: 4863.276: [ParNew: 22106755K->1537075K(22649280K), 0.9577690 secs] 35660493K->15669625K(47815104K), 0.9609290 secs] [Times: user=14.81 sys=0.00, real=0.96 secs] 
2014-05-28T13:44:02.684+0900: 4905.717: [GC2014-05-28T13:44:02.686+0900: 4905.719: [ParNew: 21669811K->1749229K(22649280K), 0.2537400 secs] 35802361K->15881779K(47815104K), 0.2561680 secs] [Times: user=4.45 sys=0.00, real=0.26 secs] 
2014-05-28T13:44:24.505+0900: 4927.538: [GC2014-05-28T13:44:24.506+0900: 4927.539: [ParNew: 21881934K->2516544K(22649280K), 0.7218150 secs] 36014484K->16659792K(47815104K), 0.7242570 secs] [Times: user=12.80 sys=0.00, real=0.73 secs] 
2014-05-28T13:45:09.040+0900: 4972.073: [GC2014-05-28T13:45:09.042+0900: 4972.075: [ParNew: 22649280K->1910716K(22649280K), 0.2549040 secs] 36792528K->16054513K(47815104K), 0.2583890 secs] [Times: user=4.43 sys=0.00, real=0.26 secs] 
2014-05-28T13:45:32.573+0900: 4995.606: [GC2014-05-28T13:45:32.575+0900: 4995.608: [ParNew: 22043452K->2516544K(22649280K), 0.6830460 secs] 36187249K->16664991K(47815104K), 0.6866060 secs] [Times: user=12.12 sys=0.00, real=0.69 secs] 
2014-05-28T13:46:15.943+0900: 5038.976: [GC2014-05-28T13:46:15.944+0900: 5038.977: [ParNew: 22649280K->2057759K(22649280K), 0.2547430 secs] 36797727K->16208761K(47815104K), 0.2571990 secs] [Times: user=4.46 sys=0.00, real=0.26 secs] 
2014-05-28T13:46:43.710+0900: 5066.743: [GC2014-05-28T13:46:43.712+0900: 5066.745: [ParNew: 22190495K->2516544K(22649280K), 0.8259090 secs] 36341497K->16667591K(47815104K), 0.8285360 secs] [Times: user=14.76 sys=0.00, real=0.82 secs] 
2014-05-28T13:47:27.085+0900: 5110.118: [GC2014-05-28T13:47:27.087+0900: 5110.120: [ParNew: 22649280K->1822231K(22649280K), 0.2995720 secs] 36800327K->15974401K(47815104K), 0.3021540 secs] [Times: user=5.28 sys=0.00, real=0.31 secs] 
2014-05-28T13:47:57.694+0900: 5140.727: [GC2014-05-28T13:47:57.696+0900: 5140.729: [ParNew: 21954967K->2516544K(22649280K), 0.9120700 secs] 36107137K->16683402K(47815104K), 0.9152990 secs] [Times: user=16.22 sys=0.00, real=0.91 secs] 
2014-05-28T13:48:31.896+0900: 5174.929: [GC2014-05-28T13:48:31.898+0900: 5174.931: [ParNew: 22649280K->2225603K(22649280K), 0.9272200 secs] 36816138K->17338552K(47815104K), 0.9297000 secs] [Times: user=12.77 sys=0.00, real=0.93 secs] 
2014-05-28T13:49:09.555+0900: 5212.588: [GC2014-05-28T13:49:09.557+0900: 5212.590: [ParNew: 22358339K->2516544K(22649280K), 5.0776320 secs] 37471288K->18054681K(47815104K), 5.0809010 secs] [Times: user=89.41 sys=0.00, real=5.08 secs] 
2014-05-28T13:49:42.202+0900: 5245.235: [GC2014-05-28T13:49:42.204+0900: 5245.237: [ParNew: 22649280K->2122423K(22649280K), 1.4217200 secs] 38187417K->19240746K(47815104K), 1.4251060 secs] [Times: user=17.53 sys=0.00, real=1.43 secs] 
2014-05-28T13:50:03.970+0900: 5267.003: [GC2014-05-28T13:50:03.973+0900: 5267.006: [ParNew: 22255159K->1920370K(22649280K), 0.5698480 secs] 39373482K->19038694K(47815104K), 0.5733750 secs] [Times: user=10.11 sys=0.00, real=0.57 secs] 
2014-05-28T13:50:43.459+0900: 5306.492: [GC2014-05-28T13:50:43.461+0900: 5306.494: [ParNew: 22053106K->1803269K(22649280K), 0.5667040 secs] 39171430K->19444972K(47815104K), 0.5692440 secs] [Times: user=7.99 sys=0.01, real=0.57 secs] 
2014-05-28T13:51:07.854+0900: 5330.887: [GC2014-05-28T13:51:07.856+0900: 5330.889: [ParNew: 21936005K->2450216K(22649280K), 2.7119890 secs] 39577708K->20091920K(47815104K), 2.7145270 secs] [Times: user=48.65 sys=0.00, real=2.71 secs] 
2014-05-28T13:51:38.351+0900: 5361.384: [GC2014-05-28T13:51:38.353+0900: 5361.386: [ParNew: 22582952K->1883068K(22649280K), 1.0196400 secs] 40224656K->20581800K(47815104K), 1.0221480 secs] [Times: user=13.52 sys=0.00, real=1.02 secs] 
2014-05-28T13:52:22.622+0900: 5405.655: [GC2014-05-28T13:52:22.624+0900: 5405.657: [ParNew: 22015804K->2516544K(22649280K), 0.8783310 secs] 40714536K->21215322K(47815104K), 0.8814200 secs] [Times: user=15.65 sys=0.00, real=0.88 secs] 
2014-05-28T13:52:45.378+0900: 5428.411: [GC2014-05-28T13:52:45.380+0900: 5428.413: [ParNew: 22649280K->2098031K(22649280K), 1.0919650 secs] 41348058K->21894913K(47815104K), 1.0951110 secs] [Times: user=15.09 sys=0.00, real=1.09 secs] 
2014-05-28T13:52:46.479+0900: 5429.512: [GC [1 CMS-initial-mark: 19796881K(25165824K)] 21895256K(47815104K), 0.8268560 secs] [Times: user=0.83 sys=0.00, real=0.83 secs] 
2014-05-28T13:52:47.307+0900: 5430.340: [CMS-concurrent-mark-start]
2014-05-28T13:52:47.772+0900: 5430.805: [CMS-concurrent-mark: 0.459/0.465 secs] [Times: user=3.51 sys=0.58, real=0.46 secs] 
2014-05-28T13:52:47.773+0900: 5430.806: [CMS-concurrent-preclean-start]
2014-05-28T13:52:47.840+0900: 5430.873: [CMS-concurrent-preclean: 0.067/0.067 secs] [Times: user=0.20 sys=0.08, real=0.07 secs] 
2014-05-28T13:52:47.841+0900: 5430.874: [CMS-concurrent-abortable-preclean-start]
 CMS: abort preclean due to time 2014-05-28T13:53:01.352+0900: 5444.385: [CMS-concurrent-abortable-preclean: 13.501/13.512 secs] [Times: user=34.24 sys=14.66, real=13.51 secs] 
2014-05-28T13:53:01.358+0900: 5444.391: [GC[YG occupancy: 9409549 K (22649280 K)]2014-05-28T13:53:01.359+0900: 5444.392: [Rescan (parallel) , 3.1704520 secs]2014-05-28T13:53:04.529+0900: 5447.562: [weak refs processing, 0.0010690 secs]2014-05-28T13:53:04.530+0900: 5447.563: [class unloading, 0.0072790 secs]2014-05-28T13:53:04.537+0900: 5447.570: [scrub symbol table, 0.0057710 secs]2014-05-28T13:53:04.543+0900: 5447.576: [scrub string table, 0.0006690 secs] [1 CMS-remark: 19796881K(25165824K)] 29206431K(47815104K), 3.1886570 secs] [Times: user=55.87 sys=0.00, real=3.18 secs] 
2014-05-28T13:53:04.548+0900: 5447.581: [CMS-concurrent-sweep-start]
2014-05-28T13:53:22.999+0900: 5466.032: [CMS-concurrent-sweep: 18.382/18.451 secs] [Times: user=43.47 sys=24.49, real=18.44 secs] 
2014-05-28T13:53:22.999+0900: 5466.032: [CMS-concurrent-reset-start]
2014-05-28T13:53:23.054+0900: 5466.087: [CMS-concurrent-reset: 0.054/0.054 secs] [Times: user=0.13 sys=0.05, real=0.06 secs] 
2014-05-28T13:53:33.802+0900: 5476.835: [GC2014-05-28T13:53:33.803+0900: 5476.836: [ParNew: 22230767K->1531930K(22649280K), 0.2639770 secs] 23758026K->3059188K(47815104K), 0.2664970 secs] [Times: user=4.62 sys=0.00, real=0.27 secs] 
2014-05-28T13:53:55.044+0900: 5498.077: [GC2014-05-28T13:53:55.046+0900: 5498.079: [ParNew: 21664666K->2516544K(22649280K), 0.7436660 secs] 23191924K->4067654K(47815104K), 0.7461480 secs] [Times: user=13.08 sys=0.00, real=0.75 secs] 
2014-05-28T13:54:38.411+0900: 5541.444: [GC2014-05-28T13:54:38.412+0900: 5541.445: [ParNew: 22649280K->2314300K(22649280K), 0.2597320 secs] 24200390K->3867720K(47815104K), 0.2624460 secs] [Times: user=4.51 sys=0.00, real=0.27 secs] 
2014-05-28T13:55:01.276+0900: 5564.309: [GC2014-05-28T13:55:01.277+0900: 5564.310: [ParNew: 22447036K->2516544K(22649280K), 0.5851430 secs] 24000456K->4071605K(47815104K), 0.5874640 secs] [Times: user=10.41 sys=0.00, real=0.58 secs] 
2014-05-28T13:55:47.348+0900: 5610.381: [GC2014-05-28T13:55:47.350+0900: 5610.383: [ParNew: 22649280K->1861955K(22649280K), 0.2576510 secs] 24204341K->3418374K(47815104K), 0.2599100 secs] [Times: user=4.51 sys=0.00, real=0.26 secs] 
2014-05-28T13:56:15.029+0900: 5638.062: [GC2014-05-28T13:56:15.031+0900: 5638.064: [ParNew: 21994691K->2516544K(22649280K), 0.6647060 secs] 23551110K->4075652K(47815104K), 0.6671020 secs] [Times: user=11.82 sys=0.00, real=0.67 secs] 
2014-05-28T13:56:55.286+0900: 5678.319: [GC2014-05-28T13:56:55.287+0900: 5678.320: [ParNew: 22649280K->1926038K(22649280K), 1.1197300 secs] 24208388K->4553663K(47815104K), 1.1218770 secs] [Times: user=10.70 sys=0.07, real=1.12 secs] 
2014-05-28T13:57:28.374+0900: 5711.407: [GC2014-05-28T13:57:28.376+0900: 5711.409: [ParNew: 22058774K->2516544K(22649280K), 1.7172200 secs] 24686399K->5144217K(47815104K), 1.7195100 secs] [Times: user=30.70 sys=0.00, real=1.72 secs] 
2014-05-28T13:58:01.552+0900: 5744.585: [GC2014-05-28T13:58:01.554+0900: 5744.587: [ParNew: 22649280K->1895765K(22649280K), 1.2558250 secs] 25276953K->5486904K(47815104K), 1.2588810 secs] [Times: user=18.18 sys=0.00, real=1.26 secs] 
2014-05-28T13:58:41.905+0900: 5784.938: [GC2014-05-28T13:58:41.907+0900: 5784.940: [ParNew: 22028501K->2516544K(22649280K), 3.8971440 secs] 25619640K->6656956K(47815104K), 3.9003990 secs] [Times: user=67.43 sys=0.00, real=3.90 secs] 
2014-05-28T13:59:13.651+0900: 5816.684: [GC2014-05-28T13:59:13.654+0900: 5816.687: [ParNew: 22649280K->2235789K(22649280K), 1.3468800 secs] 26789692K->7957705K(47815104K), 1.3498920 secs] [Times: user=17.34 sys=0.03, real=1.35 secs] 
2014-05-28T13:59:58.166+0900: 5861.199: [GC2014-05-28T13:59:58.168+0900: 5861.201: [ParNew: 22368525K->1941002K(22649280K), 1.3830850 secs] 28090441K->7662918K(47815104K), 1.3862630 secs] [Times: user=24.73 sys=0.00, real=1.39 secs] 
2014-05-28T14:00:23.370+0900: 5886.403: [GC2014-05-28T14:00:23.372+0900: 5886.405: [ParNew: 22073738K->1430670K(22649280K), 0.7714420 secs] 27795654K->7878770K(47815104K), 0.7745130 secs] [Times: user=10.74 sys=0.00, real=0.78 secs] 
2014-05-28T14:01:06.126+0900: 5929.159: [GC2014-05-28T14:01:06.129+0900: 5929.162: [ParNew: 21563406K->1173529K(22649280K), 0.1836180 secs] 28011506K->7621630K(47815104K), 0.1871420 secs] [Times: user=3.17 sys=0.00, real=0.19 secs] 
2014-05-28T14:01:27.640+0900: 5950.673: [GC2014-05-28T14:01:27.642+0900: 5950.675: [ParNew: 21306265K->2234211K(22649280K), 0.6724420 secs] 27754366K->8682312K(47815104K), 0.6759870 secs] [Times: user=11.98 sys=0.00, real=0.68 secs] 
2014-05-28T14:02:12.502+0900: 5995.535: [GC2014-05-28T14:02:12.503+0900: 5995.536: [ParNew: 22366947K->2101855K(22649280K), 0.7135270 secs] 28815048K->9304774K(47815104K), 0.7160000 secs] [Times: user=9.51 sys=0.04, real=0.71 secs] 
2014-05-28T14:02:42.927+0900: 6025.960: [GC2014-05-28T14:02:42.928+0900: 6025.961: [ParNew: 22234591K->2509197K(22649280K), 0.8453870 secs] 29437510K->9712117K(47815104K), 0.8479990 secs] [Times: user=15.11 sys=0.00, real=0.84 secs] 
2014-05-28T14:03:27.987+0900: 6071.020: [GC2014-05-28T14:03:27.989+0900: 6071.022: [ParNew: 22641933K->1806260K(22649280K), 0.3222580 secs] 29844853K->9010134K(47815104K), 0.3257840 secs] [Times: user=5.67 sys=0.00, real=0.33 secs] 
2014-05-28T14:03:58.811+0900: 6101.844: [GC2014-05-28T14:03:58.814+0900: 6101.847: [ParNew: 21938996K->2516544K(22649280K), 0.9934590 secs] 29142870K->9730263K(47815104K), 0.9966610 secs] [Times: user=17.67 sys=0.00, real=1.00 secs] 
2014-05-28T14:04:39.062+0900: 6142.095: [GC2014-05-28T14:04:39.064+0900: 6142.097: [ParNew: 22649280K->2009579K(22649280K), 0.8434010 secs] 29862999K->10151719K(47815104K), 0.8458550 secs] [Times: user=10.54 sys=0.00, real=0.85 secs] 
2014-05-28T14:05:13.178+0900: 6176.211: [GC2014-05-28T14:05:13.180+0900: 6176.213: [ParNew: 22142315K->2516544K(22649280K), 2.3305240 secs] 30284455K->10854699K(47815104K), 2.3330820 secs] [Times: user=40.92 sys=0.00, real=2.34 secs] 
2014-05-28T14:05:50.685+0900: 6213.718: [GC2014-05-28T14:05:50.687+0900: 6213.720: [ParNew: 22649280K->1976927K(22649280K), 1.0355900 secs] 30987435K->11206742K(47815104K), 1.0381080 secs] [Times: user=14.61 sys=0.00, real=1.03 secs] 
2014-05-28T14:06:30.416+0900: 6253.449: [GC2014-05-28T14:06:30.419+0900: 6253.452: [ParNew: 22109663K->2516544K(22649280K), 2.5562730 secs] 31339478K->12163728K(47815104K), 2.5595080 secs] [Times: user=43.96 sys=0.00, real=2.56 secs] 
2014-05-28T14:07:00.175+0900: 6283.208: [GC2014-05-28T14:07:00.177+0900: 6283.210: [ParNew: 22649280K->2225466K(22649280K), 1.4394180 secs] 32296464K->13415968K(47815104K), 1.4428310 secs] [Times: user=17.85 sys=0.00, real=1.44 secs] 
2014-05-28T14:07:46.372+0900: 6329.405: [GC2014-05-28T14:07:46.374+0900: 6329.407: [ParNew: 22358202K->1618066K(22649280K), 0.5297050 secs] 33548704K->12808568K(47815104K), 0.5323800 secs] [Times: user=9.40 sys=0.00, real=0.53 secs] 
2014-05-28T14:08:09.294+0900: 6352.327: [GC2014-05-28T14:08:09.296+0900: 6352.329: [ParNew: 21750802K->2199889K(22649280K), 0.4868120 secs] 32941304K->13390392K(47815104K), 0.4891380 secs] [Times: user=8.68 sys=0.00, real=0.49 secs] 
2014-05-28T14:08:53.466+0900: 6396.499: [GC2014-05-28T14:08:53.468+0900: 6396.501: [ParNew: 22332625K->1928958K(22649280K), 0.7416440 secs] 33523128K->13666681K(47815104K), 0.7449300 secs] [Times: user=8.69 sys=0.00, real=0.74 secs] 
2014-05-28T14:09:14.893+0900: 6417.926: [GC2014-05-28T14:09:14.894+0900: 6417.927: [ParNew: 22061694K->2516544K(22649280K), 0.5556070 secs] 33799417K->14256738K(47815104K), 0.5581610 secs] [Times: user=9.88 sys=0.00, real=0.56 secs] 
2014-05-28T14:09:55.475+0900: 6458.508: [GC2014-05-28T14:09:55.478+0900: 6458.511: [ParNew: 22649280K->1945250K(22649280K), 1.0518720 secs] 34389474K->14781493K(47815104K), 1.0552020 secs] [Times: user=11.82 sys=0.03, real=1.05 secs] 
2014-05-28T14:10:24.460+0900: 6487.493: [GC2014-05-28T14:10:24.462+0900: 6487.495: [ParNew: 22077986K->2516544K(22649280K), 0.5395380 secs] 34914229K->15355432K(47815104K), 0.5421650 secs] [Times: user=9.59 sys=0.00, real=0.54 secs] 
2014-05-28T14:11:08.932+0900: 6531.965: [GC2014-05-28T14:11:08.934+0900: 6531.967: [ParNew: 22649280K->2033079K(22649280K), 0.9106000 secs] 35488168K->15968615K(47815104K), 0.9132840 secs] [Times: user=11.84 sys=0.01, real=0.92 secs] 
2014-05-28T14:11:37.706+0900: 6560.739: [GC2014-05-28T14:11:37.708+0900: 6560.741: [ParNew: 22165815K->2516544K(22649280K), 1.0583330 secs] 36101351K->16465780K(47815104K), 1.0608950 secs] [Times: user=18.87 sys=0.00, real=1.07 secs] 
2014-05-28T14:12:18.338+0900: 6601.371: [GC2014-05-28T14:12:18.340+0900: 6601.373: [ParNew: 22649280K->1992077K(22649280K), 0.8030790 secs] 36598516K->16896275K(47815104K), 0.8056400 secs] [Times: user=10.22 sys=0.00, real=0.81 secs] 
2014-05-28T14:12:50.972+0900: 6634.005: [GC2014-05-28T14:12:50.975+0900: 6634.008: [ParNew: 22124813K->2516544K(22649280K), 2.5392520 secs] 37029011K->17478405K(47815104K), 2.5424970 secs] [Times: user=45.28 sys=0.00, real=2.54 secs] 
2014-05-28T14:13:27.594+0900: 6670.627: [GC2014-05-28T14:13:27.597+0900: 6670.630: [ParNew: 22649280K->2266136K(22649280K), 1.2786510 secs] 37611141K->18255422K(47815104K), 1.2818480 secs] [Times: user=17.20 sys=0.00, real=1.28 secs] 
2014-05-28T14:14:05.771+0900: 6708.804: [GC2014-05-28T14:14:05.772+0900: 6708.805: [ParNew: 22398872K->2516544K(22649280K), 1.1006760 secs] 38388158K->18753201K(47815104K), 1.1032020 secs] [Times: user=18.47 sys=0.00, real=1.10 secs] 
2014-05-28T14:14:31.653+0900: 6734.686: [GC2014-05-28T14:14:31.656+0900: 6734.689: [ParNew: 22649280K->1986607K(22649280K), 1.1283430 secs] 38885937K->19311249K(47815104K), 1.1314670 secs] [Times: user=15.87 sys=0.00, real=1.13 secs] 
2014-05-28T14:15:19.353+0900: 6782.386: [GC2014-05-28T14:15:19.356+0900: 6782.389: [ParNew: 22119343K->2386134K(22649280K), 0.6083870 secs] 39443985K->19710775K(47815104K), 0.6116010 secs] [Times: user=10.81 sys=0.00, real=0.61 secs] 
2014-05-28T14:15:40.830+0900: 6803.863: [GC2014-05-28T14:15:40.832+0900: 6803.865: [ParNew: 22518870K->1952724K(22649280K), 1.0574500 secs] 39843511K->20389613K(47815104K), 1.0605760 secs] [Times: user=14.54 sys=0.00, real=1.06 secs] 
2014-05-28T14:16:25.285+0900: 6848.318: [GC2014-05-28T14:16:25.287+0900: 6848.320: [ParNew: 22085460K->1456459K(22649280K), 0.2563220 secs] 40522349K->19893348K(47815104K), 0.2598850 secs] [Times: user=4.48 sys=0.00, real=0.26 secs] 
2014-05-28T14:16:50.641+0900: 6873.674: [GC2014-05-28T14:16:50.643+0900: 6873.676: [ParNew: 21589195K->2516544K(22649280K), 0.6714540 secs] 40026084K->20967183K(47815104K), 0.6751620 secs] [Times: user=11.86 sys=0.00, real=0.68 secs] 
2014-05-28T14:17:23.873+0900: 6906.906: [GC2014-05-28T14:17:23.875+0900: 6906.908: [ParNew: 22649280K->2516544K(22649280K), 1.5772380 secs] 41099919K->22225820K(47815104K), 1.5801180 secs] [Times: user=23.18 sys=0.00, real=1.58 secs] 
2014-05-28T14:17:25.462+0900: 6908.495: [GC [1 CMS-initial-mark: 19709276K(25165824K)] 22251674K(47815104K), 2.1445600 secs] [Times: user=2.14 sys=0.00, real=2.14 secs] 
2014-05-28T14:17:27.607+0900: 6910.640: [CMS-concurrent-mark-start]
2014-05-28T14:17:28.424+0900: 6911.457: [CMS-concurrent-mark: 0.788/0.816 secs] [Times: user=7.34 sys=0.88, real=0.82 secs] 
2014-05-28T14:17:28.425+0900: 6911.458: [CMS-concurrent-preclean-start]
2014-05-28T14:17:28.556+0900: 6911.589: [CMS-concurrent-preclean: 0.129/0.131 secs] [Times: user=0.57 sys=0.16, real=0.13 secs] 
2014-05-28T14:17:28.556+0900: 6911.589: [CMS-concurrent-abortable-preclean-start]
 CMS: abort preclean due to time 2014-05-28T14:17:34.762+0900: 6917.795: [CMS-concurrent-abortable-preclean: 6.197/6.206 secs] [Times: user=19.27 sys=4.02, real=6.21 secs] 
2014-05-28T14:17:34.768+0900: 6917.801: [GC[YG occupancy: 13617140 K (22649280 K)]2014-05-28T14:17:34.769+0900: 6917.802: [Rescan (parallel) , 10.5162890 secs]2014-05-28T14:17:45.285+0900: 6928.318: [weak refs processing, 0.0009730 secs]2014-05-28T14:17:45.286+0900: 6928.319: [class unloading, 0.0069340 secs]2014-05-28T14:17:45.293+0900: 6928.326: [scrub symbol table, 0.0056270 secs]2014-05-28T14:17:45.299+0900: 6928.332: [scrub string table, 0.0007140 secs] [1 CMS-remark: 19709276K(25165824K)] 33326417K(47815104K), 10.5340050 secs] [Times: user=184.99 sys=0.00, real=10.54 secs] 
2014-05-28T14:17:45.303+0900: 6928.336: [CMS-concurrent-sweep-start]
2014-05-28T14:17:58.525+0900: 6941.558: [GC2014-05-28T14:17:58.527+0900: 6941.560: [ParNew: 22649280K->2516544K(22649280K), 1.9961780 secs] 29073998K->10570546K(47815104K), 1.9986600 secs] [Times: user=24.43 sys=0.01, real=1.99 secs] 
2014-05-28T14:18:05.838+0900: 6948.871: [CMS-concurrent-sweep: 18.426/20.535 secs] [Times: user=80.31 sys=22.30, real=20.53 secs] 
2014-05-28T14:18:05.839+0900: 6948.872: [CMS-concurrent-reset-start]
2014-05-28T14:18:05.893+0900: 6948.926: [CMS-concurrent-reset: 0.054/0.054 secs] [Times: user=0.17 sys=0.08, real=0.05 secs] 
2014-05-28T14:18:18.962+0900: 6961.995: [GC2014-05-28T14:18:18.965+0900: 6961.998: [ParNew: 22649280K->1838204K(22649280K), 0.9907960 secs] 25989611K->5948780K(47815104K), 0.9943590 secs] [Times: user=12.60 sys=0.00, real=0.99 secs] 
2014-05-28T14:18:55.062+0900: 6998.095: [GC2014-05-28T14:18:55.063+0900: 6998.096: [ParNew: 21970940K->1370917K(22649280K), 0.2367080 secs] 26081516K->5481492K(47815104K), 0.2392360 secs] [Times: user=4.12 sys=0.00, real=0.24 secs] 
2014-05-28T14:19:20.179+0900: 7023.212: [GC2014-05-28T14:19:20.181+0900: 7023.214: [ParNew: 21503653K->2278019K(22649280K), 3.7291160 secs] 25614228K->6388595K(47815104K), 3.7317790 secs] [Times: user=66.93 sys=0.00, real=3.73 secs] 
2014-05-28T14:19:51.862+0900: 7054.895: [GC2014-05-28T14:19:51.863+0900: 7054.896: [ParNew: 22410755K->1849023K(22649280K), 1.1402230 secs] 26521331K->6926565K(47815104K), 1.1428820 secs] [Times: user=13.75 sys=0.02, real=1.15 secs] 
2014-05-28T14:20:31.976+0900: 7095.009: [GC2014-05-28T14:20:31.977+0900: 7095.010: [ParNew: 21981759K->1840985K(22649280K), 0.3416060 secs] 27059301K->6918527K(47815104K), 0.3439440 secs] [Times: user=6.05 sys=0.00, real=0.35 secs] 
2014-05-28T14:20:51.826+0900: 7114.859: [GC2014-05-28T14:20:51.828+0900: 7114.861: [ParNew: 21973721K->2210893K(22649280K), 0.9431080 secs] 27051263K->8084020K(47815104K), 0.9460520 secs] [Times: user=13.50 sys=0.00, real=0.95 secs] 
2014-05-28T14:21:32.659+0900: 7155.692: [GC2014-05-28T14:21:32.661+0900: 7155.694: [ParNew: 22343626K->1676382K(22649280K), 0.6262950 secs] 28216753K->7851553K(47815104K), 0.6296850 secs] [Times: user=9.18 sys=0.00, real=0.63 secs] 
2014-05-28T14:21:56.497+0900: 7179.530: [GC2014-05-28T14:21:56.500+0900: 7179.533: [ParNew: 21809118K->2516544K(22649280K), 0.9019930 secs] 27984289K->8693081K(47815104K), 0.9056250 secs] [Times: user=16.07 sys=0.00, real=0.91 secs] 
2014-05-28T14:22:32.553+0900: 7215.586: [GC2014-05-28T14:22:32.555+0900: 7215.588: [ParNew: 22649280K->2114909K(22649280K), 1.2114930 secs] 28825817K->9388850K(47815104K), 1.2150080 secs] [Times: user=13.54 sys=0.00, real=1.22 secs] 
2014-05-28T14:23:08.742+0900: 7251.775: [GC2014-05-28T14:23:08.743+0900: 7251.776: [ParNew: 22247645K->2516544K(22649280K), 2.2393200 secs] 29521586K->9792796K(47815104K), 2.2418870 secs] [Times: user=40.14 sys=0.00, real=2.25 secs] 
2014-05-28T14:23:47.444+0900: 7290.477: [GC2014-05-28T14:23:47.446+0900: 7290.479: [ParNew: 22649280K->1768100K(22649280K), 0.8524180 secs] 29925532K->9995138K(47815104K), 0.8549410 secs] [Times: user=11.12 sys=0.00, real=0.86 secs] 
2014-05-28T14:24:24.700+0900: 7327.733: [GC2014-05-28T14:24:24.703+0900: 7327.736: [ParNew: 21900836K->2516544K(22649280K), 3.0376170 secs] 30127874K->10787066K(47815104K), 3.0408650 secs] [Times: user=54.28 sys=0.00, real=3.04 secs] 
2014-05-28T14:24:56.882+0900: 7359.915: [GC2014-05-28T14:24:56.885+0900: 7359.918: [ParNew: 22649280K->2050757K(22649280K), 1.0064760 secs] 30919802K->11288027K(47815104K), 1.0097020 secs] [Times: user=13.78 sys=0.00, real=1.01 secs] 
2014-05-28T14:25:38.702+0900: 7401.735: [GC2014-05-28T14:25:38.704+0900: 7401.737: [ParNew: 22183493K->2516544K(22649280K), 0.9837280 secs] 31420763K->12069224K(47815104K), 0.9862770 secs] [Times: user=16.22 sys=0.00, real=0.99 secs] 
2014-05-28T14:26:04.070+0900: 7427.103: [GC2014-05-28T14:26:04.072+0900: 7427.105: [ParNew: 22649280K->1932393K(22649280K), 0.9774100 secs] 32201960K->12539078K(47815104K), 0.9803070 secs] [Times: user=12.02 sys=0.00, real=0.98 secs] 
2014-05-28T14:26:52.831+0900: 7475.864: [GC2014-05-28T14:26:52.833+0900: 7475.866: [ParNew: 22065129K->2304887K(22649280K), 0.6444390 secs] 32671814K->12911573K(47815104K), 0.6476200 secs] [Times: user=11.47 sys=0.00, real=0.65 secs] 
2014-05-28T14:27:14.309+0900: 7497.342: [GC2014-05-28T14:27:14.311+0900: 7497.344: [ParNew: 22437623K->1707098K(22649280K), 1.3033970 secs] 33044309K->13428297K(47815104K), 1.3064660 secs] [Times: user=18.86 sys=0.00, real=1.30 secs] 
2014-05-28T14:28:02.656+0900: 7545.689: [GC2014-05-28T14:28:02.657+0900: 7545.690: [ParNew: 21839834K->1774740K(22649280K), 0.2558880 secs] 33561033K->13495940K(47815104K), 0.2583520 secs] [Times: user=4.47 sys=0.00, real=0.26 secs] 
2014-05-28T14:28:24.066+0900: 7567.099: [GC2014-05-28T14:28:24.067+0900: 7567.100: [ParNew: 21907476K->2516544K(22649280K), 0.5555620 secs] 33628676K->14239151K(47815104K), 0.5580260 secs] [Times: user=9.88 sys=0.00, real=0.56 secs] 
2014-05-28T14:29:03.577+0900: 7606.610: [GC2014-05-28T14:29:03.579+0900: 7606.612: [ParNew: 22649280K->2036724K(22649280K), 0.2615570 secs] 34371887K->13759971K(47815104K), 0.2648470 secs] [Times: user=4.57 sys=0.00, real=0.26 secs] 
2014-05-28T14:29:31.323+0900: 7634.356: [GC2014-05-28T14:29:31.324+0900: 7634.357: [ParNew: 22169460K->2516544K(22649280K), 0.5969490 secs] 33892707K->14241180K(47815104K), 0.5991690 secs] [Times: user=10.63 sys=0.00, real=0.60 secs] 
2014-05-28T14:30:13.168+0900: 7676.201: [GC2014-05-28T14:30:13.171+0900: 7676.204: [ParNew: 22649280K->1828764K(22649280K), 0.3140220 secs] 34373916K->13554259K(47815104K), 0.3175650 secs] [Times: user=5.52 sys=0.00, real=0.32 secs] 
2014-05-28T14:30:44.324+0900: 7707.357: [GC2014-05-28T14:30:44.326+0900: 7707.359: [ParNew: 21961500K->2516544K(22649280K), 1.2810720 secs] 33686995K->14245860K(47815104K), 1.2843360 secs] [Times: user=22.89 sys=0.00, real=1.28 secs] 
2014-05-28T14:31:18.390+0900: 7741.423: [GC2014-05-28T14:31:18.392+0900: 7741.425: [ParNew: 22649280K->2011884K(22649280K), 0.9231730 secs] 34378596K->14678779K(47815104K), 0.9263520 secs] [Times: user=12.55 sys=0.03, real=0.93 secs] 
2014-05-28T14:32:00.782+0900: 7783.815: [GC2014-05-28T14:32:00.784+0900: 7783.817: [ParNew: 22144620K->2516544K(22649280K), 4.1746340 secs] 34811515K->15566969K(47815104K), 4.1777760 secs] [Times: user=73.39 sys=0.00, real=4.18 secs] 
2014-05-28T14:32:32.874+0900: 7815.907: [GC2014-05-28T14:32:32.876+0900: 7815.908: [ParNew: 22649280K->2364178K(22649280K), 1.3444210 secs] 35699705K->17010265K(47815104K), 1.3469400 secs] [Times: user=17.71 sys=0.00, real=1.35 secs] 
2014-05-28T14:32:50.990+0900: 7834.023: [GC2014-05-28T14:32:50.991+0900: 7834.024: [ParNew: 22496914K->2106454K(22649280K), 0.4834660 secs] 37143001K->16752541K(47815104K), 0.4859390 secs] [Times: user=8.61 sys=0.00, real=0.49 secs] 
2014-05-28T14:33:29.275+0900: 7872.308: [GC2014-05-28T14:33:29.277+0900: 7872.310: [ParNew: 22239190K->1883272K(22649280K), 0.8198330 secs] 36885277K->17119290K(47815104K), 0.8231460 secs] [Times: user=9.80 sys=0.03, real=0.83 secs] 
2014-05-28T14:33:58.698+0900: 7901.731: [GC2014-05-28T14:33:58.700+0900: 7901.733: [ParNew: 22016008K->2424822K(22649280K), 1.8416200 secs] 37252026K->17660839K(47815104K), 1.8440580 secs] [Times: user=32.98 sys=0.00, real=1.85 secs] 
2014-05-28T14:34:31.675+0900: 7934.708: [GC2014-05-28T14:34:31.677+0900: 7934.710: [ParNew: 22557558K->1817348K(22649280K), 1.1319770 secs] 37793575K->18110801K(47815104K), 1.1347240 secs] [Times: user=14.09 sys=0.00, real=1.13 secs] 
2014-05-28T14:35:10.954+0900: 7973.987: [GC2014-05-28T14:35:10.956+0900: 7973.988: [ParNew: 21950084K->2516544K(22649280K), 1.4799120 secs] 38243537K->18896393K(47815104K), 1.4824990 secs] [Times: user=26.16 sys=0.00, real=1.48 secs] 
2014-05-28T14:35:37.961+0900: 8000.994: [GC2014-05-28T14:35:37.963+0900: 8000.996: [ParNew: 22649280K->2139420K(22649280K), 1.2093750 secs] 39029129K->19994304K(47815104K), 1.2125660 secs] [Times: user=15.68 sys=0.00, real=1.21 secs] 
2014-05-28T14:36:23.369+0900: 8046.402: [GC2014-05-28T14:36:23.371+0900: 8046.404: [ParNew: 22272156K->1972009K(22649280K), 0.7111270 secs] 40127040K->19826892K(47815104K), 0.7137180 secs] [Times: user=12.66 sys=0.00, real=0.72 secs] 
2014-05-28T14:36:47.519+0900: 8070.552: [GC2014-05-28T14:36:47.521+0900: 8070.554: [ParNew: 22104745K->1632152K(22649280K), 1.0463590 secs] 39959628K->20256702K(47815104K), 1.0488300 secs] [Times: user=15.72 sys=0.00, real=1.05 secs] 
2014-05-28T14:37:34.352+0900: 8117.385: [GC2014-05-28T14:37:34.354+0900: 8117.387: [ParNew: 21764888K->1652790K(22649280K), 0.3652280 secs] 40389438K->20277340K(47815104K), 0.3686920 secs] [Times: user=6.39 sys=0.00, real=0.37 secs] 
2014-05-28T14:37:54.870+0900: 8137.903: [GC2014-05-28T14:37:54.873+0900: 8137.906: [ParNew: 21785526K->2516544K(22649280K), 0.8206000 secs] 40410076K->21154191K(47815104K), 0.8245920 secs] [Times: user=14.57 sys=0.00, real=0.82 secs] 
2014-05-28T14:38:34.278+0900: 8177.311: [GC2014-05-28T14:38:34.280+0900: 8177.313: [ParNew: 22649280K->2128565K(22649280K), 1.0576060 secs] 41286927K->21864382K(47815104K), 1.0610790 secs] [Times: user=11.93 sys=0.01, real=1.06 secs] 
2014-05-28T14:38:35.348+0900: 8178.381: [GC [1 CMS-initial-mark: 19735817K(25165824K)] 21864600K(47815104K), 1.1062190 secs] [Times: user=1.11 sys=0.00, real=1.11 secs] 
2014-05-28T14:38:36.455+0900: 8179.488: [CMS-concurrent-mark-start]
2014-05-28T14:38:36.936+0900: 8179.969: [CMS-concurrent-mark: 0.461/0.481 secs] [Times: user=3.51 sys=0.64, real=0.48 secs] 
2014-05-28T14:38:36.936+0900: 8179.969: [CMS-concurrent-preclean-start]
2014-05-28T14:38:37.003+0900: 8180.036: [CMS-concurrent-preclean: 0.066/0.066 secs] [Times: user=0.22 sys=0.09, real=0.06 secs] 
2014-05-28T14:38:37.003+0900: 8180.036: [CMS-concurrent-abortable-preclean-start]
 CMS: abort preclean due to time 2014-05-28T14:38:50.382+0900: 8193.415: [CMS-concurrent-abortable-preclean: 13.289/13.379 secs] [Times: user=29.78 sys=8.54, real=13.38 secs] 
2014-05-28T14:38:50.388+0900: 8193.421: [GC[YG occupancy: 8473443 K (22649280 K)]2014-05-28T14:38:50.390+0900: 8193.422: [Rescan (parallel) , 4.3458440 secs]2014-05-28T14:38:54.735+0900: 8197.768: [weak refs processing, 0.0010800 secs]2014-05-28T14:38:54.736+0900: 8197.769: [class unloading, 0.0073690 secs]2014-05-28T14:38:54.744+0900: 8197.777: [scrub symbol table, 0.0057110 secs]2014-05-28T14:38:54.750+0900: 8197.783: [scrub string table, 0.0007260 secs] [1 CMS-remark: 19735817K(25165824K)] 28209260K(47815104K), 4.3643470 secs] [Times: user=76.56 sys=0.00, real=4.36 secs] 
2014-05-28T14:38:54.754+0900: 8197.787: [CMS-concurrent-sweep-start]
2014-05-28T14:39:05.082+0900: 8208.115: [GC2014-05-28T14:39:05.084+0900: 8208.117: [ParNew: 22261301K->2516544K(22649280K), 0.6779360 secs] 31664577K->11927692K(47815104K), 0.6804920 secs] [Times: user=12.07 sys=0.00, real=0.68 secs] 
2014-05-28T14:39:14.191+0900: 8217.224: [CMS-concurrent-sweep: 18.721/19.436 secs] [Times: user=65.87 sys=15.79, real=19.44 secs] 
2014-05-28T14:39:14.191+0900: 8217.224: [CMS-concurrent-reset-start]
2014-05-28T14:39:14.246+0900: 8217.279: [CMS-concurrent-reset: 0.055/0.055 secs] [Times: user=0.15 sys=0.09, real=0.05 secs] 
2014-05-28T14:39:45.703+0900: 8248.736: [GC2014-05-28T14:39:45.705+0900: 8248.738: [ParNew: 22649280K->2021105K(22649280K), 1.3767770 secs] 24217284K->4673772K(47815104K), 1.3792990 secs] [Times: user=12.39 sys=0.02, real=1.37 secs] 
2014-05-28T14:40:18.391+0900: 8281.424: [GC2014-05-28T14:40:18.393+0900: 8281.426: [ParNew: 22153841K->2452226K(22649280K), 2.0926870 secs] 24806508K->5104893K(47815104K), 2.0951620 secs] [Times: user=37.42 sys=0.00, real=2.09 secs] 
2014-05-28T14:40:58.944+0900: 8321.977: [GC2014-05-28T14:40:58.946+0900: 8321.978: [ParNew: 22584962K->1967372K(22649280K), 0.8710880 secs] 25237629K->5566705K(47815104K), 0.8736710 secs] [Times: user=10.82 sys=0.00, real=0.88 secs] 
2014-05-28T14:41:33.566+0900: 8356.599: [GC2014-05-28T14:41:33.568+0900: 8356.601: [ParNew: 22100108K->2516544K(22649280K), 4.2288250 secs] 25699441K->6163424K(47815104K), 4.2320920 secs] [Times: user=75.66 sys=0.00, real=4.23 secs] 
2014-05-28T14:42:10.116+0900: 8393.149: [GC2014-05-28T14:42:10.119+0900: 8393.152: [ParNew: 22649280K->2151784K(22649280K), 1.1796160 secs] 26296160K->6780653K(47815104K), 1.1827590 secs] [Times: user=16.77 sys=0.00, real=1.18 secs] 
2014-05-28T14:42:50.791+0900: 8433.824: [GC2014-05-28T14:42:50.793+0900: 8433.826: [ParNew: 22284520K->2516544K(22649280K), 1.6913860 secs] 26913389K->7506921K(47815104K), 1.6945950 secs] [Times: user=28.70 sys=0.00, real=1.70 secs] 
2014-05-28T14:43:17.841+0900: 8460.874: [GC2014-05-28T14:43:17.843+0900: 8460.876: [ParNew: 22649280K->2302544K(22649280K), 1.5932440 secs] 27639657K->8747594K(47815104K), 1.5967840 secs] [Times: user=18.02 sys=0.00, real=1.60 secs] 
2014-05-28T14:44:03.528+0900: 8506.561: [GC2014-05-28T14:44:03.530+0900: 8506.563: [ParNew: 22435280K->1633339K(22649280K), 0.4079370 secs] 28880330K->8078389K(47815104K), 0.4105870 secs] [Times: user=7.26 sys=0.00, real=0.41 secs] 
2014-05-28T14:44:25.830+0900: 8528.863: [GC2014-05-28T14:44:25.832+0900: 8528.865: [ParNew: 21766075K->2493687K(22649280K), 0.8776410 secs] 28211125K->8938737K(47815104K), 0.8801520 secs] [Times: user=15.67 sys=0.00, real=0.88 secs] 
2014-05-28T14:45:08.678+0900: 8571.711: [GC2014-05-28T14:45:08.680+0900: 8571.713: [ParNew: 22626423K->2138138K(22649280K), 1.1699310 secs] 29071473K->9340726K(47815104K), 1.1731040 secs] [Times: user=17.68 sys=0.00, real=1.17 secs] 
2014-05-28T14:45:31.243+0900: 8594.276: [GC2014-05-28T14:45:31.245+0900: 8594.278: [ParNew: 22270874K->2353864K(22649280K), 0.8423890 secs] 29473462K->9556451K(47815104K), 0.8458840 secs] [Times: user=14.97 sys=0.00, real=0.85 secs] 
2014-05-28T14:46:15.500+0900: 8638.533: [GC2014-05-28T14:46:15.502+0900: 8638.535: [ParNew: 22486600K->2267849K(22649280K), 0.9071890 secs] 29689187K->10568216K(47815104K), 0.9098230 secs] [Times: user=11.52 sys=0.01, real=0.91 secs] 
2014-05-28T14:46:41.910+0900: 8664.943: [GC2014-05-28T14:46:41.912+0900: 8664.945: [ParNew: 22400585K->2516544K(22649280K), 0.7039370 secs] 30700952K->10817834K(47815104K), 0.7065160 secs] [Times: user=12.56 sys=0.00, real=0.71 secs] 
2014-05-28T14:47:24.880+0900: 8707.913: [GC2014-05-28T14:47:24.883+0900: 8707.916: [ParNew: 22649280K->1828392K(22649280K), 1.0861730 secs] 30950570K->11227707K(47815104K), 1.0893440 secs] [Times: user=14.61 sys=0.00, real=1.09 secs] 
2014-05-28T14:47:54.681+0900: 8737.714: [GC2014-05-28T14:47:54.683+0900: 8737.716: [ParNew: 21961128K->2516544K(22649280K), 1.5225990 secs] 31360443K->11989852K(47815104K), 1.5252070 secs] [Times: user=26.96 sys=0.00, real=1.52 secs] 
2014-05-28T14:48:35.061+0900: 8778.094: [GC2014-05-28T14:48:35.063+0900: 8778.096: [ParNew: 22649280K->1845977K(22649280K), 0.8540690 secs] 32122588K->12261876K(47815104K), 0.8567420 secs] [Times: user=10.47 sys=0.00, real=0.86 secs] 
2014-05-28T14:49:09.199+0900: 8812.232: [GC2014-05-28T14:49:09.201+0900: 8812.234: [ParNew: 21978713K->2516544K(22649280K), 2.4253030 secs] 32394612K->12957980K(47815104K), 2.4285830 secs] [Times: user=43.30 sys=0.00, real=2.43 secs] 
2014-05-28T14:49:40.953+0900: 8843.986: [GC2014-05-28T14:49:40.955+0900: 8843.988: [ParNew: 22649280K->2053777K(22649280K), 0.9103750 secs] 33090716K->13482985K(47815104K), 0.9129760 secs] [Times: user=11.77 sys=0.00, real=0.92 secs] 
2014-05-28T14:50:21.970+0900: 8885.003: [GC2014-05-28T14:50:21.971+0900: 8885.004: [ParNew: 22186513K->2516544K(22649280K), 0.8315000 secs] 33615721K->14199250K(47815104K), 0.8340820 secs] [Times: user=13.88 sys=0.00, real=0.84 secs] 
2014-05-28T14:50:47.193+0900: 8910.226: [GC2014-05-28T14:50:47.195+0900: 8910.228: [ParNew: 22649280K->1955404K(22649280K), 1.2151310 secs] 34331986K->14720219K(47815104K), 1.2184980 secs] [Times: user=15.30 sys=0.00, real=1.22 secs] 
2014-05-28T14:51:36.709+0900: 8959.742: [GC2014-05-28T14:51:36.711+0900: 8959.744: [ParNew: 22088140K->2516544K(22649280K), 0.8386300 secs] 34852955K->15281817K(47815104K), 0.8418180 secs] [Times: user=14.95 sys=0.00, real=0.84 secs] 
2014-05-28T14:51:56.424+0900: 8979.457: [GC2014-05-28T14:51:56.426+0900: 8979.459: [ParNew: 22649280K->1902279K(22649280K), 1.0465590 secs] 35414553K->15784298K(47815104K), 1.0497460 secs] [Times: user=14.34 sys=0.00, real=1.05 secs] 
2014-05-28T14:52:43.092+0900: 9026.125: [GC2014-05-28T14:52:43.093+0900: 9026.126: [ParNew: 22035015K->1540825K(22649280K), 0.2511040 secs] 35917034K->15422844K(47815104K), 0.2535620 secs] [Times: user=4.41 sys=0.00, real=0.25 secs] 
2014-05-28T14:53:04.396+0900: 9047.429: [GC2014-05-28T14:53:04.398+0900: 9047.431: [ParNew: 21673561K->2516544K(22649280K), 0.5454440 secs] 35555580K->16398925K(47815104K), 0.5480550 secs] [Times: user=9.70 sys=0.00, real=0.54 secs] 
2014-05-28T14:53:50.733+0900: 9093.766: [GC2014-05-28T14:53:50.736+0900: 9093.769: [ParNew: 22649280K->2012802K(22649280K), 0.2631910 secs] 36531661K->15895962K(47815104K), 0.2666820 secs] [Times: user=4.59 sys=0.00, real=0.26 secs] 
2014-05-28T14:54:14.504+0900: 9117.537: [GC2014-05-28T14:54:14.507+0900: 9117.540: [ParNew: 22106567K->2516544K(22649280K), 0.6874100 secs] 35989728K->16407799K(47815104K), 0.6908880 secs] [Times: user=12.17 sys=0.00, real=0.70 secs] 
2014-05-28T14:54:55.605+0900: 9158.638: [GC2014-05-28T14:54:55.607+0900: 9158.640: [ParNew: 22649280K->1967825K(22649280K), 0.8911720 secs] 36540535K->16956807K(47815104K), 0.8939340 secs] [Times: user=11.52 sys=0.02, real=0.89 secs] 
2014-05-28T14:55:25.849+0900: 9188.882: [GC2014-05-28T14:55:25.851+0900: 9188.884: [ParNew: 22100561K->2516544K(22649280K), 1.7322370 secs] 37089543K->17508917K(47815104K), 1.7347540 secs] [Times: user=31.02 sys=0.00, real=1.73 secs] 
2014-05-28T14:56:01.000+0900: 9224.033: [GC2014-05-28T14:56:01.002+0900: 9224.035: [ParNew: 22649280K->1784282K(22649280K), 1.3157590 secs] 37641653K->17866594K(47815104K), 1.3186540 secs] [Times: user=17.31 sys=0.01, real=1.32 secs] 
2014-05-28T14:56:41.346+0900: 9264.379: [GC2014-05-28T14:56:41.349+0900: 9264.382: [ParNew: 21917018K->2516544K(22649280K), 3.4933560 secs] 37999330K->18611055K(47815104K), 3.4966370 secs] [Times: user=62.59 sys=0.00, real=3.50 secs] 
2014-05-28T14:57:13.016+0900: 9296.049: [GC2014-05-28T14:57:13.018+0900: 9296.051: [ParNew: 22649280K->2209829K(22649280K), 1.1394190 secs] 38743791K->19163895K(47815104K), 1.1429350 secs] [Times: user=14.42 sys=0.00, real=1.14 secs] 
2014-05-28T14:57:59.203+0900: 9342.236: [GC2014-05-28T14:57:59.205+0900: 9342.238: [ParNew: 22342565K->2516544K(22649280K), 1.0060180 secs] 39296631K->19709998K(47815104K), 1.0085660 secs] [Times: user=17.02 sys=0.00, real=1.01 secs] 
2014-05-28T14:58:22.882+0900: 9365.915: [GC2014-05-28T14:58:22.883+0900: 9365.916: [ParNew: 22649280K->1922805K(22649280K), 0.9295190 secs] 39842734K->20212757K(47815104K), 0.9320820 secs] [Times: user=12.19 sys=0.00, real=0.94 secs] 
2014-05-28T14:59:13.471+0900: 9416.504: [GC2014-05-28T14:59:13.473+0900: 9416.506: [ParNew: 22055541K->2188868K(22649280K), 0.7247050 secs] 40345493K->20478821K(47815104K), 0.7281210 secs] [Times: user=12.90 sys=0.00, real=0.73 secs] 
2014-05-28T14:59:34.876+0900: 9437.909: [GC2014-05-28T14:59:34.879+0900: 9437.912: [ParNew: 22321604K->1660324K(22649280K), 1.2302810 secs] 40611557K->21053990K(47815104K), 1.2333820 secs] [Times: user=17.51 sys=0.01, real=1.23 secs] 
2014-05-28T14:59:36.117+0900: 9439.150: [GC [1 CMS-initial-mark: 19393666K(25165824K)] 21054622K(47815104K), 0.8696160 secs] [Times: user=0.87 sys=0.00, real=0.87 secs] 
2014-05-28T14:59:36.988+0900: 9440.021: [CMS-concurrent-mark-start]
2014-05-28T14:59:37.415+0900: 9440.448: [CMS-concurrent-mark: 0.427/0.427 secs] [Times: user=3.32 sys=0.57, real=0.43 secs] 
2014-05-28T14:59:37.415+0900: 9440.448: [CMS-concurrent-preclean-start]
2014-05-28T14:59:37.483+0900: 9440.516: [CMS-concurrent-preclean: 0.068/0.068 secs] [Times: user=0.21 sys=0.10, real=0.06 secs] 
2014-05-28T14:59:37.484+0900: 9440.517: [CMS-concurrent-abortable-preclean-start]
 CMS: abort preclean due to time 2014-05-28T14:59:51.151+0900: 9454.184: [CMS-concurrent-abortable-preclean: 13.659/13.667 secs] [Times: user=35.45 sys=15.25, real=13.67 secs] 
2014-05-28T14:59:51.157+0900: 9454.190: [GC[YG occupancy: 9261113 K (22649280 K)]2014-05-28T14:59:51.158+0900: 9454.191: [Rescan (parallel) , 4.2883630 secs]2014-05-28T14:59:55.446+0900: 9458.479: [weak refs processing, 0.0009410 secs]2014-05-28T14:59:55.447+0900: 9458.480: [class unloading, 0.0084860 secs]2014-05-28T14:59:55.456+0900: 9458.489: [scrub symbol table, 0.0065350 secs]2014-05-28T14:59:55.462+0900: 9458.495: [scrub string table, 0.0007650 secs] [1 CMS-remark: 19393666K(25165824K)] 28654780K(47815104K), 4.3089830 secs] [Times: user=75.54 sys=0.00, real=4.30 secs] 
2014-05-28T14:59:55.467+0900: 9458.500: [CMS-concurrent-sweep-start]
2014-05-28T15:00:13.782+0900: 9476.815: [CMS-concurrent-sweep: 18.286/18.315 secs] [Times: user=46.79 sys=25.10, real=18.31 secs] 
2014-05-28T15:00:13.783+0900: 9476.816: [CMS-concurrent-reset-start]
2014-05-28T15:00:13.837+0900: 9476.870: [CMS-concurrent-reset: 0.054/0.054 secs] [Times: user=0.15 sys=0.07, real=0.05 secs] 
2014-05-28T15:00:21.781+0900: 9484.814: [GC2014-05-28T15:00:21.783+0900: 9484.816: [ParNew: 21793060K->1796909K(22649280K), 0.2514420 secs] 23349403K->3353252K(47815104K), 0.2539150 secs] [Times: user=4.41 sys=0.00, real=0.26 secs] 
2014-05-28T15:00:43.208+0900: 9506.241: [GC2014-05-28T15:00:43.210+0900: 9506.243: [ParNew: 21929645K->2516544K(22649280K), 0.7110170 secs] 23485988K->4090096K(47815104K), 0.7135590 secs] [Times: user=12.61 sys=0.00, real=0.71 secs] 
2014-05-28T15:01:29.809+0900: 9552.842: [GC2014-05-28T15:01:29.811+0900: 9552.844: [ParNew: 22649280K->1921406K(22649280K), 0.2918590 secs] 24222832K->3495050K(47815104K), 0.2953990 secs] [Times: user=5.11 sys=0.00, real=0.30 secs] 
2014-05-28T15:02:03.263+0900: 9586.296: [GC2014-05-28T15:02:03.265+0900: 9586.298: [ParNew: 22054142K->2516544K(22649280K), 1.0732690 secs] 23627786K->4090629K(47815104K), 1.0766240 secs] [Times: user=19.17 sys=0.00, real=1.08 secs] 
2014-05-28T15:02:33.330+0900: 9616.363: [GC2014-05-28T15:02:33.332+0900: 9616.365: [ParNew: 22649280K->2516544K(22649280K), 2.2989420 secs] 24223365K->5412336K(47815104K), 2.3022030 secs] [Times: user=31.69 sys=0.00, real=2.31 secs] 
2014-05-28T15:02:58.874+0900: 9641.907: [GC2014-05-28T15:02:58.875+0900: 9641.908: [ParNew: 22649280K->2337271K(22649280K), 1.4748210 secs] 25545072K->6916311K(47815104K), 1.4775410 secs] [Times: user=16.20 sys=0.04, real=1.48 secs] 
2014-05-28T15:03:35.985+0900: 9679.018: [GC2014-05-28T15:03:35.986+0900: 9679.019: [ParNew: 22470007K->838735K(22649280K), 0.2997420 secs] 27049047K->5417775K(47815104K), 0.3022110 secs] [Times: user=5.28 sys=0.00, real=0.30 secs] 
2014-05-28T15:03:55.818+0900: 9698.851: [GC2014-05-28T15:03:55.820+0900: 9698.853: [ParNew: 20971471K->1909549K(22649280K), 1.0325080 secs] 25550511K->6488589K(47815104K), 1.0351670 secs] [Times: user=18.46 sys=0.00, real=1.03 secs] 
2014-05-28T15:04:33.998+0900: 9737.031: [GC2014-05-28T15:04:34.001+0900: 9737.034: [ParNew: 22042285K->1765338K(22649280K), 0.7320850 secs] 26621325K->6878808K(47815104K), 0.7353410 secs] [Times: user=10.65 sys=0.01, real=0.74 secs] 
2014-05-28T15:05:09.508+0900: 9772.541: [GC2014-05-28T15:05:09.510+0900: 9772.543: [ParNew: 21898074K->2516544K(22649280K), 3.1965680 secs] 27011544K->7648034K(47815104K), 3.1998410 secs] [Times: user=57.24 sys=0.00, real=3.20 secs] 
2014-05-28T15:05:42.316+0900: 9805.349: [GC2014-05-28T15:05:42.318+0900: 9805.351: [ParNew: 22649280K->1897541K(22649280K), 1.0311730 secs] 27780770K->7948058K(47815104K), 1.0343890 secs] [Times: user=14.35 sys=0.00, real=1.04 secs] 
2014-05-28T15:06:23.825+0900: 9846.858: [GC2014-05-28T15:06:23.827+0900: 9846.860: [ParNew: 22030277K->2516544K(22649280K), 0.8817320 secs] 28080794K->8751924K(47815104K), 0.8842700 secs] [Times: user=14.95 sys=0.00, real=0.89 secs] 
2014-05-28T15:06:44.958+0900: 9867.991: [GC2014-05-28T15:06:44.959+0900: 9867.992: [ParNew: 22649280K->1949626K(22649280K), 1.0586510 secs] 28884660K->9272144K(47815104K), 1.0613550 secs] [Times: user=14.23 sys=0.00, real=1.07 secs] 
2014-05-28T15:07:29.146+0900: 9912.179: [GC2014-05-28T15:07:29.147+0900: 9912.180: [ParNew: 22082362K->1452652K(22649280K), 0.2551290 secs] 29404880K->8775169K(47815104K), 0.2575600 secs] [Times: user=4.47 sys=0.00, real=0.26 secs] 
2014-05-28T15:07:50.624+0900: 9933.656: [GC2014-05-28T15:07:50.625+0900: 9933.658: [ParNew: 21585388K->2516544K(22649280K), 0.5662060 secs] 28907905K->9843990K(47815104K), 0.5688350 secs] [Times: user=10.09 sys=0.00, real=0.57 secs] 
2014-05-28T15:08:29.620+0900: 9972.653: [GC2014-05-28T15:08:29.621+0900: 9972.654: [ParNew: 22649280K->2014869K(22649280K), 0.2555330 secs] 29976726K->9348355K(47815104K), 0.2580420 secs] [Times: user=4.47 sys=0.00, real=0.26 secs] 
2014-05-28T15:09:04.581+0900: 10007.614: [GC2014-05-28T15:09:04.583+0900: 10007.616: [ParNew: 22147605K->2472414K(22649280K), 2.2790500 secs] 29481091K->9805901K(47815104K), 2.2817000 secs] [Times: user=40.83 sys=0.00, real=2.28 secs] 
2014-05-28T15:09:37.282+0900: 10040.315: [GC2014-05-28T15:09:37.283+0900: 10040.316: [ParNew: 22605150K->1763973K(22649280K), 1.0114100 secs] 29938637K->10189886K(47815104K), 1.0139190 secs] [Times: user=13.41 sys=0.04, real=1.01 secs] 
2014-05-28T15:10:20.488+0900: 10083.521: [GC2014-05-28T15:10:20.491+0900: 10083.524: [ParNew: 21896709K->2516544K(22649280K), 3.6853840 secs] 30322622K->11250505K(47815104K), 3.6886930 secs] [Times: user=64.73 sys=0.00, real=3.69 secs] 
2014-05-28T15:10:54.192+0900: 10117.225: [GC2014-05-28T15:10:54.194+0900: 10117.226: [ParNew: 22649280K->2184532K(22649280K), 1.3344890 secs] 31383241K->12466329K(47815104K), 1.3369810 secs] [Times: user=13.76 sys=0.03, real=1.34 secs] 
2014-05-28T15:11:37.570+0900: 10160.603: [GC2014-05-28T15:11:37.572+0900: 10160.605: [ParNew: 22317268K->2143274K(22649280K), 1.2297530 secs] 32599065K->12425071K(47815104K), 1.2330070 secs] [Times: user=21.94 sys=0.00, real=1.23 secs] 
2014-05-28T15:12:02.476+0900: 10185.509: [GC2014-05-28T15:12:02.478+0900: 10185.511: [ParNew: 22276010K->1501431K(22649280K), 0.8854390 secs] 32557807K->12606424K(47815104K), 0.8886530 secs] [Times: user=12.14 sys=0.00, real=0.89 secs] 
2014-05-28T15:12:47.821+0900: 10230.854: [GC2014-05-28T15:12:47.823+0900: 10230.856: [ParNew: 21634167K->1150897K(22649280K), 0.2070080 secs] 32739160K->12255889K(47815104K), 0.2095180 secs] [Times: user=3.60 sys=0.00, real=0.21 secs] 
2014-05-28T15:13:08.995+0900: 10252.028: [GC2014-05-28T15:13:08.998+0900: 10252.031: [ParNew: 21283633K->2344419K(22649280K), 0.5663660 secs] 32388625K->13449412K(47815104K), 0.5696370 secs] [Times: user=10.06 sys=0.00, real=0.57 secs] 
2014-05-28T15:13:49.624+0900: 10292.657: [GC2014-05-28T15:13:49.626+0900: 10292.659: [ParNew: 22477155K->1965826K(22649280K), 0.9072810 secs] 33582148K->13850685K(47815104K), 0.9107730 secs] [Times: user=10.41 sys=0.00, real=0.92 secs] 
2014-05-28T15:14:14.860+0900: 10317.893: [GC2014-05-28T15:14:14.862+0900: 10317.895: [ParNew: 22098562K->2488429K(22649280K), 0.5673840 secs] 33983421K->14373288K(47815104K), 0.5699560 secs] [Times: user=10.11 sys=0.00, real=0.57 secs] 
2014-05-28T15:14:58.078+0900: 10361.111: [GC2014-05-28T15:14:58.080+0900: 10361.113: [ParNew: 22621165K->2135541K(22649280K), 1.2265070 secs] 34506024K->15118454K(47815104K), 1.2299150 secs] [Times: user=13.03 sys=0.03, real=1.23 secs] 
2014-05-28T15:15:41.530+0900: 10404.563: [GC2014-05-28T15:15:41.531+0900: 10404.564: [ParNew: 22268277K->2516544K(22649280K), 2.8653300 secs] 35251190K->15696388K(47815104K), 2.8676980 secs] [Times: user=50.44 sys=0.00, real=2.87 secs] 
2014-05-28T15:16:11.234+0900: 10434.267: [GC2014-05-28T15:16:11.236+0900: 10434.269: [ParNew: 22649280K->2261042K(22649280K), 1.5972870 secs] 35829124K->16944001K(47815104K), 1.5997760 secs] [Times: user=20.70 sys=0.00, real=1.60 secs] 
2014-05-28T15:16:32.700+0900: 10455.733: [GC2014-05-28T15:16:32.702+0900: 10455.735: [ParNew: 22393778K->1664835K(22649280K), 1.0872060 secs] 37076737K->17012821K(47815104K), 1.0903800 secs] [Times: user=16.75 sys=0.00, real=1.09 secs] 
2014-05-28T15:16:55.585+0900: 10478.618: [GC2014-05-28T15:16:55.588+0900: 10478.621: [ParNew: 21797571K->2516544K(22649280K), 0.6425120 secs] 37145557K->17873155K(47815104K), 0.6461980 secs] [Times: user=11.35 sys=0.00, real=0.64 secs] 
2014-05-28T15:17:26.969+0900: 10510.002: [GC2014-05-28T15:17:26.971+0900: 10510.004: [ParNew: 22649280K->2516544K(22649280K), 1.2746130 secs] 38005891K->18965392K(47815104K), 1.2773130 secs] [Times: user=18.71 sys=0.00, real=1.27 secs] 
2014-05-28T15:17:45.329+0900: 10528.362: [GC2014-05-28T15:17:45.331+0900: 10528.364: [ParNew: 22649280K->2201268K(22649280K), 1.1973060 secs] 39098128K->19626671K(47815104K), 1.2002580 secs] [Times: user=15.91 sys=0.00, real=1.20 secs] 
2014-05-28T15:18:07.829+0900: 10550.862: [GC2014-05-28T15:18:07.831+0900: 10550.864: [ParNew: 22334004K->2516544K(22649280K), 2.8295410 secs] 39759407K->20000923K(47815104K), 2.8319280 secs] [Times: user=50.44 sys=0.00, real=2.83 secs] 
2014-05-28T15:18:34.926+0900: 10577.959: [GC2014-05-28T15:18:34.927+0900: 10577.960: [ParNew: 22649280K->1851430K(22649280K), 1.1696520 secs] 40133659K->20573484K(47815104K), 1.1722070 secs] [Times: user=16.04 sys=0.00, real=1.18 secs] 
2014-05-28T15:19:06.848+0900: 10609.881: [GC2014-05-28T15:19:06.850+0900: 10609.883: [ParNew: 21984166K->1750306K(22649280K), 0.2445040 secs] 40706220K->20472360K(47815104K), 0.2471120 secs] [Times: user=4.28 sys=0.00, real=0.25 secs] 
2014-05-28T15:19:27.715+0900: 10630.748: [GC2014-05-28T15:19:27.717+0900: 10630.750: [ParNew: 21883042K->2516544K(22649280K), 1.9449930 secs] 40605096K->21247952K(47815104K), 1.9476470 secs] [Times: user=34.78 sys=0.00, real=1.94 secs] 
2014-05-28T15:19:56.645+0900: 10659.678: [GC2014-05-28T15:19:56.647+0900: 10659.680: [ParNew: 22649280K->1933478K(22649280K), 0.9401030 secs] 41380688K->21762668K(47815104K), 0.9426890 secs] [Times: user=12.48 sys=0.00, real=0.94 secs] 
2014-05-28T15:19:57.594+0900: 10660.627: [GC [1 CMS-initial-mark: 19829190K(25165824K)] 21763437K(47815104K), 0.8095280 secs] [Times: user=0.81 sys=0.00, real=0.81 secs] 
2014-05-28T15:19:58.405+0900: 10661.438: [CMS-concurrent-mark-start]
2014-05-28T15:19:59.417+0900: 10662.450: [CMS-concurrent-mark: 1.004/1.012 secs] [Times: user=7.91 sys=2.16, real=1.01 secs] 
2014-05-28T15:19:59.418+0900: 10662.451: [CMS-concurrent-preclean-start]
2014-05-28T15:19:59.484+0900: 10662.517: [CMS-concurrent-preclean: 0.066/0.066 secs] [Times: user=0.18 sys=0.13, real=0.07 secs] 
2014-05-28T15:19:59.484+0900: 10662.517: [CMS-concurrent-abortable-preclean-start]
 CMS: abort preclean due to time 2014-05-28T15:20:13.034+0900: 10676.067: [CMS-concurrent-abortable-preclean: 13.498/13.550 secs] [Times: user=36.75 sys=26.87, real=13.55 secs] 
2014-05-28T15:20:13.041+0900: 10676.074: [GC[YG occupancy: 10040638 K (22649280 K)]2014-05-28T15:20:13.042+0900: 10676.075: [Rescan (parallel) , 7.7302750 secs]2014-05-28T15:20:20.772+0900: 10683.805: [weak refs processing, 0.0013590 secs]2014-05-28T15:20:20.773+0900: 10683.806: [class unloading, 0.0073890 secs]2014-05-28T15:20:20.781+0900: 10683.814: [scrub symbol table, 0.0059050 secs]2014-05-28T15:20:20.787+0900: 10683.820: [scrub string table, 0.0007070 secs] [1 CMS-remark: 19829190K(25165824K)] 29869828K(47815104K), 7.7491000 secs] [Times: user=136.02 sys=0.00, real=7.75 secs] 
2014-05-28T15:20:20.791+0900: 10683.824: [CMS-concurrent-sweep-start]
2014-05-28T15:20:38.533+0900: 10701.566: [GC2014-05-28T15:20:38.535+0900: 10701.568: [ParNew: 22066214K->2313548K(22649280K), 0.5772850 secs] 25015382K->5262717K(47815104K), 0.5799180 secs] [Times: user=10.27 sys=0.00, real=0.58 secs] 
2014-05-28T15:20:39.586+0900: 10702.619: [CMS-concurrent-sweep: 18.066/18.795 secs] [Times: user=67.49 sys=32.85, real=18.80 secs] 
2014-05-28T15:20:39.586+0900: 10702.619: [CMS-concurrent-reset-start]
2014-05-28T15:20:39.640+0900: 10702.673: [CMS-concurrent-reset: 0.054/0.054 secs] [Times: user=0.17 sys=0.08, real=0.05 secs] 
2014-05-28T15:20:56.710+0900: 10719.743: [GC2014-05-28T15:20:56.712+0900: 10719.745: [ParNew: 22446284K->1753094K(22649280K), 1.0797990 secs] 25113281K->5268284K(47815104K), 1.0823130 secs] [Times: user=12.10 sys=0.01, real=1.08 secs] 
2014-05-28T15:21:41.135+0900: 10764.168: [GC2014-05-28T15:21:41.137+0900: 10764.170: [ParNew: 21885830K->1817944K(22649280K), 0.4348740 secs] 25401020K->5575750K(47815104K), 0.4378860 secs] [Times: user=4.66 sys=0.00, real=0.44 secs] 
2014-05-28T15:22:02.835+0900: 10785.868: [GC2014-05-28T15:22:02.838+0900: 10785.871: [ParNew: 21950680K->2516544K(22649280K), 0.7609510 secs] 25708486K->6278285K(47815104K), 0.7642680 secs] [Times: user=13.52 sys=0.00, real=0.77 secs] 
2014-05-28T15:22:43.518+0900: 10826.551: [GC2014-05-28T15:22:43.520+0900: 10826.553: [ParNew: 22649280K->2248602K(22649280K), 0.8987380 secs] 26411021K->7105083K(47815104K), 0.9013130 secs] [Times: user=11.26 sys=0.01, real=0.90 secs] 
2014-05-28T15:23:17.906+0900: 10860.939: [GC2014-05-28T15:23:17.908+0900: 10860.941: [ParNew: 22381338K->2516544K(22649280K), 3.6727910 secs] 27237819K->7642843K(47815104K), 3.6752660 secs] [Times: user=64.74 sys=0.00, real=3.68 secs] 
2014-05-28T15:23:49.683+0900: 10892.716: [GC2014-05-28T15:23:49.685+0900: 10892.718: [ParNew: 22649280K->2345602K(22649280K), 1.3395840 secs] 27775579K->9006923K(47815104K), 1.3422630 secs] [Times: user=17.59 sys=0.00, real=1.35 secs] 
2014-05-28T15:24:09.799+0900: 10912.832: [GC2014-05-28T15:24:09.801+0900: 10912.834: [ParNew: 22478338K->2079705K(22649280K), 0.5060250 secs] 29139659K->8741026K(47815104K), 0.5091020 secs] [Times: user=8.98 sys=0.00, real=0.51 secs] 
2014-05-28T15:24:49.680+0900: 10952.713: [GC2014-05-28T15:24:49.682+0900: 10952.715: [ParNew: 22212441K->1851119K(22649280K), 0.6988400 secs] 28873762K->9056817K(47815104K), 0.7024180 secs] [Times: user=8.32 sys=0.00, real=0.70 secs] 
2014-05-28T15:25:12.909+0900: 10975.942: [GC2014-05-28T15:25:12.912+0900: 10975.945: [ParNew: 21983855K->2407998K(22649280K), 1.2173990 secs] 29189553K->9613696K(47815104K), 1.2207590 secs] [Times: user=21.76 sys=0.00, real=1.22 secs] 
2014-05-28T15:25:45.137+0900: 11008.170: [GC2014-05-28T15:25:45.138+0900: 11008.171: [ParNew: 22540734K->1837120K(22649280K), 0.8360250 secs] 29746432K->10100623K(47815104K), 0.8386000 secs] [Times: user=10.72 sys=0.00, real=0.84 secs] 
2014-05-28T15:26:26.194+0900: 11049.227: [GC2014-05-28T15:26:26.196+0900: 11049.229: [ParNew: 21969856K->2516544K(22649280K), 1.2017650 secs] 30233359K->10822987K(47815104K), 1.2043480 secs] [Times: user=21.30 sys=0.00, real=1.20 secs] 
2014-05-28T15:26:53.407+0900: 11076.440: [GC2014-05-28T15:26:53.408+0900: 11076.441: [ParNew: 22649280K->1996098K(22649280K), 1.1083290 secs] 30955723K->11765101K(47815104K), 1.1109150 secs] [Times: user=13.63 sys=0.00, real=1.11 secs] 
2014-05-28T15:27:32.075+0900: 11115.108: [GC2014-05-28T15:27:32.076+0900: 11115.109: [ParNew: 22128834K->1210442K(22649280K), 0.8094780 secs] 31897837K->10979445K(47815104K), 0.8120180 secs] [Times: user=14.44 sys=0.00, real=0.81 secs] 
2014-05-28T15:27:52.819+0900: 11135.852: [GC2014-05-28T15:27:52.821+0900: 11135.854: [ParNew: 21343178K->2274340K(22649280K), 0.8770360 secs] 31112181K->12043342K(47815104K), 0.8803210 secs] [Times: user=15.62 sys=0.00, real=0.88 secs] 
2014-05-28T15:28:39.038+0900: 11182.071: [GC2014-05-28T15:28:39.040+0900: 11182.073: [ParNew: 22407076K->2010268K(22649280K), 1.4200440 secs] 32176078K->12599166K(47815104K), 1.4230010 secs] [Times: user=22.02 sys=0.00, real=1.43 secs] 
2014-05-28T15:29:07.387+0900: 11210.420: [GC2014-05-28T15:29:07.389+0900: 11210.422: [ParNew: 22143004K->2516544K(22649280K), 0.7551690 secs] 32731902K->13113678K(47815104K), 0.7578120 secs] [Times: user=13.43 sys=0.00, real=0.76 secs] 
2014-05-28T15:29:38.637+0900: 11241.670: [GC2014-05-28T15:29:38.639+0900: 11241.672: [ParNew: 22649280K->2516544K(22649280K), 1.8392700 secs] 33246414K->14355547K(47815104K), 1.8426090 secs] [Times: user=27.81 sys=0.00, real=1.85 secs] 
2014-05-28T15:30:05.095+0900: 11268.127: [GC2014-05-28T15:30:05.096+0900: 11268.129: [ParNew: 22649280K->2302363K(22649280K), 1.4086320 secs] 34488283K->15745278K(47815104K), 1.4109700 secs] [Times: user=17.64 sys=0.02, real=1.41 secs] 
2014-05-28T15:30:47.444+0900: 11310.477: [GC2014-05-28T15:30:47.446+0900: 11310.479: [ParNew: 22435099K->1115159K(22649280K), 0.6258940 secs] 35878014K->14558074K(47815104K), 0.6283930 secs] [Times: user=11.13 sys=0.00, real=0.63 secs] 
2014-05-28T15:31:04.211+0900: 11327.244: [GC2014-05-28T15:31:04.213+0900: 11327.246: [ParNew: 21247895K->2029683K(22649280K), 0.5786310 secs] 34690810K->15472598K(47815104K), 0.5811990 secs] [Times: user=10.29 sys=0.00, real=0.58 secs] 
2014-05-28T15:31:42.937+0900: 11365.970: [GC2014-05-28T15:31:42.939+0900: 11365.972: [ParNew: 22162419K->1748884K(22649280K), 0.9558030 secs] 35605334K->15861422K(47815104K), 0.9583900 secs] [Times: user=14.39 sys=0.00, real=0.96 secs] 
2014-05-28T15:32:15.825+0900: 11398.858: [GC2014-05-28T15:32:15.827+0900: 11398.860: [ParNew: 21881620K->2516544K(22649280K), 3.6612600 secs] 35994158K->16702388K(47815104K), 3.6638990 secs] [Times: user=65.44 sys=0.00, real=3.66 secs] 
2014-05-28T15:32:49.086+0900: 11432.119: [GC2014-05-28T15:32:49.087+0900: 11432.120: [ParNew: 22649280K->2339134K(22649280K), 1.0859220 secs] 36835124K->17623836K(47815104K), 1.0883270 secs] [Times: user=15.04 sys=0.00, real=1.09 secs] 
2014-05-28T15:33:07.634+0900: 11450.667: [GC2014-05-28T15:33:07.636+0900: 11450.669: [ParNew: 22471870K->2091556K(22649280K), 0.8389040 secs] 37756572K->18104027K(47815104K), 0.8415110 secs] [Times: user=12.14 sys=0.00, real=0.84 secs] 
2014-05-28T15:33:47.694+0900: 11490.727: [GC2014-05-28T15:33:47.696+0900: 11490.729: [ParNew: 22224292K->1483506K(22649280K), 0.3803890 secs] 38236763K->17869071K(47815104K), 0.3829080 secs] [Times: user=5.05 sys=0.01, real=0.39 secs] 
2014-05-28T15:34:13.253+0900: 11516.286: [GC2014-05-28T15:34:13.255+0900: 11516.288: [ParNew: 21616242K->2516544K(22649280K), 1.2712000 secs] 38001807K->18902109K(47815104K), 1.2735850 secs] [Times: user=22.77 sys=0.00, real=1.27 secs] 
2014-05-28T15:34:47.161+0900: 11550.194: [GC2014-05-28T15:34:47.163+0900: 11550.196: [ParNew: 22649280K->1957540K(22649280K), 0.8999560 secs] 39034845K->19401697K(47815104K), 0.9028700 secs] [Times: user=10.55 sys=0.00, real=0.90 secs] 
2014-05-28T15:35:23.718+0900: 11586.751: [GC2014-05-28T15:35:23.720+0900: 11586.753: [ParNew: 22090276K->2516544K(22649280K), 0.7488950 secs] 39534433K->19961365K(47815104K), 0.7517030 secs] [Times: user=13.35 sys=0.00, real=0.75 secs] 
2014-05-28T15:35:46.675+0900: 11609.708: [GC2014-05-28T15:35:46.677+0900: 11609.710: [ParNew: 22590495K->1924587K(22649280K), 1.2424130 secs] 40035316K->20271120K(47815104K), 1.2455770 secs] [Times: user=18.39 sys=0.00, real=1.24 secs] 
2014-05-28T15:36:30.825+0900: 11653.858: [GC2014-05-28T15:36:30.826+0900: 11653.859: [ParNew: 22057323K->1666660K(22649280K), 0.3671570 secs] 40403856K->20210085K(47815104K), 0.3696330 secs] [Times: user=5.72 sys=0.00, real=0.37 secs] 
2014-05-28T15:36:51.607+0900: 11674.640: [GC2014-05-28T15:36:51.609+0900: 11674.642: [ParNew: 21799370K->2516544K(22649280K), 0.9119090 secs] 40342794K->21073216K(47815104K), 0.9153520 secs] [Times: user=16.19 sys=0.00, real=0.91 secs] 
2014-05-28T15:37:32.486+0900: 11715.519: [GC2014-05-28T15:37:32.487+0900: 11715.520: [ParNew: 22649280K->1934459K(22649280K), 0.2576240 secs] 41205952K->20494507K(47815104K), 0.2601690 secs] [Times: user=4.51 sys=0.00, real=0.26 secs] 
2014-05-28T15:38:00.119+0900: 11743.152: [GC2014-05-28T15:38:00.121+0900: 11743.154: [ParNew: 22067195K->2516544K(22649280K), 0.5723390 secs] 40627243K->21079860K(47815104K), 0.5747560 secs] [Times: user=10.19 sys=0.00, real=0.57 secs] 
2014-05-28T15:38:40.532+0900: 11783.565: [GC2014-05-28T15:38:40.534+0900: 11783.567: [ParNew: 22649280K->1827784K(22649280K), 0.8171230 secs] 41212596K->21486080K(47815104K), 0.8197810 secs] [Times: user=10.18 sys=0.02, real=0.82 secs] 
2014-05-28T15:38:41.359+0900: 11784.392: [GC [1 CMS-initial-mark: 19658295K(25165824K)] 21486547K(47815104K), 1.0846340 secs] [Times: user=1.08 sys=0.00, real=1.09 secs] 
2014-05-28T15:38:42.445+0900: 11785.478: [CMS-concurrent-mark-start]
2014-05-28T15:38:42.857+0900: 11785.890: [CMS-concurrent-mark: 0.406/0.412 secs] [Times: user=3.08 sys=0.64, real=0.41 secs] 
2014-05-28T15:38:42.857+0900: 11785.890: [CMS-concurrent-preclean-start]
2014-05-28T15:38:42.923+0900: 11785.956: [CMS-concurrent-preclean: 0.066/0.066 secs] [Times: user=0.21 sys=0.12, real=0.07 secs] 
2014-05-28T15:38:42.924+0900: 11785.957: [CMS-concurrent-abortable-preclean-start]
 CMS: abort preclean due to time 2014-05-28T15:38:56.440+0900: 11799.473: [CMS-concurrent-abortable-preclean: 13.516/13.516 secs] [Times: user=29.31 sys=11.09, real=13.51 secs] 
2014-05-28T15:38:56.446+0900: 11799.479: [GC[YG occupancy: 7903413 K (22649280 K)]2014-05-28T15:38:56.448+0900: 11799.481: [Rescan (parallel) , 5.1795360 secs]2014-05-28T15:39:01.627+0900: 11804.660: [weak refs processing, 0.0011660 secs]2014-05-28T15:39:01.628+0900: 11804.661: [class unloading, 0.0075210 secs]2014-05-28T15:39:01.636+0900: 11804.669: [scrub symbol table, 0.0058170 secs]2014-05-28T15:39:01.642+0900: 11804.675: [scrub string table, 0.0007060 secs] [1 CMS-remark: 19658295K(25165824K)] 27561709K(47815104K), 5.1982320 secs] [Times: user=91.08 sys=0.00, real=5.20 secs] 
2014-05-28T15:39:01.646+0900: 11804.679: [CMS-concurrent-sweep-start]
2014-05-28T15:39:13.358+0900: 11816.391: [GC2014-05-28T15:39:13.360+0900: 11816.393: [ParNew: 21960520K->2516544K(22649280K), 2.0468940 secs] 30524810K->11108731K(47815104K), 2.0495000 secs] [Times: user=36.59 sys=0.00, real=2.05 secs] 
2014-05-28T15:39:23.194+0900: 11826.227: [CMS-concurrent-sweep: 19.338/21.548 secs] [Times: user=95.18 sys=14.27, real=21.54 secs] 
2014-05-28T15:39:23.195+0900: 11826.228: [CMS-concurrent-reset-start]
2014-05-28T15:39:23.253+0900: 11826.286: [CMS-concurrent-reset: 0.058/0.058 secs] [Times: user=0.16 sys=0.07, real=0.06 secs] 
2014-05-28T15:39:50.276+0900: 11853.309: [GC2014-05-28T15:39:50.278+0900: 11853.311: [ParNew: 22649280K->1974541K(22649280K), 1.4052570 secs] 24263400K->4521219K(47815104K), 1.4084280 secs] [Times: user=17.79 sys=0.01, real=1.41 secs] 
2014-05-28T15:40:26.243+0900: 11889.276: [GC2014-05-28T15:40:26.245+0900: 11889.278: [ParNew: 22107277K->2516544K(22649280K), 2.8500670 secs] 24653955K->5476975K(47815104K), 2.8526510 secs] [Times: user=48.29 sys=0.00, real=2.85 secs] 
2014-05-28T15:40:55.686+0900: 11918.719: [GC2014-05-28T15:40:55.687+0900: 11918.720: [ParNew: 22649280K->2224810K(22649280K), 1.1455670 secs] 25609711K->6757871K(47815104K), 1.1481390 secs] [Times: user=13.27 sys=0.00, real=1.15 secs] 
2014-05-28T15:41:38.649+0900: 11961.682: [GC2014-05-28T15:41:38.651+0900: 11961.684: [ParNew: 22357546K->1389756K(22649280K), 0.4462800 secs] 26890607K->5922817K(47815104K), 0.4489650 secs] [Times: user=7.90 sys=0.00, real=0.45 secs] 
2014-05-28T15:42:00.961+0900: 11983.994: [GC2014-05-28T15:42:00.963+0900: 11983.996: [ParNew: 21522492K->2109117K(22649280K), 0.4771300 secs] 26055553K->6642178K(47815104K), 0.4796920 secs] [Times: user=8.48 sys=0.00, real=0.48 secs] 
2014-05-28T15:42:48.783+0900: 12031.816: [GC2014-05-28T15:42:48.785+0900: 12031.818: [ParNew: 22241853K->1895153K(22649280K), 0.7422140 secs] 26774914K->6981691K(47815104K), 0.7457690 secs] [Times: user=8.96 sys=0.03, real=0.75 secs] 
2014-05-28T15:43:09.934+0900: 12052.967: [GC2014-05-28T15:43:09.936+0900: 12052.969: [ParNew: 22027889K->2516544K(22649280K), 0.6818440 secs] 27114427K->7614842K(47815104K), 0.6851130 secs] [Times: user=12.06 sys=0.00, real=0.68 secs] 
2014-05-28T15:43:55.216+0900: 12098.249: [GC2014-05-28T15:43:55.218+0900: 12098.251: [ParNew: 22649280K->2039600K(22649280K), 1.1818840 secs] 27747578K->8235993K(47815104K), 1.1853940 secs] [Times: user=13.14 sys=0.00, real=1.19 secs] 
2014-05-28T15:44:19.697+0900: 12122.730: [GC2014-05-28T15:44:19.699+0900: 12122.732: [ParNew: 22172336K->2516544K(22649280K), 0.5602000 secs] 28368729K->8712982K(47815104K), 0.5628270 secs] [Times: user=9.98 sys=0.00, real=0.56 secs] 
2014-05-28T15:45:00.884+0900: 12163.917: [GC2014-05-28T15:45:00.885+0900: 12163.918: [ParNew: 22649280K->1830112K(22649280K), 0.8767880 secs] 28845718K->9115575K(47815104K), 0.8791410 secs] [Times: user=11.46 sys=0.00, real=0.88 secs] 
2014-05-28T15:45:31.375+0900: 12194.408: [GC2014-05-28T15:45:31.377+0900: 12194.410: [ParNew: 21962848K->2516544K(22649280K), 3.0527560 secs] 29248311K->9805707K(47815104K), 3.0559910 secs] [Times: user=54.71 sys=0.00, real=3.05 secs] 
2014-05-28T15:46:08.109+0900: 12231.142: [GC2014-05-28T15:46:08.110+0900: 12231.143: [ParNew: 22649280K->1966212K(22649280K), 0.9070980 secs] 29938443K->10235786K(47815104K), 0.9095470 secs] [Times: user=11.44 sys=0.00, real=0.90 secs] 
2014-05-28T15:46:45.442+0900: 12268.475: [GC2014-05-28T15:46:45.444+0900: 12268.477: [ParNew: 22098948K->2516544K(22649280K), 2.6853060 secs] 30368522K->11093293K(47815104K), 2.6885120 secs] [Times: user=46.81 sys=0.00, real=2.69 secs] 
2014-05-28T15:47:13.026+0900: 12296.059: [GC2014-05-28T15:47:13.028+0900: 12296.061: [ParNew: 22649280K->2231601K(22649280K), 1.3424680 secs] 31226029K->12445960K(47815104K), 1.3458180 secs] [Times: user=15.44 sys=0.00, real=1.35 secs] 
2014-05-28T15:47:58.834+0900: 12341.867: [GC2014-05-28T15:47:58.836+0900: 12341.869: [ParNew: 22364337K->1680457K(22649280K), 0.5462860 secs] 32578696K->11894816K(47815104K), 0.5489440 secs] [Times: user=9.72 sys=0.00, real=0.55 secs] 
2014-05-28T15:48:21.951+0900: 12364.984: [GC2014-05-28T15:48:21.952+0900: 12364.985: [ParNew: 21813193K->1884451K(22649280K), 0.8145370 secs] 32027552K->12680290K(47815104K), 0.8170280 secs] [Times: user=11.95 sys=0.00, real=0.81 secs] 
2014-05-28T15:49:06.254+0900: 12409.287: [GC2014-05-28T15:49:06.255+0900: 12409.288: [ParNew: 22017187K->1510532K(22649280K), 0.2507970 secs] 32813026K->12306371K(47815104K), 0.2533260 secs] [Times: user=4.40 sys=0.01, real=0.26 secs] 
2014-05-28T15:49:27.904+0900: 12430.937: [GC2014-05-28T15:49:27.906+0900: 12430.939: [ParNew: 21643268K->2516544K(22649280K), 0.6647990 secs] 32439107K->13323528K(47815104K), 0.6673810 secs] [Times: user=11.80 sys=0.00, real=0.67 secs] 
2014-05-28T15:50:15.839+0900: 12478.872: [GC2014-05-28T15:50:15.840+0900: 12478.873: [ParNew: 22649280K->2102056K(22649280K), 0.2671850 secs] 33456264K->12909863K(47815104K), 0.2695940 secs] [Times: user=4.66 sys=0.00, real=0.27 secs] 
2014-05-28T15:50:38.390+0900: 12501.423: [GC2014-05-28T15:50:38.391+0900: 12501.424: [ParNew: 22234792K->2516544K(22649280K), 0.6828810 secs] 33042599K->13324396K(47815104K), 0.6852250 secs] [Times: user=12.14 sys=0.00, real=0.68 secs] 
2014-05-28T15:51:20.047+0900: 12543.080: [GC2014-05-28T15:51:20.048+0900: 12543.081: [ParNew: 22649280K->2170327K(22649280K), 0.9043960 secs] 33457132K->14065455K(47815104K), 0.9069400 secs] [Times: user=11.84 sys=0.06, real=0.90 secs] 
2014-05-28T15:51:49.128+0900: 12572.161: [GC2014-05-28T15:51:49.129+0900: 12572.162: [ParNew: 22303063K->2516544K(22649280K), 1.0384270 secs] 34198191K->14411716K(47815104K), 1.0410820 secs] [Times: user=18.58 sys=0.00, real=1.04 secs] 
2014-05-28T15:52:25.454+0900: 12608.487: [GC2014-05-28T15:52:25.456+0900: 12608.489: [ParNew: 22649280K->1905657K(22649280K), 0.8368800 secs] 34544452K->14899203K(47815104K), 0.8394590 secs] [Times: user=10.80 sys=0.01, real=0.84 secs] 
2014-05-28T15:53:00.779+0900: 12643.812: [GC2014-05-28T15:53:00.782+0900: 12643.815: [ParNew: 22038393K->2516544K(22649280K), 4.0998710 secs] 35031939K->15862392K(47815104K), 4.1031940 secs] [Times: user=72.11 sys=0.00, real=4.11 secs] 
2014-05-28T15:53:34.659+0900: 12677.692: [GC2014-05-28T15:53:34.661+0900: 12677.694: [ParNew: 22649280K->2067332K(22649280K), 1.1009190 secs] 35995128K->16961241K(47815104K), 1.1037740 secs] [Times: user=12.36 sys=0.02, real=1.10 secs] 
2014-05-28T15:54:18.082+0900: 12721.115: [GC2014-05-28T15:54:18.084+0900: 12721.117: [ParNew: 22200068K->2123601K(22649280K), 1.4206250 secs] 37093977K->17017509K(47815104K), 1.4238420 secs] [Times: user=25.38 sys=0.00, real=1.43 secs] 
2014-05-28T15:54:43.998+0900: 12747.031: [GC2014-05-28T15:54:44.000+0900: 12747.033: [ParNew: 22256331K->1493543K(22649280K), 0.8475190 secs] 37150239K->17201477K(47815104K), 0.8507240 secs] [Times: user=11.90 sys=0.00, real=0.85 secs] 
2014-05-28T15:55:27.049+0900: 12790.082: [GC2014-05-28T15:55:27.051+0900: 12790.084: [ParNew: 21626279K->1064952K(22649280K), 0.1875890 secs] 37334213K->16772886K(47815104K), 0.1901100 secs] [Times: user=3.25 sys=0.01, real=0.19 secs] 
2014-05-28T15:55:48.231+0900: 12811.264: [GC2014-05-28T15:55:48.232+0900: 12811.265: [ParNew: 21197688K->2128410K(22649280K), 0.6157220 secs] 36905622K->17836344K(47815104K), 0.6182940 secs] [Times: user=10.96 sys=0.00, real=0.62 secs] 
2014-05-28T15:56:33.996+0900: 12857.029: [GC2014-05-28T15:56:33.998+0900: 12857.031: [ParNew: 22261146K->1869611K(22649280K), 0.8047810 secs] 37969080K->18284688K(47815104K), 0.8083020 secs] [Times: user=9.46 sys=0.01, real=0.81 secs] 
2014-05-28T15:56:57.097+0900: 12880.130: [GC2014-05-28T15:56:57.099+0900: 12880.132: [ParNew: 22002347K->2516544K(22649280K), 0.5435350 secs] 38417424K->18931665K(47815104K), 0.5461600 secs] [Times: user=9.68 sys=0.00, real=0.54 secs] 
2014-05-28T15:57:40.712+0900: 12923.745: [GC2014-05-28T15:57:40.714+0900: 12923.747: [ParNew: 22649280K->2050488K(22649280K), 1.0267970 secs] 39064401K->19564236K(47815104K), 1.0299260 secs] [Times: user=12.94 sys=0.01, real=1.03 secs] 
2014-05-28T15:58:10.057+0900: 12953.090: [GC2014-05-28T15:58:10.059+0900: 12953.092: [ParNew: 22183224K->2516544K(22649280K), 0.9401000 secs] 39696972K->20036708K(47815104K), 0.9427210 secs] [Times: user=16.78 sys=0.00, real=0.95 secs] 
2014-05-28T15:58:44.153+0900: 12987.186: [GC2014-05-28T15:58:44.155+0900: 12987.188: [ParNew: 22649280K->1901257K(22649280K), 1.2529160 secs] 40169444K->20515848K(47815104K), 1.2565080 secs] [Times: user=14.42 sys=0.02, real=1.26 secs] 
2014-05-28T15:59:21.610+0900: 13024.643: [GC2014-05-28T15:59:21.612+0900: 13024.645: [ParNew: 22033993K->2516544K(22649280K), 3.6743380 secs] 40648584K->21414827K(47815104K), 3.6768910 secs] [Times: user=64.77 sys=0.00, real=3.67 secs] 
2014-05-28T15:59:25.295+0900: 13028.328: [GC [1 CMS-initial-mark: 18898283K(25165824K)] 21448009K(47815104K), 1.8375600 secs] [Times: user=1.84 sys=0.00, real=1.84 secs] 
2014-05-28T15:59:27.134+0900: 13030.167: [CMS-concurrent-mark-start]
2014-05-28T15:59:27.369+0900: 13030.402: [CMS-concurrent-mark: 0.192/0.235 secs] [Times: user=2.18 sys=0.00, real=0.23 secs] 
2014-05-28T15:59:27.370+0900: 13030.402: [CMS-concurrent-preclean-start]
2014-05-28T15:59:27.437+0900: 13030.470: [CMS-concurrent-preclean: 0.067/0.067 secs] [Times: user=0.31 sys=0.00, real=0.07 secs] 
2014-05-28T15:59:27.437+0900: 13030.470: [CMS-concurrent-abortable-preclean-start]
 CMS: abort preclean due to time 2014-05-28T15:59:35.919+0900: 13038.952: [CMS-concurrent-abortable-preclean: 8.439/8.482 secs] [Times: user=26.79 sys=6.75, real=8.48 secs] 
2014-05-28T15:59:35.925+0900: 13038.958: [GC[YG occupancy: 13889874 K (22649280 K)]2014-05-28T15:59:35.927+0900: 13038.960: [Rescan (parallel) , 8.6383280 secs]2014-05-28T15:59:44.565+0900: 13047.598: [weak refs processing, 0.0009100 secs]2014-05-28T15:59:44.566+0900: 13047.599: [class unloading, 0.0073770 secs]2014-05-28T15:59:44.573+0900: 13047.606: [scrub symbol table, 0.0060090 secs]2014-05-28T15:59:44.579+0900: 13047.612: [scrub string table, 0.0006990 secs] [1 CMS-remark: 18898283K(25165824K)] 32788158K(47815104K), 8.6568730 secs] [Times: user=151.90 sys=0.00, real=8.65 secs] 
2014-05-28T15:59:44.584+0900: 13047.617: [CMS-concurrent-sweep-start]
2014-05-28T16:00:02.463+0900: 13065.496: [GC2014-05-28T16:00:02.464+0900: 13065.497: [ParNew: 22649280K->2066821K(22649280K), 1.3407570 secs] 23761516K->4714862K(47815104K), 1.3436640 secs] [Times: user=13.57 sys=0.01, real=1.35 secs] 
2014-05-28T16:00:04.770+0900: 13067.803: [CMS-concurrent-sweep: 18.780/20.186 secs] [Times: user=62.42 sys=23.47, real=20.18 secs] 
2014-05-28T16:00:04.770+0900: 13067.803: [CMS-concurrent-reset-start]
2014-05-28T16:00:04.824+0900: 13067.857: [CMS-concurrent-reset: 0.054/0.054 secs] [Times: user=0.13 sys=0.07, real=0.05 secs] 
2014-05-28T16:00:41.612+0900: 13104.645: [GC2014-05-28T16:00:41.613+0900: 13104.646: [ParNew: 22199557K->1969615K(22649280K), 0.9191540 secs] 24518814K->4288872K(47815104K), 0.9217790 secs] [Times: user=16.37 sys=0.00, real=0.92 secs] 
2014-05-28T16:01:04.233+0900: 13127.265: [GC2014-05-28T16:01:04.234+0900: 13127.267: [ParNew: 22102351K->1564654K(22649280K), 1.0303600 secs] 24421608K->4376469K(47815104K), 1.0330540 secs] [Times: user=13.36 sys=0.01, real=1.04 secs] 
2014-05-28T16:01:49.602+0900: 13172.635: [GC2014-05-28T16:01:49.604+0900: 13172.637: [ParNew: 21697390K->1569857K(22649280K), 0.1970450 secs] 24509205K->4381672K(47815104K), 0.1994340 secs] [Times: user=3.45 sys=0.00, real=0.20 secs] 
2014-05-28T16:02:10.130+0900: 13193.163: [GC2014-05-28T16:02:10.132+0900: 13193.165: [ParNew: 21702593K->2516544K(22649280K), 0.7133880 secs] 24514408K->5374182K(47815104K), 0.7157710 secs] [Times: user=12.45 sys=0.00, real=0.72 secs] 
2014-05-28T16:02:49.514+0900: 13232.547: [GC2014-05-28T16:02:49.516+0900: 13232.549: [ParNew: 22649280K->1999765K(22649280K), 1.0233670 secs] 25506918K->5956164K(47815104K), 1.0263230 secs] [Times: user=13.54 sys=0.02, real=1.02 secs] 
2014-05-28T16:03:23.636+0900: 13266.669: [GC2014-05-28T16:03:23.637+0900: 13266.670: [ParNew: 22132501K->2462167K(22649280K), 3.1861520 secs] 26088900K->6418566K(47815104K), 3.1884730 secs] [Times: user=57.17 sys=0.00, real=3.19 secs] 
2014-05-28T16:03:53.647+0900: 13296.680: [GC2014-05-28T16:03:53.649+0900: 13296.682: [ParNew: 22594903K->2516544K(22649280K), 1.4031220 secs] 26551302K->7526621K(47815104K), 1.4061860 secs] [Times: user=20.63 sys=0.00, real=1.41 secs] 
2014-05-28T16:04:15.030+0900: 13318.063: [GC2014-05-28T16:04:15.032+0900: 13318.065: [ParNew: 22649280K->1999426K(22649280K), 0.9604040 secs] 27659357K->7807256K(47815104K), 0.9630130 secs] [Times: user=13.83 sys=0.00, real=0.96 secs] 
2014-05-28T16:04:55.046+0900: 13358.079: [GC2014-05-28T16:04:55.047+0900: 13358.080: [ParNew: 22132162K->1834165K(22649280K), 0.5080320 secs] 27939992K->7984148K(47815104K), 0.5109540 secs] [Times: user=6.46 sys=0.00, real=0.51 secs] 
2014-05-28T16:05:19.057+0900: 13382.090: [GC2014-05-28T16:05:19.059+0900: 13382.092: [ParNew: 21966901K->2446056K(22649280K), 2.3413950 secs] 28116884K->8596039K(47815104K), 2.3440550 secs] [Times: user=41.98 sys=0.00, real=2.34 secs] 
2014-05-28T16:05:49.343+0900: 13412.376: [GC2014-05-28T16:05:49.346+0900: 13412.379: [ParNew: 22578792K->1817781K(22649280K), 1.2408530 secs] 28728775K->9025596K(47815104K), 1.2442560 secs] [Times: user=14.69 sys=0.00, real=1.24 secs] 
2014-05-28T16:06:30.902+0900: 13453.935: [GC2014-05-28T16:06:30.904+0900: 13453.937: [ParNew: 21950517K->2516544K(22649280K), 1.1650500 secs] 29158332K->9757579K(47815104K), 1.1682350 secs] [Times: user=20.66 sys=0.00, real=1.17 secs] 
2014-05-28T16:06:56.335+0900: 13479.368: [GC2014-05-28T16:06:56.338+0900: 13479.371: [ParNew: 22649280K->2116421K(22649280K), 1.4128860 secs] 29890315K->10456330K(47815104K), 1.4163700 secs] [Times: user=20.61 sys=0.00, real=1.42 secs] 
2014-05-28T16:07:36.360+0900: 13519.393: [GC2014-05-28T16:07:36.361+0900: 13519.394: [ParNew: 22249157K->1903313K(22649280K), 0.9730280 secs] 30589066K->10243223K(47815104K), 0.9755780 secs] [Times: user=17.38 sys=0.00, real=0.98 secs] 
2014-05-28T16:07:57.277+0900: 13540.310: [GC2014-05-28T16:07:57.279+0900: 13540.312: [ParNew: 22036049K->2516544K(22649280K), 1.1823760 secs] 30375959K->10867464K(47815104K), 1.1849970 secs] [Times: user=21.11 sys=0.00, real=1.18 secs] 
2014-05-28T16:08:40.492+0900: 13583.525: [GC2014-05-28T16:08:40.494+0900: 13583.527: [ParNew: 22649280K->2101155K(22649280K), 1.1358350 secs] 31000200K->11639902K(47815104K), 1.1386740 secs] [Times: user=14.91 sys=0.00, real=1.14 secs] 
2014-05-28T16:09:09.655+0900: 13612.688: [GC2014-05-28T16:09:09.657+0900: 13612.690: [ParNew: 22233891K->2480278K(22649280K), 2.2891540 secs] 31772638K->12019025K(47815104K), 2.2923690 secs] [Times: user=40.97 sys=0.00, real=2.29 secs] 
2014-05-28T16:09:43.765+0900: 13646.798: [GC2014-05-28T16:09:43.768+0900: 13646.801: [ParNew: 22613014K->1991289K(22649280K), 1.2692220 secs] 32151761K->12578703K(47815104K), 1.2727460 secs] [Times: user=14.65 sys=0.00, real=1.27 secs] 
2014-05-28T16:10:22.173+0900: 13685.206: [GC2014-05-28T16:10:22.174+0900: 13685.207: [ParNew: 22124025K->2516544K(22649280K), 1.9794330 secs] 32711439K->13247719K(47815104K), 1.9818530 secs] [Times: user=34.83 sys=0.00, real=1.98 secs] 
2014-05-28T16:10:45.717+0900: 13708.750: [GC2014-05-28T16:10:45.719+0900: 13708.752: [ParNew: 22649280K->2064505K(22649280K), 1.5074480 secs] 33380455K->14308234K(47815104K), 1.5105680 secs] [Times: user=20.16 sys=0.02, real=1.51 secs] 
2014-05-28T16:11:25.673+0900: 13748.706: [GC2014-05-28T16:11:25.675+0900: 13748.708: [ParNew: 22197241K->1130702K(22649280K), 0.5816570 secs] 34440970K->13374432K(47815104K), 0.5851430 secs] [Times: user=10.33 sys=0.00, real=0.58 secs] 
2014-05-28T16:11:46.634+0900: 13769.667: [GC2014-05-28T16:11:46.635+0900: 13769.668: [ParNew: 21263438K->2201406K(22649280K), 0.5568840 secs] 33507168K->14445135K(47815104K), 0.5594810 secs] [Times: user=9.92 sys=0.00, real=0.56 secs] 
2014-05-28T16:12:26.637+0900: 13809.670: [GC2014-05-28T16:12:26.638+0900: 13809.671: [ParNew: 22334142K->1651930K(22649280K), 1.1293480 secs] 34577871K->14636975K(47815104K), 1.1318930 secs] [Times: user=17.22 sys=0.00, real=1.13 secs] 
2014-05-28T16:12:58.989+0900: 13842.022: [GC2014-05-28T16:12:58.991+0900: 13842.024: [ParNew: 21784666K->2516544K(22649280K), 1.4756690 secs] 34769711K->15516913K(47815104K), 1.4782450 secs] [Times: user=26.36 sys=0.00, real=1.48 secs] 
2014-05-28T16:13:34.328+0900: 13877.361: [GC2014-05-28T16:13:34.330+0900: 13877.363: [ParNew: 22649280K->2292439K(22649280K), 1.0350480 secs] 35649649K->16391397K(47815104K), 1.0382870 secs] [Times: user=14.10 sys=0.00, real=1.04 secs] 
2014-05-28T16:14:15.225+0900: 13918.258: [GC2014-05-28T16:14:15.227+0900: 13918.260: [ParNew: 22425175K->2482026K(22649280K), 3.8053230 secs] 36524133K->16580984K(47815104K), 3.8086760 secs] [Times: user=68.25 sys=0.00, real=3.81 secs] 
2014-05-28T16:14:50.647+0900: 13953.680: [GC2014-05-28T16:14:50.649+0900: 13953.682: [ParNew: 22614762K->2380448K(22649280K), 1.0064070 secs] 36713720K->17342805K(47815104K), 1.0091770 secs] [Times: user=13.84 sys=0.00, real=1.01 secs] 
2014-05-28T16:15:10.944+0900: 13973.977: [GC2014-05-28T16:15:10.946+0900: 13973.979: [ParNew: 22513184K->2303862K(22649280K), 1.0966160 secs] 37475541K->18244330K(47815104K), 1.0989410 secs] [Times: user=14.97 sys=0.00, real=1.10 secs] 
2014-05-28T16:15:37.313+0900: 14000.346: [GC2014-05-28T16:15:37.315+0900: 14000.348: [ParNew: 22436598K->2516544K(22649280K), 1.1305760 secs] 38377066K->18875614K(47815104K), 1.1330070 secs] [Times: user=18.16 sys=0.00, real=1.13 secs] 
2014-05-28T16:16:07.742+0900: 14030.775: [GC2014-05-28T16:16:07.745+0900: 14030.778: [ParNew: 22649280K->2221886K(22649280K), 1.1985730 secs] 39008350K->19623801K(47815104K), 1.2021110 secs] [Times: user=13.94 sys=0.00, real=1.20 secs] 
2014-05-28T16:16:43.747+0900: 14066.780: [GC2014-05-28T16:16:43.749+0900: 14066.782: [ParNew: 22354622K->1516847K(22649280K), 0.2720420 secs] 39756537K->18918763K(47815104K), 0.2755920 secs] [Times: user=4.76 sys=0.00, real=0.28 secs] 
2014-05-28T16:16:59.912+0900: 14082.945: [GC2014-05-28T16:16:59.914+0900: 14082.947: [ParNew: 21649583K->2516544K(22649280K), 0.6767260 secs] 39051499K->19943341K(47815104K), 0.6802590 secs] [Times: user=11.89 sys=0.00, real=0.68 secs] 
2014-05-28T16:17:34.908+0900: 14117.941: [GC2014-05-28T16:17:34.909+0900: 14117.942: [ParNew: 22649280K->2086303K(22649280K), 1.0368300 secs] 40076077K->20566050K(47815104K), 1.0396920 secs] [Times: user=10.87 sys=0.03, real=1.04 secs] 
2014-05-28T16:18:09.938+0900: 14152.971: [GC2014-05-28T16:18:09.940+0900: 14152.973: [ParNew: 22175026K->2516544K(22649280K), 0.8943580 secs] 40654773K->21002534K(47815104K), 0.8976260 secs] [Times: user=15.81 sys=0.00, real=0.90 secs] 
2014-05-28T16:18:31.586+0900: 14174.619: [GC2014-05-28T16:18:31.587+0900: 14174.620: [ParNew: 22649280K->2014586K(22649280K), 1.0482460 secs] 41135270K->21900135K(47815104K), 1.0509860 secs] [Times: user=12.87 sys=0.01, real=1.05 secs] 
2014-05-28T16:18:32.648+0900: 14175.681: [GC [1 CMS-initial-mark: 19885549K(25165824K)] 21900619K(47815104K), 0.8739480 secs] [Times: user=0.87 sys=0.00, real=0.87 secs] 
2014-05-28T16:18:33.523+0900: 14176.556: [CMS-concurrent-mark-start]
2014-05-28T16:18:34.055+0900: 14177.088: [CMS-concurrent-mark: 0.524/0.532 secs] [Times: user=4.35 sys=0.86, real=0.54 secs] 
2014-05-28T16:18:34.056+0900: 14177.089: [CMS-concurrent-preclean-start]
2014-05-28T16:18:34.123+0900: 14177.156: [CMS-concurrent-preclean: 0.066/0.067 secs] [Times: user=0.22 sys=0.10, real=0.06 secs] 
2014-05-28T16:18:34.123+0900: 14177.156: [CMS-concurrent-abortable-preclean-start]
 CMS: abort preclean due to time 2014-05-28T16:18:43.908+0900: 14186.941: [CMS-concurrent-abortable-preclean: 9.785/9.785 secs] [Times: user=25.30 sys=13.52, real=9.79 secs] 
2014-05-28T16:18:43.916+0900: 14186.949: [GC[YG occupancy: 7213357 K (22649280 K)]2014-05-28T16:18:43.917+0900: 14186.950: [Rescan (parallel) , 4.0999760 secs]2014-05-28T16:18:48.017+0900: 14191.050: [weak refs processing, 0.0010550 secs]2014-05-28T16:18:48.018+0900: 14191.051: [class unloading, 0.0078060 secs]2014-05-28T16:18:48.026+0900: 14191.059: [scrub symbol table, 0.0059340 secs]2014-05-28T16:18:48.032+0900: 14191.065: [scrub string table, 0.0007210 secs] [1 CMS-remark: 19885549K(25165824K)] 27098906K(47815104K), 4.1191450 secs] [Times: user=72.19 sys=0.00, real=4.12 secs] 
2014-05-28T16:18:48.036+0900: 14191.069: [CMS-concurrent-sweep-start]
2014-05-28T16:19:06.683+0900: 14209.716: [CMS-concurrent-sweep: 18.579/18.647 secs] [Times: user=53.12 sys=22.83, real=18.64 secs] 
2014-05-28T16:19:06.684+0900: 14209.717: [CMS-concurrent-reset-start]
2014-05-28T16:19:06.736+0900: 14209.769: [CMS-concurrent-reset: 0.052/0.052 secs] [Times: user=0.14 sys=0.05, real=0.05 secs] 
2014-05-28T16:19:17.445+0900: 14220.478: [GC2014-05-28T16:19:17.446+0900: 14220.479: [ParNew: 22147322K->977910K(22649280K), 0.1494660 secs] 24039918K->2870506K(47815104K), 0.1520130 secs] [Times: user=2.60 sys=0.00, real=0.15 secs] 
2014-05-28T16:19:37.386+0900: 14240.419: [GC2014-05-28T16:19:37.388+0900: 14240.421: [ParNew: 21110646K->2287990K(22649280K), 0.7390320 secs] 23003242K->4180586K(47815104K), 0.7422440 secs] [Times: user=13.17 sys=0.00, real=0.74 secs] 
2014-05-28T16:20:19.033+0900: 14282.066: [GC2014-05-28T16:20:19.035+0900: 14282.068: [ParNew: 22420726K->1888823K(22649280K), 1.0515970 secs] 24313322K->4580840K(47815104K), 1.0549890 secs] [Times: user=10.16 sys=0.04, real=1.05 secs] 
2014-05-28T16:20:45.381+0900: 14308.414: [GC2014-05-28T16:20:45.382+0900: 14308.415: [ParNew: 22021559K->2516544K(22649280K), 1.5265950 secs] 24713576K->5208608K(47815104K), 1.5291630 secs] [Times: user=27.33 sys=0.00, real=1.53 secs] 
2014-05-28T16:21:22.526+0900: 14345.559: [GC2014-05-28T16:21:22.529+0900: 14345.562: [ParNew: 22649280K->1885106K(22649280K), 1.2532960 secs] 25341344K->5675454K(47815104K), 1.2568400 secs] [Times: user=15.16 sys=0.00, real=1.26 secs] 
2014-05-28T16:21:58.648+0900: 14381.681: [GC2014-05-28T16:21:58.650+0900: 14381.683: [ParNew: 22017844K->2516544K(22649280K), 2.6564320 secs] 25808192K->6535923K(47815104K), 2.6598100 secs] [Times: user=46.64 sys=0.00, real=2.66 secs] 
2014-05-28T16:22:01.317+0900: 14384.350: [GC2014-05-28T16:22:01.317+0900: 14384.350: [ParNew: 2547547K->912062K(22649280K), 1.8502380 secs] 6566927K->7432558K(47815104K), 1.8522770 secs] [Times: user=18.90 sys=0.00, real=1.85 secs] 
2014-05-28T16:22:26.883+0900: 14409.916: [GC2014-05-28T16:22:26.885+0900: 14409.918: [ParNew: 21044798K->883577K(22649280K), 0.5266680 secs] 27565294K->7404073K(47815104K), 0.5301740 secs] [Times: user=9.34 sys=0.00, real=0.53 secs] 
2014-05-28T16:22:45.206+0900: 14428.239: [GC2014-05-28T16:22:45.208+0900: 14428.241: [ParNew: 21016313K->1937026K(22649280K), 0.4844400 secs] 27536809K->8457522K(47815104K), 0.4871320 secs] [Times: user=8.62 sys=0.00, real=0.49 secs] 
2014-05-28T16:23:20.702+0900: 14463.735: [GC2014-05-28T16:23:20.704+0900: 14463.737: [ParNew: 22069762K->1988587K(22649280K), 0.9167810 secs] 28590258K->9074838K(47815104K), 0.9203000 secs] [Times: user=11.99 sys=0.00, real=0.92 secs] 
2014-05-28T16:23:53.573+0900: 14496.606: [GC2014-05-28T16:23:53.575+0900: 14496.608: [ParNew: 22121323K->2516544K(22649280K), 4.4489440 secs] 29207574K->9939294K(47815104K), 4.4514740 secs] [Times: user=78.41 sys=0.00, real=4.46 secs] 
2014-05-28T16:24:21.544+0900: 14524.577: [GC2014-05-28T16:24:21.546+0900: 14524.579: [ParNew: 22649280K->2028039K(22649280K), 1.0366460 secs] 30072030K->10961313K(47815104K), 1.0392400 secs] [Times: user=12.01 sys=0.00, real=1.04 secs] 
2014-05-28T16:25:00.150+0900: 14563.183: [GC2014-05-28T16:25:00.152+0900: 14563.185: [ParNew: 22160775K->690926K(22649280K), 0.1680900 secs] 31094049K->9624201K(47815104K), 0.1716810 secs] [Times: user=2.90 sys=0.00, real=0.17 secs] 
2014-05-28T16:25:18.145+0900: 14581.178: [GC2014-05-28T16:25:18.147+0900: 14581.180: [ParNew: 20823662K->1778237K(22649280K), 0.5576190 secs] 29756937K->10711511K(47815104K), 0.5611800 secs] [Times: user=9.89 sys=0.00, real=0.57 secs] 
2014-05-28T16:25:56.376+0900: 14619.409: [GC2014-05-28T16:25:56.377+0900: 14619.410: [ParNew: 21910973K->1724576K(22649280K), 0.5587670 secs] 30844247K->11116229K(47815104K), 0.5612550 secs] [Times: user=7.80 sys=0.01, real=0.56 secs] 
2014-05-28T16:26:26.585+0900: 14649.618: [GC2014-05-28T16:26:26.588+0900: 14649.621: [ParNew: 21857312K->2516544K(22649280K), 2.1805070 secs] 31248965K->11908547K(47815104K), 2.1838000 secs] [Times: user=39.06 sys=0.00, real=2.19 secs] 
2014-05-28T16:26:59.943+0900: 14682.976: [GC2014-05-28T16:26:59.944+0900: 14682.977: [ParNew: 22649280K->1940040K(22649280K), 0.8914460 secs] 32041283K->12430283K(47815104K), 0.8940690 secs] [Times: user=11.06 sys=0.02, real=0.89 secs] 
2014-05-28T16:27:39.713+0900: 14722.746: [GC2014-05-28T16:27:39.714+0900: 14722.747: [ParNew: 22072776K->2516544K(22649280K), 0.7466750 secs] 32563019K->13024351K(47815104K), 0.7492860 secs] [Times: user=13.25 sys=0.00, real=0.75 secs] 
2014-05-28T16:28:02.079+0900: 14745.112: [GC2014-05-28T16:28:02.081+0900: 14745.114: [ParNew: 22649280K->2045275K(22649280K), 1.0825640 secs] 33157087K->13651830K(47815104K), 1.0853980 secs] [Times: user=14.44 sys=0.02, real=1.09 secs] 
2014-05-28T16:28:47.700+0900: 14790.733: [GC2014-05-28T16:28:47.702+0900: 14790.735: [ParNew: 22178011K->1499286K(22649280K), 0.2580250 secs] 33784566K->13105841K(47815104K), 0.2605320 secs] [Times: user=4.53 sys=0.00, real=0.26 secs] 
2014-05-28T16:29:08.042+0900: 14811.075: [GC2014-05-28T16:29:08.044+0900: 14811.077: [ParNew: 21632022K->2516544K(22649280K), 0.7339150 secs] 33238577K->14131795K(47815104K), 0.7365870 secs] [Times: user=13.03 sys=0.00, real=0.73 secs] 
2014-05-28T16:29:55.964+0900: 14858.997: [GC2014-05-28T16:29:55.965+0900: 14858.998: [ParNew: 22649280K->2124064K(22649280K), 0.2723910 secs] 34264531K->13748124K(47815104K), 0.2749360 secs] [Times: user=4.74 sys=0.01, real=0.28 secs] 
2014-05-28T16:30:18.000+0900: 14881.033: [GC2014-05-28T16:30:18.001+0900: 14881.034: [ParNew: 22256800K->2516544K(22649280K), 0.5767630 secs] 33880860K->14143837K(47815104K), 0.5791350 secs] [Times: user=10.24 sys=0.00, real=0.58 secs] 
2014-05-28T16:31:02.582+0900: 14925.615: [GC2014-05-28T16:31:02.585+0900: 14925.618: [ParNew: 22649280K->1950442K(22649280K), 1.1031110 secs] 34276573K->14673097K(47815104K), 1.1065520 secs] [Times: user=14.18 sys=0.00, real=1.11 secs] 
2014-05-28T16:31:31.129+0900: 14954.162: [GC2014-05-28T16:31:31.130+0900: 14954.163: [ParNew: 22083178K->2516544K(22649280K), 1.1108070 secs] 34805833K->15243732K(47815104K), 1.1131720 secs] [Times: user=19.83 sys=0.00, real=1.11 secs] 
2014-05-28T16:32:08.106+0900: 14991.139: [GC2014-05-28T16:32:08.108+0900: 14991.141: [ParNew: 22649280K->2099991K(22649280K), 0.8185250 secs] 35376468K->15824500K(47815104K), 0.8211520 secs] [Times: user=10.67 sys=0.00, real=0.82 secs] 
2014-05-28T16:32:44.452+0900: 15027.485: [GC2014-05-28T16:32:44.454+0900: 15027.487: [ParNew: 22232727K->2516544K(22649280K), 3.6349020 secs] 35957236K->16537074K(47815104K), 3.6375450 secs] [Times: user=64.03 sys=0.00, real=3.64 secs] 
2014-05-28T16:33:15.166+0900: 15058.199: [GC2014-05-28T16:33:15.167+0900: 15058.200: [ParNew: 22649280K->2112198K(22649280K), 1.1030550 secs] 36669810K->17682594K(47815104K), 1.1059740 secs] [Times: user=12.62 sys=0.00, real=1.11 secs] 
2014-05-28T16:34:02.446+0900: 15105.479: [GC2014-05-28T16:34:02.448+0900: 15105.481: [ParNew: 22244934K->1749978K(22649280K), 0.6155370 secs] 37815330K->17320374K(47815104K), 0.6180420 secs] [Times: user=10.93 sys=0.00, real=0.61 secs] 
2014-05-28T16:34:24.555+0900: 15127.588: [GC2014-05-28T16:34:24.556+0900: 15127.589: [ParNew: 21882714K->1565630K(22649280K), 0.8707340 secs] 37453110K->17711277K(47815104K), 0.8734010 secs] [Times: user=13.07 sys=0.00, real=0.87 secs] 
2014-05-28T16:35:08.781+0900: 15171.814: [GC2014-05-28T16:35:08.784+0900: 15171.817: [ParNew: 21698366K->1678276K(22649280K), 0.2611940 secs] 37844013K->17823923K(47815104K), 0.2647900 secs] [Times: user=4.56 sys=0.00, real=0.27 secs] 
2014-05-28T16:35:29.260+0900: 15192.293: [GC2014-05-28T16:35:29.263+0900: 15192.296: [ParNew: 21811012K->2516544K(22649280K), 0.7478330 secs] 37956659K->18680801K(47815104K), 0.7514980 secs] [Times: user=13.15 sys=0.00, real=0.75 secs] 
2014-05-28T16:36:06.931+0900: 15229.964: [GC2014-05-28T16:36:06.933+0900: 15229.966: [ParNew: 22649280K->2119688K(22649280K), 0.2579760 secs] 38813537K->18286955K(47815104K), 0.2613790 secs] [Times: user=4.50 sys=0.00, real=0.26 secs] 
2014-05-28T16:36:41.498+0900: 15264.531: [GC2014-05-28T16:36:41.500+0900: 15264.533: [ParNew: 22252424K->2516544K(22649280K), 2.1409520 secs] 38419691K->18684177K(47815104K), 2.1434990 secs] [Times: user=38.36 sys=0.00, real=2.15 secs] 
2014-05-28T16:37:17.914+0900: 15300.947: [GC2014-05-28T16:37:17.916+0900: 15300.949: [ParNew: 22649280K->1767484K(22649280K), 1.2770520 secs] 38816913K->19023272K(47815104K), 1.2793580 secs] [Times: user=17.40 sys=0.07, real=1.28 secs] 
2014-05-28T16:38:01.351+0900: 15344.384: [GC2014-05-28T16:38:01.353+0900: 15344.386: [ParNew: 21900220K->2516544K(22649280K), 2.5179060 secs] 39156008K->19962927K(47815104K), 2.5212100 secs] [Times: user=44.35 sys=0.00, real=2.53 secs] 
2014-05-28T16:38:28.052+0900: 15371.085: [GC2014-05-28T16:38:28.054+0900: 15371.087: [ParNew: 22649280K->2142944K(22649280K), 1.2732440 secs] 40095663K->21081846K(47815104K), 1.2766550 secs] [Times: user=15.71 sys=0.04, real=1.28 secs] 
2014-05-28T16:38:29.339+0900: 15372.372: [GC [1 CMS-initial-mark: 18938902K(25165824K)] 21082645K(47815104K), 0.7314860 secs] [Times: user=0.73 sys=0.00, real=0.73 secs] 
2014-05-28T16:38:30.072+0900: 15373.105: [CMS-concurrent-mark-start]
2014-05-28T16:38:30.682+0900: 15373.715: [CMS-concurrent-mark: 0.594/0.610 secs] [Times: user=4.70 sys=0.86, real=0.61 secs] 
2014-05-28T16:38:30.683+0900: 15373.716: [CMS-concurrent-preclean-start]
2014-05-28T16:38:30.750+0900: 15373.782: [CMS-concurrent-preclean: 0.066/0.067 secs] [Times: user=0.25 sys=0.09, real=0.07 secs] 
2014-05-28T16:38:30.750+0900: 15373.783: [CMS-concurrent-abortable-preclean-start]
 CMS: abort preclean due to time 2014-05-28T16:38:39.076+0900: 15382.109: [CMS-concurrent-abortable-preclean: 8.318/8.326 secs] [Times: user=23.97 sys=9.39, real=8.32 secs] 
2014-05-28T16:38:39.084+0900: 15382.117: [GC[YG occupancy: 9765092 K (22649280 K)]2014-05-28T16:38:39.085+0900: 15382.118: [Rescan (parallel) , 3.3401690 secs]2014-05-28T16:38:42.426+0900: 15385.459: [weak refs processing, 0.0010040 secs]2014-05-28T16:38:42.427+0900: 15385.460: [class unloading, 0.0079770 secs]2014-05-28T16:38:42.435+0900: 15385.468: [scrub symbol table, 0.0060620 secs]2014-05-28T16:38:42.441+0900: 15385.474: [scrub string table, 0.0007270 secs] [1 CMS-remark: 18938902K(25165824K)] 28703995K(47815104K), 3.3596720 secs] [Times: user=58.83 sys=0.00, real=3.36 secs] 
2014-05-28T16:38:42.445+0900: 15385.478: [CMS-concurrent-sweep-start]
2014-05-28T16:38:50.506+0900: 15393.539: [GC2014-05-28T16:38:50.507+0900: 15393.540: [ParNew: 22275680K->2119285K(22649280K), 0.6107500 secs] 33284407K->13128013K(47815104K), 0.6133250 secs] [Times: user=10.85 sys=0.00, real=0.62 secs] 
2014-05-28T16:39:01.358+0900: 15404.391: [CMS-concurrent-sweep: 18.139/18.912 secs] [Times: user=62.39 sys=23.63, real=18.91 secs] 
2014-05-28T16:39:01.358+0900: 15404.391: [CMS-concurrent-reset-start]
2014-05-28T16:39:01.412+0900: 15404.445: [CMS-concurrent-reset: 0.053/0.053 secs] [Times: user=0.12 sys=0.07, real=0.06 secs] 
2014-05-28T16:39:19.867+0900: 15422.900: [GC2014-05-28T16:39:19.870+0900: 15422.902: [ParNew: 22252021K->2516544K(22649280K), 2.8445900 secs] 24325007K->5215751K(47815104K), 2.8479400 secs] [Times: user=48.46 sys=0.00, real=2.85 secs] 
2014-05-28T16:39:48.386+0900: 15451.419: [GC2014-05-28T16:39:48.388+0900: 15451.421: [ParNew: 22649280K->2206989K(22649280K), 1.1418580 secs] 25348487K->6007253K(47815104K), 1.1444930 secs] [Times: user=13.68 sys=0.00, real=1.15 secs] 
2014-05-28T16:40:24.958+0900: 15487.991: [GC2014-05-28T16:40:24.959+0900: 15487.992: [ParNew: 22339725K->1623695K(22649280K), 0.2034800 secs] 26139989K->5423960K(47815104K), 0.2064280 secs] [Times: user=3.56 sys=0.00, real=0.21 secs] 
2014-05-28T16:40:56.516+0900: 15519.549: [GC2014-05-28T16:40:56.518+0900: 15519.551: [ParNew: 21756431K->2516544K(22649280K), 1.5782780 secs] 25556696K->6388483K(47815104K), 1.5808350 secs] [Times: user=27.75 sys=0.00, real=1.58 secs] 
2014-05-28T16:41:17.844+0900: 15540.877: [GC2014-05-28T16:41:17.846+0900: 15540.879: [ParNew: 22649280K->2516544K(22649280K), 2.0353670 secs] 26521219K->7835591K(47815104K), 2.0383250 secs] [Times: user=26.60 sys=0.00, real=2.04 secs] 
2014-05-28T16:41:38.679+0900: 15561.712: [GC2014-05-28T16:41:38.681+0900: 15561.714: [ParNew: 22649280K->1882552K(22649280K), 1.2075350 secs] 27968327K->8069992K(47815104K), 1.2108660 secs] [Times: user=16.45 sys=0.00, real=1.21 secs] 
2014-05-28T16:41:59.683+0900: 15582.716: [GC2014-05-28T16:41:59.685+0900: 15582.718: [ParNew: 22015288K->2516544K(22649280K), 0.5907000 secs] 28202728K->8703986K(47815104K), 0.5934800 secs] [Times: user=10.52 sys=0.00, real=0.59 secs] 
2014-05-28T16:42:33.105+0900: 15616.138: [GC2014-05-28T16:42:33.107+0900: 15616.140: [ParNew: 22649280K->2161801K(22649280K), 0.9576140 secs] 28836722K->9377110K(47815104K), 0.9601820 secs] [Times: user=12.29 sys=0.00, real=0.96 secs] 
2014-05-28T16:43:06.988+0900: 15650.021: [GC2014-05-28T16:43:06.990+0900: 15650.023: [ParNew: 22294537K->2516544K(22649280K), 0.8637980 secs] 29509846K->9734317K(47815104K), 0.8664340 secs] [Times: user=15.40 sys=0.00, real=0.86 secs] 
2014-05-28T16:43:23.160+0900: 15666.193: [GC2014-05-28T16:43:23.161+0900: 15666.194: [ParNew: 22649280K->1849479K(22649280K), 0.9447760 secs] 29867053K->10165383K(47815104K), 0.9473720 secs] [Times: user=12.25 sys=0.00, real=0.95 secs] 
2014-05-28T16:43:56.335+0900: 15699.368: [GC2014-05-28T16:43:56.336+0900: 15699.369: [ParNew: 21982215K->1555735K(22649280K), 0.2547550 secs] 30298119K->9871638K(47815104K), 0.2572860 secs] [Times: user=4.47 sys=0.00, real=0.26 secs] 
2014-05-28T16:44:25.849+0900: 15728.882: [GC2014-05-28T16:44:25.850+0900: 15728.883: [ParNew: 21688471K->2516544K(22649280K), 3.4720680 secs] 30004374K->10832448K(47815104K), 3.4746680 secs] [Times: user=62.29 sys=0.00, real=3.48 secs] 
2014-05-28T16:44:57.950+0900: 15760.983: [GC2014-05-28T16:44:57.952+0900: 15760.985: [ParNew: 22649280K->1967028K(22649280K), 1.1345470 secs] 30965184K->11382375K(47815104K), 1.1369150 secs] [Times: user=15.88 sys=0.00, real=1.14 secs] 
2014-05-28T16:45:38.347+0900: 15801.380: [GC2014-05-28T16:45:38.348+0900: 15801.381: [ParNew: 22099764K->2043507K(22649280K), 0.4487660 secs] 31515111K->11458853K(47815104K), 0.4516330 secs] [Times: user=7.97 sys=0.00, real=0.45 secs] 
2014-05-28T16:45:56.180+0900: 15819.213: [GC2014-05-28T16:45:56.183+0900: 15819.216: [ParNew: 22176243K->2162905K(22649280K), 1.1311850 secs] 31591589K->12342793K(47815104K), 1.1347730 secs] [Times: user=14.93 sys=0.00, real=1.14 secs] 
2014-05-28T16:46:36.623+0900: 15859.656: [GC2014-05-28T16:46:36.625+0900: 15859.658: [ParNew: 22295641K->1755470K(22649280K), 0.5999290 secs] 32475529K->12269943K(47815104K), 0.6031600 secs] [Times: user=8.75 sys=0.01, real=0.60 secs] 
2014-05-28T16:47:02.060+0900: 15885.093: [GC2014-05-28T16:47:02.062+0900: 15885.095: [ParNew: 21888206K->2516544K(22649280K), 2.2072130 secs] 32402679K->13031061K(47815104K), 2.2097840 secs] [Times: user=39.57 sys=0.00, real=2.21 secs] 
2014-05-28T16:47:41.929+0900: 15924.962: [GC2014-05-28T16:47:41.931+0900: 15924.964: [ParNew: 22649280K->1893352K(22649280K), 1.3165520 secs] 33163797K->13506511K(47815104K), 1.3194420 secs] [Times: user=15.27 sys=0.01, real=1.32 secs] 
2014-05-28T16:48:16.554+0900: 15959.587: [GC2014-05-28T16:48:16.556+0900: 15959.589: [ParNew: 22026088K->2516544K(22649280K), 4.1710760 secs] 33639247K->14493194K(47815104K), 4.1736680 secs] [Times: user=73.32 sys=0.00, real=4.18 secs] 
2014-05-28T16:48:48.998+0900: 15992.031: [GC2014-05-28T16:48:49.000+0900: 15992.033: [ParNew: 22649280K->2109311K(22649280K), 1.1608690 secs] 34625930K->15636381K(47815104K), 1.1640300 secs] [Times: user=14.47 sys=0.04, real=1.17 secs] 
2014-05-28T16:49:30.047+0900: 16033.080: [GC2014-05-28T16:49:30.048+0900: 16033.081: [ParNew: 22242047K->1042850K(22649280K), 0.2798880 secs] 35769117K->14569920K(47815104K), 0.2824290 secs] [Times: user=4.92 sys=0.00, real=0.28 secs] 
2014-05-28T16:49:51.925+0900: 16054.958: [GC2014-05-28T16:49:51.927+0900: 16054.960: [ParNew: 21175586K->1854007K(22649280K), 0.6153880 secs] 34702656K->15381077K(47815104K), 0.6188410 secs] [Times: user=10.93 sys=0.00, real=0.62 secs] 
2014-05-28T16:50:36.114+0900: 16099.147: [GC2014-05-28T16:50:36.116+0900: 16099.149: [ParNew: 21986743K->1893975K(22649280K), 0.6146170 secs] 35513813K->15836886K(47815104K), 0.6179010 secs] [Times: user=7.80 sys=0.03, real=0.62 secs] 
2014-05-28T16:50:59.284+0900: 16122.317: [GC2014-05-28T16:50:59.286+0900: 16122.319: [ParNew: 22026711K->2516544K(22649280K), 0.5543840 secs] 35969622K->16461968K(47815104K), 0.5570130 secs] [Times: user=9.86 sys=0.00, real=0.56 secs] 
2014-05-28T16:51:42.773+0900: 16165.806: [GC2014-05-28T16:51:42.775+0900: 16165.808: [ParNew: 22649280K->1923873K(22649280K), 0.7679450 secs] 36594704K->16966071K(47815104K), 0.7705280 secs] [Times: user=9.35 sys=0.00, real=0.77 secs] 
2014-05-28T16:52:11.436+0900: 16194.469: [GC2014-05-28T16:52:11.437+0900: 16194.470: [ParNew: 22056609K->2508808K(22649280K), 1.8988840 secs] 37098807K->17551007K(47815104K), 1.9014140 secs] [Times: user=33.99 sys=0.00, real=1.90 secs] 
2014-05-28T16:52:49.430+0900: 16232.463: [GC2014-05-28T16:52:49.432+0900: 16232.465: [ParNew: 22641544K->1890087K(22649280K), 1.6538560 secs] 37683743K->17979221K(47815104K), 1.6567940 secs] [Times: user=20.68 sys=0.00, real=1.66 secs] 
2014-05-28T16:53:25.523+0900: 16268.556: [GC2014-05-28T16:53:25.525+0900: 16268.558: [ParNew: 22022823K->2516544K(22649280K), 3.1019050 secs] 38111957K->18853319K(47815104K), 3.1045180 secs] [Times: user=54.70 sys=0.00, real=3.10 secs] 
2014-05-28T16:53:55.040+0900: 16298.073: [GC2014-05-28T16:53:55.041+0900: 16298.074: [ParNew: 22649280K->2181945K(22649280K), 1.3018510 secs] 38986055K->20066859K(47815104K), 1.3047830 secs] [Times: user=15.32 sys=0.01, real=1.30 secs] 
2014-05-28T16:54:37.363+0900: 16340.396: [GC2014-05-28T16:54:37.365+0900: 16340.398: [ParNew: 22314681K->1015065K(22649280K), 0.4673480 secs] 40199595K->18899980K(47815104K), 0.4706380 secs] [Times: user=8.28 sys=0.00, real=0.48 secs] 
2014-05-28T16:54:58.370+0900: 16361.403: [GC2014-05-28T16:54:58.371+0900: 16361.404: [ParNew: 21147801K->2175250K(22649280K), 0.5201370 secs] 39032716K->20060164K(47815104K), 0.5224850 secs] [Times: user=9.27 sys=0.00, real=0.52 secs] 
2014-05-28T16:55:42.407+0900: 16405.440: [GC2014-05-28T16:55:42.409+0900: 16405.442: [ParNew: 22307986K->1949486K(22649280K), 1.1022870 secs] 40192900K->20461854K(47815104K), 1.1046840 secs] [Times: user=16.19 sys=0.00, real=1.10 secs] 
2014-05-28T16:56:05.160+0900: 16428.193: [GC2014-05-28T16:56:05.162+0900: 16428.195: [ParNew: 22082222K->2465064K(22649280K), 0.6530330 secs] 40594590K->20977433K(47815104K), 0.6562330 secs] [Times: user=11.60 sys=0.00, real=0.66 secs] 
2014-05-28T16:56:44.702+0900: 16467.735: [GC2014-05-28T16:56:44.704+0900: 16467.737: [ParNew: 22597800K->2049338K(22649280K), 1.1700940 secs] 41110169K->21661029K(47815104K), 1.1734640 secs] [Times: user=12.21 sys=0.00, real=1.18 secs] 
2014-05-28T16:56:45.888+0900: 16468.921: [GC [1 CMS-initial-mark: 19611690K(25165824K)] 21661069K(47815104K), 0.9905010 secs] [Times: user=0.99 sys=0.00, real=0.99 secs] 
2014-05-28T16:56:46.883+0900: 16469.916: [CMS-concurrent-mark-start]
2014-05-28T16:56:47.702+0900: 16470.735: [CMS-concurrent-mark: 0.799/0.819 secs] [Times: user=6.09 sys=1.30, real=0.82 secs] 
2014-05-28T16:56:47.702+0900: 16470.735: [CMS-concurrent-preclean-start]
2014-05-28T16:56:47.854+0900: 16470.887: [CMS-concurrent-preclean: 0.151/0.152 secs] [Times: user=0.55 sys=0.25, real=0.16 secs] 
2014-05-28T16:56:47.855+0900: 16470.888: [CMS-concurrent-abortable-preclean-start]
 CMS: abort preclean due to time 2014-05-28T16:57:02.163+0900: 16485.196: [CMS-concurrent-abortable-preclean: 14.308/14.308 secs] [Times: user=33.46 sys=16.22, real=14.30 secs] 
2014-05-28T16:57:02.172+0900: 16485.205: [GC[YG occupancy: 9176856 K (22649280 K)]2014-05-28T16:57:02.173+0900: 16485.206: [Rescan (parallel) , 5.5077440 secs]2014-05-28T16:57:07.681+0900: 16490.714: [weak refs processing, 0.0013960 secs]2014-05-28T16:57:07.682+0900: 16490.715: [class unloading, 0.0085270 secs]2014-05-28T16:57:07.691+0900: 16490.724: [scrub symbol table, 0.0054390 secs]2014-05-28T16:57:07.696+0900: 16490.729: [scrub string table, 0.0007680 secs] [1 CMS-remark: 19611690K(25165824K)] 28788546K(47815104K), 5.5280650 secs] [Times: user=96.88 sys=0.00, real=5.53 secs] 
2014-05-28T16:57:07.701+0900: 16490.734: [CMS-concurrent-sweep-start]
2014-05-28T16:57:18.812+0900: 16501.845: [GC2014-05-28T16:57:18.813+0900: 16501.846: [ParNew: 22182074K->2479243K(22649280K), 2.1080100 secs] 31635937K->11933105K(47815104K), 2.1103120 secs] [Times: user=37.78 sys=0.00, real=2.11 secs] 
2014-05-28T16:57:29.951+0900: 16512.984: [CMS-concurrent-sweep: 19.899/22.249 secs] [Times: user=97.06 sys=17.39, real=22.25 secs] 
2014-05-28T16:57:29.951+0900: 16512.984: [CMS-concurrent-reset-start]
2014-05-28T16:57:30.029+0900: 16513.062: [CMS-concurrent-reset: 0.078/0.078 secs] [Times: user=0.20 sys=0.12, real=0.07 secs] 
2014-05-28T16:57:54.618+0900: 16537.651: [GC2014-05-28T16:57:54.620+0900: 16537.653: [ParNew: 22611979K->1976262K(22649280K), 1.3148120 secs] 24204110K->4667087K(47815104K), 1.3177490 secs] [Times: user=13.88 sys=0.01, real=1.32 secs] 
2014-05-28T16:58:31.624+0900: 16574.657: [GC2014-05-28T16:58:31.625+0900: 16574.658: [ParNew: 22108998K->2516544K(22649280K), 2.2697620 secs] 24799823K->5346141K(47815104K), 2.2722820 secs] [Times: user=39.64 sys=0.00, real=2.27 secs] 
2014-05-28T16:58:59.099+0900: 16602.132: [GC2014-05-28T16:58:59.101+0900: 16602.134: [ParNew: 22649280K->2033519K(22649280K), 1.2094960 secs] 25478877K->6370693K(47815104K), 1.2123890 secs] [Times: user=13.72 sys=0.01, real=1.21 secs] 
2014-05-28T16:59:44.482+0900: 16647.515: [GC2014-05-28T16:59:44.485+0900: 16647.518: [ParNew: 22166255K->1661650K(22649280K), 0.5236500 secs] 26503429K->5998824K(47815104K), 0.5272800 secs] [Times: user=9.29 sys=0.00, real=0.53 secs] 
2014-05-28T17:00:06.751+0900: 16669.784: [GC2014-05-28T17:00:06.752+0900: 16669.785: [ParNew: 21794386K->2300843K(22649280K), 0.5930220 secs] 26131560K->6638017K(47815104K), 0.5955530 secs] [Times: user=10.56 sys=0.00, real=0.60 secs] 
2014-05-28T17:00:43.821+0900: 16706.854: [GC2014-05-28T17:00:43.822+0900: 16706.855: [ParNew: 22433579K->1887182K(22649280K), 0.9927010 secs] 26770753K->6908410K(47815104K), 0.9952110 secs] [Times: user=14.82 sys=0.00, real=0.99 secs] 
2014-05-28T17:01:09.608+0900: 16732.641: [GC2014-05-28T17:01:09.609+0900: 16732.642: [ParNew: 22019918K->2516544K(22649280K), 1.5944270 secs] 27041146K->7538050K(47815104K), 1.5967810 secs] [Times: user=28.54 sys=0.00, real=1.60 secs] 
2014-05-28T17:01:45.267+0900: 16768.300: [GC2014-05-28T17:01:45.269+0900: 16768.302: [ParNew: 22649280K->1875671K(22649280K), 0.9475990 secs] 27670786K->7996332K(47815104K), 0.9501330 secs] [Times: user=11.26 sys=0.00, real=0.95 secs] 
2014-05-28T17:02:22.177+0900: 16805.210: [GC2014-05-28T17:02:22.180+0900: 16805.213: [ParNew: 22008407K->2516544K(22649280K), 2.5316810 secs] 28129068K->8813127K(47815104K), 2.5349100 secs] [Times: user=44.64 sys=0.00, real=2.53 secs] 
2014-05-28T17:02:49.210+0900: 16832.243: [GC2014-05-28T17:02:49.213+0900: 16832.246: [ParNew: 22649280K->2039850K(22649280K), 1.4725070 secs] 28945863K->9843263K(47815104K), 1.4757010 secs] [Times: user=16.98 sys=0.01, real=1.47 secs] 
2014-05-28T17:03:28.359+0900: 16871.392: [GC2014-05-28T17:03:28.360+0900: 16871.393: [ParNew: 22172586K->1042980K(22649280K), 0.5360630 secs] 29975999K->8846393K(47815104K), 0.5386360 secs] [Times: user=9.52 sys=0.00, real=0.54 secs] 
2014-05-28T17:03:49.634+0900: 16892.667: [GC2014-05-28T17:03:49.636+0900: 16892.669: [ParNew: 21175716K->2128712K(22649280K), 0.5026900 secs] 28979129K->9932126K(47815104K), 0.5053440 secs] [Times: user=8.96 sys=0.00, real=0.51 secs] 
2014-05-28T17:04:33.276+0900: 16936.309: [GC2014-05-28T17:04:33.278+0900: 16936.311: [ParNew: 22261448K->1875007K(22649280K), 1.0423840 secs] 30064862K->10316567K(47815104K), 1.0459550 secs] [Times: user=13.76 sys=0.00, real=1.04 secs] 
2014-05-28T17:05:01.818+0900: 16964.851: [GC2014-05-28T17:05:01.820+0900: 16964.853: [ParNew: 22007743K->2516544K(22649280K), 0.9608970 secs] 30449303K->10958151K(47815104K), 0.9642020 secs] [Times: user=17.16 sys=0.00, real=0.97 secs] 
2014-05-28T17:05:37.288+0900: 17000.321: [GC2014-05-28T17:05:37.290+0900: 17000.323: [ParNew: 22649280K->1902367K(22649280K), 1.0286490 secs] 31090887K->11443861K(47815104K), 1.0313640 secs] [Times: user=13.02 sys=0.02, real=1.03 secs] 
2014-05-28T17:06:12.903+0900: 17035.936: [GC2014-05-28T17:06:12.906+0900: 17035.939: [ParNew: 22035103K->2516544K(22649280K), 4.9467530 secs] 31576597K->12451517K(47815104K), 4.9500230 secs] [Times: user=87.06 sys=0.00, real=4.95 secs] 
2014-05-28T17:06:46.818+0900: 17069.851: [GC2014-05-28T17:06:46.820+0900: 17069.853: [ParNew: 22649280K->2067430K(22649280K), 1.2635780 secs] 32584253K->13540344K(47815104K), 1.2667100 secs] [Times: user=16.19 sys=0.03, real=1.27 secs] 
2014-05-28T17:07:31.348+0900: 17114.381: [GC2014-05-28T17:07:31.351+0900: 17114.384: [ParNew: 22200166K->1717743K(22649280K), 0.6964270 secs] 33673080K->13190656K(47815104K), 0.6999810 secs] [Times: user=12.38 sys=0.00, real=0.70 secs] 
2014-05-28T17:07:53.178+0900: 17136.211: [GC2014-05-28T17:07:53.179+0900: 17136.212: [ParNew: 21850479K->1407807K(22649280K), 0.6956790 secs] 33323392K->13265746K(47815104K), 0.6983000 secs] [Times: user=10.67 sys=0.00, real=0.70 secs] 
2014-05-28T17:08:30.785+0900: 17173.818: [GC2014-05-28T17:08:30.786+0900: 17173.819: [ParNew: 21540543K->1756691K(22649280K), 0.2520030 secs] 33398482K->13614630K(47815104K), 0.2544970 secs] [Times: user=4.42 sys=0.00, real=0.25 secs] 
2014-05-28T17:08:54.440+0900: 17197.473: [GC2014-05-28T17:08:54.442+0900: 17197.475: [ParNew: 21889427K->2516544K(22649280K), 0.5528870 secs] 33747366K->14389385K(47815104K), 0.5555010 secs] [Times: user=9.79 sys=0.00, real=0.56 secs] 
2014-05-28T17:09:35.990+0900: 17239.023: [GC2014-05-28T17:09:35.992+0900: 17239.025: [ParNew: 22649280K->1896429K(22649280K), 0.3021800 secs] 34522121K->13775171K(47815104K), 0.3057770 secs] [Times: user=5.29 sys=0.00, real=0.31 secs] 
2014-05-28T17:10:05.997+0900: 17269.030: [GC2014-05-28T17:10:06.000+0900: 17269.033: [ParNew: 22029165K->2516544K(22649280K), 1.9500980 secs] 33907907K->14421466K(47815104K), 1.9534520 secs] [Times: user=34.77 sys=0.00, real=1.95 secs] 
2014-05-28T17:10:44.583+0900: 17307.616: [GC2014-05-28T17:10:44.584+0900: 17307.617: [ParNew: 22649280K->1862345K(22649280K), 0.9592370 secs] 34554202K->14762815K(47815104K), 0.9617780 secs] [Times: user=13.12 sys=0.04, real=0.96 secs] 
2014-05-28T17:11:21.282+0900: 17344.315: [GC2014-05-28T17:11:21.284+0900: 17344.316: [ParNew: 21995081K->2516544K(22649280K), 2.4721550 secs] 34895551K->15652399K(47815104K), 2.4747890 secs] [Times: user=43.39 sys=0.00, real=2.48 secs] 
2014-05-28T17:11:51.021+0900: 17374.054: [GC2014-05-28T17:11:51.022+0900: 17374.055: [ParNew: 22649280K->2193372K(22649280K), 1.1466160 secs] 35785135K->16896502K(47815104K), 1.1492750 secs] [Times: user=13.53 sys=0.02, real=1.15 secs] 
2014-05-28T17:12:35.929+0900: 17418.962: [GC2014-05-28T17:12:35.931+0900: 17418.964: [ParNew: 22326108K->1997289K(22649280K), 0.7707270 secs] 37029238K->16700419K(47815104K), 0.7739570 secs] [Times: user=13.72 sys=0.00, real=0.77 secs] 
2014-05-28T17:12:56.699+0900: 17439.732: [GC2014-05-28T17:12:56.701+0900: 17439.734: [ParNew: 22130025K->1770734K(22649280K), 1.1880340 secs] 36833155K->17143674K(47815104K), 1.1914970 secs] [Times: user=16.94 sys=0.00, real=1.20 secs] 
2014-05-28T17:13:35.015+0900: 17478.048: [GC2014-05-28T17:13:35.017+0900: 17478.050: [ParNew: 21903470K->1822846K(22649280K), 0.2531050 secs] 37276410K->17195786K(47815104K), 0.2563520 secs] [Times: user=4.42 sys=0.00, real=0.26 secs] 
2014-05-28T17:14:02.087+0900: 17505.120: [GC2014-05-28T17:14:02.089+0900: 17505.122: [ParNew: 21955582K->2516544K(22649280K), 0.8573650 secs] 37328522K->17893499K(47815104K), 0.8597200 secs] [Times: user=15.30 sys=0.00, real=0.86 secs] 
2014-05-28T17:14:37.878+0900: 17540.911: [GC2014-05-28T17:14:37.881+0900: 17540.914: [ParNew: 22649280K->1981346K(22649280K), 1.3443780 secs] 38026235K->18456806K(47815104K), 1.3478420 secs] [Times: user=16.01 sys=0.00, real=1.35 secs] 
2014-05-28T17:15:16.449+0900: 17579.482: [GC2014-05-28T17:15:16.452+0900: 17579.484: [ParNew: 22114082K->2516544K(22649280K), 3.5744170 secs] 38589542K->19213304K(47815104K), 3.5776520 secs] [Times: user=63.23 sys=0.00, real=3.58 secs] 
2014-05-28T17:15:45.376+0900: 17608.409: [GC2014-05-28T17:15:45.378+0900: 17608.411: [ParNew: 22649280K->2077288K(22649280K), 1.2761440 secs] 39346040K->20255739K(47815104K), 1.2786830 secs] [Times: user=17.06 sys=0.01, real=1.28 secs] 
2014-05-28T17:16:08.589+0900: 17631.622: [GC2014-05-28T17:16:08.591+0900: 17631.624: [ParNew: 22210024K->1977034K(22649280K), 0.8808880 secs] 40388475K->20155485K(47815104K), 0.8834940 secs] [Times: user=15.76 sys=0.00, real=0.88 secs] 
2014-05-28T17:16:41.516+0900: 17664.549: [GC2014-05-28T17:16:41.517+0900: 17664.550: [ParNew: 22109770K->2407863K(22649280K), 1.0265570 secs] 40288221K->21193651K(47815104K), 1.0291270 secs] [Times: user=15.99 sys=0.00, real=1.03 secs] 
2014-05-28T17:16:58.546+0900: 17681.579: [GC2014-05-28T17:16:58.548+0900: 17681.581: [ParNew: 22540599K->1930009K(22649280K), 0.8680730 secs] 41326387K->21624611K(47815104K), 0.8707320 secs] [Times: user=11.90 sys=0.00, real=0.87 secs] 
2014-05-28T17:16:59.425+0900: 17682.458: [GC [1 CMS-initial-mark: 19694602K(25165824K)] 21624682K(47815104K), 1.0292320 secs] [Times: user=1.03 sys=0.00, real=1.03 secs] 
2014-05-28T17:17:00.456+0900: 17683.489: [CMS-concurrent-mark-start]
2014-05-28T17:17:02.261+0900: 17685.294: [CMS-concurrent-mark: 1.778/1.805 secs] [Times: user=13.50 sys=3.94, real=1.81 secs] 
2014-05-28T17:17:02.261+0900: 17685.294: [CMS-concurrent-preclean-start]
2014-05-28T17:17:02.330+0900: 17685.363: [CMS-concurrent-preclean: 0.068/0.068 secs] [Times: user=0.21 sys=0.18, real=0.07 secs] 
2014-05-28T17:17:02.330+0900: 17685.363: [CMS-concurrent-abortable-preclean-start]
 CMS: abort preclean due to time 2014-05-28T17:17:17.189+0900: 17700.222: [CMS-concurrent-abortable-preclean: 14.721/14.859 secs] [Times: user=44.63 sys=30.50, real=14.85 secs] 
2014-05-28T17:17:17.197+0900: 17700.230: [GC[YG occupancy: 12454819 K (22649280 K)]2014-05-28T17:17:17.198+0900: 17700.231: [Rescan (parallel) , 3.8428630 secs]2014-05-28T17:17:21.041+0900: 17704.074: [weak refs processing, 0.0009070 secs]2014-05-28T17:17:21.042+0900: 17704.075: [class unloading, 0.0077600 secs]2014-05-28T17:17:21.050+0900: 17704.083: [scrub symbol table, 0.0058090 secs]2014-05-28T17:17:21.056+0900: 17704.089: [scrub string table, 0.0007260 secs] [1 CMS-remark: 19694602K(25165824K)] 32149422K(47815104K), 3.8617910 secs] [Times: user=67.77 sys=0.00, real=3.86 secs] 
2014-05-28T17:17:21.060+0900: 17704.093: [CMS-concurrent-sweep-start]
2014-05-28T17:17:29.894+0900: 17712.927: [GC2014-05-28T17:17:29.896+0900: 17712.929: [ParNew: 22062745K->2516544K(22649280K), 2.2848340 secs] 33248809K->14125080K(47815104K), 2.2876820 secs] [Times: user=38.08 sys=0.00, real=2.28 secs] 
2014-05-28T17:17:41.546+0900: 17724.579: [CMS-concurrent-sweep: 17.989/20.486 secs] [Times: user=105.94 sys=33.19, real=20.48 secs] 
2014-05-28T17:17:41.547+0900: 17724.580: [CMS-concurrent-reset-start]
2014-05-28T17:17:41.601+0900: 17724.634: [CMS-concurrent-reset: 0.054/0.054 secs] [Times: user=0.17 sys=0.11, real=0.05 secs] 
2014-05-28T17:17:50.388+0900: 17733.421: [GC2014-05-28T17:17:50.389+0900: 17733.422: [ParNew: 22649280K->2336482K(22649280K), 1.6750800 secs] 26680246K->7898799K(47815104K), 1.6774670 secs] [Times: user=19.68 sys=0.00, real=1.68 secs] 
2014-05-28T17:18:03.254+0900: 17746.287: [GC2014-05-28T17:18:03.256+0900: 17746.289: [ParNew: 22469218K->2244880K(22649280K), 0.7744350 secs] 28031535K->7807196K(47815104K), 0.7779840 secs] [Times: user=13.79 sys=0.00, real=0.78 secs] 
2014-05-28T17:18:34.768+0900: 17777.801: [GC2014-05-28T17:18:34.770+0900: 17777.803: [ParNew: 22377616K->1930110K(22649280K), 0.8610340 secs] 27939932K->8110457K(47815104K), 0.8636490 secs] [Times: user=12.56 sys=0.00, real=0.86 secs] 
2014-05-28T17:19:05.915+0900: 17808.948: [GC2014-05-28T17:19:05.917+0900: 17808.950: [ParNew: 22062846K->1549553K(22649280K), 0.3513220 secs] 28243193K->7729900K(47815104K), 0.3549070 secs] [Times: user=6.19 sys=0.00, real=0.36 secs] 
2014-05-28T17:19:24.532+0900: 17827.565: [GC2014-05-28T17:19:24.535+0900: 17827.568: [ParNew: 21682289K->1680369K(22649280K), 1.1680750 secs] 27862636K->8918791K(47815104K), 1.1715660 secs] [Times: user=16.26 sys=0.00, real=1.17 secs] 
2014-05-28T17:19:51.105+0900: 17854.138: [GC2014-05-28T17:19:51.106+0900: 17854.139: [ParNew: 21813105K->2203537K(22649280K), 0.5844210 secs] 29051527K->9441960K(47815104K), 0.5869970 secs] [Times: user=10.38 sys=0.00, real=0.58 secs] 
2014-05-28T17:20:08.042+0900: 17871.075: [GC2014-05-28T17:20:08.044+0900: 17871.077: [ParNew: 22336273K->1968769K(22649280K), 0.8826650 secs] 29574696K->10132063K(47815104K), 0.8854160 secs] [Times: user=11.81 sys=0.00, real=0.89 secs] 
2014-05-28T17:20:36.078+0900: 17899.111: [GC2014-05-28T17:20:36.080+0900: 17899.113: [ParNew: 22101505K->2516544K(22649280K), 4.0623870 secs] 30264799K->11161922K(47815104K), 4.0648120 secs] [Times: user=70.77 sys=0.00, real=4.07 secs] 
2014-05-28T17:21:03.712+0900: 17926.745: [GC2014-05-28T17:21:03.713+0900: 17926.746: [ParNew: 22649280K->2180455K(22649280K), 1.0755860 secs] 31294658K->12346892K(47815104K), 1.0779900 secs] [Times: user=12.56 sys=0.03, real=1.08 secs] 
2014-05-28T17:21:22.599+0900: 17945.632: [GC2014-05-28T17:21:22.601+0900: 17945.634: [ParNew: 22313191K->1849364K(22649280K), 0.4623250 secs] 32479628K->12015800K(47815104K), 0.4648440 secs] [Times: user=8.22 sys=0.00, real=0.46 secs] 
2014-05-28T17:21:49.356+0900: 17972.389: [GC2014-05-28T17:21:49.357+0900: 17972.390: [ParNew: 21982100K->2516544K(22649280K), 1.0522570 secs] 32148536K->13248461K(47815104K), 1.0549440 secs] [Times: user=16.40 sys=0.00, real=1.05 secs] 
2014-05-28T17:22:04.767+0900: 17987.800: [GC2014-05-28T17:22:04.768+0900: 17987.801: [ParNew: 22649280K->1957694K(22649280K), 0.9195790 secs] 33381197K->13666732K(47815104K), 0.9222390 secs] [Times: user=12.15 sys=0.00, real=0.92 secs] 
2014-05-28T17:22:36.368+0900: 18019.401: [GC2014-05-28T17:22:36.369+0900: 18019.402: [ParNew: 22090430K->1794959K(22649280K), 0.2161660 secs] 33799468K->13503997K(47815104K), 0.2188280 secs] [Times: user=3.80 sys=0.00, real=0.22 secs] 
2014-05-28T17:23:06.241+0900: 18049.274: [GC2014-05-28T17:23:06.242+0900: 18049.275: [ParNew: 21927695K->2516544K(22649280K), 0.7873280 secs] 33636733K->14260495K(47815104K), 0.7899810 secs] [Times: user=13.92 sys=0.00, real=0.79 secs] 
2014-05-28T17:23:22.628+0900: 18065.661: [GC2014-05-28T17:23:22.630+0900: 18065.663: [ParNew: 22649280K->2134896K(22649280K), 1.2247920 secs] 34393231K->15098257K(47815104K), 1.2276930 secs] [Times: user=15.48 sys=0.00, real=1.23 secs] 
2014-05-28T17:23:57.727+0900: 18100.760: [GC2014-05-28T17:23:57.728+0900: 18100.761: [ParNew: 22267632K->1591159K(22649280K), 0.2915910 secs] 35230993K->14554519K(47815104K), 0.2942830 secs] [Times: user=5.09 sys=0.01, real=0.30 secs] 
2014-05-28T17:24:23.880+0900: 18126.913: [GC2014-05-28T17:24:23.881+0900: 18126.914: [ParNew: 21723895K->2491145K(22649280K), 2.6878610 secs] 34687255K->15454506K(47815104K), 2.6905050 secs] [Times: user=48.18 sys=0.00, real=2.69 secs] 
2014-05-28T17:24:54.454+0900: 18157.487: [GC2014-05-28T17:24:54.456+0900: 18157.489: [ParNew: 22623881K->2002992K(22649280K), 1.0782690 secs] 35587242K->16080376K(47815104K), 1.0808670 secs] [Times: user=14.76 sys=0.05, real=1.08 secs] 
2014-05-28T17:25:34.598+0900: 18197.631: [GC2014-05-28T17:25:34.600+0900: 18197.633: [ParNew: 22135728K->2062724K(22649280K), 0.4792730 secs] 36213112K->16140108K(47815104K), 0.4817420 secs] [Times: user=8.52 sys=0.00, real=0.48 secs] 
2014-05-28T17:25:52.583+0900: 18215.616: [GC2014-05-28T17:25:52.585+0900: 18215.618: [ParNew: 22195460K->1946292K(22649280K), 0.8215740 secs] 36272844K->16810046K(47815104K), 0.8242100 secs] [Times: user=11.57 sys=0.00, real=0.82 secs] 
2014-05-28T17:26:37.660+0900: 18260.693: [GC2014-05-28T17:26:37.661+0900: 18260.694: [ParNew: 22079028K->1899604K(22649280K), 0.4288920 secs] 36942782K->17076189K(47815104K), 0.4313640 secs] [Times: user=6.36 sys=0.01, real=0.43 secs] 
2014-05-28T17:26:58.616+0900: 18281.649: [GC2014-05-28T17:26:58.618+0900: 18281.651: [ParNew: 22032340K->2516544K(22649280K), 0.5467150 secs] 37208925K->17697666K(47815104K), 0.5493880 secs] [Times: user=9.72 sys=0.00, real=0.55 secs] 
2014-05-28T17:27:42.031+0900: 18325.064: [GC2014-05-28T17:27:42.033+0900: 18325.066: [ParNew: 22649280K->1827711K(22649280K), 1.0269030 secs] 37830402K->18102969K(47815104K), 1.0298040 secs] [Times: user=11.69 sys=0.01, real=1.03 secs] 
2014-05-28T17:28:10.866+0900: 18353.899: [GC2014-05-28T17:28:10.867+0900: 18353.900: [ParNew: 21960447K->2516544K(22649280K), 1.8295110 secs] 38235705K->18798905K(47815104K), 1.8321040 secs] [Times: user=32.71 sys=0.00, real=1.83 secs] 
2014-05-28T17:28:40.822+0900: 18383.855: [GC2014-05-28T17:28:40.825+0900: 18383.857: [ParNew: 22649280K->1853283K(22649280K), 1.2252740 secs] 38931641K->19172897K(47815104K), 1.2287590 secs] [Times: user=15.26 sys=0.00, real=1.23 secs] 
2014-05-28T17:29:22.644+0900: 18425.677: [GC2014-05-28T17:29:22.645+0900: 18425.678: [ParNew: 21986019K->2372484K(22649280K), 0.6536710 secs] 39305633K->19692098K(47815104K), 0.6562040 secs] [Times: user=11.63 sys=0.00, real=0.65 secs] 
2014-05-28T17:29:44.517+0900: 18447.550: [GC2014-05-28T17:29:44.519+0900: 18447.552: [ParNew: 22505220K->1939281K(22649280K), 0.9534170 secs] 39824834K->20121622K(47815104K), 0.9560180 secs] [Times: user=13.65 sys=0.00, real=0.96 secs] 
2014-05-28T17:30:30.764+0900: 18493.797: [GC2014-05-28T17:30:30.765+0900: 18493.798: [ParNew: 22072017K->1979499K(22649280K), 0.4328250 secs] 40254358K->20459112K(47815104K), 0.4354050 secs] [Times: user=6.43 sys=0.01, real=0.43 secs] 
2014-05-28T17:30:51.660+0900: 18514.693: [GC2014-05-28T17:30:51.662+0900: 18514.695: [ParNew: 22112235K->2516544K(22649280K), 0.8522700 secs] 40591848K->20996523K(47815104K), 0.8552440 secs] [Times: user=15.15 sys=0.00, real=0.86 secs] 
2014-05-28T17:31:36.345+0900: 18559.378: [GC2014-05-28T17:31:36.347+0900: 18559.380: [ParNew: 22649280K->2153387K(22649280K), 0.2627370 secs] 41129259K->20634073K(47815104K), 0.2652760 secs] [Times: user=4.59 sys=0.00, real=0.27 secs] 
2014-05-28T17:32:00.677+0900: 18583.710: [GC2014-05-28T17:32:00.678+0900: 18583.711: [ParNew: 22286123K->2516544K(22649280K), 0.5684380 secs] 40766809K->20999054K(47815104K), 0.5710830 secs] [Times: user=10.12 sys=0.00, real=0.57 secs] 
2014-05-28T17:32:42.537+0900: 18625.570: [GC2014-05-28T17:32:42.539+0900: 18625.572: [ParNew: 22649280K->2054052K(22649280K), 0.9194690 secs] 41131790K->21633920K(47815104K), 0.9220710 secs] [Times: user=11.89 sys=0.03, real=0.92 secs] 
2014-05-28T17:32:43.468+0900: 18626.501: [GC [1 CMS-initial-mark: 19579868K(25165824K)] 21634715K(47815104K), 0.8171810 secs] [Times: user=0.82 sys=0.00, real=0.82 secs] 
2014-05-28T17:32:44.286+0900: 18627.319: [CMS-concurrent-mark-start]
2014-05-28T17:32:44.777+0900: 18627.810: [CMS-concurrent-mark: 0.474/0.491 secs] [Times: user=3.72 sys=0.77, real=0.49 secs] 
2014-05-28T17:32:44.777+0900: 18627.810: [CMS-concurrent-preclean-start]
2014-05-28T17:32:44.845+0900: 18627.878: [CMS-concurrent-preclean: 0.067/0.068 secs] [Times: user=0.26 sys=0.12, real=0.07 secs] 
2014-05-28T17:32:44.846+0900: 18627.879: [CMS-concurrent-abortable-preclean-start]
 CMS: abort preclean due to time 2014-05-28T17:32:58.480+0900: 18641.513: [CMS-concurrent-abortable-preclean: 13.608/13.634 secs] [Times: user=30.67 sys=12.98, real=13.63 secs] 
2014-05-28T17:32:58.488+0900: 18641.521: [GC[YG occupancy: 8290872 K (22649280 K)]2014-05-28T17:32:58.489+0900: 18641.522: [Rescan (parallel) , 2.9000390 secs]2014-05-28T17:33:01.389+0900: 18644.422: [weak refs processing, 0.0009680 secs]2014-05-28T17:33:01.390+0900: 18644.423: [class unloading, 0.0082060 secs]2014-05-28T17:33:01.398+0900: 18644.431: [scrub symbol table, 0.0060510 secs]2014-05-28T17:33:01.404+0900: 18644.437: [scrub string table, 0.0007060 secs] [1 CMS-remark: 19579868K(25165824K)] 27870741K(47815104K), 2.9197250 secs] [Times: user=51.19 sys=0.00, real=2.92 secs] 
2014-05-28T17:33:01.409+0900: 18644.442: [CMS-concurrent-sweep-start]
2014-05-28T17:33:18.650+0900: 18661.683: [GC2014-05-28T17:33:18.652+0900: 18661.685: [ParNew: 22186788K->2480143K(22649280K), 2.2359840 secs] 24610519K->4903874K(47815104K), 2.2388580 secs] [Times: user=40.09 sys=0.00, real=2.24 secs] 
2014-05-28T17:33:22.612+0900: 18665.645: [CMS-concurrent-sweep: 18.786/21.202 secs] [Times: user=90.41 sys=12.53, real=21.20 secs] 
2014-05-28T17:33:22.612+0900: 18665.645: [CMS-concurrent-reset-start]
2014-05-28T17:33:22.666+0900: 18665.699: [CMS-concurrent-reset: 0.054/0.054 secs] [Times: user=0.19 sys=0.04, real=0.06 secs] 
2014-05-28T17:33:48.698+0900: 18691.731: [GC2014-05-28T17:33:48.700+0900: 18691.733: [ParNew: 22612879K->2516544K(22649280K), 1.7406530 secs] 24213792K->5160547K(47815104K), 1.7439250 secs] [Times: user=23.98 sys=0.00, real=1.75 secs] 
2014-05-28T17:34:07.195+0900: 18710.228: [GC2014-05-28T17:34:07.197+0900: 18710.230: [ParNew: 22649280K->2091934K(22649280K), 1.4412330 secs] 25293283K->6025419K(47815104K), 1.4439150 secs] [Times: user=17.29 sys=0.06, real=1.44 secs] 
2014-05-28T17:34:44.473+0900: 18747.506: [GC2014-05-28T17:34:44.475+0900: 18747.508: [ParNew: 22224670K->1406125K(22649280K), 0.2333390 secs] 26158155K->5339611K(47815104K), 0.2358620 secs] [Times: user=4.09 sys=0.00, real=0.24 secs] 
2014-05-28T17:35:09.636+0900: 18772.669: [GC2014-05-28T17:35:09.638+0900: 18772.671: [ParNew: 21538861K->2516544K(22649280K), 2.6895780 secs] 25472347K->6458672K(47815104K), 2.6921980 secs] [Times: user=48.18 sys=0.00, real=2.69 secs] 
2014-05-28T17:35:42.815+0900: 18805.848: [GC2014-05-28T17:35:42.816+0900: 18805.849: [ParNew: 22649280K->1799811K(22649280K), 0.9033890 secs] 26591408K->6756642K(47815104K), 0.9059650 secs] [Times: user=11.30 sys=0.00, real=0.91 secs] 
2014-05-28T17:36:23.574+0900: 18846.607: [GC2014-05-28T17:36:23.576+0900: 18846.609: [ParNew: 21932547K->2516544K(22649280K), 0.9276510 secs] 26889378K->7513642K(47815104K), 0.9309570 secs] [Times: user=16.40 sys=0.00, real=0.94 secs] 
2014-05-28T17:36:48.814+0900: 18871.847: [GC2014-05-28T17:36:48.815+0900: 18871.848: [ParNew: 22649280K->2063632K(22649280K), 1.0841170 secs] 27646378K->8153776K(47815104K), 1.0868980 secs] [Times: user=13.84 sys=0.00, real=1.09 secs] 
2014-05-28T17:37:33.353+0900: 18916.386: [GC2014-05-28T17:37:33.355+0900: 18916.388: [ParNew: 22196368K->1558708K(22649280K), 0.2766270 secs] 28286512K->7648852K(47815104K), 0.2791970 secs] [Times: user=4.87 sys=0.00, real=0.28 secs] 
2014-05-28T17:37:54.631+0900: 18937.664: [GC2014-05-28T17:37:54.633+0900: 18937.666: [ParNew: 21691444K->2516544K(22649280K), 0.7063910 secs] 27781588K->8634072K(47815104K), 0.7099650 secs] [Times: user=12.38 sys=0.00, real=0.71 secs] 
2014-05-28T17:38:34.383+0900: 18977.416: [GC2014-05-28T17:38:34.386+0900: 18977.419: [ParNew: 22649280K->2137248K(22649280K), 1.1558590 secs] 28766808K->9368898K(47815104K), 1.1594800 secs] [Times: user=12.31 sys=0.01, real=1.16 secs] 
2014-05-28T17:39:04.295+0900: 19007.328: [GC2014-05-28T17:39:04.297+0900: 19007.330: [ParNew: 22269984K->2459401K(22649280K), 1.4325090 secs] 29501634K->9691051K(47815104K), 1.4351840 secs] [Times: user=25.64 sys=0.00, real=1.44 secs] 
2014-05-28T17:39:42.512+0900: 19045.545: [GC2014-05-28T17:39:42.514+0900: 19045.547: [ParNew: 22592137K->1794571K(22649280K), 1.1177160 secs] 29823787K->10103316K(47815104K), 1.1209560 secs] [Times: user=15.34 sys=0.00, real=1.12 secs] 
2014-05-28T17:40:17.664+0900: 19080.697: [GC2014-05-28T17:40:17.666+0900: 19080.699: [ParNew: 21927307K->2516544K(22649280K), 3.0045690 secs] 30236052K->10839122K(47815104K), 3.0079300 secs] [Times: user=53.81 sys=0.00, real=3.01 secs] 
2014-05-28T17:40:52.449+0900: 19115.482: [GC2014-05-28T17:40:52.450+0900: 19115.483: [ParNew: 22649280K->2024863K(22649280K), 1.1240310 secs] 30971858K->11238068K(47815104K), 1.1266030 secs] [Times: user=16.11 sys=0.01, real=1.13 secs] 
2014-05-28T17:41:31.841+0900: 19154.874: [GC2014-05-28T17:41:31.844+0900: 19154.877: [ParNew: 22157599K->2516544K(22649280K), 0.9938660 secs] 31370804K->11955485K(47815104K), 0.9971720 secs] [Times: user=16.79 sys=0.00, real=1.00 secs] 
2014-05-28T17:41:56.054+0900: 19179.087: [GC2014-05-28T17:41:56.056+0900: 19179.089: [ParNew: 22649280K->1998277K(22649280K), 0.9606430 secs] 32088221K->12540397K(47815104K), 0.9631800 secs] [Times: user=12.40 sys=0.00, real=0.97 secs] 
2014-05-28T17:42:42.068+0900: 19225.101: [GC2014-05-28T17:42:42.069+0900: 19225.102: [ParNew: 22131013K->1526074K(22649280K), 0.3174560 secs] 32673133K->12068195K(47815104K), 0.3203390 secs] [Times: user=5.55 sys=0.00, real=0.32 secs] 
2014-05-28T17:43:02.438+0900: 19245.471: [GC2014-05-28T17:43:02.439+0900: 19245.472: [ParNew: 21658810K->2516544K(22649280K), 0.5626690 secs] 32200931K->13067590K(47815104K), 0.5650390 secs] [Times: user=9.98 sys=0.00, real=0.56 secs] 
2014-05-28T17:43:46.926+0900: 19289.959: [GC2014-05-28T17:43:46.928+0900: 19289.961: [ParNew: 22649280K->1915600K(22649280K), 0.9169840 secs] 33200326K->13566029K(47815104K), 0.9195630 secs] [Times: user=11.59 sys=0.05, real=0.92 secs] 
2014-05-28T17:44:13.428+0900: 19316.461: [GC2014-05-28T17:44:13.430+0900: 19316.463: [ParNew: 22048336K->2516544K(22649280K), 0.6206070 secs] 33698765K->14167383K(47815104K), 0.6235420 secs] [Times: user=11.06 sys=0.00, real=0.62 secs] 
2014-05-28T17:44:51.044+0900: 19354.077: [GC2014-05-28T17:44:51.045+0900: 19354.078: [ParNew: 22649280K->2047969K(22649280K), 0.9441250 secs] 34300119K->14798150K(47815104K), 0.9467490 secs] [Times: user=12.42 sys=0.02, real=0.94 secs] 
2014-05-28T17:45:27.166+0900: 19390.199: [GC2014-05-28T17:45:27.168+0900: 19390.201: [ParNew: 22180705K->2516544K(22649280K), 2.5876780 secs] 34930886K->15472168K(47815104K), 2.5903220 secs] [Times: user=45.57 sys=0.00, real=2.59 secs] 
2014-05-28T17:45:54.986+0900: 19418.019: [GC2014-05-28T17:45:54.988+0900: 19418.021: [ParNew: 22649280K->2084867K(22649280K), 1.1610400 secs] 35604904K->16562113K(47815104K), 1.1639930 secs] [Times: user=14.89 sys=0.03, real=1.16 secs] 
2014-05-28T17:46:12.837+0900: 19435.870: [GC2014-05-28T17:46:12.839+0900: 19435.872: [ParNew: 22217603K->2166468K(22649280K), 0.5141380 secs] 36694849K->16643714K(47815104K), 0.5167280 secs] [Times: user=9.15 sys=0.00, real=0.52 secs] 
2014-05-28T17:46:51.952+0900: 19474.985: [GC2014-05-28T17:46:51.954+0900: 19474.987: [ParNew: 22299204K->1761794K(22649280K), 0.8461540 secs] 36776450K->16842295K(47815104K), 0.8497680 secs] [Times: user=10.65 sys=0.02, real=0.85 secs] 
2014-05-28T17:47:21.714+0900: 19504.747: [GC2014-05-28T17:47:21.716+0900: 19504.749: [ParNew: 21894530K->2516544K(22649280K), 4.2154920 secs] 36975031K->17927691K(47815104K), 4.2179900 secs] [Times: user=73.01 sys=0.00, real=4.22 secs] 
2014-05-28T17:47:46.022+0900: 19529.055: [GC2014-05-28T17:47:46.023+0900: 19529.056: [ParNew: 22649280K->2183888K(22649280K), 1.6829240 secs] 38060427K->19153386K(47815104K), 1.6856740 secs] [Times: user=17.63 sys=0.04, real=1.68 secs] 
2014-05-28T17:48:20.704+0900: 19563.737: [GC2014-05-28T17:48:20.706+0900: 19563.739: [ParNew: 22316624K->695096K(22649280K), 0.4227460 secs] 39286122K->17664594K(47815104K), 0.4261000 secs] [Times: user=7.48 sys=0.00, real=0.42 secs] 
2014-05-28T17:48:44.655+0900: 19587.688: [GC2014-05-28T17:48:44.656+0900: 19587.689: [ParNew: 20827832K->1675902K(22649280K), 1.2880370 secs] 37797330K->18645399K(47815104K), 1.2904060 secs] [Times: user=23.04 sys=0.00, real=1.29 secs] 
2014-05-28T17:49:22.283+0900: 19625.316: [GC2014-05-28T17:49:22.284+0900: 19625.317: [ParNew: 21808638K->1704752K(22649280K), 0.5082300 secs] 38778135K->19123402K(47815104K), 0.5107900 secs] [Times: user=7.24 sys=0.00, real=0.51 secs] 
2014-05-28T17:49:57.191+0900: 19660.224: [GC2014-05-28T17:49:57.193+0900: 19660.226: [ParNew: 21837488K->2516544K(22649280K), 5.0875190 secs] 39256138K->20367944K(47815104K), 5.0907430 secs] [Times: user=89.34 sys=0.00, real=5.09 secs] 
2014-05-28T17:50:31.027+0900: 19694.060: [GC2014-05-28T17:50:31.029+0900: 19694.062: [ParNew: 22649280K->2160930K(22649280K), 0.9999680 secs] 40500680K->21569076K(47815104K), 1.0026140 secs] [Times: user=11.60 sys=0.03, real=1.00 secs] 
2014-05-28T17:50:32.039+0900: 19695.072: [GC [1 CMS-initial-mark: 19408146K(25165824K)] 21570561K(47815104K), 0.5218900 secs] [Times: user=0.52 sys=0.00, real=0.52 secs] 
2014-05-28T17:50:32.562+0900: 19695.595: [CMS-concurrent-mark-start]
2014-05-28T17:50:33.353+0900: 19696.386: [CMS-concurrent-mark: 0.791/0.791 secs] [Times: user=6.09 sys=1.32, real=0.80 secs] 
2014-05-28T17:50:33.354+0900: 19696.387: [CMS-concurrent-preclean-start]
2014-05-28T17:50:33.422+0900: 19696.455: [CMS-concurrent-preclean: 0.068/0.068 secs] [Times: user=0.20 sys=0.09, real=0.06 secs] 
2014-05-28T17:50:33.422+0900: 19696.455: [CMS-concurrent-abortable-preclean-start]
 CMS: abort preclean due to time 2014-05-28T17:50:41.963+0900: 19704.996: [CMS-concurrent-abortable-preclean: 8.541/8.541 secs] [Times: user=19.80 sys=11.55, real=8.54 secs] 
2014-05-28T17:50:41.972+0900: 19705.005: [GC[YG occupancy: 7075593 K (22649280 K)]2014-05-28T17:50:41.973+0900: 19705.006: [Rescan (parallel) , 1.9851830 secs]2014-05-28T17:50:43.958+0900: 19706.991: [weak refs processing, 0.0010000 secs]2014-05-28T17:50:43.959+0900: 19706.992: [class unloading, 0.0078530 secs]2014-05-28T17:50:43.967+0900: 19707.000: [scrub symbol table, 0.0058760 secs]2014-05-28T17:50:43.973+0900: 19707.006: [scrub string table, 0.0007050 secs] [1 CMS-remark: 19408146K(25165824K)] 26483740K(47815104K), 2.0042760 secs] [Times: user=35.00 sys=0.00, real=2.01 secs] 
2014-05-28T17:50:43.977+0900: 19707.010: [CMS-concurrent-sweep-start]
2014-05-28T17:51:02.159+0900: 19725.192: [CMS-concurrent-sweep: 18.111/18.182 secs] [Times: user=45.63 sys=24.43, real=18.18 secs] 
2014-05-28T17:51:02.159+0900: 19725.192: [CMS-concurrent-reset-start]
2014-05-28T17:51:02.213+0900: 19725.246: [CMS-concurrent-reset: 0.053/0.053 secs] [Times: user=0.12 sys=0.08, real=0.05 secs] 
2014-05-28T17:51:12.826+0900: 19735.859: [GC2014-05-28T17:51:12.828+0900: 19735.861: [ParNew: 22293666K->1803155K(22649280K), 0.7214470 secs] 24638109K->4147598K(47815104K), 0.7251050 secs] [Times: user=12.83 sys=0.00, real=0.73 secs] 
2014-05-28T17:51:36.901+0900: 19759.934: [GC2014-05-28T17:51:36.903+0900: 19759.936: [ParNew: 21935891K->1523898K(22649280K), 0.5649170 secs] 24280334K->4224547K(47815104K), 0.5676290 secs] [Times: user=8.24 sys=0.01, real=0.57 secs] 
2014-05-28T17:52:13.947+0900: 19796.980: [GC2014-05-28T17:52:13.949+0900: 19796.982: [ParNew: 21656634K->1706104K(22649280K), 0.2559710 secs] 24357283K->4406754K(47815104K), 0.2585280 secs] [Times: user=4.50 sys=0.00, real=0.26 secs] 
2014-05-28T17:52:36.758+0900: 19819.791: [GC2014-05-28T17:52:36.760+0900: 19819.793: [ParNew: 21838840K->2516544K(22649280K), 0.5727750 secs] 24539490K->5217237K(47815104K), 0.5755220 secs] [Times: user=10.20 sys=0.00, real=0.58 secs] 
2014-05-28T17:53:14.742+0900: 19857.775: [GC2014-05-28T17:53:14.743+0900: 19857.776: [ParNew: 22649280K->1887614K(22649280K), 1.1855980 secs] 25349973K->5687857K(47815104K), 1.1884690 secs] [Times: user=11.33 sys=0.06, real=1.19 secs] 
2014-05-28T17:53:52.118+0900: 19895.151: [GC2014-05-28T17:53:52.120+0900: 19895.153: [ParNew: 22020350K->2516544K(22649280K), 4.7886340 secs] 25820593K->6678950K(47815104K), 4.7910500 secs] [Times: user=83.38 sys=0.00, real=4.79 secs] 
2014-05-28T17:54:23.772+0900: 19926.805: [GC2014-05-28T17:54:23.774+0900: 19926.807: [ParNew: 22649280K->2108586K(22649280K), 1.3386840 secs] 26811686K->7792160K(47815104K), 1.3413400 secs] [Times: user=17.25 sys=0.06, real=1.34 secs] 
2014-05-28T17:54:40.474+0900: 19943.507: [GC2014-05-28T17:54:40.476+0900: 19943.509: [ParNew: 22241322K->1791178K(22649280K), 0.4947320 secs] 27924896K->7474752K(47815104K), 0.4974240 secs] [Times: user=8.81 sys=0.00, real=0.50 secs] 
2014-05-28T17:55:16.254+0900: 19979.287: [GC2014-05-28T17:55:16.256+0900: 19979.289: [ParNew: 21923914K->1607969K(22649280K), 0.7534850 secs] 27607488K->7746987K(47815104K), 0.7569770 secs] [Times: user=10.50 sys=0.01, real=0.76 secs] 
2014-05-28T17:55:47.342+0900: 20010.374: [GC2014-05-28T17:55:47.343+0900: 20010.376: [ParNew: 21740705K->2516544K(22649280K), 0.9074530 secs] 27879723K->8700382K(47815104K), 0.9101290 secs] [Times: user=16.02 sys=0.00, real=0.91 secs] 
2014-05-28T17:56:10.324+0900: 20033.357: [GC2014-05-28T17:56:10.326+0900: 20033.359: [ParNew: 22649280K->2127251K(22649280K), 1.0089490 secs] 28833118K->9369872K(47815104K), 1.0116350 secs] [Times: user=12.54 sys=0.03, real=1.02 secs] 
2014-05-28T17:56:52.690+0900: 20075.723: [GC2014-05-28T17:56:52.691+0900: 20075.724: [ParNew: 22259987K->1529125K(22649280K), 0.2583960 secs] 29502608K->8771746K(47815104K), 0.2609620 secs] [Times: user=4.54 sys=0.00, real=0.26 secs] 
2014-05-28T17:57:12.699+0900: 20095.732: [GC2014-05-28T17:57:12.701+0900: 20095.734: [ParNew: 21661861K->2516544K(22649280K), 0.5581770 secs] 28904482K->9767566K(47815104K), 0.5609390 secs] [Times: user=9.90 sys=0.00, real=0.56 secs] 
2014-05-28T17:57:55.598+0900: 20138.631: [GC2014-05-28T17:57:55.600+0900: 20138.633: [ParNew: 22649280K->2016927K(22649280K), 0.2714280 secs] 29900302K->9281632K(47815104K), 0.2750480 secs] [Times: user=4.65 sys=0.00, real=0.28 secs] 
2014-05-28T17:58:22.713+0900: 20165.746: [GC2014-05-28T17:58:22.715+0900: 20165.748: [ParNew: 22149663K->2516544K(22649280K), 0.6922460 secs] 29414368K->9782079K(47815104K), 0.6956050 secs] [Times: user=12.33 sys=0.00, real=0.70 secs] 
2014-05-28T17:59:02.680+0900: 20205.713: [GC2014-05-28T17:59:02.683+0900: 20205.716: [ParNew: 22649280K->1933087K(22649280K), 0.9832200 secs] 29914815K->10298111K(47815104K), 0.9865060 secs] [Times: user=12.74 sys=0.05, real=0.99 secs] 
2014-05-28T17:59:34.224+0900: 20237.257: [GC2014-05-28T17:59:34.226+0900: 20237.259: [ParNew: 22065823K->2516544K(22649280K), 2.8203710 secs] 30430847K->10881613K(47815104K), 2.8234940 secs] [Times: user=50.56 sys=0.00, real=2.83 secs] 
2014-05-28T18:00:04.739+0900: 20267.772: [GC2014-05-28T18:00:04.741+0900: 20267.774: [ParNew: 22649280K->1844607K(22649280K), 1.1898290 secs] 31014349K->11144450K(47815104K), 1.1935320 secs] [Times: user=14.52 sys=0.02, real=1.20 secs] 
2014-05-28T18:00:48.439+0900: 20311.472: [GC2014-05-28T18:00:48.441+0900: 20311.474: [ParNew: 21977343K->2238100K(22649280K), 0.7758930 secs] 31277186K->11702527K(47815104K), 0.7786260 secs] [Times: user=10.92 sys=0.00, real=0.78 secs] 
2014-05-28T18:01:11.905+0900: 20334.938: [GC2014-05-28T18:01:11.907+0900: 20334.940: [ParNew: 22370836K->2005648K(22649280K), 0.9406980 secs] 31835263K->12260079K(47815104K), 0.9434880 secs] [Times: user=12.36 sys=0.00, real=0.94 secs] 
2014-05-28T18:01:44.956+0900: 20367.989: [GC2014-05-28T18:01:44.958+0900: 20367.991: [ParNew: 22138384K->1704735K(22649280K), 0.5005000 secs] 32392815K->12268650K(47815104K), 0.5033010 secs] [Times: user=6.90 sys=0.01, real=0.50 secs] 
2014-05-28T18:02:13.836+0900: 20396.869: [GC2014-05-28T18:02:13.837+0900: 20396.870: [ParNew: 21837471K->2516544K(22649280K), 2.4469210 secs] 32401386K->13089025K(47815104K), 2.4495910 secs] [Times: user=43.86 sys=0.00, real=2.45 secs] 
2014-05-28T18:02:43.865+0900: 20426.898: [GC2014-05-28T18:02:43.868+0900: 20426.901: [ParNew: 22649280K->1960687K(22649280K), 1.3767290 secs] 33221761K->13635685K(47815104K), 1.3799990 secs] [Times: user=16.72 sys=0.00, real=1.38 secs] 
2014-05-28T18:03:21.917+0900: 20464.950: [GC2014-05-28T18:03:21.919+0900: 20464.952: [ParNew: 22093423K->1555980K(22649280K), 0.2724250 secs] 33768421K->13230979K(47815104K), 0.2760120 secs] [Times: user=4.77 sys=0.00, real=0.28 secs] 
2014-05-28T18:03:38.167+0900: 20481.200: [GC2014-05-28T18:03:38.169+0900: 20481.202: [ParNew: 21688716K->2516544K(22649280K), 0.6662320 secs] 33363715K->14201143K(47815104K), 0.6693470 secs] [Times: user=11.80 sys=0.00, real=0.67 secs] 
2014-05-28T18:04:20.158+0900: 20523.191: [GC2014-05-28T18:04:20.160+0900: 20523.193: [ParNew: 22649280K->1905074K(22649280K), 1.1764370 secs] 34333879K->14672508K(47815104K), 1.1795180 secs] [Times: user=12.21 sys=0.02, real=1.18 secs] 
2014-05-28T18:04:45.143+0900: 20548.176: [GC2014-05-28T18:04:45.145+0900: 20548.178: [ParNew: 22037810K->2516544K(22649280K), 2.4196590 secs] 34805244K->15309854K(47815104K), 2.4223330 secs] [Times: user=43.29 sys=0.00, real=2.43 secs] 
2014-05-28T18:05:13.945+0900: 20576.978: [GC2014-05-28T18:05:13.947+0900: 20576.980: [ParNew: 22649280K->1855292K(22649280K), 0.9155600 secs] 35442590K->15747903K(47815104K), 0.9181160 secs] [Times: user=12.19 sys=0.00, real=0.92 secs] 
2014-05-28T18:05:49.689+0900: 20612.722: [GC2014-05-28T18:05:49.691+0900: 20612.724: [ParNew: 21988028K->1319770K(22649280K), 0.2539930 secs] 35880639K->15212380K(47815104K), 0.2570210 secs] [Times: user=4.46 sys=0.00, real=0.26 secs] 
2014-05-28T18:06:06.825+0900: 20629.858: [GC2014-05-28T18:06:06.826+0900: 20629.859: [ParNew: 21452506K->2516544K(22649280K), 0.7154630 secs] 35345116K->16440870K(47815104K), 0.7178080 secs] [Times: user=12.58 sys=0.00, real=0.72 secs] 
2014-05-28T18:06:40.320+0900: 20663.353: [GC2014-05-28T18:06:40.321+0900: 20663.354: [ParNew: 22649280K->2084042K(22649280K), 0.9275530 secs] 36573606K->17093736K(47815104K), 0.9304830 secs] [Times: user=11.78 sys=0.00, real=0.94 secs] 
2014-05-28T18:07:13.139+0900: 20696.172: [GC2014-05-28T18:07:13.140+0900: 20696.173: [ParNew: 22216778K->2516544K(22649280K), 0.8395970 secs] 37226472K->17532669K(47815104K), 0.8421950 secs] [Times: user=14.97 sys=0.00, real=0.84 secs] 
2014-05-28T18:07:33.077+0900: 20716.110: [GC2014-05-28T18:07:33.078+0900: 20716.111: [ParNew: 22649280K->1843203K(22649280K), 1.2236210 secs] 37665405K->17928881K(47815104K), 1.2264430 secs] [Times: user=14.77 sys=0.00, real=1.23 secs] 
2014-05-28T18:08:05.637+0900: 20748.670: [GC2014-05-28T18:08:05.639+0900: 20748.672: [ParNew: 21975939K->1582571K(22649280K), 0.2578390 secs] 38061617K->17668249K(47815104K), 0.2613570 secs] [Times: user=4.50 sys=0.00, real=0.26 secs] 
Heap
 par new generation   total 22649280K, used 5621860K [0x00007f06fc000000, 0x00007f0cfc000000, 0x00007f0cfc000000)
  eden space 20132736K,  20% used [0x00007f06fc000000, 0x00007f07f289e4e0, 0x00007f0bc8ce0000)
  from space 2516544K,  62% used [0x00007f0c62670000, 0x00007f0cc2feacd0, 0x00007f0cfc000000)
  to   space 2516544K,   0% used [0x00007f0bc8ce0000, 0x00007f0bc8ce0000, 0x00007f0c62670000)
 concurrent mark-sweep generation total 25165824K, used 16085678K [0x00007f0cfc000000, 0x00007f12fc000000, 0x00007f12fc000000)
 concurrent-mark-sweep perm gen total 262144K, used 56564K [0x00007f12fc000000, 0x00007f130c000000, 0x00007f131c000000)
