2014-05-28T12:22:41.390+0900: 24.385: [GC2014-05-28T12:22:41.390+0900: 24.385: [ParNew: 20132736K->1132381K(22649280K), 1.0993380 secs] 20132736K->1132381K(47815104K), 1.0996660 secs] [Times: user=7.10 sys=12.24, real=1.10 secs] 
2014-05-28T12:22:45.383+0900: 28.379: [GC2014-05-28T12:22:45.384+0900: 28.379: [ParNew: 21265117K->2206910K(22649280K), 0.6659760 secs] 21265117K->2206910K(47815104K), 0.6668780 secs] [Times: user=11.15 sys=0.64, real=0.66 secs] 
2014-05-28T12:22:54.067+0900: 37.062: [GC2014-05-28T12:22:54.069+0900: 37.064: [ParNew: 22339647K->2395308K(22649280K), 10.7959210 secs] 22339647K->3670186K(47815104K), 10.7987790 secs] [Times: user=48.09 sys=6.62, real=10.80 secs] 
2014-05-28T12:23:13.622+0900: 56.618: [GC2014-05-28T12:23:13.624+0900: 56.619: [ParNew: 22528044K->1730462K(22649280K), 1.2678930 secs] 23802922K->3005340K(47815104K), 1.2701990 secs] [Times: user=22.61 sys=0.06, real=1.27 secs] 
2014-05-28T12:23:35.164+0900: 78.159: [GC2014-05-28T12:23:35.166+0900: 78.162: [ParNew: 21863198K->2516544K(22649280K), 3.9731390 secs] 23138076K->3797281K(47815104K), 3.9769750 secs] [Times: user=71.20 sys=0.00, real=3.98 secs] 
2014-05-28T12:24:03.429+0900: 106.424: [GC2014-05-28T12:24:03.430+0900: 106.426: [ParNew: 22649280K->1897233K(22649280K), 1.2945200 secs] 23930017K->4191484K(47815104K), 1.2970590 secs] [Times: user=13.67 sys=0.34, real=1.30 secs] 
2014-05-28T12:24:40.111+0900: 143.106: [GC2014-05-28T12:24:40.113+0900: 143.108: [ParNew: 22029969K->1862431K(22649280K), 0.2888060 secs] 24324220K->4156681K(47815104K), 0.2912330 secs] [Times: user=5.05 sys=0.02, real=0.29 secs] 
2014-05-28T12:24:56.769+0900: 159.765: [GC2014-05-28T12:24:56.771+0900: 159.766: [ParNew: 21995167K->2516544K(22649280K), 1.3190050 secs] 24289417K->4859812K(47815104K), 1.3215560 secs] [Times: user=23.27 sys=0.11, real=1.33 secs] 
2014-05-28T12:25:25.432+0900: 188.428: [GC2014-05-28T12:25:25.435+0900: 188.430: [ParNew: 22649280K->2029315K(22649280K), 1.7201590 secs] 24992548K->5575626K(47815104K), 1.7236150 secs] [Times: user=17.25 sys=0.44, real=1.73 secs] 
2014-05-28T12:26:08.505+0900: 231.500: [GC2014-05-28T12:26:08.507+0900: 231.502: [ParNew: 22148829K->2343698K(22649280K), 0.6681330 secs] 25695140K->5890009K(47815104K), 0.6706090 secs] [Times: user=11.86 sys=0.03, real=0.67 secs] 
2014-05-28T12:26:28.078+0900: 251.073: [GC2014-05-28T12:26:28.080+0900: 251.076: [ParNew: 22476434K->1862046K(22649280K), 1.5799660 secs] 26022745K->6408974K(47815104K), 1.5831480 secs] [Times: user=20.32 sys=0.35, real=1.58 secs] 
2014-05-28T12:26:53.734+0900: 276.730: [GC2014-05-28T12:26:53.737+0900: 276.732: [ParNew: 21994782K->2516544K(22649280K), 1.6753840 secs] 26541710K->7114805K(47815104K), 1.6786730 secs] [Times: user=29.75 sys=0.00, real=1.68 secs] 
2014-05-28T12:27:24.528+0900: 307.524: [GC2014-05-28T12:27:24.530+0900: 307.525: [ParNew: 22649280K->2015445K(22649280K), 1.9875030 secs] 27247541K->7858193K(47815104K), 1.9903630 secs] [Times: user=20.58 sys=0.57, real=1.99 secs] 
2014-05-28T12:28:06.330+0900: 349.325: [GC2014-05-28T12:28:06.331+0900: 349.327: [ParNew: 22148181K->2516544K(22649280K), 0.8994700 secs] 27990929K->8370877K(47815104K), 0.9020400 secs] [Times: user=15.98 sys=0.00, real=0.91 secs] 
2014-05-28T12:28:23.672+0900: 366.667: [GC2014-05-28T12:28:23.674+0900: 366.669: [ParNew: 22649280K->2201716K(22649280K), 1.7002200 secs] 28503613K->8968168K(47815104K), 1.7029050 secs] [Times: user=22.46 sys=0.20, real=1.71 secs] 
2014-05-28T12:29:01.727+0900: 404.722: [GC2014-05-28T12:29:01.729+0900: 404.724: [ParNew: 22334452K->1770320K(22649280K), 0.3540860 secs] 29100904K->8774268K(47815104K), 0.3566260 secs] [Times: user=4.89 sys=0.06, real=0.36 secs] 
2014-05-28T12:29:29.269+0900: 432.264: [GC2014-05-28T12:29:29.271+0900: 432.266: [ParNew: 21903056K->2516544K(22649280K), 2.9395750 secs] 28907004K->9522965K(47815104K), 2.9421320 secs] [Times: user=52.68 sys=0.00, real=2.94 secs] 
2014-05-28T12:30:00.163+0900: 463.159: [GC2014-05-28T12:30:00.166+0900: 463.161: [ParNew: 22649280K->2220155K(22649280K), 1.5158220 secs] 29655701K->10329261K(47815104K), 1.5192400 secs] [Times: user=16.63 sys=0.38, real=1.52 secs] 
2014-05-28T12:30:17.091+0900: 480.087: [GC2014-05-28T12:30:17.093+0900: 480.088: [ParNew: 22352891K->1777705K(22649280K), 1.1009140 secs] 30461997K->10655176K(47815104K), 1.1034250 secs] [Times: user=14.32 sys=0.18, real=1.10 secs] 
2014-05-28T12:30:57.143+0900: 520.139: [GC2014-05-28T12:30:57.145+0900: 520.141: [ParNew: 21910441K->1573963K(22649280K), 0.7693570 secs] 30787912K->10798067K(47815104K), 0.7726900 secs] [Times: user=9.71 sys=0.15, real=0.78 secs] 
2014-05-28T12:31:22.483+0900: 545.478: [GC2014-05-28T12:31:22.484+0900: 545.479: [ParNew: 21706699K->2516544K(22649280K), 3.5864030 secs] 30930803K->11740648K(47815104K), 3.5886120 secs] [Times: user=64.34 sys=0.00, real=3.59 secs] 
2014-05-28T12:31:51.161+0900: 574.156: [GC2014-05-28T12:31:51.162+0900: 574.158: [ParNew: 22649280K->1965643K(22649280K), 1.4594900 secs] 31873384K->12259523K(47815104K), 1.4620370 secs] [Times: user=15.02 sys=0.35, real=1.46 secs] 
2014-05-28T12:32:33.458+0900: 616.453: [GC2014-05-28T12:32:33.460+0900: 616.455: [ParNew: 22098379K->1653503K(22649280K), 0.3518250 secs] 32392259K->11947384K(47815104K), 0.3549660 secs] [Times: user=6.16 sys=0.00, real=0.36 secs] 
2014-05-28T12:32:51.103+0900: 634.099: [GC2014-05-28T12:32:51.105+0900: 634.100: [ParNew: 21786239K->2306691K(22649280K), 1.0459820 secs] 32080120K->13359032K(47815104K), 1.0484490 secs] [Times: user=13.35 sys=0.24, real=1.04 secs] 
2014-05-28T12:33:35.538+0900: 678.533: [GC2014-05-28T12:33:35.540+0900: 678.535: [ParNew: 22439427K->1736836K(22649280K), 0.6857690 secs] 33491768K->13117728K(47815104K), 0.6889000 secs] [Times: user=8.39 sys=0.13, real=0.69 secs] 
2014-05-28T12:33:59.489+0900: 702.484: [GC2014-05-28T12:33:59.490+0900: 702.485: [ParNew: 21869572K->2516544K(22649280K), 0.8786350 secs] 33250464K->13917936K(47815104K), 0.8808880 secs] [Times: user=15.55 sys=0.00, real=0.88 secs] 
2014-05-28T12:34:38.524+0900: 741.520: [GC2014-05-28T12:34:38.526+0900: 741.522: [ParNew: 22649280K->2342907K(22649280K), 1.2495050 secs] 34050672K->14827142K(47815104K), 1.2524600 secs] [Times: user=14.66 sys=0.35, real=1.25 secs] 
2014-05-28T12:35:11.403+0900: 774.398: [GC2014-05-28T12:35:11.405+0900: 774.400: [ParNew: 22475643K->2516544K(22649280K), 2.7214030 secs] 34959878K->15190873K(47815104K), 2.7239690 secs] [Times: user=47.99 sys=0.00, real=2.73 secs] 
2014-05-28T12:35:39.572+0900: 802.567: [GC2014-05-28T12:35:39.573+0900: 802.569: [ParNew: 22649280K->2087010K(22649280K), 2.2416760 secs] 35323609K->16303077K(47815104K), 2.2444570 secs] [Times: user=24.64 sys=0.59, real=2.24 secs] 
2014-05-28T12:36:23.568+0900: 846.563: [GC2014-05-28T12:36:23.569+0900: 846.564: [ParNew: 22219746K->1484115K(22649280K), 0.3953300 secs] 36435813K->15700182K(47815104K), 0.3978920 secs] [Times: user=7.01 sys=0.00, real=0.39 secs] 
2014-05-28T12:36:44.553+0900: 867.548: [GC2014-05-28T12:36:44.555+0900: 867.550: [ParNew: 21616851K->2395367K(22649280K), 0.6451800 secs] 35832918K->16611434K(47815104K), 0.6485410 secs] [Times: user=11.33 sys=0.00, real=0.65 secs] 
2014-05-28T12:37:21.976+0900: 904.972: [GC2014-05-28T12:37:21.978+0900: 904.974: [ParNew: 22528103K->1901787K(22649280K), 1.6584310 secs] 36744170K->16769524K(47815104K), 1.6616630 secs] [Times: user=22.79 sys=0.29, real=1.66 secs] 
2014-05-28T12:37:47.397+0900: 930.392: [GC2014-05-28T12:37:47.399+0900: 930.394: [ParNew: 22034523K->2516544K(22649280K), 1.7282030 secs] 36902260K->17398765K(47815104K), 1.7313600 secs] [Times: user=30.89 sys=0.00, real=1.73 secs] 
2014-05-28T12:38:24.629+0900: 967.625: [GC2014-05-28T12:38:24.631+0900: 967.626: [ParNew: 22649280K->1913136K(22649280K), 1.6572660 secs] 37531501K->17882366K(47815104K), 1.6600280 secs] [Times: user=17.79 sys=0.40, real=1.66 secs] 
2014-05-28T12:39:00.853+0900: 1003.848: [GC2014-05-28T12:39:00.854+0900: 1003.849: [ParNew: 22045872K->2516544K(22649280K), 4.2992020 secs] 38015102K->18794442K(47815104K), 4.3017270 secs] [Times: user=75.85 sys=0.00, real=4.30 secs] 
2014-05-28T12:39:36.144+0900: 1039.139: [GC2014-05-28T12:39:36.145+0900: 1039.140: [ParNew: 22649280K->2063823K(22649280K), 1.4596990 secs] 38927178K->19868800K(47815104K), 1.4625440 secs] [Times: user=13.27 sys=0.39, real=1.47 secs] 
2014-05-28T12:40:16.258+0900: 1079.253: [GC2014-05-28T12:40:16.260+0900: 1079.255: [ParNew: 22196559K->1826700K(22649280K), 0.7602180 secs] 40001536K->19631676K(47815104K), 0.7627390 secs] [Times: user=13.51 sys=0.00, real=0.76 secs] 
2014-05-28T12:40:38.077+0900: 1101.073: [GC2014-05-28T12:40:38.079+0900: 1101.074: [ParNew: 21959436K->1611557K(22649280K), 0.9284770 secs] 39764412K->19859141K(47815104K), 0.9311810 secs] [Times: user=12.94 sys=0.19, real=0.93 secs] 
2014-05-28T12:41:23.114+0900: 1146.109: [GC2014-05-28T12:41:23.115+0900: 1146.111: [ParNew: 21744293K->1597105K(22649280K), 0.2624660 secs] 39991877K->19844689K(47815104K), 0.2648770 secs] [Times: user=4.58 sys=0.01, real=0.26 secs] 
2014-05-28T12:41:41.751+0900: 1164.747: [GC2014-05-28T12:41:41.753+0900: 1164.748: [ParNew: 21729841K->2516544K(22649280K), 1.3874480 secs] 39977425K->20802005K(47815104K), 1.3900270 secs] [Times: user=24.70 sys=0.00, real=1.39 secs] 
2014-05-28T12:42:19.318+0900: 1202.314: [GC2014-05-28T12:42:19.320+0900: 1202.315: [ParNew: 22649280K->2090494K(22649280K), 1.2427470 secs] 40934741K->21466321K(47815104K), 1.2451790 secs] [Times: user=14.79 sys=0.40, real=1.25 secs] 
2014-05-28T12:42:20.569+0900: 1203.564: [GC [1 CMS-initial-mark: 19375826K(25165824K)] 21517734K(47815104K), 1.1034950 secs] [Times: user=1.09 sys=0.02, real=1.11 secs] 
2014-05-28T12:42:21.673+0900: 1204.669: [CMS-concurrent-mark-start]
2014-05-28T12:42:22.603+0900: 1205.598: [CMS-concurrent-mark: 0.904/0.929 secs] [Times: user=7.05 sys=1.77, real=0.93 secs] 
2014-05-28T12:42:22.603+0900: 1205.599: [CMS-concurrent-preclean-start]
2014-05-28T12:42:22.717+0900: 1205.713: [CMS-concurrent-preclean: 0.113/0.114 secs] [Times: user=0.40 sys=0.19, real=0.11 secs] 
2014-05-28T12:42:22.718+0900: 1205.713: [CMS-concurrent-abortable-preclean-start]
 CMS: abort preclean due to time 2014-05-28T12:42:37.187+0900: 1220.182: [CMS-concurrent-abortable-preclean: 14.426/14.469 secs] [Times: user=35.74 sys=16.38, real=14.47 secs] 
2014-05-28T12:42:37.191+0900: 1220.186: [GC[YG occupancy: 8825286 K (22649280 K)]2014-05-28T12:42:37.192+0900: 1220.187: [Rescan (parallel) , 2.2521360 secs]2014-05-28T12:42:39.444+0900: 1222.439: [weak refs processing, 0.0022480 secs]2014-05-28T12:42:39.446+0900: 1222.442: [class unloading, 0.0097390 secs]2014-05-28T12:42:39.456+0900: 1222.451: [scrub symbol table, 0.0056010 secs]2014-05-28T12:42:39.462+0900: 1222.457: [scrub string table, 0.0006370 secs] [1 CMS-remark: 19375826K(25165824K)] 28201112K(47815104K), 2.2751450 secs] [Times: user=39.78 sys=0.00, real=2.28 secs] 
2014-05-28T12:42:39.467+0900: 1222.463: [CMS-concurrent-sweep-start]
2014-05-28T12:42:54.280+0900: 1237.276: [GC2014-05-28T12:42:54.282+0900: 1237.277: [ParNew: 22223230K->2516544K(22649280K), 1.4041060 secs] 27270400K->7590849K(47815104K), 1.4067110 secs] [Times: user=24.92 sys=0.00, real=1.41 secs] 
2014-05-28T12:43:00.099+0900: 1243.094: [CMS-concurrent-sweep: 19.133/20.632 secs] [Times: user=78.30 sys=13.57, real=20.63 secs] 
2014-05-28T12:43:00.100+0900: 1243.095: [CMS-concurrent-reset-start]
2014-05-28T12:43:00.185+0900: 1243.180: [CMS-concurrent-reset: 0.085/0.085 secs] [Times: user=0.22 sys=0.13, real=0.08 secs] 
2014-05-28T12:43:31.068+0900: 1274.064: [GC2014-05-28T12:43:31.070+0900: 1274.065: [ParNew: 22649280K->2081126K(22649280K), 1.7086130 secs] 24125531K->4653770K(47815104K), 1.7109880 secs] [Times: user=18.29 sys=0.04, real=1.71 secs] 
2014-05-28T12:44:10.568+0900: 1313.563: [GC2014-05-28T12:44:10.569+0900: 1313.565: [ParNew: 22213862K->2516544K(22649280K), 2.1743550 secs] 24786506K->5267418K(47815104K), 2.1765350 secs] [Times: user=38.08 sys=0.00, real=2.17 secs] 
2014-05-28T12:44:41.246+0900: 1344.242: [GC2014-05-28T12:44:41.248+0900: 1344.244: [ParNew: 22649280K->2082693K(22649280K), 1.6930720 secs] 25400154K->6440362K(47815104K), 1.6957880 secs] [Times: user=21.85 sys=0.03, real=1.70 secs] 
2014-05-28T12:44:58.600+0900: 1361.596: [GC2014-05-28T12:44:58.602+0900: 1361.597: [ParNew: 22215429K->2272551K(22649280K), 1.3693020 secs] 26573098K->6630220K(47815104K), 1.3715980 secs] [Times: user=24.53 sys=0.00, real=1.37 secs] 
2014-05-28T12:45:29.996+0900: 1392.992: [GC2014-05-28T12:45:29.998+0900: 1392.993: [ParNew: 22405287K->2516544K(22649280K), 3.6526570 secs] 26762956K->7918900K(47815104K), 3.6549010 secs] [Times: user=60.60 sys=0.00, real=3.66 secs] 
2014-05-28T12:45:57.644+0900: 1420.639: [GC2014-05-28T12:45:57.646+0900: 1420.641: [ParNew: 22649280K->2293080K(22649280K), 1.2264240 secs] 28051636K->9320379K(47815104K), 1.2298540 secs] [Times: user=15.53 sys=0.05, real=1.23 secs] 
2014-05-28T12:46:35.590+0900: 1458.585: [GC2014-05-28T12:46:35.592+0900: 1458.587: [ParNew: 22425816K->725458K(22649280K), 0.1129890 secs] 29453115K->7752756K(47815104K), 0.1162240 secs] [Times: user=1.91 sys=0.01, real=0.11 secs] 
2014-05-28T12:46:51.939+0900: 1474.934: [GC2014-05-28T12:46:51.941+0900: 1474.936: [ParNew: 20858194K->1755034K(22649280K), 1.4326760 secs] 27885492K->8782332K(47815104K), 1.4358670 secs] [Times: user=25.63 sys=0.00, real=1.44 secs] 
2014-05-28T12:47:26.793+0900: 1509.788: [GC2014-05-28T12:47:26.794+0900: 1509.789: [ParNew: 21887770K->1744690K(22649280K), 0.4585880 secs] 28915068K->9194896K(47815104K), 0.4608260 secs] [Times: user=6.02 sys=0.01, real=0.46 secs] 
2014-05-28T12:48:00.845+0900: 1543.840: [GC2014-05-28T12:48:00.847+0900: 1543.842: [ParNew: 21877426K->2516544K(22649280K), 0.7710080 secs] 29327632K->9979968K(47815104K), 0.7735280 secs] [Times: user=13.70 sys=0.00, real=0.77 secs] 
2014-05-28T12:48:23.800+0900: 1566.795: [GC2014-05-28T12:48:23.802+0900: 1566.797: [ParNew: 22649280K->2138449K(22649280K), 1.0643880 secs] 30112704K->10638244K(47815104K), 1.0675270 secs] [Times: user=14.02 sys=0.03, real=1.07 secs] 
2014-05-28T12:49:06.088+0900: 1609.084: [GC2014-05-28T12:49:06.090+0900: 1609.085: [ParNew: 22271185K->1680000K(22649280K), 0.2710400 secs] 30770980K->10179795K(47815104K), 0.2734510 secs] [Times: user=4.73 sys=0.00, real=0.27 secs] 
2014-05-28T12:49:24.725+0900: 1627.720: [GC2014-05-28T12:49:24.726+0900: 1627.721: [ParNew: 21812736K->2516544K(22649280K), 0.5962300 secs] 30312531K->11020806K(47815104K), 0.5987320 secs] [Times: user=10.59 sys=0.00, real=0.59 secs] 
2014-05-28T12:50:05.579+0900: 1668.574: [GC2014-05-28T12:50:05.581+0900: 1668.576: [ParNew: 22649280K->1959670K(22649280K), 0.8743390 secs] 31153542K->11618507K(47815104K), 0.8768770 secs] [Times: user=10.32 sys=0.03, real=0.88 secs] 
2014-05-28T12:50:34.139+0900: 1697.135: [GC2014-05-28T12:50:34.141+0900: 1697.136: [ParNew: 22092406K->2516544K(22649280K), 1.5694820 secs] 31751243K->12175425K(47815104K), 1.5720710 secs] [Times: user=28.09 sys=0.00, real=1.57 secs] 
2014-05-28T12:51:13.259+0900: 1736.254: [GC2014-05-28T12:51:13.260+0900: 1736.255: [ParNew: 22649280K->1941187K(22649280K), 0.8478810 secs] 32308161K->12690318K(47815104K), 0.8504380 secs] [Times: user=10.77 sys=0.01, real=0.85 secs] 
2014-05-28T12:51:49.573+0900: 1772.568: [GC2014-05-28T12:51:49.574+0900: 1772.569: [ParNew: 22073923K->2516544K(22649280K), 5.2106260 secs] 32823054K->13672875K(47815104K), 5.2128380 secs] [Times: user=91.50 sys=0.00, real=5.21 secs] 
2014-05-28T12:52:23.411+0900: 1806.407: [GC2014-05-28T12:52:23.414+0900: 1806.409: [ParNew: 22649280K->2295073K(22649280K), 1.5620880 secs] 33805611K->15011213K(47815104K), 1.5651010 secs] [Times: user=20.48 sys=0.02, real=1.57 secs] 
2014-05-28T12:52:42.380+0900: 1825.375: [GC2014-05-28T12:52:42.381+0900: 1825.377: [ParNew: 22427809K->1812083K(22649280K), 0.5163080 secs] 35143949K->14528223K(47815104K), 0.5185530 secs] [Times: user=9.16 sys=0.00, real=0.52 secs] 
2014-05-28T12:53:20.997+0900: 1863.992: [GC2014-05-28T12:53:20.999+0900: 1863.994: [ParNew: 21944819K->1820460K(22649280K), 0.5666180 secs] 34660959K->14924693K(47815104K), 0.5699130 secs] [Times: user=6.82 sys=0.01, real=0.57 secs] 
2014-05-28T12:53:45.809+0900: 1888.805: [GC2014-05-28T12:53:45.811+0900: 1888.806: [ParNew: 21953196K->2295258K(22649280K), 2.8440620 secs] 35057429K->15399491K(47815104K), 2.8467080 secs] [Times: user=51.00 sys=0.00, real=2.85 secs] 
2014-05-28T12:54:17.829+0900: 1920.824: [GC2014-05-28T12:54:17.830+0900: 1920.826: [ParNew: 22427982K->1875415K(22649280K), 0.9722680 secs] 35532214K->16036204K(47815104K), 0.9748130 secs] [Times: user=13.21 sys=0.00, real=0.98 secs] 
2014-05-28T12:54:57.227+0900: 1960.223: [GC2014-05-28T12:54:57.229+0900: 1960.224: [ParNew: 22008151K->2079169K(22649280K), 0.4952340 secs] 36168940K->16239958K(47815104K), 0.4977020 secs] [Times: user=8.79 sys=0.00, real=0.50 secs] 
2014-05-28T12:55:20.155+0900: 1983.150: [GC2014-05-28T12:55:20.157+0900: 1983.152: [ParNew: 22211905K->2140483K(22649280K), 1.2932820 secs] 36372694K->17081477K(47815104K), 1.2966580 secs] [Times: user=18.46 sys=0.00, real=1.30 secs] 
2014-05-28T12:56:05.499+0900: 2028.495: [GC2014-05-28T12:56:05.501+0900: 2028.496: [ParNew: 22273219K->1706662K(22649280K), 0.3592000 secs] 37214213K->16957955K(47815104K), 0.3617050 secs] [Times: user=4.89 sys=0.00, real=0.36 secs] 
2014-05-28T12:56:26.111+0900: 2049.106: [GC2014-05-28T12:56:26.113+0900: 2049.109: [ParNew: 21839398K->2516544K(22649280K), 0.6904660 secs] 37090691K->17781483K(47815104K), 0.6940600 secs] [Times: user=12.18 sys=0.00, real=0.69 secs] 
2014-05-28T12:57:08.526+0900: 2091.521: [GC2014-05-28T12:57:08.527+0900: 2091.523: [ParNew: 22649280K->2025873K(22649280K), 1.0324060 secs] 37914219K->18367681K(47815104K), 1.0350090 secs] [Times: user=12.87 sys=0.02, real=1.03 secs] 
2014-05-28T12:57:37.652+0900: 2120.647: [GC2014-05-28T12:57:37.654+0900: 2120.649: [ParNew: 22158609K->2516544K(22649280K), 1.9837310 secs] 38500417K->18861079K(47815104K), 1.9863660 secs] [Times: user=35.53 sys=0.00, real=1.98 secs] 
2014-05-28T12:58:16.143+0900: 2159.138: [GC2014-05-28T12:58:16.144+0900: 2159.140: [ParNew: 22649280K->1938577K(22649280K), 1.0321110 secs] 38993815K->19375242K(47815104K), 1.0345520 secs] [Times: user=13.95 sys=0.01, real=1.04 secs] 
2014-05-28T12:58:52.059+0900: 2195.055: [GC2014-05-28T12:58:52.061+0900: 2195.056: [ParNew: 22071313K->2516544K(22649280K), 4.1882420 secs] 39507978K->20269623K(47815104K), 4.1906780 secs] [Times: user=73.89 sys=0.00, real=4.19 secs] 
2014-05-28T12:59:25.162+0900: 2228.157: [GC2014-05-28T12:59:25.163+0900: 2228.158: [ParNew: 22649280K->2055576K(22649280K), 1.2972310 secs] 40402359K->21335162K(47815104K), 1.3000250 secs] [Times: user=16.70 sys=0.00, real=1.30 secs] 
2014-05-28T12:59:26.467+0900: 2229.463: [GC [1 CMS-initial-mark: 19279586K(25165824K)] 21335905K(47815104K), 0.7258180 secs] [Times: user=0.73 sys=0.00, real=0.72 secs] 
2014-05-28T12:59:27.194+0900: 2230.190: [CMS-concurrent-mark-start]
2014-05-28T12:59:28.426+0900: 2231.422: [CMS-concurrent-mark: 1.222/1.232 secs] [Times: user=9.17 sys=1.90, real=1.24 secs] 
2014-05-28T12:59:28.427+0900: 2231.422: [CMS-concurrent-preclean-start]
2014-05-28T12:59:28.495+0900: 2231.490: [CMS-concurrent-preclean: 0.068/0.068 secs] [Times: user=0.20 sys=0.11, real=0.06 secs] 
2014-05-28T12:59:28.495+0900: 2231.491: [CMS-concurrent-abortable-preclean-start]
 CMS: abort preclean due to time 2014-05-28T12:59:34.645+0900: 2237.640: [CMS-concurrent-abortable-preclean: 6.124/6.149 secs] [Times: user=15.16 sys=8.28, real=6.15 secs] 
2014-05-28T12:59:34.650+0900: 2237.645: [GC[YG occupancy: 5526926 K (22649280 K)]2014-05-28T12:59:34.651+0900: 2237.646: [Rescan (parallel) , 1.4317430 secs]2014-05-28T12:59:36.083+0900: 2239.078: [weak refs processing, 0.0007080 secs]2014-05-28T12:59:36.084+0900: 2239.079: [class unloading, 0.0072230 secs]2014-05-28T12:59:36.091+0900: 2239.086: [scrub symbol table, 0.0055460 secs]2014-05-28T12:59:36.096+0900: 2239.092: [scrub string table, 0.0006630 secs] [1 CMS-remark: 19279586K(25165824K)] 24806512K(47815104K), 1.4496930 secs] [Times: user=25.37 sys=0.00, real=1.45 secs] 
2014-05-28T12:59:36.101+0900: 2239.097: [CMS-concurrent-sweep-start]
2014-05-28T12:59:54.995+0900: 2257.990: [CMS-concurrent-sweep: 18.834/18.894 secs] [Times: user=43.97 sys=25.60, real=18.89 secs] 
2014-05-28T12:59:54.995+0900: 2257.991: [CMS-concurrent-reset-start]
2014-05-28T12:59:55.078+0900: 2258.073: [CMS-concurrent-reset: 0.082/0.082 secs] [Times: user=0.19 sys=0.11, real=0.08 secs] 
2014-05-28T13:00:10.366+0900: 2273.361: [GC2014-05-28T13:00:10.368+0900: 2273.363: [ParNew: 22188312K->1935540K(22649280K), 0.7860900 secs] 24332185K->4079414K(47815104K), 0.7891910 secs] [Times: user=13.97 sys=0.00, real=0.79 secs] 
2014-05-28T13:00:34.403+0900: 2297.398: [GC2014-05-28T13:00:34.404+0900: 2297.400: [ParNew: 22068276K->1564819K(22649280K), 0.7671370 secs] 24212150K->4148794K(47815104K), 0.7696980 secs] [Times: user=8.91 sys=0.00, real=0.77 secs] 
2014-05-28T13:01:18.687+0900: 2341.683: [GC2014-05-28T13:01:18.689+0900: 2341.684: [ParNew: 21697555K->1539244K(22649280K), 0.1948770 secs] 24281530K->4123218K(47815104K), 0.1973940 secs] [Times: user=3.41 sys=0.00, real=0.20 secs] 
2014-05-28T13:01:40.171+0900: 2363.166: [GC2014-05-28T13:01:40.173+0900: 2363.168: [ParNew: 21671980K->2516544K(22649280K), 0.7675600 secs] 24255954K->5103313K(47815104K), 0.7702360 secs] [Times: user=13.64 sys=0.00, real=0.77 secs] 
2014-05-28T13:02:29.711+0900: 2412.706: [GC2014-05-28T13:02:29.712+0900: 2412.708: [ParNew: 22649280K->2125218K(22649280K), 1.0677590 secs] 25236049K->5802603K(47815104K), 1.0702990 secs] [Times: user=11.34 sys=0.07, real=1.07 secs] 
2014-05-28T13:02:53.391+0900: 2436.386: [GC2014-05-28T13:02:53.393+0900: 2436.389: [ParNew: 22257954K->2516544K(22649280K), 0.6832700 secs] 25935339K->6199630K(47815104K), 0.6866800 secs] [Times: user=12.10 sys=0.00, real=0.69 secs] 
2014-05-28T13:03:38.167+0900: 2481.162: [GC2014-05-28T13:03:38.169+0900: 2481.164: [ParNew: 22649280K->1954628K(22649280K), 1.1049560 secs] 26332366K->6725242K(47815104K), 1.1079860 secs] [Times: user=15.09 sys=0.03, real=1.11 secs] 
2014-05-28T13:04:01.758+0900: 2504.753: [GC2014-05-28T13:04:01.760+0900: 2504.755: [ParNew: 22087364K->2516544K(22649280K), 1.3702230 secs] 26857978K->7315977K(47815104K), 1.3728420 secs] [Times: user=24.42 sys=0.00, real=1.38 secs] 
2014-05-28T13:04:47.853+0900: 2550.849: [GC2014-05-28T13:04:47.855+0900: 2550.850: [ParNew: 22649280K->2133921K(22649280K), 0.9854540 secs] 27448713K->8010244K(47815104K), 0.9877590 secs] [Times: user=12.65 sys=0.00, real=0.99 secs] 
2014-05-28T13:05:15.430+0900: 2578.425: [GC2014-05-28T13:05:15.432+0900: 2578.427: [ParNew: 22266657K->2516544K(22649280K), 1.3606740 secs] 28142980K->8414751K(47815104K), 1.3630140 secs] [Times: user=24.23 sys=0.00, real=1.36 secs] 
2014-05-28T13:05:54.729+0900: 2617.724: [GC2014-05-28T13:05:54.730+0900: 2617.726: [ParNew: 22649280K->2140374K(22649280K), 1.1104510 secs] 28547487K->9128337K(47815104K), 1.1127790 secs] [Times: user=14.78 sys=0.00, real=1.11 secs] 
2014-05-28T13:06:31.050+0900: 2654.045: [GC2014-05-28T13:06:31.052+0900: 2654.047: [ParNew: 22273110K->2516544K(22649280K), 4.4085510 secs] 29261073K->9525769K(47815104K), 4.4108080 secs] [Times: user=79.02 sys=0.00, real=4.42 secs] 
2014-05-28T13:07:05.030+0900: 2688.025: [GC2014-05-28T13:07:05.031+0900: 2688.027: [ParNew: 22642324K->2516544K(22649280K), 1.5487310 secs] 29651550K->10609012K(47815104K), 1.5509280 secs] [Times: user=23.68 sys=0.00, real=1.55 secs] 
2014-05-28T13:07:24.794+0900: 2707.790: [GC2014-05-28T13:07:24.796+0900: 2707.791: [ParNew: 22649280K->2118975K(22649280K), 1.0085970 secs] 30741748K->11151724K(47815104K), 1.0111400 secs] [Times: user=14.38 sys=0.00, real=1.01 secs] 
2014-05-28T13:08:04.333+0900: 2747.328: [GC2014-05-28T13:08:04.335+0900: 2747.330: [ParNew: 22251711K->1833404K(22649280K), 0.4672370 secs] 31284460K->11234579K(47815104K), 0.4697570 secs] [Times: user=6.77 sys=0.01, real=0.47 secs] 
2014-05-28T13:08:32.920+0900: 2775.915: [GC2014-05-28T13:08:32.922+0900: 2775.917: [ParNew: 21966140K->2516544K(22649280K), 5.0567990 secs] 31367315K->12277252K(47815104K), 5.0593800 secs] [Times: user=89.30 sys=0.00, real=5.05 secs] 
2014-05-28T13:09:01.800+0900: 2804.795: [GC2014-05-28T13:09:01.801+0900: 2804.796: [ParNew: 22649280K->2048828K(22649280K), 1.1782200 secs] 32409988K->13335750K(47815104K), 1.1811210 secs] [Times: user=14.42 sys=0.02, real=1.18 secs] 
2014-05-28T13:09:21.558+0900: 2824.553: [GC2014-05-28T13:09:21.559+0900: 2824.555: [ParNew: 22181564K->1810232K(22649280K), 0.4549320 secs] 33468486K->13097154K(47815104K), 0.4577080 secs] [Times: user=8.07 sys=0.00, real=0.45 secs] 
2014-05-28T13:10:04.403+0900: 2867.398: [GC2014-05-28T13:10:04.404+0900: 2867.400: [ParNew: 21942968K->1662913K(22649280K), 0.3883820 secs] 33229890K->13348751K(47815104K), 0.3909420 secs] [Times: user=5.34 sys=0.00, real=0.40 secs] 
2014-05-28T13:10:28.047+0900: 2891.042: [GC2014-05-28T13:10:28.048+0900: 2891.043: [ParNew: 21795649K->2516544K(22649280K), 1.2568920 secs] 33481487K->14203634K(47815104K), 1.2594680 secs] [Times: user=22.50 sys=0.00, real=1.25 secs] 
2014-05-28T13:11:04.749+0900: 2927.744: [GC2014-05-28T13:11:04.750+0900: 2927.746: [ParNew: 22649280K->2165821K(22649280K), 1.3389180 secs] 34336370K->14912391K(47815104K), 1.3415310 secs] [Times: user=15.71 sys=0.00, real=1.34 secs] 
2014-05-28T13:11:37.851+0900: 2960.846: [GC2014-05-28T13:11:37.852+0900: 2960.848: [ParNew: 22298557K->2516544K(22649280K), 2.4141830 secs] 35045127K->15447685K(47815104K), 2.4164510 secs] [Times: user=42.38 sys=0.00, real=2.42 secs] 
2014-05-28T13:12:02.966+0900: 2985.961: [GC2014-05-28T13:12:02.968+0900: 2985.963: [ParNew: 22649280K->2086469K(22649280K), 1.7917780 secs] 35580421K->16542197K(47815104K), 1.7947220 secs] [Times: user=20.98 sys=0.02, real=1.79 secs] 
2014-05-28T13:12:42.991+0900: 3025.986: [GC2014-05-28T13:12:42.993+0900: 3025.988: [ParNew: 22219205K->919798K(22649280K), 0.5191120 secs] 36674933K->15375526K(47815104K), 0.5218550 secs] [Times: user=9.24 sys=0.00, real=0.52 secs] 
2014-05-28T13:13:01.604+0900: 3044.599: [GC2014-05-28T13:13:01.605+0900: 3044.601: [ParNew: 21052534K->2145626K(22649280K), 1.3677480 secs] 35508262K->16601354K(47815104K), 1.3700010 secs] [Times: user=24.49 sys=0.00, real=1.37 secs] 
2014-05-28T13:13:47.473+0900: 3090.469: [GC2014-05-28T13:13:47.475+0900: 3090.471: [ParNew: 22278362K->2031730K(22649280K), 1.1903030 secs] 36734090K->17159394K(47815104K), 1.1933560 secs] [Times: user=16.37 sys=0.00, real=1.19 secs] 
2014-05-28T13:14:14.131+0900: 3117.126: [GC2014-05-28T13:14:14.132+0900: 3117.128: [ParNew: 22164466K->2516544K(22649280K), 1.1492060 secs] 37292130K->17644252K(47815104K), 1.1514330 secs] [Times: user=20.54 sys=0.00, real=1.16 secs] 
2014-05-28T13:14:53.520+0900: 3156.515: [GC2014-05-28T13:14:53.522+0900: 3156.518: [ParNew: 22649280K->2055309K(22649280K), 1.1316360 secs] 37776988K->18227804K(47815104K), 1.1350030 secs] [Times: user=13.93 sys=0.01, real=1.13 secs] 
2014-05-28T13:15:28.256+0900: 3191.251: [GC2014-05-28T13:15:28.258+0900: 3191.253: [ParNew: 22188045K->2469772K(22649280K), 3.8788040 secs] 38360540K->18642267K(47815104K), 3.8816540 secs] [Times: user=69.58 sys=0.00, real=3.88 secs] 
2014-05-28T13:16:02.001+0900: 3224.996: [GC2014-05-28T13:16:02.002+0900: 3224.998: [ParNew: 22602508K->1843087K(22649280K), 0.8776390 secs] 38775003K->18953525K(47815104K), 0.8801520 secs] [Times: user=11.79 sys=0.00, real=0.88 secs] 
2014-05-28T13:16:45.233+0900: 3268.228: [GC2014-05-28T13:16:45.235+0900: 3268.231: [ParNew: 21975823K->2516544K(22649280K), 0.9675820 secs] 39086261K->19837305K(47815104K), 0.9707390 secs] [Times: user=16.49 sys=0.00, real=0.97 secs] 
2014-05-28T13:17:09.928+0900: 3292.923: [GC2014-05-28T13:17:09.930+0900: 3292.926: [ParNew: 22649280K->2158861K(22649280K), 1.2499230 secs] 39970041K->20570610K(47815104K), 1.2533020 secs] [Times: user=15.10 sys=0.00, real=1.25 secs] 
2014-05-28T13:17:52.915+0900: 3335.911: [GC2014-05-28T13:17:52.917+0900: 3335.913: [ParNew: 22291597K->1793864K(22649280K), 0.2121600 secs] 40703346K->20205613K(47815104K), 0.2152680 secs] [Times: user=3.71 sys=0.00, real=0.21 secs] 
2014-05-28T13:18:15.523+0900: 3358.518: [GC2014-05-28T13:18:15.525+0900: 3358.521: [ParNew: 21926600K->2516544K(22649280K), 0.7401320 secs] 40338349K->20941873K(47815104K), 0.7436850 secs] [Times: user=13.07 sys=0.00, real=0.74 secs] 
2014-05-28T13:18:57.548+0900: 3400.544: [GC2014-05-28T13:18:57.551+0900: 3400.546: [ParNew: 22649280K->1998680K(22649280K), 0.2638490 secs] 41074609K->20429846K(47815104K), 0.2673710 secs] [Times: user=4.56 sys=0.00, real=0.27 secs] 
2014-05-28T13:19:27.156+0900: 3430.151: [GC2014-05-28T13:19:27.157+0900: 3430.152: [ParNew: 22131416K->2516544K(22649280K), 1.1091010 secs] 40562582K->20965119K(47815104K), 1.1113900 secs] [Times: user=19.72 sys=0.00, real=1.11 secs] 
2014-05-28T13:20:10.290+0900: 3473.285: [GC2014-05-28T13:20:10.292+0900: 3473.287: [ParNew: 22649280K->2105063K(22649280K), 0.9098530 secs] 41097855K->21637095K(47815104K), 0.9120860 secs] [Times: user=10.85 sys=0.02, real=0.91 secs] 
2014-05-28T13:20:11.208+0900: 3474.203: [GC [1 CMS-initial-mark: 19532031K(25165824K)] 21677490K(47815104K), 1.0778640 secs] [Times: user=1.08 sys=0.00, real=1.08 secs] 
2014-05-28T13:20:12.287+0900: 3475.282: [CMS-concurrent-mark-start]
2014-05-28T13:20:12.842+0900: 3475.838: [CMS-concurrent-mark: 0.549/0.555 secs] [Times: user=3.97 sys=0.74, real=0.55 secs] 
2014-05-28T13:20:12.843+0900: 3475.838: [CMS-concurrent-preclean-start]
2014-05-28T13:20:12.913+0900: 3475.908: [CMS-concurrent-preclean: 0.070/0.070 secs] [Times: user=0.23 sys=0.09, real=0.07 secs] 
2014-05-28T13:20:12.913+0900: 3475.908: [CMS-concurrent-abortable-preclean-start]
 CMS: abort preclean due to time 2014-05-28T13:20:27.972+0900: 3490.967: [CMS-concurrent-abortable-preclean: 15.047/15.059 secs] [Times: user=34.48 sys=11.55, real=15.06 secs] 
2014-05-28T13:20:27.977+0900: 3490.973: [GC[YG occupancy: 8585297 K (22649280 K)]2014-05-28T13:20:27.978+0900: 3490.974: [Rescan (parallel) , 2.8187100 secs]2014-05-28T13:20:30.797+0900: 3493.793: [weak refs processing, 0.0013740 secs]2014-05-28T13:20:30.799+0900: 3493.794: [class unloading, 0.0078550 secs]2014-05-28T13:20:30.807+0900: 3493.802: [scrub symbol table, 0.0060230 secs]2014-05-28T13:20:30.813+0900: 3493.808: [scrub string table, 0.0007270 secs] [1 CMS-remark: 19532031K(25165824K)] 28117329K(47815104K), 2.8384920 secs] [Times: user=49.79 sys=0.00, real=2.84 secs] 
2014-05-28T13:20:30.817+0900: 3493.812: [CMS-concurrent-sweep-start]
2014-05-28T13:20:42.566+0900: 3505.561: [GC2014-05-28T13:20:42.567+0900: 3505.563: [ParNew: 22237799K->2516544K(22649280K), 0.8213940 secs] 30633377K->10930848K(47815104K), 0.8236520 secs] [Times: user=14.50 sys=0.00, real=0.82 secs] 
2014-05-28T13:20:51.178+0900: 3514.174: [CMS-concurrent-sweep: 19.471/20.361 secs] [Times: user=72.57 sys=16.17, real=20.36 secs] 
2014-05-28T13:20:51.179+0900: 3514.174: [CMS-concurrent-reset-start]
2014-05-28T13:20:51.263+0900: 3514.258: [CMS-concurrent-reset: 0.084/0.084 secs] [Times: user=0.24 sys=0.10, real=0.09 secs] 
2014-05-28T13:21:22.265+0900: 3545.260: [GC2014-05-28T13:21:22.266+0900: 3545.261: [ParNew: 22649280K->2028635K(22649280K), 1.4559690 secs] 24195824K->4719221K(47815104K), 1.4588450 secs] [Times: user=14.64 sys=0.01, real=1.46 secs] 
2014-05-28T13:21:55.786+0900: 3578.781: [GC2014-05-28T13:21:55.788+0900: 3578.783: [ParNew: 22161371K->2469564K(22649280K), 2.7449970 secs] 24851957K->5160150K(47815104K), 2.7475960 secs] [Times: user=49.24 sys=0.00, real=2.75 secs] 
2014-05-28T13:22:33.642+0900: 3616.637: [GC2014-05-28T13:22:33.644+0900: 3616.639: [ParNew: 22602300K->2141586K(22649280K), 0.8891160 secs] 25292886K->5786423K(47815104K), 0.8916720 secs] [Times: user=11.73 sys=0.01, real=0.89 secs] 
2014-05-28T13:23:11.205+0900: 3654.201: [GC2014-05-28T13:23:11.207+0900: 3654.202: [ParNew: 22274322K->2516544K(22649280K), 3.2373390 secs] 25919159K->6594934K(47815104K), 3.2398230 secs] [Times: user=56.29 sys=0.00, real=3.24 secs] 
2014-05-28T13:23:44.326+0900: 3687.321: [GC2014-05-28T13:23:44.328+0900: 3687.323: [ParNew: 22649280K->2121677K(22649280K), 1.3400620 secs] 26727670K->7782029K(47815104K), 1.3431660 secs] [Times: user=16.27 sys=0.00, real=1.35 secs] 
2014-05-28T13:24:26.057+0900: 3729.052: [GC2014-05-28T13:24:26.059+0900: 3729.054: [ParNew: 22254413K->1982772K(22649280K), 0.8482510 secs] 27914765K->7643124K(47815104K), 0.8517570 secs] [Times: user=15.09 sys=0.00, real=0.85 secs] 
2014-05-28T13:24:52.679+0900: 3755.674: [GC2014-05-28T13:24:52.680+0900: 3755.676: [ParNew: 22115508K->1455168K(22649280K), 0.7087350 secs] 27775860K->7621237K(47815104K), 0.7113520 secs] [Times: user=10.61 sys=0.00, real=0.71 secs] 
2014-05-28T13:25:40.202+0900: 3803.197: [GC2014-05-28T13:25:40.203+0900: 3803.199: [ParNew: 21563655K->2391594K(22649280K), 0.6570880 secs] 27729723K->8557663K(47815104K), 0.6597030 secs] [Times: user=11.70 sys=0.00, real=0.66 secs] 
2014-05-28T13:26:01.801+0900: 3824.796: [GC2014-05-28T13:26:01.802+0900: 3824.798: [ParNew: 22524330K->1832906K(22649280K), 1.2489300 secs] 28690399K->9089264K(47815104K), 1.2511580 secs] [Times: user=17.03 sys=0.00, real=1.25 secs] 
2014-05-28T13:26:50.934+0900: 3873.930: [GC2014-05-28T13:26:50.936+0900: 3873.932: [ParNew: 21965642K->1687944K(22649280K), 0.3867940 secs] 29222000K->8944303K(47815104K), 0.3899870 secs] [Times: user=6.80 sys=0.00, real=0.39 secs] 
2014-05-28T13:27:10.736+0900: 3893.732: [GC2014-05-28T13:27:10.738+0900: 3893.733: [ParNew: 21820680K->2516544K(22649280K), 0.6684780 secs] 29077039K->9781844K(47815104K), 0.6711420 secs] [Times: user=11.85 sys=0.00, real=0.67 secs] 
2014-05-28T13:27:54.550+0900: 3937.545: [GC2014-05-28T13:27:54.552+0900: 3937.547: [ParNew: 22649280K->2100077K(22649280K), 0.8951720 secs] 29914580K->10455617K(47815104K), 0.8983730 secs] [Times: user=11.52 sys=0.03, real=0.90 secs] 
2014-05-28T13:28:19.023+0900: 3962.018: [GC2014-05-28T13:28:19.024+0900: 3962.019: [ParNew: 22232813K->2516544K(22649280K), 1.5034830 secs] 30588353K->10920769K(47815104K), 1.5061390 secs] [Times: user=26.71 sys=0.00, real=1.50 secs] 
2014-05-28T13:29:06.976+0900: 4009.972: [GC2014-05-28T13:29:06.978+0900: 4009.974: [ParNew: 22649280K->2010856K(22649280K), 1.1519570 secs] 31053505K->11497317K(47815104K), 1.1552110 secs] [Times: user=13.29 sys=0.00, real=1.15 secs] 
2014-05-28T13:29:32.707+0900: 4035.702: [GC2014-05-28T13:29:32.709+0900: 4035.704: [ParNew: 22143592K->2516544K(22649280K), 1.4306910 secs] 31630053K->12042241K(47815104K), 1.4333370 secs] [Times: user=25.46 sys=0.00, real=1.43 secs] 
2014-05-28T13:30:17.658+0900: 4080.653: [GC2014-05-28T13:30:17.660+0900: 4080.655: [ParNew: 22649280K->2041811K(22649280K), 1.2100250 secs] 32174977K->12657641K(47815104K), 1.2132810 secs] [Times: user=17.24 sys=0.00, real=1.21 secs] 
2014-05-28T13:30:47.148+0900: 4110.143: [GC2014-05-28T13:30:47.150+0900: 4110.145: [ParNew: 22174547K->2516544K(22649280K), 2.1510420 secs] 32790377K->13200819K(47815104K), 2.1543180 secs] [Times: user=38.26 sys=0.00, real=2.15 secs] 
2014-05-28T13:31:22.802+0900: 4145.798: [GC2014-05-28T13:31:22.805+0900: 4145.800: [ParNew: 22649280K->2147039K(22649280K), 1.2424210 secs] 33333555K->13915894K(47815104K), 1.2456930 secs] [Times: user=17.61 sys=0.00, real=1.25 secs] 
2014-05-28T13:32:00.467+0900: 4183.462: [GC2014-05-28T13:32:00.468+0900: 4183.463: [ParNew: 22279775K->2516544K(22649280K), 2.8289080 secs] 34048630K->14692396K(47815104K), 2.8315480 secs] [Times: user=49.18 sys=0.00, real=2.83 secs] 
2014-05-28T13:32:33.431+0900: 4216.426: [GC2014-05-28T13:32:33.432+0900: 4216.428: [ParNew: 22649280K->2259777K(22649280K), 1.1728440 secs] 34825132K->16048761K(47815104K), 1.1754450 secs] [Times: user=14.40 sys=0.01, real=1.17 secs] 
2014-05-28T13:33:16.228+0900: 4259.223: [GC2014-05-28T13:33:16.230+0900: 4259.226: [ParNew: 22392513K->2329142K(22649280K), 2.2799930 secs] 36181497K->16118126K(47815104K), 2.2833370 secs] [Times: user=40.82 sys=0.00, real=2.28 secs] 
2014-05-28T13:33:45.987+0900: 4288.982: [GC2014-05-28T13:33:45.989+0900: 4288.984: [ParNew: 22461878K->1650266K(22649280K), 1.0692320 secs] 36250862K->16422529K(47815104K), 1.0723910 secs] [Times: user=14.28 sys=0.00, real=1.08 secs] 
2014-05-28T13:34:30.816+0900: 4333.811: [GC2014-05-28T13:34:30.817+0900: 4333.812: [ParNew: 21783002K->1918224K(22649280K), 0.7012120 secs] 36555265K->16690487K(47815104K), 0.7037470 secs] [Times: user=12.50 sys=0.00, real=0.71 secs] 
2014-05-28T13:34:55.462+0900: 4358.457: [GC2014-05-28T13:34:55.463+0900: 4358.458: [ParNew: 22050960K->1778815K(22649280K), 0.6813280 secs] 36823223K->17182151K(47815104K), 0.6838590 secs] [Times: user=9.59 sys=0.00, real=0.68 secs] 
2014-05-28T13:35:41.357+0900: 4404.353: [GC2014-05-28T13:35:41.359+0900: 4404.354: [ParNew: 21911551K->1600714K(22649280K), 0.2393050 secs] 37314887K->17004050K(47815104K), 0.2419250 secs] [Times: user=4.20 sys=0.00, real=0.24 secs] 
2014-05-28T13:36:02.546+0900: 4425.542: [GC2014-05-28T13:36:02.548+0900: 4425.544: [ParNew: 21733450K->2516544K(22649280K), 0.7142960 secs] 37136786K->17938807K(47815104K), 0.7178470 secs] [Times: user=12.55 sys=0.00, real=0.72 secs] 
2014-05-28T13:36:50.072+0900: 4473.067: [GC2014-05-28T13:36:50.073+0900: 4473.068: [ParNew: 22649280K->1926804K(22649280K), 0.7694810 secs] 38071543K->18439841K(47815104K), 0.7720450 secs] [Times: user=9.42 sys=0.00, real=0.77 secs] 
2014-05-28T13:37:11.394+0900: 4494.389: [GC2014-05-28T13:37:11.395+0900: 4494.391: [ParNew: 22059540K->2516544K(22649280K), 0.5790260 secs] 38572577K->19033756K(47815104K), 0.5816080 secs] [Times: user=10.28 sys=0.00, real=0.58 secs] 
2014-05-28T13:37:57.432+0900: 4540.427: [GC2014-05-28T13:37:57.434+0900: 4540.429: [ParNew: 22649280K->1840865K(22649280K), 0.7625270 secs] 39166492K->19429802K(47815104K), 0.7651550 secs] [Times: user=8.89 sys=0.00, real=0.77 secs] 
2014-05-28T13:38:21.226+0900: 4564.221: [GC2014-05-28T13:38:21.228+0900: 4564.223: [ParNew: 21973601K->2516544K(22649280K), 1.4003420 secs] 39562538K->20134904K(47815104K), 1.4030660 secs] [Times: user=24.95 sys=0.00, real=1.40 secs] 
2014-05-28T13:39:05.915+0900: 4608.911: [GC2014-05-28T13:39:05.917+0900: 4608.912: [ParNew: 22649280K->2227207K(22649280K), 1.2029870 secs] 40267640K->20932113K(47815104K), 1.2058690 secs] [Times: user=14.09 sys=0.00, real=1.21 secs] 
2014-05-28T13:39:34.291+0900: 4637.286: [GC2014-05-28T13:39:34.293+0900: 4637.289: [ParNew: 22359943K->2516544K(22649280K), 2.0136600 secs] 41064849K->21249511K(47815104K), 2.0169760 secs] [Times: user=35.93 sys=0.00, real=2.02 secs] 
2014-05-28T13:40:14.179+0900: 4677.175: [GC2014-05-28T13:40:14.181+0900: 4677.177: [ParNew: 22649280K->2013381K(22649280K), 1.3511730 secs] 41382247K->21811355K(47815104K), 1.3545740 secs] [Times: user=17.87 sys=0.12, real=1.35 secs] 
2014-05-28T13:40:15.541+0900: 4678.536: [GC [1 CMS-initial-mark: 19797974K(25165824K)] 21847555K(47815104K), 1.0392760 secs] [Times: user=1.04 sys=0.00, real=1.04 secs] 
2014-05-28T13:40:16.582+0900: 4679.577: [CMS-concurrent-mark-start]
2014-05-28T13:40:17.631+0900: 4680.626: [CMS-concurrent-mark: 1.038/1.049 secs] [Times: user=7.64 sys=1.34, real=1.05 secs] 
2014-05-28T13:40:17.632+0900: 4680.627: [CMS-concurrent-preclean-start]
2014-05-28T13:40:17.702+0900: 4680.698: [CMS-concurrent-preclean: 0.071/0.071 secs] [Times: user=0.19 sys=0.09, real=0.07 secs] 
2014-05-28T13:40:17.703+0900: 4680.698: [CMS-concurrent-abortable-preclean-start]
 CMS: abort preclean due to time 2014-05-28T13:40:32.786+0900: 4695.781: [CMS-concurrent-abortable-preclean: 15.067/15.083 secs] [Times: user=40.52 sys=17.69, real=15.08 secs] 
2014-05-28T13:40:32.792+0900: 4695.787: [GC[YG occupancy: 10362391 K (22649280 K)]2014-05-28T13:40:32.793+0900: 4695.788: [Rescan (parallel) , 4.4764720 secs]2014-05-28T13:40:37.269+0900: 4700.265: [weak refs processing, 0.0009620 secs]2014-05-28T13:40:37.270+0900: 4700.266: [class unloading, 0.0085940 secs]2014-05-28T13:40:37.279+0900: 4700.274: [scrub symbol table, 0.0063110 secs]2014-05-28T13:40:37.285+0900: 4700.281: [scrub string table, 0.0007580 secs] [1 CMS-remark: 19797974K(25165824K)] 30160366K(47815104K), 4.4972090 secs] [Times: user=78.91 sys=0.00, real=4.49 secs] 
2014-05-28T13:40:37.290+0900: 4700.285: [CMS-concurrent-sweep-start]
2014-05-28T13:40:48.820+0900: 4711.815: [GC2014-05-28T13:40:48.822+0900: 4711.817: [ParNew: 22146117K->2516544K(22649280K), 3.2332000 secs] 30514423K->10884897K(47815104K), 3.2358750 secs] [Times: user=57.99 sys=0.00, real=3.24 secs] 
2014-05-28T13:40:59.336+0900: 4722.331: [CMS-concurrent-sweep: 18.717/22.046 secs] [Times: user=115.98 sys=19.55, real=22.05 secs] 
2014-05-28T13:40:59.336+0900: 4722.331: [CMS-concurrent-reset-start]
2014-05-28T13:40:59.411+0900: 4722.407: [CMS-concurrent-reset: 0.075/0.075 secs] [Times: user=0.18 sys=0.11, real=0.07 secs] 
2014-05-28T13:41:27.481+0900: 4750.477: [GC2014-05-28T13:41:27.483+0900: 4750.478: [ParNew: 22649280K->2097436K(22649280K), 1.2445280 secs] 24110907K->4533024K(47815104K), 1.2473550 secs] [Times: user=12.69 sys=0.00, real=1.24 secs] 
2014-05-28T13:42:04.286+0900: 4787.282: [GC2014-05-28T13:42:04.288+0900: 4787.284: [ParNew: 22230172K->2516544K(22649280K), 3.7719510 secs] 24665760K->5449375K(47815104K), 3.7751670 secs] [Times: user=64.91 sys=0.00, real=3.77 secs] 
2014-05-28T13:42:37.276+0900: 4820.271: [GC2014-05-28T13:42:37.278+0900: 4820.273: [ParNew: 22649280K->2223498K(22649280K), 1.2315230 secs] 25582111K->6711357K(47815104K), 1.2350160 secs] [Times: user=14.76 sys=0.02, real=1.24 secs] 
2014-05-28T13:43:18.586+0900: 4861.581: [GC2014-05-28T13:43:18.588+0900: 4861.584: [ParNew: 22356234K->1812205K(22649280K), 0.7353570 secs] 26844093K->6300065K(47815104K), 0.7388860 secs] [Times: user=13.08 sys=0.00, real=0.74 secs] 
2014-05-28T13:43:41.399+0900: 4884.394: [GC2014-05-28T13:43:41.401+0900: 4884.397: [ParNew: 21944941K->1554268K(22649280K), 0.7277580 secs] 26432801K->6520255K(47815104K), 0.7308950 secs] [Times: user=10.85 sys=0.00, real=0.74 secs] 
2014-05-28T13:44:25.516+0900: 4928.511: [GC2014-05-28T13:44:25.518+0900: 4928.513: [ParNew: 21687004K->1771643K(22649280K), 0.2530180 secs] 26652991K->6737630K(47815104K), 0.2564870 secs] [Times: user=4.39 sys=0.00, real=0.26 secs] 
2014-05-28T13:44:48.252+0900: 4951.248: [GC2014-05-28T13:44:48.254+0900: 4951.250: [ParNew: 21904379K->2516544K(22649280K), 0.6855230 secs] 26870366K->7500557K(47815104K), 0.6887150 secs] [Times: user=12.14 sys=0.00, real=0.69 secs] 
2014-05-28T13:45:34.423+0900: 4997.418: [GC2014-05-28T13:45:34.425+0900: 4997.420: [ParNew: 22649280K->2010209K(22649280K), 0.2547320 secs] 27633293K->6997181K(47815104K), 0.2581840 secs] [Times: user=4.41 sys=0.00, real=0.26 secs] 
2014-05-28T13:45:58.331+0900: 5021.327: [GC2014-05-28T13:45:58.333+0900: 5021.328: [ParNew: 22142945K->2516544K(22649280K), 0.8431810 secs] 27129917K->7508212K(47815104K), 0.8458070 secs] [Times: user=14.99 sys=0.00, real=0.84 secs] 
2014-05-28T13:46:35.177+0900: 5058.172: [GC2014-05-28T13:46:35.178+0900: 5058.174: [ParNew: 22649280K->2273950K(22649280K), 0.9294860 secs] 27640948K->8357309K(47815104K), 0.9317570 secs] [Times: user=11.71 sys=0.01, real=0.93 secs] 
2014-05-28T13:47:07.421+0900: 5090.416: [GC2014-05-28T13:47:07.422+0900: 5090.418: [ParNew: 22406686K->1511185K(22649280K), 1.8655460 secs] 28490045K->8689034K(47815104K), 1.8678120 secs] [Times: user=28.13 sys=0.00, real=1.87 secs] 
2014-05-28T13:47:48.755+0900: 5131.750: [GC2014-05-28T13:47:48.756+0900: 5131.752: [ParNew: 21643921K->1436808K(22649280K), 0.3683090 secs] 28821770K->8614658K(47815104K), 0.3708740 secs] [Times: user=6.53 sys=0.00, real=0.37 secs] 
2014-05-28T13:48:22.335+0900: 5165.330: [GC2014-05-28T13:48:22.336+0900: 5165.331: [ParNew: 21569543K->2516544K(22649280K), 2.8289270 secs] 28747393K->9697938K(47815104K), 2.8311900 secs] [Times: user=50.69 sys=0.00, real=2.83 secs] 
2014-05-28T13:48:58.965+0900: 5201.960: [GC2014-05-28T13:48:58.967+0900: 5201.962: [ParNew: 22649280K->2450847K(22649280K), 1.1071980 secs] 29830674K->10491183K(47815104K), 1.1101040 secs] [Times: user=14.59 sys=0.00, real=1.11 secs] 
2014-05-28T13:49:36.585+0900: 5239.580: [GC2014-05-28T13:49:36.586+0900: 5239.582: [ParNew: 22583583K->2516544K(22649280K), 2.6626240 secs] 30623919K->10963715K(47815104K), 2.6649240 secs] [Times: user=45.71 sys=0.00, real=2.66 secs] 
2014-05-28T13:50:08.165+0900: 5271.161: [GC2014-05-28T13:50:08.167+0900: 5271.162: [ParNew: 22649280K->2091987K(22649280K), 1.3403700 secs] 31096451K->12060879K(47815104K), 1.3427340 secs] [Times: user=14.67 sys=0.02, real=1.35 secs] 
2014-05-28T13:50:52.669+0900: 5315.665: [GC2014-05-28T13:50:52.671+0900: 5315.666: [ParNew: 22216504K->1826436K(22649280K), 0.7873420 secs] 32185396K->11795328K(47815104K), 0.7901090 secs] [Times: user=14.01 sys=0.00, real=0.79 secs] 
2014-05-28T13:51:15.380+0900: 5338.376: [GC2014-05-28T13:51:15.382+0900: 5338.377: [ParNew: 21959172K->1504993K(22649280K), 0.8769480 secs] 31928064K->12120502K(47815104K), 0.8792330 secs] [Times: user=12.28 sys=0.00, real=0.88 secs] 
2014-05-28T13:52:01.368+0900: 5384.363: [GC2014-05-28T13:52:01.370+0900: 5384.365: [ParNew: 21637729K->1529346K(22649280K), 0.3224360 secs] 32253238K->12144855K(47815104K), 0.3255750 secs] [Times: user=5.67 sys=0.00, real=0.32 secs] 
2014-05-28T13:52:22.001+0900: 5404.997: [GC2014-05-28T13:52:22.003+0900: 5404.998: [ParNew: 21662082K->2516544K(22649280K), 0.5737830 secs] 32277591K->13147238K(47815104K), 0.5761150 secs] [Times: user=10.13 sys=0.00, real=0.57 secs] 
2014-05-28T13:53:09.975+0900: 5452.971: [GC2014-05-28T13:53:09.977+0900: 5452.972: [ParNew: 22649280K->2020555K(22649280K), 0.8202260 secs] 33279974K->13748813K(47815104K), 0.8225080 secs] [Times: user=8.97 sys=0.00, real=0.83 secs] 
2014-05-28T13:53:30.071+0900: 5473.067: [GC2014-05-28T13:53:30.073+0900: 5473.068: [ParNew: 22153291K->2516544K(22649280K), 1.3205960 secs] 33881549K->14265538K(47815104K), 1.3229740 secs] [Times: user=23.52 sys=0.00, real=1.32 secs] 
2014-05-28T13:54:18.965+0900: 5521.960: [GC2014-05-28T13:54:18.967+0900: 5521.962: [ParNew: 22649280K->2052157K(22649280K), 1.2190030 secs] 34398274K->14879643K(47815104K), 1.2221850 secs] [Times: user=13.73 sys=0.01, real=1.23 secs] 
2014-05-28T13:54:43.487+0900: 5546.483: [GC2014-05-28T13:54:43.489+0900: 5546.484: [ParNew: 22184893K->2516544K(22649280K), 1.1921020 secs] 35012379K->15362559K(47815104K), 1.1943640 secs] [Times: user=21.22 sys=0.00, real=1.20 secs] 
2014-05-28T13:55:21.617+0900: 5584.612: [GC2014-05-28T13:55:21.619+0900: 5584.614: [ParNew: 22649280K->2290141K(22649280K), 1.4084330 secs] 35495295K->16254740K(47815104K), 1.4113190 secs] [Times: user=18.02 sys=0.01, real=1.41 secs] 
2014-05-28T13:55:56.714+0900: 5619.709: [GC2014-05-28T13:55:56.715+0900: 5619.710: [ParNew: 22422877K->2516544K(22649280K), 4.1606030 secs] 36387476K->16830449K(47815104K), 4.1628440 secs] [Times: user=72.88 sys=0.00, real=4.16 secs] 
2014-05-28T13:56:29.531+0900: 5652.527: [GC2014-05-28T13:56:29.533+0900: 5652.528: [ParNew: 22649280K->2190764K(22649280K), 1.3118730 secs] 36963185K->18066055K(47815104K), 1.3142420 secs] [Times: user=14.88 sys=0.00, real=1.31 secs] 
2014-05-28T13:56:49.734+0900: 5672.729: [GC2014-05-28T13:56:49.735+0900: 5672.731: [ParNew: 22323500K->1952447K(22649280K), 0.5524880 secs] 38198791K->17827739K(47815104K), 0.5550690 secs] [Times: user=9.81 sys=0.00, real=0.56 secs] 
2014-05-28T13:57:37.231+0900: 5720.226: [GC2014-05-28T13:57:37.232+0900: 5720.227: [ParNew: 22085183K->1706067K(22649280K), 0.4913640 secs] 37960475K->18145053K(47815104K), 0.4939620 secs] [Times: user=6.47 sys=0.01, real=0.49 secs] 
2014-05-28T13:58:01.967+0900: 5744.962: [GC2014-05-28T13:58:01.969+0900: 5744.964: [ParNew: 21838803K->2516544K(22649280K), 1.2006000 secs] 38277789K->18995771K(47815104K), 1.2032150 secs] [Times: user=21.33 sys=0.00, real=1.21 secs] 
2014-05-28T13:58:33.526+0900: 5776.522: [GC2014-05-28T13:58:33.528+0900: 5776.523: [ParNew: 22649280K->2516544K(22649280K), 1.4574900 secs] 39128507K->20086611K(47815104K), 1.4603950 secs] [Times: user=21.65 sys=0.00, real=1.46 secs] 
2014-05-28T13:58:53.873+0900: 5796.868: [GC2014-05-28T13:58:53.875+0900: 5796.870: [ParNew: 22649280K->2412976K(22649280K), 1.3189850 secs] 40219347K->21018297K(47815104K), 1.3219410 secs] [Times: user=19.45 sys=0.00, real=1.32 secs] 
2014-05-28T13:59:18.176+0900: 5821.172: [GC2014-05-28T13:59:18.178+0900: 5821.173: [ParNew: 22545712K->2516544K(22649280K), 1.8105760 secs] 41151033K->21155922K(47815104K), 1.8131540 secs] [Times: user=32.30 sys=0.00, real=1.81 secs] 
2014-05-28T13:59:48.401+0900: 5851.396: [GC2014-05-28T13:59:48.403+0900: 5851.398: [ParNew: 22649280K->2073184K(22649280K), 1.1328450 secs] 41288658K->21963397K(47815104K), 1.1363560 secs] [Times: user=14.07 sys=0.03, real=1.14 secs] 
2014-05-28T13:59:49.545+0900: 5852.540: [GC [1 CMS-initial-mark: 19890212K(25165824K)] 21984943K(47815104K), 1.0182910 secs] [Times: user=1.02 sys=0.00, real=1.02 secs] 
2014-05-28T13:59:50.565+0900: 5853.560: [CMS-concurrent-mark-start]
2014-05-28T13:59:51.922+0900: 5854.917: [CMS-concurrent-mark: 1.351/1.357 secs] [Times: user=10.06 sys=2.80, real=1.36 secs] 
2014-05-28T13:59:51.922+0900: 5854.918: [CMS-concurrent-preclean-start]
2014-05-28T13:59:51.991+0900: 5854.987: [CMS-concurrent-preclean: 0.069/0.069 secs] [Times: user=0.20 sys=0.14, real=0.07 secs] 
2014-05-28T13:59:51.992+0900: 5854.987: [CMS-concurrent-abortable-preclean-start]
 CMS: abort preclean due to time 2014-05-28T14:00:05.404+0900: 5868.399: [CMS-concurrent-abortable-preclean: 13.406/13.412 secs] [Times: user=38.41 sys=24.92, real=13.41 secs] 
2014-05-28T14:00:05.410+0900: 5868.405: [GC[YG occupancy: 10469921 K (22649280 K)]2014-05-28T14:00:05.411+0900: 5868.406: [Rescan (parallel) , 5.4001550 secs]2014-05-28T14:00:10.811+0900: 5873.806: [weak refs processing, 0.0009040 secs]2014-05-28T14:00:10.812+0900: 5873.807: [class unloading, 0.0074980 secs]2014-05-28T14:00:10.819+0900: 5873.815: [scrub symbol table, 0.0055840 secs]2014-05-28T14:00:10.825+0900: 5873.820: [scrub string table, 0.0007170 secs] [1 CMS-remark: 19890212K(25165824K)] 30360134K(47815104K), 5.4185050 secs] [Times: user=95.25 sys=0.00, real=5.41 secs] 
2014-05-28T14:00:10.830+0900: 5873.825: [CMS-concurrent-sweep-start]
2014-05-28T14:00:26.955+0900: 5889.951: [GC2014-05-28T14:00:26.958+0900: 5889.953: [ParNew: 22205920K->1979793K(22649280K), 0.5060320 secs] 26728760K->6502633K(47815104K), 0.5096610 secs] [Times: user=8.62 sys=0.00, real=0.51 secs] 
2014-05-28T14:00:31.012+0900: 5894.008: [CMS-concurrent-sweep: 19.517/20.183 secs] [Times: user=81.03 sys=41.04, real=20.18 secs] 
2014-05-28T14:00:31.013+0900: 5894.008: [CMS-concurrent-reset-start]
2014-05-28T14:00:31.088+0900: 5894.084: [CMS-concurrent-reset: 0.075/0.075 secs] [Times: user=0.22 sys=0.16, real=0.08 secs] 
2014-05-28T14:00:43.594+0900: 5906.589: [GC2014-05-28T14:00:43.595+0900: 5906.590: [ParNew: 22112529K->1763684K(22649280K), 1.1275590 secs] 24785544K->5270917K(47815104K), 1.1300020 secs] [Times: user=13.79 sys=0.01, real=1.13 secs] 
2014-05-28T14:01:12.887+0900: 5935.882: [GC2014-05-28T14:01:12.889+0900: 5935.884: [ParNew: 21896420K->2516544K(22649280K), 3.2804710 secs] 25403653K->6508967K(47815104K), 3.2831640 secs] [Times: user=55.19 sys=0.00, real=3.29 secs] 
2014-05-28T14:01:37.037+0900: 5960.032: [GC2014-05-28T14:01:37.039+0900: 5960.034: [ParNew: 22649280K->2223268K(22649280K), 1.4993610 secs] 26641703K->7776479K(47815104K), 1.5024590 secs] [Times: user=16.40 sys=0.04, real=1.50 secs] 
2014-05-28T14:02:18.914+0900: 6001.909: [GC2014-05-28T14:02:18.916+0900: 6001.911: [ParNew: 22356004K->695295K(22649280K), 0.2781280 secs] 27909215K->6248506K(47815104K), 0.2808380 secs] [Times: user=4.89 sys=0.00, real=0.28 secs] 
2014-05-28T14:02:39.865+0900: 6022.860: [GC2014-05-28T14:02:39.867+0900: 6022.862: [ParNew: 20828031K->2026909K(22649280K), 1.2729890 secs] 26381242K->7580120K(47815104K), 1.2758840 secs] [Times: user=22.78 sys=0.00, real=1.27 secs] 
2014-05-28T14:03:20.160+0900: 6063.156: [GC2014-05-28T14:03:20.162+0900: 6063.157: [ParNew: 22159645K->1890609K(22649280K), 0.8488780 secs] 27712856K->7995018K(47815104K), 0.8519010 secs] [Times: user=11.42 sys=0.02, real=0.85 secs] 
2014-05-28T14:03:51.521+0900: 6094.516: [GC2014-05-28T14:03:51.522+0900: 6094.518: [ParNew: 22023345K->2516544K(22649280K), 2.5631260 secs] 28127754K->8779901K(47815104K), 2.5659060 secs] [Times: user=45.23 sys=0.00, real=2.57 secs] 
2014-05-28T14:04:20.720+0900: 6123.716: [GC2014-05-28T14:04:20.722+0900: 6123.717: [ParNew: 22649280K->2034198K(22649280K), 1.5146960 secs] 28912637K->9804265K(47815104K), 1.5175680 secs] [Times: user=19.15 sys=0.02, real=1.52 secs] 
2014-05-28T14:05:04.219+0900: 6167.214: [GC2014-05-28T14:05:04.221+0900: 6167.216: [ParNew: 22166934K->1776762K(22649280K), 0.5660130 secs] 29937001K->9546829K(47815104K), 0.5688250 secs] [Times: user=10.04 sys=0.00, real=0.57 secs] 
2014-05-28T14:05:28.763+0900: 6191.758: [GC2014-05-28T14:05:28.765+0900: 6191.760: [ParNew: 21909498K->1721402K(22649280K), 0.9264150 secs] 29679565K->10121398K(47815104K), 0.9290910 secs] [Times: user=14.06 sys=0.00, real=0.93 secs] 
2014-05-28T14:06:14.692+0900: 6237.687: [GC2014-05-28T14:06:14.694+0900: 6237.690: [ParNew: 21854138K->1605270K(22649280K), 0.2611720 secs] 30254134K->10005266K(47815104K), 0.2647510 secs] [Times: user=4.56 sys=0.00, real=0.27 secs] 
2014-05-28T14:06:36.659+0900: 6259.654: [GC2014-05-28T14:06:36.660+0900: 6259.656: [ParNew: 21738006K->2516544K(22649280K), 0.5921800 secs] 30138002K->10916887K(47815104K), 0.5946600 secs] [Times: user=10.54 sys=0.00, real=0.59 secs] 
2014-05-28T14:07:21.018+0900: 6304.013: [GC2014-05-28T14:07:21.020+0900: 6304.016: [ParNew: 22649280K->2029827K(22649280K), 1.1831800 secs] 31049623K->11527523K(47815104K), 1.1867430 secs] [Times: user=12.07 sys=0.04, real=1.18 secs] 
2014-05-28T14:07:46.723+0900: 6329.719: [GC2014-05-28T14:07:46.725+0900: 6329.720: [ParNew: 22162563K->2516544K(22649280K), 1.2545540 secs] 31660259K->12034766K(47815104K), 1.2569770 secs] [Times: user=22.35 sys=0.00, real=1.26 secs] 
2014-05-28T14:08:30.086+0900: 6373.082: [GC2014-05-28T14:08:30.088+0900: 6373.083: [ParNew: 22649280K->2442247K(22649280K), 0.9514260 secs] 32167502K->13059845K(47815104K), 0.9538960 secs] [Times: user=11.32 sys=0.00, real=0.96 secs] 
2014-05-28T14:09:00.418+0900: 6403.413: [GC2014-05-28T14:09:00.419+0900: 6403.414: [ParNew: 22574983K->2516544K(22649280K), 1.3911330 secs] 33192581K->13153704K(47815104K), 1.3936220 secs] [Times: user=24.77 sys=0.00, real=1.40 secs] 
2014-05-28T14:09:36.469+0900: 6439.464: [GC2014-05-28T14:09:36.471+0900: 6439.467: [ParNew: 22649280K->2028491K(22649280K), 1.2412910 secs] 33286440K->13706828K(47815104K), 1.2450260 secs] [Times: user=15.08 sys=0.00, real=1.24 secs] 
2014-05-28T14:10:13.037+0900: 6476.032: [GC2014-05-28T14:10:13.039+0900: 6476.035: [ParNew: 22161227K->2516544K(22649280K), 5.3989600 secs] 33839564K->14735100K(47815104K), 5.4023250 secs] [Times: user=94.81 sys=0.00, real=5.40 secs] 
2014-05-28T14:10:47.210+0900: 6510.205: [GC2014-05-28T14:10:47.212+0900: 6510.208: [ParNew: 22649280K->2236794K(22649280K), 1.3922990 secs] 34867836K->16065218K(47815104K), 1.3959360 secs] [Times: user=17.48 sys=0.03, real=1.39 secs] 
2014-05-28T14:11:29.741+0900: 6552.736: [GC2014-05-28T14:11:29.743+0900: 6552.738: [ParNew: 22369530K->1717473K(22649280K), 0.6892780 secs] 36197954K->15545897K(47815104K), 0.6930240 secs] [Times: user=12.24 sys=0.00, real=0.70 secs] 
2014-05-28T14:11:54.854+0900: 6577.849: [GC2014-05-28T14:11:54.856+0900: 6577.852: [ParNew: 21850209K->1778974K(22649280K), 0.7238520 secs] 35678633K->15962268K(47815104K), 0.7275970 secs] [Times: user=10.03 sys=0.00, real=0.73 secs] 
2014-05-28T14:12:41.131+0900: 6624.126: [GC2014-05-28T14:12:41.133+0900: 6624.128: [ParNew: 21911710K->1681008K(22649280K), 0.3278600 secs] 36095004K->15864302K(47815104K), 0.3311470 secs] [Times: user=5.63 sys=0.00, real=0.33 secs] 
2014-05-28T14:13:02.659+0900: 6645.654: [GC2014-05-28T14:13:02.661+0900: 6645.656: [ParNew: 21813744K->2516544K(22649280K), 0.6437030 secs] 35997038K->16703451K(47815104K), 0.6467010 secs] [Times: user=11.42 sys=0.00, real=0.64 secs] 
2014-05-28T14:13:48.477+0900: 6691.472: [GC2014-05-28T14:13:48.479+0900: 6691.474: [ParNew: 22649280K->2148167K(22649280K), 1.0294690 secs] 36836187K->17432566K(47815104K), 1.0331190 secs] [Times: user=11.65 sys=0.02, real=1.03 secs] 
2014-05-28T14:14:10.643+0900: 6713.638: [GC2014-05-28T14:14:10.646+0900: 6713.641: [ParNew: 22280903K->2516544K(22649280K), 0.6736880 secs] 37565302K->17810111K(47815104K), 0.6775270 secs] [Times: user=11.90 sys=0.00, real=0.68 secs] 
2014-05-28T14:14:53.925+0900: 6756.920: [GC2014-05-28T14:14:53.927+0900: 6756.922: [ParNew: 22649280K->1861496K(22649280K), 1.0676400 secs] 37942847K->18250058K(47815104K), 1.0709080 secs] [Times: user=14.77 sys=0.00, real=1.07 secs] 
2014-05-28T14:15:24.836+0900: 6787.832: [GC2014-05-28T14:15:24.839+0900: 6787.834: [ParNew: 21994232K->2516544K(22649280K), 1.7322000 secs] 38382794K->18950362K(47815104K), 1.7356880 secs] [Times: user=30.83 sys=0.00, real=1.74 secs] 
2014-05-28T14:15:59.034+0900: 6822.029: [GC2014-05-28T14:15:59.036+0900: 6822.031: [ParNew: 22649280K->2516544K(22649280K), 1.2825940 secs] 39083098K->20042391K(47815104K), 1.2853420 secs] [Times: user=18.73 sys=0.00, real=1.29 secs] 
2014-05-28T14:16:20.143+0900: 6843.138: [GC2014-05-28T14:16:20.145+0900: 6843.140: [ParNew: 22649280K->2144144K(22649280K), 1.0253140 secs] 40175127K->20539972K(47815104K), 1.0287100 secs] [Times: user=14.76 sys=0.00, real=1.03 secs] 
2014-05-28T14:16:45.811+0900: 6868.806: [GC2014-05-28T14:16:45.812+0900: 6868.808: [ParNew: 22276880K->2516544K(22649280K), 1.7463570 secs] 40672708K->21250471K(47815104K), 1.7492280 secs] [Times: user=30.02 sys=0.00, real=1.75 secs] 
2014-05-28T14:17:16.896+0900: 6899.891: [GC2014-05-28T14:17:16.898+0900: 6899.893: [ParNew: 22649280K->2516544K(22649280K), 1.2528580 secs] 41383207K->22272861K(47815104K), 1.2561790 secs] [Times: user=18.09 sys=0.00, real=1.26 secs] 
2014-05-28T14:17:18.159+0900: 6901.154: [GC [1 CMS-initial-mark: 19756317K(25165824K)] 22296830K(47815104K), 1.3266150 secs] [Times: user=1.33 sys=0.00, real=1.32 secs] 
2014-05-28T14:17:19.487+0900: 6902.482: [CMS-concurrent-mark-start]
2014-05-28T14:17:21.285+0900: 6904.280: [CMS-concurrent-mark: 1.791/1.798 secs] [Times: user=14.50 sys=3.61, real=1.79 secs] 
2014-05-28T14:17:21.285+0900: 6904.280: [CMS-concurrent-preclean-start]
2014-05-28T14:17:21.358+0900: 6904.353: [CMS-concurrent-preclean: 0.073/0.073 secs] [Times: user=0.29 sys=0.13, real=0.08 secs] 
2014-05-28T14:17:21.359+0900: 6904.354: [CMS-concurrent-abortable-preclean-start]
2014-05-28T14:17:34.236+0900: 6917.232: [GC2014-05-28T14:17:34.238+0900: 6917.233: [ParNew: 22649280K->2032002K(22649280K), 1.2008150 secs] 42405597K->22696934K(47815104K), 1.2035540 secs] [Times: user=16.49 sys=0.13, real=1.21 secs] 
 CMS: abort preclean due to time 2014-05-28T14:17:37.074+0900: 6920.069: [CMS-concurrent-abortable-preclean: 14.495/15.715 secs] [Times: user=67.92 sys=31.86, real=15.71 secs] 
2014-05-28T14:17:37.080+0900: 6920.075: [GC[YG occupancy: 3292076 K (22649280 K)]2014-05-28T14:17:37.081+0900: 6920.076: [Rescan (parallel) , 0.2973490 secs]2014-05-28T14:17:37.378+0900: 6920.374: [weak refs processing, 0.0008850 secs]2014-05-28T14:17:37.379+0900: 6920.374: [class unloading, 0.0073790 secs]2014-05-28T14:17:37.387+0900: 6920.382: [scrub symbol table, 0.0053790 secs]2014-05-28T14:17:37.392+0900: 6920.387: [scrub string table, 0.0006710 secs] [1 CMS-remark: 20664932K(25165824K)] 23957008K(47815104K), 0.3152210 secs] [Times: user=5.33 sys=0.00, real=0.31 secs] 
2014-05-28T14:17:37.397+0900: 6920.392: [CMS-concurrent-sweep-start]
2014-05-28T14:17:55.209+0900: 6938.204: [CMS-concurrent-sweep: 17.805/17.812 secs] [Times: user=57.14 sys=48.38, real=17.81 secs] 
2014-05-28T14:17:55.209+0900: 6938.205: [CMS-concurrent-reset-start]
2014-05-28T14:17:55.287+0900: 6938.282: [CMS-concurrent-reset: 0.078/0.078 secs] [Times: user=0.30 sys=0.22, real=0.08 secs] 
2014-05-28T14:17:59.386+0900: 6942.382: [GC2014-05-28T14:17:59.388+0900: 6942.383: [ParNew: 22164738K->2516544K(22649280K), 4.2615220 secs] 26880845K->7844151K(47815104K), 4.2642440 secs] [Times: user=71.38 sys=0.00, real=4.26 secs] 
2014-05-28T14:18:26.145+0900: 6969.140: [GC2014-05-28T14:18:26.146+0900: 6969.142: [ParNew: 22649253K->2215035K(22649280K), 1.3845660 secs] 27976861K->9101510K(47815104K), 1.3872240 secs] [Times: user=15.92 sys=0.03, real=1.39 secs] 
2014-05-28T14:18:43.540+0900: 6986.536: [GC2014-05-28T14:18:43.543+0900: 6986.538: [ParNew: 22347771K->1905474K(22649280K), 1.3248880 secs] 29234246K->8791949K(47815104K), 1.3282480 secs] [Times: user=23.68 sys=0.00, real=1.32 secs] 
2014-05-28T14:19:15.078+0900: 7018.073: [GC2014-05-28T14:19:15.080+0900: 7018.076: [ParNew: 22038210K->1657803K(22649280K), 0.6591780 secs] 28924685K->8977252K(47815104K), 0.6627060 secs] [Times: user=8.34 sys=0.00, real=0.66 secs] 
2014-05-28T14:19:47.708+0900: 7050.703: [GC2014-05-28T14:19:47.710+0900: 7050.706: [ParNew: 21790539K->1680330K(22649280K), 0.2953350 secs] 29109988K->8999779K(47815104K), 0.2991710 secs] [Times: user=5.16 sys=0.00, real=0.30 secs] 
2014-05-28T14:20:04.033+0900: 7067.028: [GC2014-05-28T14:20:04.035+0900: 7067.031: [ParNew: 21790194K->2516544K(22649280K), 0.8324560 secs] 29109644K->9836966K(47815104K), 0.8361410 secs] [Times: user=14.77 sys=0.00, real=0.83 secs] 
2014-05-28T14:20:38.735+0900: 7101.731: [GC2014-05-28T14:20:38.737+0900: 7101.732: [ParNew: 22649280K->2049663K(22649280K), 1.0929060 secs] 29969702K->10321195K(47815104K), 1.0958910 secs] [Times: user=12.76 sys=0.01, real=1.10 secs] 
2014-05-28T14:21:09.963+0900: 7132.958: [GC2014-05-28T14:21:09.964+0900: 7132.960: [ParNew: 22182399K->2516544K(22649280K), 4.6481380 secs] 30453931K->11210277K(47815104K), 4.6508180 secs] [Times: user=81.72 sys=0.00, real=4.65 secs] 
2014-05-28T14:21:39.307+0900: 7162.302: [GC2014-05-28T14:21:39.309+0900: 7162.305: [ParNew: 22649280K->2242123K(22649280K), 1.2291600 secs] 31343013K->12546134K(47815104K), 1.2328730 secs] [Times: user=15.15 sys=0.02, real=1.23 secs] 
2014-05-28T14:22:19.145+0900: 7202.140: [GC2014-05-28T14:22:19.147+0900: 7202.142: [ParNew: 22374859K->760534K(22649280K), 0.2457000 secs] 32678870K->11064545K(47815104K), 0.2493520 secs] [Times: user=4.28 sys=0.00, real=0.25 secs] 
2014-05-28T14:22:35.410+0900: 7218.405: [GC2014-05-28T14:22:35.412+0900: 7218.407: [ParNew: 20893270K->1871196K(22649280K), 0.5668750 secs] 31197281K->12175207K(47815104K), 0.5695850 secs] [Times: user=10.03 sys=0.00, real=0.57 secs] 
2014-05-28T14:23:20.935+0900: 7263.931: [GC2014-05-28T14:23:20.938+0900: 7263.933: [ParNew: 22003932K->1700554K(22649280K), 0.5355840 secs] 32307943K->12499200K(47815104K), 0.5387960 secs] [Times: user=7.49 sys=0.01, real=0.54 secs] 
2014-05-28T14:23:47.165+0900: 7290.160: [GC2014-05-28T14:23:47.167+0900: 7290.162: [ParNew: 21833290K->2516544K(22649280K), 1.2335140 secs] 32631936K->13345599K(47815104K), 1.2362420 secs] [Times: user=21.97 sys=0.00, real=1.24 secs] 
2014-05-28T14:24:33.572+0900: 7336.567: [GC2014-05-28T14:24:33.574+0900: 7336.569: [ParNew: 22649280K->1981173K(22649280K), 0.9573620 secs] 33478335K->13890112K(47815104K), 0.9604790 secs] [Times: user=11.49 sys=0.01, real=0.97 secs] 
2014-05-28T14:25:01.689+0900: 7364.684: [GC2014-05-28T14:25:01.691+0900: 7364.687: [ParNew: 22113909K->2516544K(22649280K), 1.6644770 secs] 34022848K->14434704K(47815104K), 1.6679840 secs] [Times: user=29.73 sys=0.00, real=1.67 secs] 
2014-05-28T14:25:38.817+0900: 7401.812: [GC2014-05-28T14:25:38.819+0900: 7401.815: [ParNew: 22649280K->2151636K(22649280K), 1.0682000 secs] 34567440K->15120908K(47815104K), 1.0715560 secs] [Times: user=14.88 sys=0.01, real=1.07 secs] 
2014-05-28T14:26:13.763+0900: 7436.758: [GC2014-05-28T14:26:13.765+0900: 7436.760: [ParNew: 22284372K->2516544K(22649280K), 4.8291750 secs] 35253644K->16008110K(47815104K), 4.8318960 secs] [Times: user=84.64 sys=0.00, real=4.83 secs] 
2014-05-28T14:26:50.071+0900: 7473.066: [GC2014-05-28T14:26:50.073+0900: 7473.068: [ParNew: 22649280K->2077575K(22649280K), 1.1998830 secs] 36140846K->17126499K(47815104K), 1.2026200 secs] [Times: user=15.69 sys=0.03, real=1.21 secs] 
2014-05-28T14:27:32.699+0900: 7515.695: [GC2014-05-28T14:27:32.702+0900: 7515.697: [ParNew: 22210311K->2162924K(22649280K), 1.6869290 secs] 37259235K->17211848K(47815104K), 1.6903850 secs] [Times: user=30.14 sys=0.00, real=1.68 secs] 
2014-05-28T14:28:01.141+0900: 7544.136: [GC2014-05-28T14:28:01.143+0900: 7544.139: [ParNew: 22295660K->1570579K(22649280K), 1.0645480 secs] 37344584K->17521866K(47815104K), 1.0682620 secs] [Times: user=12.83 sys=0.00, real=1.07 secs] 
2014-05-28T14:28:44.257+0900: 7587.252: [GC2014-05-28T14:28:44.259+0900: 7587.254: [ParNew: 21703315K->1383883K(22649280K), 0.4351130 secs] 37654602K->17335170K(47815104K), 0.4378850 secs] [Times: user=7.70 sys=0.00, real=0.44 secs] 
2014-05-28T14:29:07.543+0900: 7610.538: [GC2014-05-28T14:29:07.545+0900: 7610.540: [ParNew: 21516619K->2227654K(22649280K), 0.4726000 secs] 37467906K->18178941K(47815104K), 0.4753350 secs] [Times: user=8.38 sys=0.00, real=0.48 secs] 
2014-05-28T14:29:55.363+0900: 7658.358: [GC2014-05-28T14:29:55.365+0900: 7658.360: [ParNew: 22360390K->1826902K(22649280K), 0.7963730 secs] 38311677K->18432885K(47815104K), 0.7998900 secs] [Times: user=9.38 sys=0.00, real=0.80 secs] 
2014-05-28T14:30:17.297+0900: 7680.292: [GC2014-05-28T14:30:17.299+0900: 7680.294: [ParNew: 21959638K->2516544K(22649280K), 0.6477410 secs] 38565621K->19131802K(47815104K), 0.6508800 secs] [Times: user=11.46 sys=0.00, real=0.65 secs] 
2014-05-28T14:31:06.503+0900: 7729.498: [GC2014-05-28T14:31:06.505+0900: 7729.500: [ParNew: 22649280K->1944391K(22649280K), 0.7433880 secs] 39264538K->19647919K(47815104K), 0.7460670 secs] [Times: user=8.90 sys=0.01, real=0.74 secs] 
2014-05-28T14:31:27.240+0900: 7750.236: [GC2014-05-28T14:31:27.243+0900: 7750.238: [ParNew: 22077127K->2516544K(22649280K), 0.6761720 secs] 39780655K->20222397K(47815104K), 0.6800220 secs] [Times: user=11.98 sys=0.00, real=0.68 secs] 
2014-05-28T14:32:11.346+0900: 7794.342: [GC2014-05-28T14:32:11.349+0900: 7794.344: [ParNew: 22649280K->2077857K(22649280K), 0.9330890 secs] 40355133K->20881196K(47815104K), 0.9364660 secs] [Times: user=12.04 sys=0.02, real=0.94 secs] 
2014-05-28T14:32:37.473+0900: 7820.468: [GC2014-05-28T14:32:37.475+0900: 7820.470: [ParNew: 22210593K->2516544K(22649280K), 1.0569780 secs] 41013932K->21319928K(47815104K), 1.0604310 secs] [Times: user=18.85 sys=0.00, real=1.06 secs] 
2014-05-28T14:33:18.909+0900: 7861.904: [GC2014-05-28T14:33:18.911+0900: 7861.906: [ParNew: 22649280K->1878070K(22649280K), 1.2370890 secs] 41452664K->21776696K(47815104K), 1.2403970 secs] [Times: user=15.56 sys=0.01, real=1.24 secs] 
2014-05-28T14:33:20.158+0900: 7863.154: [GC [1 CMS-initial-mark: 19898625K(25165824K)] 21814036K(47815104K), 1.2218960 secs] [Times: user=1.22 sys=0.00, real=1.22 secs] 
2014-05-28T14:33:21.382+0900: 7864.377: [CMS-concurrent-mark-start]
2014-05-28T14:33:22.010+0900: 7865.005: [CMS-concurrent-mark: 0.621/0.628 secs] [Times: user=4.35 sys=0.93, real=0.63 secs] 
2014-05-28T14:33:22.011+0900: 7865.006: [CMS-concurrent-preclean-start]
2014-05-28T14:33:22.078+0900: 7865.074: [CMS-concurrent-preclean: 0.067/0.068 secs] [Times: user=0.18 sys=0.10, real=0.07 secs] 
2014-05-28T14:33:22.079+0900: 7865.074: [CMS-concurrent-abortable-preclean-start]
 CMS: abort preclean due to time 2014-05-28T14:33:36.313+0900: 7879.308: [CMS-concurrent-abortable-preclean: 14.154/14.234 secs] [Times: user=33.93 sys=18.88, real=14.23 secs] 
2014-05-28T14:33:36.320+0900: 7879.315: [GC[YG occupancy: 8562920 K (22649280 K)]2014-05-28T14:33:36.321+0900: 7879.316: [Rescan (parallel) , 4.0753360 secs]2014-05-28T14:33:40.396+0900: 7883.391: [weak refs processing, 0.0009960 secs]2014-05-28T14:33:40.397+0900: 7883.392: [class unloading, 0.0078960 secs]2014-05-28T14:33:40.405+0900: 7883.400: [scrub symbol table, 0.0056280 secs]2014-05-28T14:33:40.411+0900: 7883.406: [scrub string table, 0.0007070 secs] [1 CMS-remark: 19898625K(25165824K)] 28461546K(47815104K), 4.0943980 secs] [Times: user=71.74 sys=0.00, real=4.09 secs] 
2014-05-28T14:33:40.416+0900: 7883.411: [CMS-concurrent-sweep-start]
2014-05-28T14:33:53.013+0900: 7896.008: [GC2014-05-28T14:33:53.015+0900: 7896.010: [ParNew: 22010806K->2516544K(22649280K), 1.1648150 secs] 29799164K->10309957K(47815104K), 1.1671850 secs] [Times: user=20.79 sys=0.00, real=1.17 secs] 
2014-05-28T14:34:01.487+0900: 7904.482: [CMS-concurrent-sweep: 19.788/21.071 secs] [Times: user=78.72 sys=16.24, real=21.06 secs] 
2014-05-28T14:34:01.487+0900: 7904.483: [CMS-concurrent-reset-start]
2014-05-28T14:34:01.563+0900: 7904.558: [CMS-concurrent-reset: 0.075/0.075 secs] [Times: user=0.25 sys=0.09, real=0.08 secs] 
2014-05-28T14:34:31.634+0900: 7934.629: [GC2014-05-28T14:34:31.636+0900: 7934.631: [ParNew: 22649280K->1964794K(22649280K), 1.3576260 secs] 24219114K->4633561K(47815104K), 1.3607520 secs] [Times: user=14.98 sys=0.04, real=1.36 secs] 
2014-05-28T14:35:06.943+0900: 7969.938: [GC2014-05-28T14:35:06.944+0900: 7969.940: [ParNew: 22097530K->2516544K(22649280K), 3.4505670 secs] 24766297K->5462725K(47815104K), 3.4533370 secs] [Times: user=59.59 sys=0.00, real=3.45 secs] 
2014-05-28T14:35:39.774+0900: 8002.769: [GC2014-05-28T14:35:39.776+0900: 8002.772: [ParNew: 22649280K->2073510K(22649280K), 1.6543380 secs] 25595461K->6594644K(47815104K), 1.6576400 secs] [Times: user=21.01 sys=0.03, real=1.65 secs] 
2014-05-28T14:36:00.714+0900: 8023.709: [GC2014-05-28T14:36:00.716+0900: 8023.712: [ParNew: 22206246K->2052659K(22649280K), 0.5883770 secs] 26727380K->6573793K(47815104K), 0.5921550 secs] [Times: user=10.43 sys=0.00, real=0.59 secs] 
2014-05-28T14:36:44.974+0900: 8067.970: [GC2014-05-28T14:36:44.976+0900: 8067.971: [ParNew: 22185395K->1680251K(22649280K), 0.8213510 secs] 26706529K->6821453K(47815104K), 0.8239910 secs] [Times: user=11.84 sys=0.00, real=0.82 secs] 
2014-05-28T14:37:07.015+0900: 8090.010: [GC2014-05-28T14:37:07.017+0900: 8090.012: [ParNew: 21812987K->2516544K(22649280K), 1.2760540 secs] 26954189K->7718261K(47815104K), 1.2787840 secs] [Times: user=22.58 sys=0.00, real=1.28 secs] 
2014-05-28T14:37:43.230+0900: 8126.225: [GC2014-05-28T14:37:43.231+0900: 8126.227: [ParNew: 22649280K->2033843K(22649280K), 0.8540570 secs] 27850997K->8278944K(47815104K), 0.8569610 secs] [Times: user=10.45 sys=0.00, real=0.86 secs] 
2014-05-28T14:38:17.431+0900: 8160.426: [GC2014-05-28T14:38:17.433+0900: 8160.428: [ParNew: 22166579K->2516544K(22649280K), 4.7303260 secs] 28411680K->9142620K(47815104K), 4.7331430 secs] [Times: user=83.34 sys=0.00, real=4.73 secs] 
2014-05-28T14:38:50.870+0900: 8193.865: [GC2014-05-28T14:38:50.872+0900: 8193.867: [ParNew: 22649280K->2073240K(22649280K), 1.1824790 secs] 29275356K->10266123K(47815104K), 1.1851720 secs] [Times: user=15.05 sys=0.00, real=1.19 secs] 
2014-05-28T14:39:32.988+0900: 8235.983: [GC2014-05-28T14:39:32.990+0900: 8235.985: [ParNew: 22205976K->1903481K(22649280K), 0.7542210 secs] 30398859K->10096364K(47815104K), 0.7575880 secs] [Times: user=13.41 sys=0.00, real=0.76 secs] 
2014-05-28T14:39:53.007+0900: 8256.003: [GC2014-05-28T14:39:53.010+0900: 8256.005: [ParNew: 22036217K->1796343K(22649280K), 0.8496650 secs] 30229100K->10434999K(47815104K), 0.8530960 secs] [Times: user=12.80 sys=0.00, real=0.85 secs] 
2014-05-28T14:40:37.094+0900: 8300.090: [GC2014-05-28T14:40:37.097+0900: 8300.092: [ParNew: 21929079K->1721381K(22649280K), 0.2565420 secs] 30567735K->10360037K(47815104K), 0.2602880 secs] [Times: user=4.46 sys=0.00, real=0.26 secs] 
2014-05-28T14:40:57.225+0900: 8320.221: [GC2014-05-28T14:40:57.227+0900: 8320.222: [ParNew: 21854117K->2516544K(22649280K), 0.6994340 secs] 30492773K->11179032K(47815104K), 0.7019130 secs] [Times: user=12.33 sys=0.00, real=0.70 secs] 
2014-05-28T14:41:40.600+0900: 8363.596: [GC2014-05-28T14:41:40.602+0900: 8363.597: [ParNew: 22649280K->2223817K(22649280K), 0.9909710 secs] 31311768K->11984162K(47815104K), 0.9937220 secs] [Times: user=11.89 sys=0.01, real=0.99 secs] 
2014-05-28T14:42:09.442+0900: 8392.437: [GC2014-05-28T14:42:09.443+0900: 8392.439: [ParNew: 22356553K->2516544K(22649280K), 1.2089960 secs] 32116898K->12286931K(47815104K), 1.2114470 secs] [Times: user=21.50 sys=0.00, real=1.22 secs] 
2014-05-28T14:42:48.167+0900: 8431.163: [GC2014-05-28T14:42:48.169+0900: 8431.164: [ParNew: 22649280K->2082107K(22649280K), 1.0690920 secs] 32419667K->12921425K(47815104K), 1.0716380 secs] [Times: user=12.90 sys=0.00, real=1.08 secs] 
2014-05-28T14:43:23.285+0900: 8466.280: [GC2014-05-28T14:43:23.287+0900: 8466.282: [ParNew: 22214843K->2444086K(22649280K), 4.3930640 secs] 33054161K->13283404K(47815104K), 4.3955600 secs] [Times: user=78.83 sys=0.00, real=4.39 secs] 
2014-05-28T14:44:01.264+0900: 8504.260: [GC2014-05-28T14:44:01.266+0900: 8504.261: [ParNew: 22576822K->2153090K(22649280K), 1.2032280 secs] 33416140K->14013458K(47815104K), 1.2056630 secs] [Times: user=16.66 sys=0.00, real=1.21 secs] 
2014-05-28T14:44:39.801+0900: 8542.796: [GC2014-05-28T14:44:39.802+0900: 8542.798: [ParNew: 22285826K->2516544K(22649280K), 6.0810700 secs] 34146194K->14962417K(47815104K), 6.0834870 secs] [Times: user=106.37 sys=0.00, real=6.08 secs] 
2014-05-28T14:45:17.643+0900: 8580.638: [GC2014-05-28T14:45:17.645+0900: 8580.640: [ParNew: 22649280K->2121944K(22649280K), 1.5113450 secs] 35095153K->16106065K(47815104K), 1.5148280 secs] [Times: user=18.61 sys=0.04, real=1.51 secs] 
2014-05-28T14:45:59.156+0900: 8622.152: [GC2014-05-28T14:45:59.158+0900: 8622.153: [ParNew: 22254680K->2075394K(22649280K), 2.0881410 secs] 36238801K->16059515K(47815104K), 2.0905430 secs] [Times: user=37.38 sys=0.00, real=2.09 secs] 
2014-05-28T14:46:30.250+0900: 8653.246: [GC2014-05-28T14:46:30.252+0900: 8653.247: [ParNew: 22208130K->1430474K(22649280K), 0.7733020 secs] 36192251K->16155026K(47815104K), 0.7759760 secs] [Times: user=10.07 sys=0.00, real=0.78 secs] 
2014-05-28T14:47:15.950+0900: 8698.945: [GC2014-05-28T14:47:15.952+0900: 8698.947: [ParNew: 21563210K->2069924K(22649280K), 0.7915350 secs] 36287762K->16794476K(47815104K), 0.7939930 secs] [Times: user=14.08 sys=0.00, real=0.79 secs] 
2014-05-28T14:47:40.030+0900: 8723.026: [GC2014-05-28T14:47:40.032+0900: 8723.027: [ParNew: 22202660K->1708798K(22649280K), 0.8910830 secs] 36927212K->17154610K(47815104K), 0.8935080 secs] [Times: user=12.44 sys=0.00, real=0.90 secs] 
2014-05-28T14:48:24.950+0900: 8767.945: [GC2014-05-28T14:48:24.952+0900: 8767.948: [ParNew: 21841534K->1786109K(22649280K), 0.2575050 secs] 37287346K->17231921K(47815104K), 0.2609730 secs] [Times: user=4.49 sys=0.00, real=0.27 secs] 
2014-05-28T14:48:45.715+0900: 8788.710: [GC2014-05-28T14:48:45.716+0900: 8788.711: [ParNew: 21918845K->2516544K(22649280K), 0.6866700 secs] 37364657K->17968796K(47815104K), 0.6892960 secs] [Times: user=12.20 sys=0.00, real=0.69 secs] 
2014-05-28T14:49:27.023+0900: 8830.018: [GC2014-05-28T14:49:27.025+0900: 8830.021: [ParNew: 22649280K->2030775K(22649280K), 1.1671480 secs] 38101532K->18581083K(47815104K), 1.1705870 secs] [Times: user=11.93 sys=0.02, real=1.17 secs] 
2014-05-28T14:49:51.813+0900: 8854.808: [GC2014-05-28T14:49:51.814+0900: 8854.810: [ParNew: 22163511K->2516544K(22649280K), 1.2180220 secs] 38713819K->19083773K(47815104K), 1.2205750 secs] [Times: user=21.70 sys=0.00, real=1.23 secs] 
2014-05-28T14:50:37.006+0900: 8900.001: [GC2014-05-28T14:50:37.008+0900: 8900.003: [ParNew: 22649280K->2145651K(22649280K), 1.0294520 secs] 39216509K->19801664K(47815104K), 1.0319350 secs] [Times: user=13.10 sys=0.01, real=1.03 secs] 
2014-05-28T14:51:06.608+0900: 8929.603: [GC2014-05-28T14:51:06.611+0900: 8929.606: [ParNew: 22278387K->2516544K(22649280K), 0.9036140 secs] 39934400K->20184372K(47815104K), 0.9070760 secs] [Times: user=16.01 sys=0.00, real=0.91 secs] 
2014-05-28T14:51:49.014+0900: 8972.009: [GC2014-05-28T14:51:49.016+0900: 8972.011: [ParNew: 22649280K->2078482K(22649280K), 1.0340670 secs] 40317108K->20815512K(47815104K), 1.0367420 secs] [Times: user=14.20 sys=0.01, real=1.03 secs] 
2014-05-28T14:52:19.596+0900: 9002.592: [GC2014-05-28T14:52:19.598+0900: 9002.593: [ParNew: 22211218K->2516544K(22649280K), 2.5368870 secs] 40948248K->21317723K(47815104K), 2.5394330 secs] [Times: user=45.23 sys=0.00, real=2.54 secs] 
2014-05-28T14:52:59.435+0900: 9042.430: [GC2014-05-28T14:52:59.437+0900: 9042.432: [ParNew: 22649280K->2006224K(22649280K), 0.9483240 secs] 41450459K->21888972K(47815104K), 0.9510450 secs] [Times: user=12.09 sys=0.02, real=0.95 secs] 
2014-05-28T14:53:00.393+0900: 9043.389: [GC [1 CMS-initial-mark: 19882747K(25165824K)] 21889456K(47815104K), 1.0746230 secs] [Times: user=1.07 sys=0.00, real=1.07 secs] 
2014-05-28T14:53:01.470+0900: 9044.465: [CMS-concurrent-mark-start]
2014-05-28T14:53:02.129+0900: 9045.125: [CMS-concurrent-mark: 0.659/0.659 secs] [Times: user=4.89 sys=1.00, real=0.66 secs] 
2014-05-28T14:53:02.130+0900: 9045.125: [CMS-concurrent-preclean-start]
2014-05-28T14:53:02.199+0900: 9045.194: [CMS-concurrent-preclean: 0.068/0.069 secs] [Times: user=0.17 sys=0.10, real=0.07 secs] 
2014-05-28T14:53:02.199+0900: 9045.194: [CMS-concurrent-abortable-preclean-start]
 CMS: abort preclean due to time 2014-05-28T14:53:17.758+0900: 9060.753: [CMS-concurrent-abortable-preclean: 15.551/15.559 secs] [Times: user=36.83 sys=20.46, real=15.56 secs] 
2014-05-28T14:53:17.765+0900: 9060.760: [GC[YG occupancy: 9729574 K (22649280 K)]2014-05-28T14:53:17.766+0900: 9060.761: [Rescan (parallel) , 5.8854410 secs]2014-05-28T14:53:23.651+0900: 9066.647: [weak refs processing, 0.0009520 secs]2014-05-28T14:53:23.652+0900: 9066.648: [class unloading, 0.0075310 secs]2014-05-28T14:53:23.660+0900: 9066.655: [scrub symbol table, 0.0054050 secs]2014-05-28T14:53:23.665+0900: 9066.661: [scrub string table, 0.0006670 secs] [1 CMS-remark: 19882747K(25165824K)] 29612322K(47815104K), 5.9038430 secs] [Times: user=103.72 sys=0.00, real=5.90 secs] 
2014-05-28T14:53:23.670+0900: 9066.665: [CMS-concurrent-sweep-start]
2014-05-28T14:53:35.699+0900: 9078.695: [GC2014-05-28T14:53:35.701+0900: 9078.696: [ParNew: 22138960K->2516544K(22649280K), 2.8595870 secs] 30700592K->11142363K(47815104K), 2.8623390 secs] [Times: user=50.91 sys=0.00, real=2.86 secs] 
2014-05-28T14:53:46.883+0900: 9089.878: [CMS-concurrent-sweep: 20.288/23.213 secs] [Times: user=114.42 sys=26.13, real=23.21 secs] 
2014-05-28T14:53:46.883+0900: 9089.878: [CMS-concurrent-reset-start]
2014-05-28T14:53:46.967+0900: 9089.962: [CMS-concurrent-reset: 0.084/0.084 secs] [Times: user=0.23 sys=0.12, real=0.08 secs] 
2014-05-28T14:54:12.527+0900: 9115.522: [GC2014-05-28T14:54:12.528+0900: 9115.524: [ParNew: 22649280K->2062346K(22649280K), 1.0700410 secs] 24194859K->4567739K(47815104K), 1.0726890 secs] [Times: user=12.24 sys=0.01, real=1.07 secs] 
2014-05-28T14:54:49.385+0900: 9152.380: [GC2014-05-28T14:54:49.387+0900: 9152.382: [ParNew: 22195082K->2516544K(22649280K), 2.2157180 secs] 24700475K->5417266K(47815104K), 2.2184390 secs] [Times: user=36.85 sys=0.00, real=2.22 secs] 
2014-05-28T14:55:18.180+0900: 9181.175: [GC2014-05-28T14:55:18.182+0900: 9181.177: [ParNew: 22649280K->2115890K(22649280K), 1.6333210 secs] 25550002K->6421421K(47815104K), 1.6359910 secs] [Times: user=22.50 sys=0.01, real=1.64 secs] 
2014-05-28T14:56:02.170+0900: 9225.166: [GC2014-05-28T14:56:02.172+0900: 9225.167: [ParNew: 22248626K->1336531K(22649280K), 0.8855530 secs] 26554157K->5642062K(47815104K), 0.8882550 secs] [Times: user=15.78 sys=0.00, real=0.88 secs] 
2014-05-28T14:56:25.668+0900: 9248.663: [GC2014-05-28T14:56:25.670+0900: 9248.665: [ParNew: 21469267K->2393221K(22649280K), 0.6370780 secs] 25774798K->6698752K(47815104K), 0.6398050 secs] [Times: user=11.33 sys=0.00, real=0.64 secs] 
2014-05-28T14:57:10.482+0900: 9293.477: [GC2014-05-28T14:57:10.483+0900: 9293.479: [ParNew: 22525957K->2011178K(22649280K), 1.1688220 secs] 26831488K->7084704K(47815104K), 1.1714490 secs] [Times: user=17.62 sys=0.00, real=1.17 secs] 
2014-05-28T14:57:33.295+0900: 9316.291: [GC2014-05-28T14:57:33.298+0900: 9316.293: [ParNew: 22143895K->2516544K(22649280K), 0.6779580 secs] 27217421K->7590585K(47815104K), 0.6817680 secs] [Times: user=12.03 sys=0.00, real=0.68 secs] 
2014-05-28T14:58:22.036+0900: 9365.031: [GC2014-05-28T14:58:22.038+0900: 9365.033: [ParNew: 22649280K->2266303K(22649280K), 0.7655690 secs] 27723321K->8438171K(47815104K), 0.7683060 secs] [Times: user=8.98 sys=0.04, real=0.77 secs] 
2014-05-28T14:58:44.906+0900: 9387.901: [GC2014-05-28T14:58:44.908+0900: 9387.903: [ParNew: 22399039K->2516544K(22649280K), 1.5852160 secs] 28570907K->8730626K(47815104K), 1.5880000 secs] [Times: user=28.22 sys=0.00, real=1.59 secs] 
2014-05-28T14:59:31.444+0900: 9434.440: [GC2014-05-28T14:59:31.447+0900: 9434.442: [ParNew: 22649280K->1924582K(22649280K), 1.1298870 secs] 28863362K->9230080K(47815104K), 1.1334970 secs] [Times: user=15.40 sys=0.00, real=1.13 secs] 
2014-05-28T15:00:01.632+0900: 9464.627: [GC2014-05-28T15:00:01.634+0900: 9464.630: [ParNew: 22057318K->2516544K(22649280K), 2.3465260 secs] 29362816K->9899282K(47815104K), 2.3499560 secs] [Times: user=41.73 sys=0.00, real=2.35 secs] 
2014-05-28T15:00:33.008+0900: 9496.003: [GC2014-05-28T15:00:33.010+0900: 9496.006: [ParNew: 22649280K->2506915K(22649280K), 1.4483470 secs] 30032018K->10991622K(47815104K), 1.4514400 secs] [Times: user=20.45 sys=0.00, real=1.45 secs] 
2014-05-28T15:00:56.649+0900: 9519.644: [GC2014-05-28T15:00:56.650+0900: 9519.646: [ParNew: 22639651K->1928658K(22649280K), 1.3941000 secs] 31124358K->11347205K(47815104K), 1.3965960 secs] [Times: user=20.24 sys=0.00, real=1.40 secs] 
2014-05-28T15:01:20.411+0900: 9543.406: [GC2014-05-28T15:01:20.412+0900: 9543.407: [ParNew: 22061394K->2516544K(22649280K), 1.1472800 secs] 31479941K->12282089K(47815104K), 1.1497840 secs] [Times: user=18.69 sys=0.00, real=1.15 secs] 
2014-05-28T15:01:56.610+0900: 9579.606: [GC2014-05-28T15:01:56.612+0900: 9579.607: [ParNew: 22649280K->2298917K(22649280K), 1.0267860 secs] 32414825K->13014566K(47815104K), 1.0293730 secs] [Times: user=13.44 sys=0.00, real=1.03 secs] 
2014-05-28T15:02:32.191+0900: 9615.186: [GC2014-05-28T15:02:32.193+0900: 9615.189: [ParNew: 22431653K->2516544K(22649280K), 2.1219320 secs] 33147302K->13416795K(47815104K), 2.1253970 secs] [Times: user=37.29 sys=0.00, real=2.12 secs] 
2014-05-28T15:02:56.700+0900: 9639.695: [GC2014-05-28T15:02:56.702+0900: 9639.697: [ParNew: 22649280K->2090113K(22649280K), 1.6224650 secs] 33549531K->14571282K(47815104K), 1.6259320 secs] [Times: user=20.08 sys=0.01, real=1.63 secs] 
2014-05-28T15:03:34.408+0900: 9677.403: [GC2014-05-28T15:03:34.409+0900: 9677.404: [ParNew: 22222849K->1132858K(22649280K), 0.7408240 secs] 34704018K->13614026K(47815104K), 0.7432690 secs] [Times: user=13.15 sys=0.00, real=0.75 secs] 
2014-05-28T15:03:55.497+0900: 9698.493: [GC2014-05-28T15:03:55.499+0900: 9698.494: [ParNew: 21265594K->2352122K(22649280K), 0.9883890 secs] 33746762K->14833291K(47815104K), 0.9908620 secs] [Times: user=17.66 sys=0.00, real=0.99 secs] 
2014-05-28T15:04:36.933+0900: 9739.929: [GC2014-05-28T15:04:36.935+0900: 9739.930: [ParNew: 22484858K->1745894K(22649280K), 0.9601710 secs] 34966027K->14947823K(47815104K), 0.9626590 secs] [Times: user=13.40 sys=0.00, real=0.96 secs] 
2014-05-28T15:05:10.623+0900: 9773.618: [GC2014-05-28T15:05:10.624+0900: 9773.620: [ParNew: 21878630K->2516544K(22649280K), 3.4517440 secs] 35080559K->15753367K(47815104K), 3.4542130 secs] [Times: user=61.76 sys=0.00, real=3.46 secs] 
2014-05-28T15:05:43.040+0900: 9806.035: [GC2014-05-28T15:05:43.041+0900: 9806.037: [ParNew: 22649280K->1807991K(22649280K), 0.9141580 secs] 35886103K->15963796K(47815104K), 0.9166470 secs] [Times: user=11.47 sys=0.00, real=0.91 secs] 
2014-05-28T15:06:25.092+0900: 9848.087: [GC2014-05-28T15:06:25.093+0900: 9848.089: [ParNew: 21940727K->2516544K(22649280K), 0.8925340 secs] 36096532K->16879786K(47815104K), 0.8951090 secs] [Times: user=14.89 sys=0.00, real=0.90 secs] 
2014-05-28T15:06:48.862+0900: 9871.857: [GC2014-05-28T15:06:48.863+0900: 9871.858: [ParNew: 22649280K->2103769K(22649280K), 1.3742190 secs] 37012522K->17555794K(47815104K), 1.3768570 secs] [Times: user=17.36 sys=0.01, real=1.38 secs] 
2014-05-28T15:07:31.598+0900: 9914.594: [GC2014-05-28T15:07:31.600+0900: 9914.595: [ParNew: 22236505K->1678764K(22649280K), 0.2580830 secs] 37688530K->17130789K(47815104K), 0.2606280 secs] [Times: user=4.49 sys=0.00, real=0.26 secs] 
2014-05-28T15:07:50.288+0900: 9933.283: [GC2014-05-28T15:07:50.290+0900: 9933.285: [ParNew: 21811500K->2516544K(22649280K), 0.7793440 secs] 37263525K->17969499K(47815104K), 0.7825680 secs] [Times: user=13.87 sys=0.00, real=0.78 secs] 
2014-05-28T15:08:34.465+0900: 9977.460: [GC2014-05-28T15:08:34.466+0900: 9977.461: [ParNew: 22649280K->1926112K(22649280K), 0.9582600 secs] 38102235K->18490021K(47815104K), 0.9606700 secs] [Times: user=11.67 sys=0.02, real=0.96 secs] 
2014-05-28T15:09:03.183+0900: 10006.178: [GC2014-05-28T15:09:03.184+0900: 10006.180: [ParNew: 22058848K->2516544K(22649280K), 1.4705160 secs] 38622757K->19080498K(47815104K), 1.4729520 secs] [Times: user=26.29 sys=0.00, real=1.47 secs] 
2014-05-28T15:09:38.962+0900: 10041.957: [GC2014-05-28T15:09:38.963+0900: 10041.958: [ParNew: 22649280K->1853814K(22649280K), 1.1141930 secs] 39213234K->19518303K(47815104K), 1.1172120 secs] [Times: user=15.14 sys=0.00, real=1.12 secs] 
2014-05-28T15:10:16.383+0900: 10079.379: [GC2014-05-28T15:10:16.385+0900: 10079.381: [ParNew: 21986550K->2516544K(22649280K), 2.0845700 secs] 39651039K->20291843K(47815104K), 2.0873200 secs] [Times: user=36.91 sys=0.00, real=2.09 secs] 
2014-05-28T15:10:45.700+0900: 10108.695: [GC2014-05-28T15:10:45.702+0900: 10108.697: [ParNew: 22649280K->2039914K(22649280K), 1.1773710 secs] 40424579K->21295665K(47815104K), 1.1800800 secs] [Times: user=15.06 sys=0.02, real=1.18 secs] 
2014-05-28T15:10:46.888+0900: 10109.883: [GC [1 CMS-initial-mark: 19255750K(25165824K)] 21316163K(47815104K), 0.6737010 secs] [Times: user=0.67 sys=0.00, real=0.67 secs] 
2014-05-28T15:10:47.563+0900: 10110.558: [CMS-concurrent-mark-start]
2014-05-28T15:10:48.469+0900: 10111.464: [CMS-concurrent-mark: 0.904/0.906 secs] [Times: user=6.63 sys=1.42, real=0.91 secs] 
2014-05-28T15:10:48.470+0900: 10111.465: [CMS-concurrent-preclean-start]
2014-05-28T15:10:48.539+0900: 10111.535: [CMS-concurrent-preclean: 0.069/0.070 secs] [Times: user=0.21 sys=0.12, real=0.07 secs] 
2014-05-28T15:10:48.540+0900: 10111.535: [CMS-concurrent-abortable-preclean-start]
 CMS: abort preclean due to time 2014-05-28T15:10:57.308+0900: 10120.303: [CMS-concurrent-abortable-preclean: 8.745/8.768 secs] [Times: user=21.38 sys=11.59, real=8.77 secs] 
2014-05-28T15:10:57.315+0900: 10120.310: [GC[YG occupancy: 6803156 K (22649280 K)]2014-05-28T15:10:57.316+0900: 10120.311: [Rescan (parallel) , 2.4769730 secs]2014-05-28T15:10:59.793+0900: 10122.788: [weak refs processing, 0.0009750 secs]2014-05-28T15:10:59.794+0900: 10122.789: [class unloading, 0.0079570 secs]2014-05-28T15:10:59.802+0900: 10122.797: [scrub symbol table, 0.0055560 secs]2014-05-28T15:10:59.808+0900: 10122.803: [scrub string table, 0.0006550 secs] [1 CMS-remark: 19255750K(25165824K)] 26058906K(47815104K), 2.4960620 secs] [Times: user=43.72 sys=0.00, real=2.50 secs] 
2014-05-28T15:10:59.813+0900: 10122.808: [CMS-concurrent-sweep-start]
2014-05-28T15:11:18.378+0900: 10141.373: [CMS-concurrent-sweep: 18.536/18.565 secs] [Times: user=48.16 sys=22.27, real=18.56 secs] 
2014-05-28T15:11:18.378+0900: 10141.374: [CMS-concurrent-reset-start]
2014-05-28T15:11:18.452+0900: 10141.447: [CMS-concurrent-reset: 0.074/0.074 secs] [Times: user=0.16 sys=0.04, real=0.07 secs] 
2014-05-28T15:11:31.693+0900: 10154.688: [GC2014-05-28T15:11:31.695+0900: 10154.690: [ParNew: 22172650K->2149094K(22649280K), 0.8221290 secs] 24203744K->4180188K(47815104K), 0.8259650 secs] [Times: user=14.62 sys=0.00, real=0.82 secs] 
2014-05-28T15:11:57.502+0900: 10180.497: [GC2014-05-28T15:11:57.504+0900: 10180.499: [ParNew: 22281830K->1772462K(22649280K), 0.8036440 secs] 24312924K->4450374K(47815104K), 0.8069820 secs] [Times: user=11.59 sys=0.00, real=0.81 secs] 
2014-05-28T15:12:42.396+0900: 10225.391: [GC2014-05-28T15:12:42.397+0900: 10225.393: [ParNew: 21905198K->2274980K(22649280K), 0.3325850 secs] 24583110K->4952891K(47815104K), 0.3353260 secs] [Times: user=5.89 sys=0.00, real=0.34 secs] 
2014-05-28T15:13:02.308+0900: 10245.303: [GC2014-05-28T15:13:02.310+0900: 10245.306: [ParNew: 22407716K->2516544K(22649280K), 0.7959100 secs] 25085627K->5410842K(47815104K), 0.7995640 secs] [Times: user=12.75 sys=0.00, real=0.80 secs] 
2014-05-28T15:13:45.400+0900: 10288.396: [GC2014-05-28T15:13:45.403+0900: 10288.398: [ParNew: 22649280K->2020056K(22649280K), 1.3676130 secs] 25543578K->5795991K(47815104K), 1.3713300 secs] [Times: user=14.35 sys=0.05, real=1.38 secs] 
2014-05-28T15:14:08.782+0900: 10311.777: [GC2014-05-28T15:14:08.784+0900: 10311.780: [ParNew: 22152792K->2516544K(22649280K), 1.6084070 secs] 25928727K->6314108K(47815104K), 1.6118860 secs] [Times: user=28.58 sys=0.00, real=1.61 secs] 
2014-05-28T15:14:53.275+0900: 10356.270: [GC2014-05-28T15:14:53.277+0900: 10356.272: [ParNew: 22649280K->2051856K(22649280K), 1.1104550 secs] 26446844K->6947136K(47815104K), 1.1138400 secs] [Times: user=13.95 sys=0.00, real=1.11 secs] 
2014-05-28T15:15:25.286+0900: 10388.282: [GC2014-05-28T15:15:25.288+0900: 10388.283: [ParNew: 22184592K->2516544K(22649280K), 2.1873270 secs] 27079872K->7411870K(47815104K), 2.1901110 secs] [Times: user=39.21 sys=0.00, real=2.20 secs] 
2014-05-28T15:16:01.061+0900: 10424.056: [GC2014-05-28T15:16:01.062+0900: 10424.058: [ParNew: 22649280K->2516544K(22649280K), 1.3965650 secs] 27544606K->8543403K(47815104K), 1.3993850 secs] [Times: user=20.02 sys=0.00, real=1.40 secs] 
2014-05-28T15:16:21.620+0900: 10444.615: [GC2014-05-28T15:16:21.622+0900: 10444.617: [ParNew: 22649280K->2051976K(22649280K), 0.8872720 secs] 28676139K->8950819K(47815104K), 0.8899400 secs] [Times: user=12.14 sys=0.00, real=0.89 secs] 
2014-05-28T15:16:45.617+0900: 10468.612: [GC2014-05-28T15:16:45.619+0900: 10468.614: [ParNew: 22184712K->2516544K(22649280K), 1.0818250 secs] 29083555K->9781899K(47815104K), 1.0851970 secs] [Times: user=17.87 sys=0.00, real=1.09 secs] 
2014-05-28T15:17:18.746+0900: 10501.741: [GC2014-05-28T15:17:18.747+0900: 10501.743: [ParNew: 22649280K->2085590K(22649280K), 1.0206090 secs] 29914635K->10406177K(47815104K), 1.0229830 secs] [Times: user=14.08 sys=0.02, real=1.02 secs] 
2014-05-28T15:17:56.312+0900: 10539.307: [GC2014-05-28T15:17:56.314+0900: 10539.309: [ParNew: 22218326K->2516544K(22649280K), 0.9542560 secs] 30538913K->10839459K(47815104K), 0.9576090 secs] [Times: user=17.00 sys=0.00, real=0.96 secs] 
2014-05-28T15:18:14.475+0900: 10557.470: [GC2014-05-28T15:18:14.477+0900: 10557.472: [ParNew: 22649280K->2123665K(22649280K), 1.1915130 secs] 30972195K->11394193K(47815104K), 1.1942990 secs] [Times: user=17.58 sys=0.00, real=1.19 secs] 
2014-05-28T15:18:52.744+0900: 10595.740: [GC2014-05-28T15:18:52.746+0900: 10595.741: [ParNew: 22256401K->1829635K(22649280K), 0.2944410 secs] 31526929K->11301212K(47815104K), 0.2971830 secs] [Times: user=4.40 sys=0.00, real=0.30 secs] 
2014-05-28T15:19:18.851+0900: 10621.846: [GC2014-05-28T15:19:18.852+0900: 10621.848: [ParNew: 21962371K->2516544K(22649280K), 3.2239690 secs] 31433948K->12063845K(47815104K), 3.2267530 secs] [Times: user=57.52 sys=0.00, real=3.23 secs] 
2014-05-28T15:19:53.427+0900: 10656.422: [GC2014-05-28T15:19:53.429+0900: 10656.424: [ParNew: 22649280K->2516544K(22649280K), 1.3820310 secs] 32196581K->13179604K(47815104K), 1.3847740 secs] [Times: user=20.38 sys=0.00, real=1.39 secs] 
2014-05-28T15:20:15.869+0900: 10678.865: [GC2014-05-28T15:20:15.871+0900: 10678.866: [ParNew: 22649280K->2031116K(22649280K), 0.9717470 secs] 33312340K->13867906K(47815104K), 0.9744650 secs] [Times: user=12.77 sys=0.01, real=0.98 secs] 
2014-05-28T15:21:00.922+0900: 10723.917: [GC2014-05-28T15:21:00.924+0900: 10723.919: [ParNew: 22163852K->1367219K(22649280K), 0.2966320 secs] 34000642K->13204008K(47815104K), 0.2997920 secs] [Times: user=5.17 sys=0.00, real=0.30 secs] 
2014-05-28T15:21:19.818+0900: 10742.813: [GC2014-05-28T15:21:19.820+0900: 10742.815: [ParNew: 21499955K->2406775K(22649280K), 0.7238250 secs] 33336744K->14243565K(47815104K), 0.7268820 secs] [Times: user=12.88 sys=0.00, real=0.73 secs] 
2014-05-28T15:21:55.925+0900: 10778.920: [GC2014-05-28T15:21:55.928+0900: 10778.923: [ParNew: 22539511K->2109063K(22649280K), 0.9772660 secs] 34376301K->14934743K(47815104K), 0.9807010 secs] [Times: user=13.57 sys=0.00, real=0.99 secs] 
2014-05-28T15:22:37.190+0900: 10820.186: [GC2014-05-28T15:22:37.192+0900: 10820.187: [ParNew: 22241799K->2496465K(22649280K), 0.8971840 secs] 35067479K->15322144K(47815104K), 0.8998060 secs] [Times: user=15.98 sys=0.00, real=0.90 secs] 
2014-05-28T15:23:00.897+0900: 10843.892: [GC2014-05-28T15:23:00.899+0900: 10843.894: [ParNew: 22619887K->1924664K(22649280K), 0.9464240 secs] 35445567K->15848928K(47815104K), 0.9493170 secs] [Times: user=12.66 sys=0.00, real=0.95 secs] 
2014-05-28T15:23:21.420+0900: 10864.415: [GC2014-05-28T15:23:21.422+0900: 10864.417: [ParNew: 22057400K->2516544K(22649280K), 0.8143950 secs] 35981664K->16507459K(47815104K), 0.8172500 secs] [Times: user=14.23 sys=0.00, real=0.81 secs] 
2014-05-28T15:24:07.342+0900: 10910.338: [GC2014-05-28T15:24:07.345+0900: 10910.340: [ParNew: 22649280K->1950950K(22649280K), 1.0577420 secs] 36640195K->17014948K(47815104K), 1.0614130 secs] [Times: user=11.58 sys=0.03, real=1.06 secs] 
2014-05-28T15:24:33.632+0900: 10936.627: [GC2014-05-28T15:24:33.634+0900: 10936.629: [ParNew: 22083686K->2516544K(22649280K), 1.1322280 secs] 37147684K->17580546K(47815104K), 1.1350270 secs] [Times: user=20.21 sys=0.00, real=1.13 secs] 
2014-05-28T15:25:07.852+0900: 10970.847: [GC2014-05-28T15:25:07.854+0900: 10970.849: [ParNew: 22649280K->1947622K(22649280K), 1.0781230 secs] 37713282K->18069175K(47815104K), 1.0814650 secs] [Times: user=15.06 sys=0.01, real=1.08 secs] 
2014-05-28T15:25:47.905+0900: 11010.900: [GC2014-05-28T15:25:47.908+0900: 11010.903: [ParNew: 22080358K->2330358K(22649280K), 0.8387660 secs] 38201911K->18451912K(47815104K), 0.8421870 secs] [Times: user=14.94 sys=0.00, real=0.84 secs] 
2014-05-28T15:26:10.241+0900: 11033.236: [GC2014-05-28T15:26:10.243+0900: 11033.239: [ParNew: 22463094K->2010693K(22649280K), 1.2672840 secs] 38584648K->19025267K(47815104K), 1.2706030 secs] [Times: user=19.05 sys=0.00, real=1.27 secs] 
2014-05-28T15:26:33.146+0900: 11056.141: [GC2014-05-28T15:26:33.149+0900: 11056.144: [ParNew: 22143429K->2516544K(22649280K), 1.4351200 secs] 39158003K->19775522K(47815104K), 1.4385570 secs] [Times: user=24.71 sys=0.00, real=1.44 secs] 
2014-05-28T15:27:08.375+0900: 11091.370: [GC2014-05-28T15:27:08.377+0900: 11091.372: [ParNew: 22649280K->2152257K(22649280K), 0.9645570 secs] 39908258K->20488117K(47815104K), 0.9679290 secs] [Times: user=13.00 sys=0.01, real=0.96 secs] 
2014-05-28T15:27:44.425+0900: 11127.421: [GC2014-05-28T15:27:44.428+0900: 11127.423: [ParNew: 22284993K->2516544K(22649280K), 5.5838340 secs] 40620853K->21288534K(47815104K), 5.5873280 secs] [Times: user=98.45 sys=0.00, real=5.59 secs] 
2014-05-28T15:28:16.916+0900: 11159.911: [GC2014-05-28T15:28:16.918+0900: 11159.914: [ParNew: 22649280K->2078807K(22649280K), 1.6171240 secs] 41421270K->22402753K(47815104K), 1.6205980 secs] [Times: user=20.20 sys=0.04, real=1.62 secs] 
2014-05-28T15:28:18.545+0900: 11161.540: [GC [1 CMS-initial-mark: 20323945K(25165824K)] 22420928K(47815104K), 0.5215350 secs] [Times: user=0.52 sys=0.00, real=0.52 secs] 
2014-05-28T15:28:19.068+0900: 11162.063: [CMS-concurrent-mark-start]
2014-05-28T15:28:20.837+0900: 11163.832: [CMS-concurrent-mark: 1.769/1.769 secs] [Times: user=12.95 sys=3.59, real=1.77 secs] 
2014-05-28T15:28:20.838+0900: 11163.833: [CMS-concurrent-preclean-start]
2014-05-28T15:28:20.907+0900: 11163.902: [CMS-concurrent-preclean: 0.069/0.069 secs] [Times: user=0.23 sys=0.15, real=0.07 secs] 
2014-05-28T15:28:20.908+0900: 11163.903: [CMS-concurrent-abortable-preclean-start]
 CMS: abort preclean due to time 2014-05-28T15:28:30.627+0900: 11173.622: [CMS-concurrent-abortable-preclean: 9.689/9.719 secs] [Times: user=26.91 sys=18.92, real=9.72 secs] 
2014-05-28T15:28:30.634+0900: 11173.629: [GC[YG occupancy: 8733619 K (22649280 K)]2014-05-28T15:28:30.635+0900: 11173.631: [Rescan (parallel) , 2.2795080 secs]2014-05-28T15:28:32.915+0900: 11175.910: [weak refs processing, 0.0011500 secs]2014-05-28T15:28:32.916+0900: 11175.911: [class unloading, 0.0079220 secs]2014-05-28T15:28:32.924+0900: 11175.919: [scrub symbol table, 0.0054720 secs]2014-05-28T15:28:32.930+0900: 11175.925: [scrub string table, 0.0006540 secs] [1 CMS-remark: 20323945K(25165824K)] 29057564K(47815104K), 2.2986860 secs] [Times: user=40.23 sys=0.00, real=2.30 secs] 
2014-05-28T15:28:32.934+0900: 11175.930: [CMS-concurrent-sweep-start]
2014-05-28T15:28:50.900+0900: 11193.895: [CMS-concurrent-sweep: 17.950/17.966 secs] [Times: user=51.60 sys=31.23, real=17.97 secs] 
2014-05-28T15:28:50.900+0900: 11193.896: [CMS-concurrent-reset-start]
2014-05-28T15:28:50.974+0900: 11193.970: [CMS-concurrent-reset: 0.074/0.074 secs] [Times: user=0.20 sys=0.09, real=0.07 secs] 
2014-05-28T15:28:57.403+0900: 11200.398: [GC2014-05-28T15:28:57.405+0900: 11200.400: [ParNew: 22211543K->694514K(22649280K), 0.1148740 secs] 25593805K->4076776K(47815104K), 0.1177820 secs] [Times: user=1.92 sys=0.02, real=0.12 secs] 
2014-05-28T15:29:15.874+0900: 11218.869: [GC2014-05-28T15:29:15.876+0900: 11218.871: [ParNew: 20827250K->1759571K(22649280K), 0.5110500 secs] 24209512K->5141832K(47815104K), 0.5148400 secs] [Times: user=8.99 sys=0.00, real=0.51 secs] 
2014-05-28T15:30:01.354+0900: 11264.350: [GC2014-05-28T15:30:01.357+0900: 11264.352: [ParNew: 21892307K->1658559K(22649280K), 0.8813070 secs] 25274568K->5433920K(47815104K), 0.8850240 secs] [Times: user=10.70 sys=0.00, real=0.89 secs] 
2014-05-28T15:30:24.711+0900: 11287.707: [GC2014-05-28T15:30:24.713+0900: 11287.709: [ParNew: 21791295K->2516544K(22649280K), 1.2214540 secs] 25566656K->6317425K(47815104K), 1.2242280 secs] [Times: user=21.65 sys=0.00, real=1.23 secs] 
2014-05-28T15:31:06.378+0900: 11329.373: [GC2014-05-28T15:31:06.380+0900: 11329.375: [ParNew: 22649280K->2171620K(22649280K), 1.3300900 secs] 26450161K->7060510K(47815104K), 1.3331810 secs] [Times: user=15.17 sys=0.06, real=1.34 secs] 
2014-05-28T15:31:38.196+0900: 11361.192: [GC2014-05-28T15:31:38.199+0900: 11361.194: [ParNew: 22304356K->2516544K(22649280K), 1.9569530 secs] 27193246K->7419104K(47815104K), 1.9604740 secs] [Times: user=34.97 sys=0.00, real=1.96 secs] 
2014-05-28T15:32:16.865+0900: 11399.860: [GC2014-05-28T15:32:16.867+0900: 11399.863: [ParNew: 22649280K->2205558K(22649280K), 1.0917310 secs] 27551840K->8126024K(47815104K), 1.0951110 secs] [Times: user=15.06 sys=0.00, real=1.10 secs] 
2014-05-28T15:32:56.343+0900: 11439.339: [GC2014-05-28T15:32:56.345+0900: 11439.340: [ParNew: 22338294K->2516544K(22649280K), 3.8842380 secs] 28258760K->8747320K(47815104K), 3.8870010 secs] [Times: user=68.20 sys=0.00, real=3.89 secs] 
2014-05-28T15:33:27.098+0900: 11470.093: [GC2014-05-28T15:33:27.100+0900: 11470.095: [ParNew: 22649280K->2346638K(22649280K), 1.4663680 secs] 28880056K->9826745K(47815104K), 1.4700870 secs] [Times: user=21.18 sys=0.00, real=1.47 secs] 
2014-05-28T15:33:45.587+0900: 11488.583: [GC2014-05-28T15:33:45.590+0900: 11488.585: [ParNew: 22479374K->2516544K(22649280K), 0.8724800 secs] 29959481K->9996650K(47815104K), 0.8760680 secs] [Times: user=15.52 sys=0.00, real=0.88 secs] 
2014-05-28T15:34:26.541+0900: 11529.536: [GC2014-05-28T15:34:26.543+0900: 11529.538: [ParNew: 22649280K->1961441K(22649280K), 0.9381260 secs] 30129386K->10422940K(47815104K), 0.9409960 secs] [Times: user=12.09 sys=0.00, real=0.94 secs] 
2014-05-28T15:34:53.518+0900: 11556.513: [GC2014-05-28T15:34:53.519+0900: 11556.515: [ParNew: 22094177K->2516544K(22649280K), 1.6377440 secs] 30555676K->10983941K(47815104K), 1.6401530 secs] [Times: user=29.26 sys=0.00, real=1.64 secs] 
2014-05-28T15:35:26.457+0900: 11589.453: [GC2014-05-28T15:35:26.459+0900: 11589.454: [ParNew: 22649280K->2018604K(22649280K), 0.8106830 secs] 31116677K->11543689K(47815104K), 0.8134790 secs] [Times: user=10.39 sys=0.00, real=0.82 secs] 
2014-05-28T15:36:03.990+0900: 11626.985: [GC2014-05-28T15:36:03.992+0900: 11626.987: [ParNew: 22151340K->2516544K(22649280K), 0.8676350 secs] 31676425K->12042633K(47815104K), 0.8704440 secs] [Times: user=15.47 sys=0.00, real=0.87 secs] 
2014-05-28T15:36:26.876+0900: 11649.871: [GC2014-05-28T15:36:26.877+0900: 11649.873: [ParNew: 22649280K->2035030K(22649280K), 0.9021900 secs] 32175369K->12654363K(47815104K), 0.9048630 secs] [Times: user=12.01 sys=0.00, real=0.91 secs] 
2014-05-28T15:37:08.760+0900: 11691.755: [GC2014-05-28T15:37:08.762+0900: 11691.757: [ParNew: 22167766K->1450939K(22649280K), 0.2575580 secs] 32787099K->12070273K(47815104K), 0.2612740 secs] [Times: user=4.46 sys=0.00, real=0.26 secs] 
2014-05-28T15:37:29.769+0900: 11712.765: [GC2014-05-28T15:37:29.772+0900: 11712.767: [ParNew: 21583675K->2516544K(22649280K), 0.6824340 secs] 32203009K->13146132K(47815104K), 0.6862670 secs] [Times: user=12.04 sys=0.00, real=0.68 secs] 
2014-05-28T15:38:17.516+0900: 11760.512: [GC2014-05-28T15:38:17.518+0900: 11760.513: [ParNew: 22649280K->2007449K(22649280K), 0.7304440 secs] 33278868K->13731286K(47815104K), 0.7331580 secs] [Times: user=8.84 sys=0.01, real=0.73 secs] 
2014-05-28T15:38:42.421+0900: 11785.416: [GC2014-05-28T15:38:42.423+0900: 11785.419: [ParNew: 22140185K->2516544K(22649280K), 1.2386510 secs] 33864022K->14269566K(47815104K), 1.2421740 secs] [Times: user=22.01 sys=0.00, real=1.24 secs] 
2014-05-28T15:39:22.405+0900: 11825.400: [GC2014-05-28T15:39:22.408+0900: 11825.403: [ParNew: 22649280K->2131405K(22649280K), 0.9804250 secs] 34402302K->14966155K(47815104K), 0.9838510 secs] [Times: user=13.22 sys=0.00, real=0.98 secs] 
2014-05-28T15:39:54.598+0900: 11857.593: [GC2014-05-28T15:39:54.600+0900: 11857.595: [ParNew: 22264141K->2516544K(22649280K), 3.0646210 secs] 35098891K->15356012K(47815104K), 3.0679280 secs] [Times: user=54.92 sys=0.00, real=3.07 secs] 
2014-05-28T15:40:29.079+0900: 11892.074: [GC2014-05-28T15:40:29.082+0900: 11892.077: [ParNew: 22649280K->2134600K(22649280K), 1.2973350 secs] 35488748K->16032299K(47815104K), 1.3007650 secs] [Times: user=19.00 sys=0.00, real=1.30 secs] 
2014-05-28T15:41:10.919+0900: 11933.915: [GC2014-05-28T15:41:10.921+0900: 11933.916: [ParNew: 22267336K->2516544K(22649280K), 1.6445560 secs] 36165035K->16512413K(47815104K), 1.6469960 secs] [Times: user=28.94 sys=0.00, real=1.65 secs] 
2014-05-28T15:41:38.394+0900: 11961.389: [GC2014-05-28T15:41:38.396+0900: 11961.391: [ParNew: 22649280K->2089123K(22649280K), 1.4508130 secs] 36645149K->17617289K(47815104K), 1.4542550 secs] [Times: user=17.17 sys=0.00, real=1.46 secs] 
2014-05-28T15:42:23.796+0900: 12006.791: [GC2014-05-28T15:42:23.797+0900: 12006.793: [ParNew: 22221859K->1696212K(22649280K), 0.6481660 secs] 37750025K->17224378K(47815104K), 0.6511930 secs] [Times: user=11.54 sys=0.00, real=0.65 secs] 
2014-05-28T15:42:46.635+0900: 12029.630: [GC2014-05-28T15:42:46.636+0900: 12029.631: [ParNew: 21828948K->1729548K(22649280K), 1.3023470 secs] 37357114K->18075357K(47815104K), 1.3047740 secs] [Times: user=19.25 sys=0.00, real=1.31 secs] 
2014-05-28T15:43:36.454+0900: 12079.449: [GC2014-05-28T15:43:36.456+0900: 12079.451: [ParNew: 21862284K->1545847K(22649280K), 0.3855920 secs] 38208093K->17891655K(47815104K), 0.3890510 secs] [Times: user=6.77 sys=0.00, real=0.38 secs] 
2014-05-28T15:43:57.201+0900: 12100.196: [GC2014-05-28T15:43:57.203+0900: 12100.198: [ParNew: 21678583K->2516544K(22649280K), 0.7074430 secs] 38024391K->18884806K(47815104K), 0.7108430 secs] [Times: user=12.44 sys=0.00, real=0.71 secs] 
2014-05-28T15:44:44.745+0900: 12147.740: [GC2014-05-28T15:44:44.746+0900: 12147.741: [ParNew: 22649280K->1910974K(22649280K), 0.9073060 secs] 39017542K->19377503K(47815104K), 0.9101640 secs] [Times: user=9.45 sys=0.05, real=0.91 secs] 
2014-05-28T15:45:06.823+0900: 12169.818: [GC2014-05-28T15:45:06.824+0900: 12169.819: [ParNew: 22043710K->2499112K(22649280K), 0.6578130 secs] 39510239K->19965640K(47815104K), 0.6602660 secs] [Times: user=11.69 sys=0.00, real=0.66 secs] 
2014-05-28T15:45:52.461+0900: 12215.456: [GC2014-05-28T15:45:52.462+0900: 12215.458: [ParNew: 22624839K->2058768K(22649280K), 0.8738430 secs] 40091367K->20601304K(47815104K), 0.8763970 secs] [Times: user=9.09 sys=0.02, real=0.88 secs] 
2014-05-28T15:46:16.040+0900: 12239.035: [GC2014-05-28T15:46:16.041+0900: 12239.036: [ParNew: 22191504K->2516544K(22649280K), 1.4104330 secs] 40734040K->21120540K(47815104K), 1.4129390 secs] [Times: user=24.88 sys=0.00, real=1.41 secs] 
2014-05-28T15:47:02.422+0900: 12285.417: [GC2014-05-28T15:47:02.424+0900: 12285.419: [ParNew: 22649280K->2020671K(22649280K), 0.9528040 secs] 41253276K->21714464K(47815104K), 0.9554910 secs] [Times: user=12.52 sys=0.01, real=0.96 secs] 
2014-05-28T15:47:03.385+0900: 12286.380: [GC [1 CMS-initial-mark: 19693793K(25165824K)] 21714740K(47815104K), 1.0408470 secs] [Times: user=1.04 sys=0.00, real=1.04 secs] 
2014-05-28T15:47:04.427+0900: 12287.422: [CMS-concurrent-mark-start]
2014-05-28T15:47:05.112+0900: 12288.107: [CMS-concurrent-mark: 0.678/0.685 secs] [Times: user=5.06 sys=1.04, real=0.68 secs] 
2014-05-28T15:47:05.112+0900: 12288.107: [CMS-concurrent-preclean-start]
2014-05-28T15:47:05.180+0900: 12288.175: [CMS-concurrent-preclean: 0.067/0.068 secs] [Times: user=0.20 sys=0.10, real=0.07 secs] 
2014-05-28T15:47:05.180+0900: 12288.176: [CMS-concurrent-abortable-preclean-start]
 CMS: abort preclean due to time 2014-05-28T15:47:19.294+0900: 12302.289: [CMS-concurrent-abortable-preclean: 14.071/14.114 secs] [Times: user=33.42 sys=18.73, real=14.11 secs] 
2014-05-28T15:47:19.301+0900: 12302.297: [GC[YG occupancy: 9366286 K (22649280 K)]2014-05-28T15:47:19.303+0900: 12302.298: [Rescan (parallel) , 5.9442430 secs]2014-05-28T15:47:25.247+0900: 12308.242: [weak refs processing, 0.0008470 secs]2014-05-28T15:47:25.248+0900: 12308.243: [class unloading, 0.0076150 secs]2014-05-28T15:47:25.256+0900: 12308.251: [scrub symbol table, 0.0054170 secs]2014-05-28T15:47:25.261+0900: 12308.256: [scrub string table, 0.0006730 secs] [1 CMS-remark: 19693793K(25165824K)] 29060079K(47815104K), 5.9628050 secs] [Times: user=104.64 sys=0.00, real=5.96 secs] 
2014-05-28T15:47:25.266+0900: 12308.261: [CMS-concurrent-sweep-start]
2014-05-28T15:47:36.068+0900: 12319.063: [GC2014-05-28T15:47:36.070+0900: 12319.065: [ParNew: 22153407K->2516544K(22649280K), 1.4310090 secs] 30787983K->11177904K(47815104K), 1.4338350 secs] [Times: user=25.48 sys=0.00, real=1.44 secs] 
2014-05-28T15:47:45.398+0900: 12328.393: [CMS-concurrent-sweep: 18.676/20.132 secs] [Times: user=83.02 sys=20.22, real=20.13 secs] 
2014-05-28T15:47:45.399+0900: 12328.394: [CMS-concurrent-reset-start]
2014-05-28T15:47:45.472+0900: 12328.468: [CMS-concurrent-reset: 0.074/0.074 secs] [Times: user=0.18 sys=0.10, real=0.08 secs] 
2014-05-28T15:48:05.020+0900: 12348.016: [GC2014-05-28T15:48:05.023+0900: 12348.018: [ParNew: 22649280K->2516544K(22649280K), 2.0438980 secs] 24301775K->5435878K(47815104K), 2.0473340 secs] [Times: user=28.90 sys=0.00, real=2.05 secs] 
2014-05-28T15:48:29.187+0900: 12372.182: [GC2014-05-28T15:48:29.189+0900: 12372.185: [ParNew: 22649280K->2305442K(22649280K), 1.6996740 secs] 25568614K->6856901K(47815104K), 1.7034280 secs] [Times: user=19.42 sys=0.05, real=1.71 secs] 
2014-05-28T15:49:12.081+0900: 12415.076: [GC2014-05-28T15:49:12.082+0900: 12415.078: [ParNew: 22438178K->1113415K(22649280K), 0.5381150 secs] 26989637K->5664874K(47815104K), 0.5407570 secs] [Times: user=9.56 sys=0.00, real=0.54 secs] 
2014-05-28T15:49:28.377+0900: 12431.373: [GC2014-05-28T15:49:28.379+0900: 12431.374: [ParNew: 21246151K->2286516K(22649280K), 0.8741490 secs] 25797610K->6837975K(47815104K), 0.8768710 secs] [Times: user=15.59 sys=0.00, real=0.88 secs] 
2014-05-28T15:50:08.565+0900: 12471.561: [GC2014-05-28T15:50:08.567+0900: 12471.562: [ParNew: 22419252K->1779837K(22649280K), 1.0501330 secs] 26970711K->7108296K(47815104K), 1.0531100 secs] [Times: user=15.15 sys=0.00, real=1.05 secs] 
2014-05-28T15:50:38.574+0900: 12501.569: [GC2014-05-28T15:50:38.576+0900: 12501.571: [ParNew: 21912573K->2516544K(22649280K), 2.2797600 secs] 27241032K->7890807K(47815104K), 2.2826170 secs] [Times: user=40.68 sys=0.00, real=2.28 secs] 
2014-05-28T15:51:10.361+0900: 12533.356: [GC2014-05-28T15:51:10.363+0900: 12533.359: [ParNew: 22649280K->2076452K(22649280K), 1.0263510 secs] 28023543K->8549347K(47815104K), 1.0297580 secs] [Times: user=13.81 sys=0.00, real=1.03 secs] 
2014-05-28T15:51:50.585+0900: 12573.580: [GC2014-05-28T15:51:50.587+0900: 12573.582: [ParNew: 22209188K->2516544K(22649280K), 0.8651560 secs] 28682083K->9008291K(47815104K), 0.8680060 secs] [Times: user=15.35 sys=0.00, real=0.87 secs] 
2014-05-28T15:52:13.918+0900: 12596.913: [GC2014-05-28T15:52:13.920+0900: 12596.916: [ParNew: 22649280K->2051783K(22649280K), 1.2069960 secs] 29141027K->9617833K(47815104K), 1.2102930 secs] [Times: user=17.35 sys=0.00, real=1.21 secs] 
2014-05-28T15:52:56.364+0900: 12639.359: [GC2014-05-28T15:52:56.366+0900: 12639.361: [ParNew: 22184519K->1500563K(22649280K), 0.2663060 secs] 29750569K->9066613K(47815104K), 0.2689850 secs] [Times: user=4.65 sys=0.00, real=0.27 secs] 
2014-05-28T15:53:16.672+0900: 12659.667: [GC2014-05-28T15:53:16.674+0900: 12659.669: [ParNew: 21633299K->2516544K(22649280K), 0.5885000 secs] 29199349K->10085456K(47815104K), 0.5912280 secs] [Times: user=10.45 sys=0.00, real=0.59 secs] 
2014-05-28T15:54:03.756+0900: 12706.752: [GC2014-05-28T15:54:03.759+0900: 12706.754: [ParNew: 22649280K->2024135K(22649280K), 1.1674760 secs] 30218192K->10693978K(47815104K), 1.1711920 secs] [Times: user=12.92 sys=0.02, real=1.17 secs] 
2014-05-28T15:54:26.438+0900: 12729.434: [GC2014-05-28T15:54:26.441+0900: 12729.436: [ParNew: 22156871K->2516544K(22649280K), 0.6636900 secs] 30826714K->11186432K(47815104K), 0.6671240 secs] [Times: user=11.80 sys=0.00, real=0.67 secs] 
2014-05-28T15:55:10.213+0900: 12773.208: [GC2014-05-28T15:55:10.215+0900: 12773.210: [ParNew: 22649280K->1978748K(22649280K), 1.1202520 secs] 31319168K->11750376K(47815104K), 1.1240610 secs] [Times: user=11.95 sys=0.01, real=1.12 secs] 
2014-05-28T15:55:38.921+0900: 12801.916: [GC2014-05-28T15:55:38.923+0900: 12801.918: [ParNew: 22111484K->2516544K(22649280K), 1.4675280 secs] 31883112K->12295230K(47815104K), 1.4702540 secs] [Times: user=26.24 sys=0.00, real=1.47 secs] 
2014-05-28T15:56:18.662+0900: 12841.657: [GC2014-05-28T15:56:18.664+0900: 12841.659: [ParNew: 22649280K->1954951K(22649280K), 1.1213260 secs] 32427966K->12831957K(47815104K), 1.1249260 secs] [Times: user=13.14 sys=0.00, real=1.12 secs] 
2014-05-28T15:56:53.168+0900: 12876.164: [GC2014-05-28T15:56:53.171+0900: 12876.166: [ParNew: 22087687K->2516544K(22649280K), 2.7702070 secs] 32964693K->13439911K(47815104K), 2.7737540 secs] [Times: user=49.48 sys=0.00, real=2.77 secs] 
2014-05-28T15:57:27.426+0900: 12910.421: [GC2014-05-28T15:57:27.428+0900: 12910.424: [ParNew: 22649280K->2138718K(22649280K), 1.2804500 secs] 33572647K->14007021K(47815104K), 1.2838930 secs] [Times: user=19.09 sys=0.00, real=1.29 secs] 
2014-05-28T15:58:06.504+0900: 12949.499: [GC2014-05-28T15:58:06.505+0900: 12949.501: [ParNew: 22271454K->2516544K(22649280K), 1.6758830 secs] 34139757K->14753458K(47815104K), 1.6786850 secs] [Times: user=28.64 sys=0.00, real=1.68 secs] 
2014-05-28T15:58:35.486+0900: 12978.481: [GC2014-05-28T15:58:35.488+0900: 12978.483: [ParNew: 22649280K->2125406K(22649280K), 1.0974040 secs] 34886194K->15806842K(47815104K), 1.1001340 secs] [Times: user=13.96 sys=0.00, real=1.10 secs] 
2014-05-28T15:59:17.658+0900: 13020.653: [GC2014-05-28T15:59:17.660+0900: 13020.655: [ParNew: 22258142K->1498163K(22649280K), 0.5834280 secs] 35939578K->15179598K(47815104K), 0.5863620 secs] [Times: user=10.37 sys=0.00, real=0.58 secs] 
2014-05-28T15:59:40.645+0900: 13043.640: [GC2014-05-28T15:59:40.646+0900: 13043.642: [ParNew: 21630899K->2428607K(22649280K), 0.7284430 secs] 35312334K->16110043K(47815104K), 0.7310830 secs] [Times: user=12.97 sys=0.00, real=0.73 secs] 
2014-05-28T16:00:25.876+0900: 13088.871: [GC2014-05-28T16:00:25.878+0900: 13088.873: [ParNew: 22561343K->1941621K(22649280K), 1.2463020 secs] 36242779K->16410949K(47815104K), 1.2498930 secs] [Times: user=19.01 sys=0.00, real=1.25 secs] 
2014-05-28T16:00:47.727+0900: 13110.723: [GC2014-05-28T16:00:47.729+0900: 13110.724: [ParNew: 22074357K->2516544K(22649280K), 0.6739940 secs] 36543685K->16999285K(47815104K), 0.6764370 secs] [Times: user=11.90 sys=0.00, real=0.68 secs] 
2014-05-28T16:01:33.049+0900: 13156.045: [GC2014-05-28T16:01:33.052+0900: 13156.047: [ParNew: 22649280K->1949599K(22649280K), 1.4431330 secs] 37132021K->17530606K(47815104K), 1.4464660 secs] [Times: user=16.16 sys=0.01, real=1.44 secs] 
2014-05-28T16:01:59.873+0900: 13182.868: [GC2014-05-28T16:01:59.875+0900: 13182.870: [ParNew: 22082335K->2516544K(22649280K), 1.9841000 secs] 37663342K->18135482K(47815104K), 1.9869230 secs] [Times: user=35.41 sys=0.00, real=1.98 secs] 
2014-05-28T16:02:40.201+0900: 13223.196: [GC2014-05-28T16:02:40.203+0900: 13223.199: [ParNew: 22649280K->2166690K(22649280K), 1.2460180 secs] 38268218K->18870893K(47815104K), 1.2495060 secs] [Times: user=15.70 sys=0.00, real=1.25 secs] 
2014-05-28T16:03:20.723+0900: 13263.718: [GC2014-05-28T16:03:20.725+0900: 13263.720: [ParNew: 22299426K->2516544K(22649280K), 3.5774150 secs] 39003629K->19492378K(47815104K), 3.5801780 secs] [Times: user=63.10 sys=0.00, real=3.58 secs] 
2014-05-28T16:03:50.994+0900: 13293.989: [GC2014-05-28T16:03:50.996+0900: 13293.991: [ParNew: 22649276K->2290895K(22649280K), 1.7349830 secs] 39625111K->20802334K(47815104K), 1.7387450 secs] [Times: user=24.15 sys=0.00, real=1.74 secs] 
2014-05-28T16:04:11.978+0900: 13314.973: [GC2014-05-28T16:04:11.980+0900: 13314.975: [ParNew: 22423631K->1624094K(22649280K), 0.8129120 secs] 40935070K->20765031K(47815104K), 0.8156240 secs] [Times: user=11.85 sys=0.00, real=0.82 secs] 
2014-05-28T16:04:12.801+0900: 13315.797: [GC [1 CMS-initial-mark: 19140936K(25165824K)] 20774724K(47815104K), 0.7876250 secs] [Times: user=0.79 sys=0.00, real=0.78 secs] 
2014-05-28T16:04:13.590+0900: 13316.586: [CMS-concurrent-mark-start]
2014-05-28T16:04:15.631+0900: 13318.626: [CMS-concurrent-mark: 2.033/2.040 secs] [Times: user=14.86 sys=4.16, real=2.04 secs] 
2014-05-28T16:04:15.631+0900: 13318.626: [CMS-concurrent-preclean-start]
2014-05-28T16:04:15.700+0900: 13318.696: [CMS-concurrent-preclean: 0.069/0.069 secs] [Times: user=0.19 sys=0.15, real=0.07 secs] 
2014-05-28T16:04:15.701+0900: 13318.696: [CMS-concurrent-abortable-preclean-start]
 CMS: abort preclean due to time 2014-05-28T16:04:28.621+0900: 13331.616: [CMS-concurrent-abortable-preclean: 12.912/12.920 secs] [Times: user=36.06 sys=25.36, real=12.92 secs] 
2014-05-28T16:04:28.628+0900: 13331.624: [GC[YG occupancy: 9989675 K (22649280 K)]2014-05-28T16:04:28.630+0900: 13331.625: [Rescan (parallel) , 5.3650610 secs]2014-05-28T16:04:33.995+0900: 13336.990: [weak refs processing, 0.0006590 secs]2014-05-28T16:04:33.995+0900: 13336.991: [class unloading, 0.0078760 secs]2014-05-28T16:04:34.003+0900: 13336.999: [scrub symbol table, 0.0055170 secs]2014-05-28T16:04:34.009+0900: 13337.004: [scrub string table, 0.0006980 secs] [1 CMS-remark: 19140936K(25165824K)] 29130612K(47815104K), 5.3837580 secs] [Times: user=94.38 sys=0.00, real=5.38 secs] 
2014-05-28T16:04:34.014+0900: 13337.009: [CMS-concurrent-sweep-start]
2014-05-28T16:04:52.054+0900: 13355.049: [CMS-concurrent-sweep: 18.008/18.040 secs] [Times: user=51.89 sys=27.68, real=18.04 secs] 
2014-05-28T16:04:52.054+0900: 13355.049: [CMS-concurrent-reset-start]
2014-05-28T16:04:52.129+0900: 13355.124: [CMS-concurrent-reset: 0.075/0.075 secs] [Times: user=0.20 sys=0.09, real=0.08 secs] 
2014-05-28T16:04:56.082+0900: 13359.078: [GC2014-05-28T16:04:56.085+0900: 13359.080: [ParNew: 21756830K->1453350K(22649280K), 0.3589300 secs] 24475503K->4172022K(47815104K), 0.3626350 secs] [Times: user=6.31 sys=0.00, real=0.36 secs] 
2014-05-28T16:05:16.632+0900: 13379.627: [GC2014-05-28T16:05:16.634+0900: 13379.629: [ParNew: 21586086K->2516544K(22649280K), 1.1511630 secs] 24304758K->5259005K(47815104K), 1.1539550 secs] [Times: user=20.43 sys=0.00, real=1.15 secs] 
2014-05-28T16:05:47.836+0900: 13410.831: [GC2014-05-28T16:05:47.838+0900: 13410.833: [ParNew: 22649280K->1905003K(22649280K), 1.1860220 secs] 25391741K->5701362K(47815104K), 1.1891460 secs] [Times: user=12.99 sys=0.01, real=1.18 secs] 
2014-05-28T16:06:24.336+0900: 13447.332: [GC2014-05-28T16:06:24.338+0900: 13447.334: [ParNew: 22037739K->2197934K(22649280K), 0.6171770 secs] 25834098K->5994293K(47815104K), 0.6206570 secs] [Times: user=10.93 sys=0.00, real=0.62 secs] 
2014-05-28T16:06:42.380+0900: 13465.375: [GC2014-05-28T16:06:42.382+0900: 13465.377: [ParNew: 22330670K->1899789K(22649280K), 1.5293200 secs] 26127029K->6714448K(47815104K), 1.5324920 secs] [Times: user=19.79 sys=0.00, real=1.53 secs] 
2014-05-28T16:07:26.649+0900: 13509.644: [GC2014-05-28T16:07:26.651+0900: 13509.646: [ParNew: 22032525K->1881721K(22649280K), 0.3922240 secs] 26847184K->6860225K(47815104K), 0.3949150 secs] [Times: user=6.14 sys=0.01, real=0.40 secs] 
2014-05-28T16:07:48.377+0900: 13531.372: [GC2014-05-28T16:07:48.380+0900: 13531.375: [ParNew: 22014457K->2516544K(22649280K), 1.3379990 secs] 26992961K->7516782K(47815104K), 1.3415610 secs] [Times: user=23.68 sys=0.00, real=1.34 secs] 
2014-05-28T16:08:25.327+0900: 13568.323: [GC2014-05-28T16:08:25.329+0900: 13568.324: [ParNew: 22649280K->1991578K(22649280K), 1.3034990 secs] 27649518K->8094869K(47815104K), 1.3064950 secs] [Times: user=17.19 sys=0.00, real=1.31 secs] 
2014-05-28T16:08:58.927+0900: 13601.922: [GC2014-05-28T16:08:58.929+0900: 13601.924: [ParNew: 22124314K->2516544K(22649280K), 4.8855520 secs] 28227605K->8981516K(47815104K), 4.8879780 secs] [Times: user=86.15 sys=0.00, real=4.89 secs] 
2014-05-28T16:09:31.938+0900: 13634.933: [GC2014-05-28T16:09:31.939+0900: 13634.935: [ParNew: 22649280K->2080000K(22649280K), 1.3890840 secs] 29114252K->10119735K(47815104K), 1.3921730 secs] [Times: user=16.65 sys=0.05, real=1.40 secs] 
2014-05-28T16:10:15.625+0900: 13678.620: [GC2014-05-28T16:10:15.628+0900: 13678.623: [ParNew: 22212736K->1980764K(22649280K), 0.8220090 secs] 30252471K->10020499K(47815104K), 0.8257680 secs] [Times: user=14.61 sys=0.00, real=0.83 secs] 
2014-05-28T16:10:38.677+0900: 13701.672: [GC2014-05-28T16:10:38.679+0900: 13701.675: [ParNew: 22113500K->1555292K(22649280K), 0.8327150 secs] 30153235K->10089305K(47815104K), 0.8363640 secs] [Times: user=11.38 sys=0.00, real=0.84 secs] 
2014-05-28T16:11:21.747+0900: 13744.742: [GC2014-05-28T16:11:21.749+0900: 13744.744: [ParNew: 21688028K->1696713K(22649280K), 0.2635590 secs] 30222041K->10230726K(47815104K), 0.2662240 secs] [Times: user=4.60 sys=0.00, real=0.26 secs] 
2014-05-28T16:11:40.506+0900: 13763.501: [GC2014-05-28T16:11:40.507+0900: 13763.503: [ParNew: 21829449K->2516544K(22649280K), 0.6477350 secs] 30363462K->11055866K(47815104K), 0.6505340 secs] [Times: user=11.48 sys=0.00, real=0.65 secs] 
2014-05-28T16:12:27.326+0900: 13810.321: [GC2014-05-28T16:12:27.328+0900: 13810.323: [ParNew: 22649158K->1927854K(22649280K), 1.0987090 secs] 31188480K->11560077K(47815104K), 1.1017520 secs] [Times: user=11.83 sys=0.04, real=1.11 secs] 
2014-05-28T16:12:54.202+0900: 13837.197: [GC2014-05-28T16:12:54.203+0900: 13837.199: [ParNew: 22060590K->2516544K(22649280K), 1.7185930 secs] 31692813K->12200956K(47815104K), 1.7213490 secs] [Times: user=30.59 sys=0.00, real=1.72 secs] 
2014-05-28T16:13:31.543+0900: 13874.539: [GC2014-05-28T16:13:31.545+0900: 13874.540: [ParNew: 22649280K->2011125K(22649280K), 0.9965770 secs] 32333692K->12797328K(47815104K), 0.9992640 secs] [Times: user=13.42 sys=0.01, real=1.00 secs] 
2014-05-28T16:14:07.391+0900: 13910.386: [GC2014-05-28T16:14:07.393+0900: 13910.388: [ParNew: 22143861K->2516544K(22649280K), 5.3805930 secs] 32930064K->13718453K(47815104K), 5.3833330 secs] [Times: user=94.95 sys=0.00, real=5.39 secs] 
2014-05-28T16:14:41.721+0900: 13944.716: [GC2014-05-28T16:14:41.723+0900: 13944.718: [ParNew: 22649280K->2193391K(22649280K), 1.3480870 secs] 33851189K->14959989K(47815104K), 1.3509190 secs] [Times: user=17.90 sys=0.02, real=1.35 secs] 
2014-05-28T16:15:02.341+0900: 13965.336: [GC2014-05-28T16:15:02.343+0900: 13965.339: [ParNew: 22326127K->2014332K(22649280K), 0.5804440 secs] 35092725K->14780930K(47815104K), 0.5842160 secs] [Times: user=10.27 sys=0.00, real=0.58 secs] 
2014-05-28T16:15:46.152+0900: 14009.147: [GC2014-05-28T16:15:46.153+0900: 14009.149: [ParNew: 22147068K->1366696K(22649280K), 0.4402380 secs] 34913666K->14608399K(47815104K), 0.4429290 secs] [Times: user=5.84 sys=0.02, real=0.44 secs] 
2014-05-28T16:16:10.343+0900: 14033.338: [GC2014-05-28T16:16:10.345+0900: 14033.340: [ParNew: 21499432K->2516544K(22649280K), 2.2122250 secs] 34741135K->15758485K(47815104K), 2.2150450 secs] [Times: user=39.64 sys=0.00, real=2.21 secs] 
2014-05-28T16:16:39.273+0900: 14062.268: [GC2014-05-28T16:16:39.275+0900: 14062.270: [ParNew: 22649280K->1948883K(22649280K), 1.1231530 secs] 35891221K->16248754K(47815104K), 1.1259360 secs] [Times: user=15.87 sys=0.03, real=1.13 secs] 
2014-05-28T16:16:57.445+0900: 14080.440: [GC2014-05-28T16:16:57.447+0900: 14080.442: [ParNew: 22081619K->2516544K(22649280K), 0.7524490 secs] 36381490K->16831428K(47815104K), 0.7551240 secs] [Times: user=13.30 sys=0.00, real=0.76 secs] 
2014-05-28T16:17:37.628+0900: 14120.623: [GC2014-05-28T16:17:37.631+0900: 14120.626: [ParNew: 22649280K->2092047K(22649280K), 1.1582010 secs] 36964164K->17530673K(47815104K), 1.1620870 secs] [Times: user=13.40 sys=0.02, real=1.16 secs] 
2014-05-28T16:18:07.614+0900: 14150.609: [GC2014-05-28T16:18:07.616+0900: 14150.611: [ParNew: 22224783K->2480198K(22649280K), 2.6980540 secs] 37663409K->17918824K(47815104K), 2.7008110 secs] [Times: user=48.14 sys=0.00, real=2.70 secs] 
2014-05-28T16:18:35.887+0900: 14178.883: [GC2014-05-28T16:18:35.889+0900: 14178.884: [ParNew: 22612934K->1848433K(22649280K), 1.0532090 secs] 38051560K->18345067K(47815104K), 1.0559820 secs] [Times: user=14.48 sys=0.02, real=1.06 secs] 
2014-05-28T16:19:07.392+0900: 14210.388: [GC2014-05-28T16:19:07.394+0900: 14210.389: [ParNew: 21981169K->1513042K(22649280K), 0.2669540 secs] 38477803K->18009677K(47815104K), 0.2695830 secs] [Times: user=4.65 sys=0.00, real=0.27 secs] 
2014-05-28T16:19:27.554+0900: 14230.549: [GC2014-05-28T16:19:27.555+0900: 14230.551: [ParNew: 21645778K->2516544K(22649280K), 1.3436640 secs] 38142413K->19055831K(47815104K), 1.3464400 secs] [Times: user=23.86 sys=0.00, real=1.35 secs] 
2014-05-28T16:20:05.880+0900: 14268.875: [GC2014-05-28T16:20:05.882+0900: 14268.877: [ParNew: 22649280K->2039636K(22649280K), 1.2736740 secs] 39188567K->19678498K(47815104K), 1.2763920 secs] [Times: user=15.76 sys=0.02, real=1.28 secs] 
2014-05-28T16:20:41.164+0900: 14304.159: [GC2014-05-28T16:20:41.165+0900: 14304.160: [ParNew: 22172372K->2516544K(22649280K), 3.8395370 secs] 39811234K->20155770K(47815104K), 3.8420530 secs] [Times: user=68.81 sys=0.00, real=3.84 secs] 
2014-05-28T16:21:14.918+0900: 14337.913: [GC2014-05-28T16:21:14.920+0900: 14337.916: [ParNew: 22649280K->1996303K(22649280K), 1.5406410 secs] 40288506K->20656890K(47815104K), 1.5442660 secs] [Times: user=17.84 sys=0.05, real=1.54 secs] 
2014-05-28T16:21:57.678+0900: 14380.674: [GC2014-05-28T16:21:57.680+0900: 14380.676: [ParNew: 22129039K->2516544K(22649280K), 0.7132440 secs] 40789626K->21181125K(47815104K), 0.7165950 secs] [Times: user=12.64 sys=0.00, real=0.72 secs] 
2014-05-28T16:22:19.146+0900: 14402.141: [GC2014-05-28T16:22:19.147+0900: 14402.142: [ParNew: 22649280K->1932382K(22649280K), 0.9876770 secs] 41313861K->21501869K(47815104K), 0.9900900 secs] [Times: user=13.18 sys=0.00, real=0.99 secs] 
2014-05-28T16:22:20.148+0900: 14403.143: [GC [1 CMS-initial-mark: 19569486K(25165824K)] 21512551K(47815104K), 1.4467430 secs] [Times: user=1.45 sys=0.00, real=1.44 secs] 
2014-05-28T16:22:21.596+0900: 14404.591: [CMS-concurrent-mark-start]
2014-05-28T16:22:21.984+0900: 14404.979: [CMS-concurrent-mark: 0.379/0.388 secs] [Times: user=2.73 sys=0.59, real=0.39 secs] 
2014-05-28T16:22:21.985+0900: 14404.980: [CMS-concurrent-preclean-start]
2014-05-28T16:22:22.054+0900: 14405.049: [CMS-concurrent-preclean: 0.069/0.069 secs] [Times: user=0.20 sys=0.12, real=0.07 secs] 
2014-05-28T16:22:22.054+0900: 14405.050: [CMS-concurrent-abortable-preclean-start]
 CMS: abort preclean due to time 2014-05-28T16:22:40.020+0900: 14423.015: [CMS-concurrent-abortable-preclean: 17.965/17.966 secs] [Times: user=50.13 sys=23.50, real=17.97 secs] 
2014-05-28T16:22:40.032+0900: 14423.027: [GC[YG occupancy: 13375656 K (22649280 K)]2014-05-28T16:22:40.034+0900: 14423.029: [Rescan (parallel) , 10.8778430 secs]2014-05-28T16:22:50.912+0900: 14433.907: [weak refs processing, 0.0008550 secs]2014-05-28T16:22:50.912+0900: 14433.908: [class unloading, 0.0078270 secs]2014-05-28T16:22:50.920+0900: 14433.916: [scrub symbol table, 0.0053890 secs]2014-05-28T16:22:50.926+0900: 14433.921: [scrub string table, 0.0006790 secs] [1 CMS-remark: 19569486K(25165824K)] 32945143K(47815104K), 10.8968710 secs] [Times: user=191.57 sys=0.00, real=10.89 secs] 
2014-05-28T16:22:50.931+0900: 14433.926: [CMS-concurrent-sweep-start]
2014-05-28T16:23:09.595+0900: 14452.590: [GC2014-05-28T16:23:09.597+0900: 14452.592: [ParNew: 22065118K->1962026K(22649280K), 0.5472230 secs] 24556363K->4786535K(47815104K), 0.5509070 secs] [Times: user=6.87 sys=0.01, real=0.55 secs] 
2014-05-28T16:23:12.852+0900: 14455.848: [CMS-concurrent-sweep: 21.191/21.921 secs] [Times: user=60.85 sys=27.44, real=21.92 secs] 
2014-05-28T16:23:12.853+0900: 14455.848: [CMS-concurrent-reset-start]
2014-05-28T16:23:12.938+0900: 14455.933: [CMS-concurrent-reset: 0.085/0.085 secs] [Times: user=0.20 sys=0.06, real=0.09 secs] 
2014-05-28T16:23:31.040+0900: 14474.035: [GC2014-05-28T16:23:31.041+0900: 14474.037: [ParNew: 22094762K->2516544K(22649280K), 0.5622740 secs] 23680489K->4103634K(47815104K), 0.5649710 secs] [Times: user=9.98 sys=0.00, real=0.56 secs] 
2014-05-28T16:24:13.739+0900: 14516.735: [GC2014-05-28T16:24:13.742+0900: 14516.737: [ParNew: 22649280K->2158831K(22649280K), 1.4003220 secs] 24236370K->4845253K(47815104K), 1.4037390 secs] [Times: user=12.66 sys=0.07, real=1.40 secs] 
2014-05-28T16:24:39.560+0900: 14542.555: [GC2014-05-28T16:24:39.562+0900: 14542.557: [ParNew: 22291567K->2516544K(22649280K), 1.6468780 secs] 24977989K->5211091K(47815104K), 1.6503630 secs] [Times: user=29.38 sys=0.00, real=1.65 secs] 
2014-05-28T16:25:18.250+0900: 14581.245: [GC2014-05-28T16:25:18.252+0900: 14581.247: [ParNew: 22649280K->2081931K(22649280K), 1.2994440 secs] 25343827K->5874750K(47815104K), 1.3021770 secs] [Times: user=15.25 sys=0.00, real=1.30 secs] 
2014-05-28T16:25:53.064+0900: 14616.059: [GC2014-05-28T16:25:53.065+0900: 14616.061: [ParNew: 22214667K->2516544K(22649280K), 4.4894870 secs] 26007486K->6719363K(47815104K), 4.4922610 secs] [Times: user=78.75 sys=0.00, real=4.49 secs] 
2014-05-28T16:26:26.859+0900: 14649.854: [GC2014-05-28T16:26:26.861+0900: 14649.856: [ParNew: 22649280K->2113708K(22649280K), 1.2635330 secs] 26852099K->7881312K(47815104K), 1.2662490 secs] [Times: user=15.85 sys=0.02, real=1.27 secs] 
2014-05-28T16:27:10.233+0900: 14693.228: [GC2014-05-28T16:27:10.235+0900: 14693.230: [ParNew: 22246444K->1889048K(22649280K), 0.8137680 secs] 28014048K->7656653K(47815104K), 0.8175580 secs] [Times: user=14.45 sys=0.00, real=0.82 secs] 
2014-05-28T16:27:34.988+0900: 14717.984: [GC2014-05-28T16:27:34.991+0900: 14717.986: [ParNew: 22021784K->1382661K(22649280K), 0.8444950 secs] 27789389K->7584081K(47815104K), 0.8478800 secs] [Times: user=13.18 sys=0.00, real=0.85 secs] 
2014-05-28T16:28:20.806+0900: 14763.801: [GC2014-05-28T16:28:20.808+0900: 14763.803: [ParNew: 21515397K->1793067K(22649280K), 0.2601860 secs] 27716817K->7994487K(47815104K), 0.2628270 secs] [Times: user=4.55 sys=0.00, real=0.26 secs] 
2014-05-28T16:28:41.663+0900: 14784.659: [GC2014-05-28T16:28:41.665+0900: 14784.660: [ParNew: 21925803K->2516544K(22649280K), 0.7049390 secs] 28127223K->8733453K(47815104K), 0.7076280 secs] [Times: user=12.47 sys=0.00, real=0.71 secs] 
2014-05-28T16:29:28.115+0900: 14831.110: [GC2014-05-28T16:29:28.118+0900: 14831.113: [ParNew: 22649280K->2453196K(22649280K), 1.0769630 secs] 28866189K->9768372K(47815104K), 1.0806860 secs] [Times: user=12.12 sys=0.00, real=1.08 secs] 
2014-05-28T16:29:47.462+0900: 14850.457: [GC2014-05-28T16:29:47.465+0900: 14850.460: [ParNew: 22585932K->2463484K(22649280K), 0.8149170 secs] 29901108K->9778659K(47815104K), 0.8185110 secs] [Times: user=14.49 sys=0.00, real=0.82 secs] 
2014-05-28T16:30:30.554+0900: 14893.549: [GC2014-05-28T16:30:30.555+0900: 14893.551: [ParNew: 22596220K->1858976K(22649280K), 0.8893600 secs] 29911395K->10257235K(47815104K), 0.8921000 secs] [Times: user=11.07 sys=0.02, real=0.89 secs] 
2014-05-28T16:30:58.644+0900: 14921.640: [GC2014-05-28T16:30:58.646+0900: 14921.642: [ParNew: 21991712K->2516544K(22649280K), 2.4802980 secs] 30389971K->10914849K(47815104K), 2.4830950 secs] [Times: user=44.42 sys=0.00, real=2.49 secs] 
2014-05-28T16:31:34.677+0900: 14957.672: [GC2014-05-28T16:31:34.678+0900: 14957.674: [ParNew: 22649178K->1898924K(22649280K), 0.9158660 secs] 31047483K->11395774K(47815104K), 0.9186880 secs] [Times: user=11.58 sys=0.00, real=0.92 secs] 
2014-05-28T16:32:12.909+0900: 14995.904: [GC2014-05-28T16:32:12.911+0900: 14995.906: [ParNew: 22031660K->2516544K(22649280K), 3.4886830 secs] 31528510K->12266946K(47815104K), 3.4916030 secs] [Times: user=61.59 sys=0.00, real=3.49 secs] 
2014-05-28T16:32:44.190+0900: 15027.185: [GC2014-05-28T16:32:44.192+0900: 15027.187: [ParNew: 22649280K->2038407K(22649280K), 1.5015220 secs] 32399682K->13311325K(47815104K), 1.5048480 secs] [Times: user=16.49 sys=0.00, real=1.51 secs] 
2014-05-28T16:33:27.046+0900: 15070.041: [GC2014-05-28T16:33:27.048+0900: 15070.043: [ParNew: 22171143K->2033055K(22649280K), 0.8788020 secs] 33444061K->13305974K(47815104K), 0.8820280 secs] [Times: user=15.64 sys=0.00, real=0.88 secs] 
2014-05-28T16:33:48.092+0900: 15091.087: [GC2014-05-28T16:33:48.094+0900: 15091.089: [ParNew: 22165791K->1600181K(22649280K), 0.9070450 secs] 33438710K->13432150K(47815104K), 0.9101240 secs] [Times: user=13.42 sys=0.00, real=0.91 secs] 
2014-05-28T16:34:31.777+0900: 15134.772: [GC2014-05-28T16:34:31.779+0900: 15134.775: [ParNew: 21732917K->1728687K(22649280K), 0.2612100 secs] 33564886K->13560656K(47815104K), 0.2646770 secs] [Times: user=4.54 sys=0.00, real=0.27 secs] 
2014-05-28T16:34:54.613+0900: 15157.609: [GC2014-05-28T16:34:54.615+0900: 15157.610: [ParNew: 21861423K->2516544K(22649280K), 1.3784960 secs] 33693392K->14377428K(47815104K), 1.3809390 secs] [Times: user=24.53 sys=0.00, real=1.38 secs] 
2014-05-28T16:35:26.394+0900: 15189.389: [GC2014-05-28T16:35:26.396+0900: 15189.391: [ParNew: 22649280K->2516544K(22649280K), 2.9469970 secs] 34510164K->15707281K(47815104K), 2.9498520 secs] [Times: user=47.59 sys=0.00, real=2.95 secs] 
2014-05-28T16:35:52.906+0900: 15215.902: [GC2014-05-28T16:35:52.908+0900: 15215.903: [ParNew: 22649280K->2382258K(22649280K), 1.3769700 secs] 35840017K->17172629K(47815104K), 1.3800140 secs] [Times: user=17.34 sys=0.04, real=1.38 secs] 
2014-05-28T16:36:31.648+0900: 15254.643: [GC2014-05-28T16:36:31.650+0900: 15254.645: [ParNew: 22514994K->877170K(22649280K), 0.5291560 secs] 37305365K->15667542K(47815104K), 0.5317970 secs] [Times: user=9.38 sys=0.00, real=0.53 secs] 
2014-05-28T16:36:50.853+0900: 15273.849: [GC2014-05-28T16:36:50.855+0900: 15273.850: [ParNew: 21009906K->2080781K(22649280K), 1.0263720 secs] 35800278K->16871152K(47815104K), 1.0291330 secs] [Times: user=18.33 sys=0.00, real=1.03 secs] 
2014-05-28T16:37:31.285+0900: 15314.280: [GC2014-05-28T16:37:31.287+0900: 15314.282: [ParNew: 22213511K->1666217K(22649280K), 1.0642440 secs] 37003882K->17080583K(47815104K), 1.0679260 secs] [Times: user=14.89 sys=0.00, real=1.07 secs] 
2014-05-28T16:38:09.769+0900: 15352.764: [GC2014-05-28T16:38:09.771+0900: 15352.767: [ParNew: 21798953K->2516544K(22649280K), 4.7451090 secs] 37213319K->18338792K(47815104K), 4.7485970 secs] [Times: user=83.56 sys=0.00, real=4.75 secs] 
2014-05-28T16:38:42.038+0900: 15385.033: [GC2014-05-28T16:38:42.040+0900: 15385.035: [ParNew: 22649280K->2303933K(22649280K), 1.8423460 secs] 38471528K->19714815K(47815104K), 1.8458400 secs] [Times: user=23.53 sys=0.00, real=1.84 secs] 
2014-05-28T16:38:59.789+0900: 15402.784: [GC2014-05-28T16:38:59.791+0900: 15402.786: [ParNew: 22436669K->1986384K(22649280K), 0.4656890 secs] 39847551K->19397266K(47815104K), 0.4683640 secs] [Times: user=8.27 sys=0.00, real=0.46 secs] 
2014-05-28T16:39:42.771+0900: 15445.767: [GC2014-05-28T16:39:42.774+0900: 15445.769: [ParNew: 22119120K->1730955K(22649280K), 0.5528620 secs] 39530002K->19557044K(47815104K), 0.5565750 secs] [Times: user=7.13 sys=0.00, real=0.56 secs] 
2014-05-28T16:40:07.599+0900: 15470.595: [GC2014-05-28T16:40:07.601+0900: 15470.596: [ParNew: 21863691K->2516544K(22649280K), 1.1791290 secs] 39689780K->20372635K(47815104K), 1.1816190 secs] [Times: user=20.87 sys=0.00, real=1.18 secs] 
2014-05-28T16:40:42.405+0900: 15505.401: [GC2014-05-28T16:40:42.407+0900: 15505.403: [ParNew: 22649280K->1899490K(22649280K), 1.1954050 secs] 40505371K->20801494K(47815104K), 1.1985420 secs] [Times: user=16.25 sys=0.02, real=1.19 secs] 
2014-05-28T16:40:43.614+0900: 15506.609: [GC [1 CMS-initial-mark: 18902004K(25165824K)] 20824957K(47815104K), 0.8419800 secs] [Times: user=0.84 sys=0.00, real=0.85 secs] 
2014-05-28T16:40:44.458+0900: 15507.453: [CMS-concurrent-mark-start]
2014-05-28T16:40:46.098+0900: 15509.093: [CMS-concurrent-mark: 1.630/1.640 secs] [Times: user=11.93 sys=3.36, real=1.64 secs] 
2014-05-28T16:40:46.098+0900: 15509.094: [CMS-concurrent-preclean-start]
2014-05-28T16:40:46.168+0900: 15509.163: [CMS-concurrent-preclean: 0.069/0.070 secs] [Times: user=0.20 sys=0.17, real=0.07 secs] 
2014-05-28T16:40:46.168+0900: 15509.164: [CMS-concurrent-abortable-preclean-start]
 CMS: abort preclean due to time 2014-05-28T16:41:00.726+0900: 15523.721: [CMS-concurrent-abortable-preclean: 14.547/14.557 secs] [Times: user=38.67 sys=24.57, real=14.55 secs] 
2014-05-28T16:41:00.739+0900: 15523.734: [GC[YG occupancy: 10619259 K (22649280 K)]2014-05-28T16:41:00.740+0900: 15523.736: [Rescan (parallel) , 5.9444190 secs]2014-05-28T16:41:06.685+0900: 15529.680: [weak refs processing, 0.0012580 secs]2014-05-28T16:41:06.686+0900: 15529.681: [class unloading, 0.0083090 secs]2014-05-28T16:41:06.694+0900: 15529.690: [scrub symbol table, 0.0057130 secs]2014-05-28T16:41:06.700+0900: 15529.695: [scrub string table, 0.0007160 secs] [1 CMS-remark: 18902004K(25165824K)] 29521264K(47815104K), 5.9648620 secs] [Times: user=104.75 sys=0.00, real=5.96 secs] 
2014-05-28T16:41:06.705+0900: 15529.701: [CMS-concurrent-sweep-start]
2014-05-28T16:41:23.977+0900: 15546.973: [GC2014-05-28T16:41:23.979+0900: 15546.974: [ParNew: 22032226K->2516544K(22649280K), 1.5551260 secs] 25257516K->5846762K(47815104K), 1.5576130 secs] [Times: user=27.33 sys=0.00, real=1.56 secs] 
2014-05-28T16:41:26.664+0900: 15549.659: [CMS-concurrent-sweep: 18.155/19.959 secs] [Times: user=80.02 sys=25.26, real=19.96 secs] 
2014-05-28T16:41:26.664+0900: 15549.660: [CMS-concurrent-reset-start]
2014-05-28T16:41:26.749+0900: 15549.744: [CMS-concurrent-reset: 0.085/0.085 secs] [Times: user=0.26 sys=0.12, real=0.08 secs] 
2014-05-28T16:41:49.336+0900: 15572.331: [GC2014-05-28T16:41:49.338+0900: 15572.333: [ParNew: 22649280K->2189717K(22649280K), 1.7580050 secs] 25459681K->6540147K(47815104K), 1.7612950 secs] [Times: user=20.46 sys=0.04, real=1.76 secs] 
2014-05-28T16:42:08.809+0900: 15591.805: [GC2014-05-28T16:42:08.811+0900: 15591.806: [ParNew: 22322453K->2235303K(22649280K), 0.7914660 secs] 26672883K->6585733K(47815104K), 0.7939500 secs] [Times: user=14.09 sys=0.00, real=0.79 secs] 
2014-05-28T16:42:46.611+0900: 15629.606: [GC2014-05-28T16:42:46.613+0900: 15629.608: [ParNew: 22368039K->1869955K(22649280K), 1.5324090 secs] 26718469K->7009859K(47815104K), 1.5351320 secs] [Times: user=22.13 sys=0.00, real=1.54 secs] 
2014-05-28T16:43:13.517+0900: 15656.512: [GC2014-05-28T16:43:13.519+0900: 15656.514: [ParNew: 22002691K->2439110K(22649280K), 2.9537780 secs] 27142595K->7579015K(47815104K), 2.9565660 secs] [Times: user=52.97 sys=0.00, real=2.96 secs] 
2014-05-28T16:43:44.235+0900: 15687.230: [GC2014-05-28T16:43:44.237+0900: 15687.232: [ParNew: 22571846K->1858216K(22649280K), 1.1942960 secs] 27711751K->8096199K(47815104K), 1.1970290 secs] [Times: user=15.54 sys=0.04, real=1.20 secs] 
2014-05-28T16:44:21.843+0900: 15724.838: [GC2014-05-28T16:44:21.844+0900: 15724.840: [ParNew: 21990952K->1563514K(22649280K), 0.2460600 secs] 28228935K->7801497K(47815104K), 0.2488980 secs] [Times: user=4.32 sys=0.00, real=0.25 secs] 
2014-05-28T16:44:39.662+0900: 15742.658: [GC2014-05-28T16:44:39.665+0900: 15742.660: [ParNew: 21696250K->2516544K(22649280K), 0.6595130 secs] 27934233K->8777608K(47815104K), 0.6629850 secs] [Times: user=11.61 sys=0.00, real=0.66 secs] 
2014-05-28T16:45:17.817+0900: 15780.813: [GC2014-05-28T16:45:17.820+0900: 15780.815: [ParNew: 22649280K->2003337K(22649280K), 1.1528740 secs] 28910344K->9363199K(47815104K), 1.1563680 secs] [Times: user=15.83 sys=0.00, real=1.15 secs] 
2014-05-28T16:45:48.249+0900: 15811.245: [GC2014-05-28T16:45:48.252+0900: 15811.247: [ParNew: 22136073K->2516544K(22649280K), 2.4990840 secs] 29495935K->9878344K(47815104K), 2.5022650 secs] [Times: user=42.45 sys=0.00, real=2.51 secs] 
2014-05-28T16:46:23.178+0900: 15846.173: [GC2014-05-28T16:46:23.180+0900: 15846.175: [ParNew: 22649280K->1976446K(22649280K), 1.1307300 secs] 30011080K->10413779K(47815104K), 1.1333930 secs] [Times: user=14.71 sys=0.00, real=1.13 secs] 
2014-05-28T16:47:01.158+0900: 15884.153: [GC2014-05-28T16:47:01.160+0900: 15884.155: [ParNew: 22109182K->2516544K(22649280K), 1.0814160 secs] 30546515K->10992138K(47815104K), 1.0838520 secs] [Times: user=19.12 sys=0.00, real=1.08 secs] 
2014-05-28T16:47:27.176+0900: 15910.171: [GC2014-05-28T16:47:27.178+0900: 15910.174: [ParNew: 22649280K->1952977K(22649280K), 1.3932070 secs] 31124874K->11815112K(47815104K), 1.3963290 secs] [Times: user=18.39 sys=0.00, real=1.39 secs] 
2014-05-28T16:48:12.426+0900: 15955.422: [GC2014-05-28T16:48:12.429+0900: 15955.424: [ParNew: 22085713K->1598646K(22649280K), 0.9315630 secs] 31947848K->11460781K(47815104K), 0.9348250 secs] [Times: user=16.59 sys=0.00, real=0.93 secs] 
2014-05-28T16:48:33.793+0900: 15976.788: [GC2014-05-28T16:48:33.795+0900: 15976.790: [ParNew: 21731382K->2516544K(22649280K), 0.8757880 secs] 31593517K->12381891K(47815104K), 0.8783260 secs] [Times: user=15.63 sys=0.00, real=0.88 secs] 
2014-05-28T16:49:18.281+0900: 16021.276: [GC2014-05-28T16:49:18.283+0900: 16021.278: [ParNew: 22649280K->1961010K(22649280K), 1.1873030 secs] 32514627K->12712278K(47815104K), 1.1898590 secs] [Times: user=16.84 sys=0.00, real=1.19 secs] 
2014-05-28T16:49:42.004+0900: 16044.999: [GC2014-05-28T16:49:42.006+0900: 16045.001: [ParNew: 22093746K->2516544K(22649280K), 0.5993200 secs] 32845014K->13268380K(47815104K), 0.6018230 secs] [Times: user=10.67 sys=0.00, real=0.60 secs] 
2014-05-28T16:50:22.719+0900: 16085.715: [GC2014-05-28T16:50:22.722+0900: 16085.717: [ParNew: 22649280K->1970797K(22649280K), 1.1482320 secs] 33401116K->13821500K(47815104K), 1.1518060 secs] [Times: user=12.12 sys=0.06, real=1.15 secs] 
2014-05-28T16:50:55.566+0900: 16118.561: [GC2014-05-28T16:50:55.567+0900: 16118.563: [ParNew: 22103533K->2496804K(22649280K), 2.7046250 secs] 33954236K->14347508K(47815104K), 2.7070920 secs] [Times: user=48.48 sys=0.00, real=2.71 secs] 
2014-05-28T16:51:28.867+0900: 16151.862: [GC2014-05-28T16:51:28.868+0900: 16151.864: [ParNew: 22629540K->2464794K(22649280K), 1.1247520 secs] 34480244K->15415524K(47815104K), 1.1273940 secs] [Times: user=15.74 sys=0.00, real=1.13 secs] 
2014-05-28T16:51:48.219+0900: 16171.214: [GC2014-05-28T16:51:48.221+0900: 16171.217: [ParNew: 22597530K->1961587K(22649280K), 1.1246130 secs] 35548260K->15709774K(47815104K), 1.1283070 secs] [Times: user=14.82 sys=0.00, real=1.13 secs] 
2014-05-28T16:52:29.889+0900: 16212.885: [GC2014-05-28T16:52:29.892+0900: 16212.887: [ParNew: 22094323K->1639154K(22649280K), 0.5471330 secs] 35842510K->15734593K(47815104K), 0.5510020 secs] [Times: user=7.00 sys=0.00, real=0.55 secs] 
2014-05-28T16:52:55.074+0900: 16238.069: [GC2014-05-28T16:52:55.075+0900: 16238.071: [ParNew: 21771890K->2516544K(22649280K), 1.4829250 secs] 35867329K->16635161K(47815104K), 1.4857780 secs] [Times: user=26.45 sys=0.00, real=1.49 secs] 
2014-05-28T16:53:31.582+0900: 16274.577: [GC2014-05-28T16:53:31.584+0900: 16274.579: [ParNew: 22649280K->1925250K(22649280K), 1.1782000 secs] 36767897K->17101996K(47815104K), 1.1811720 secs] [Times: user=16.31 sys=0.05, real=1.18 secs] 
2014-05-28T16:54:07.234+0900: 16310.229: [GC2014-05-28T16:54:07.236+0900: 16310.231: [ParNew: 22057986K->2516544K(22649280K), 3.9840920 secs] 37234732K->18066994K(47815104K), 3.9865680 secs] [Times: user=69.57 sys=0.00, real=3.99 secs] 
2014-05-28T16:54:36.833+0900: 16339.828: [GC2014-05-28T16:54:36.835+0900: 16339.830: [ParNew: 22649280K->2230991K(22649280K), 1.7001690 secs] 38199730K->19383591K(47815104K), 1.7035950 secs] [Times: user=18.35 sys=0.03, real=1.70 secs] 
2014-05-28T16:55:20.763+0900: 16383.758: [GC2014-05-28T16:55:20.764+0900: 16383.759: [ParNew: 22363727K->1475768K(22649280K), 0.4891070 secs] 39516327K->18628368K(47815104K), 0.4915620 secs] [Times: user=8.69 sys=0.00, real=0.49 secs] 
2014-05-28T16:55:39.087+0900: 16402.082: [GC2014-05-28T16:55:39.088+0900: 16402.084: [ParNew: 21608504K->2249540K(22649280K), 0.6017070 secs] 38761104K->19402140K(47815104K), 0.6044200 secs] [Times: user=10.68 sys=0.00, real=0.61 secs] 
2014-05-28T16:56:16.904+0900: 16439.899: [GC2014-05-28T16:56:16.905+0900: 16439.901: [ParNew: 22382276K->1870336K(22649280K), 0.6683840 secs] 39534876K->19515122K(47815104K), 0.6710450 secs] [Times: user=9.86 sys=0.03, real=0.67 secs] 
2014-05-28T16:56:42.462+0900: 16465.457: [GC2014-05-28T16:56:42.463+0900: 16465.459: [ParNew: 22003072K->2516544K(22649280K), 1.8422120 secs] 39647858K->20161374K(47815104K), 1.8449820 secs] [Times: user=32.99 sys=0.00, real=1.84 secs] 
2014-05-28T16:57:20.360+0900: 16503.356: [GC2014-05-28T16:57:20.362+0900: 16503.357: [ParNew: 22649280K->2038931K(22649280K), 1.1306680 secs] 40294110K->20785772K(47815104K), 1.1336220 secs] [Times: user=12.79 sys=0.00, real=1.13 secs] 
2014-05-28T16:57:56.411+0900: 16539.406: [GC2014-05-28T16:57:56.413+0900: 16539.409: [ParNew: 22171667K->2516544K(22649280K), 2.6858700 secs] 40918508K->21268049K(47815104K), 2.6894360 secs] [Times: user=48.11 sys=0.00, real=2.69 secs] 
2014-05-28T16:58:30.123+0900: 16573.118: [GC2014-05-28T16:58:30.124+0900: 16573.119: [ParNew: 22649280K->2060637K(22649280K), 0.9686160 secs] 41400785K->21685771K(47815104K), 0.9712690 secs] [Times: user=13.64 sys=0.01, real=0.97 secs] 
2014-05-28T16:58:31.103+0900: 16574.099: [GC [1 CMS-initial-mark: 19625133K(25165824K)] 21686967K(47815104K), 1.3157580 secs] [Times: user=1.32 sys=0.00, real=1.32 secs] 
2014-05-28T16:58:32.420+0900: 16575.416: [CMS-concurrent-mark-start]
2014-05-28T16:58:32.967+0900: 16575.962: [CMS-concurrent-mark: 0.546/0.546 secs] [Times: user=4.30 sys=0.84, real=0.54 secs] 
2014-05-28T16:58:32.967+0900: 16575.963: [CMS-concurrent-preclean-start]
2014-05-28T16:58:33.036+0900: 16576.031: [CMS-concurrent-preclean: 0.068/0.068 secs] [Times: user=0.27 sys=0.09, real=0.06 secs] 
2014-05-28T16:58:33.036+0900: 16576.031: [CMS-concurrent-abortable-preclean-start]
 CMS: abort preclean due to time 2014-05-28T16:58:49.127+0900: 16592.122: [CMS-concurrent-abortable-preclean: 16.081/16.091 secs] [Times: user=43.05 sys=19.34, real=16.09 secs] 
2014-05-28T16:58:49.136+0900: 16592.131: [GC[YG occupancy: 10845509 K (22649280 K)]2014-05-28T16:58:49.137+0900: 16592.133: [Rescan (parallel) , 5.9037980 secs]2014-05-28T16:58:55.041+0900: 16598.036: [weak refs processing, 0.0008710 secs]2014-05-28T16:58:55.042+0900: 16598.037: [class unloading, 0.0078450 secs]2014-05-28T16:58:55.050+0900: 16598.045: [scrub symbol table, 0.0053500 secs]2014-05-28T16:58:55.055+0900: 16598.051: [scrub string table, 0.0006730 secs] [1 CMS-remark: 19625133K(25165824K)] 30470643K(47815104K), 5.9225270 secs] [Times: user=103.92 sys=0.00, real=5.92 secs] 
2014-05-28T16:58:55.060+0900: 16598.055: [CMS-concurrent-sweep-start]
2014-05-28T16:59:10.445+0900: 16613.440: [GC2014-05-28T16:59:10.447+0900: 16613.442: [ParNew: 22193373K->2516544K(22649280K), 2.5275770 secs] 26820584K->7533939K(47815104K), 2.5303510 secs] [Times: user=43.36 sys=0.00, real=2.53 secs] 
2014-05-28T16:59:17.046+0900: 16620.041: [CMS-concurrent-sweep: 19.276/21.986 secs] [Times: user=104.41 sys=24.48, real=21.99 secs] 
2014-05-28T16:59:17.046+0900: 16620.042: [CMS-concurrent-reset-start]
2014-05-28T16:59:17.122+0900: 16620.118: [CMS-concurrent-reset: 0.076/0.076 secs] [Times: user=0.26 sys=0.05, real=0.07 secs] 
2014-05-28T16:59:39.037+0900: 16642.032: [GC2014-05-28T16:59:39.039+0900: 16642.034: [ParNew: 22649280K->2181836K(22649280K), 1.4786750 secs] 24405779K->5458816K(47815104K), 1.4813840 secs] [Times: user=15.76 sys=0.06, real=1.49 secs] 
2014-05-28T17:00:14.326+0900: 16677.322: [GC2014-05-28T17:00:14.328+0900: 16677.323: [ParNew: 22314572K->1080083K(22649280K), 0.5632530 secs] 25591552K->4357063K(47815104K), 0.5658820 secs] [Times: user=9.98 sys=0.00, real=0.57 secs] 
2014-05-28T17:00:33.705+0900: 16696.700: [GC2014-05-28T17:00:33.707+0900: 16696.702: [ParNew: 21212819K->2312615K(22649280K), 1.2115460 secs] 24489799K->5589594K(47815104K), 1.2142740 secs] [Times: user=21.67 sys=0.00, real=1.22 secs] 
2014-05-28T17:01:10.210+0900: 16733.205: [GC2014-05-28T17:01:10.212+0900: 16733.207: [ParNew: 22445351K->1778812K(22649280K), 1.2164650 secs] 25722330K->5753046K(47815104K), 1.2199830 secs] [Times: user=17.36 sys=0.00, real=1.22 secs] 
2014-05-28T17:01:45.498+0900: 16768.493: [GC2014-05-28T17:01:45.500+0900: 16768.495: [ParNew: 21911548K->2516544K(22649280K), 3.2393220 secs] 25885782K->6490829K(47815104K), 3.2427780 secs] [Times: user=58.07 sys=0.00, real=3.24 secs] 
2014-05-28T17:02:16.901+0900: 16799.896: [GC2014-05-28T17:02:16.904+0900: 16799.899: [ParNew: 22649255K->2132597K(22649280K), 1.1450100 secs] 26623540K->7107689K(47815104K), 1.1484500 secs] [Times: user=16.05 sys=0.00, real=1.15 secs] 
2014-05-28T17:02:55.928+0900: 16838.923: [GC2014-05-28T17:02:55.930+0900: 16838.925: [ParNew: 22265333K->1814227K(22649280K), 0.3360040 secs] 27240425K->6789318K(47815104K), 0.3386910 secs] [Times: user=5.92 sys=0.00, real=0.33 secs] 
2014-05-28T17:03:14.563+0900: 16857.558: [GC2014-05-28T17:03:14.565+0900: 16857.560: [ParNew: 21946963K->2222361K(22649280K), 0.8827990 secs] 26922054K->8062798K(47815104K), 0.8854970 secs] [Times: user=12.18 sys=0.00, real=0.88 secs] 
2014-05-28T17:04:00.036+0900: 16903.031: [GC2014-05-28T17:04:00.038+0900: 16903.034: [ParNew: 22355097K->1695297K(22649280K), 0.6049690 secs] 28195534K->7868500K(47815104K), 0.6086830 secs] [Times: user=8.42 sys=0.01, real=0.61 secs] 
2014-05-28T17:04:24.844+0900: 16927.839: [GC2014-05-28T17:04:24.846+0900: 16927.841: [ParNew: 21828033K->2516544K(22649280K), 1.6320860 secs] 28001236K->8714360K(47815104K), 1.6348160 secs] [Times: user=29.12 sys=0.00, real=1.63 secs] 
2014-05-28T17:05:04.557+0900: 16967.552: [GC2014-05-28T17:05:04.559+0900: 16967.554: [ParNew: 22649280K->2287332K(22649280K), 1.0248990 secs] 28847096K->9583686K(47815104K), 1.0276090 secs] [Times: user=13.53 sys=0.00, real=1.02 secs] 
2014-05-28T17:05:37.252+0900: 17000.247: [GC2014-05-28T17:05:37.254+0900: 17000.249: [ParNew: 22420068K->2516544K(22649280K), 5.2998710 secs] 29716422K->10241321K(47815104K), 5.3026290 secs] [Times: user=93.43 sys=0.00, real=5.30 secs] 
2014-05-28T17:06:10.376+0900: 17033.372: [GC2014-05-28T17:06:10.378+0900: 17033.373: [ParNew: 22649280K->2083645K(22649280K), 1.5242140 secs] 30374057K->11349237K(47815104K), 1.5272190 secs] [Times: user=19.49 sys=0.07, real=1.52 secs] 
2014-05-28T17:06:29.202+0900: 17052.197: [GC2014-05-28T17:06:29.203+0900: 17052.199: [ParNew: 22216381K->1973295K(22649280K), 0.4574070 secs] 31481973K->11238887K(47815104K), 0.4601020 secs] [Times: user=8.14 sys=0.00, real=0.46 secs] 
2014-05-28T17:07:09.337+0900: 17092.332: [GC2014-05-28T17:07:09.338+0900: 17092.334: [ParNew: 22106031K->1599241K(22649280K), 0.4233080 secs] 31371623K->11326332K(47815104K), 0.4259080 secs] [Times: user=5.70 sys=0.00, real=0.42 secs] 
2014-05-28T17:07:36.314+0900: 17119.310: [GC2014-05-28T17:07:36.316+0900: 17119.311: [ParNew: 21731977K->2368624K(22649280K), 3.3763670 secs] 31459068K->12095715K(47815104K), 3.3791690 secs] [Times: user=60.55 sys=0.00, real=3.38 secs] 
2014-05-28T17:08:03.696+0900: 17146.691: [GC2014-05-28T17:08:03.698+0900: 17146.693: [ParNew: 22501360K->1859481K(22649280K), 0.9641210 secs] 32228451K->12644836K(47815104K), 0.9669680 secs] [Times: user=13.09 sys=0.00, real=0.97 secs] 
2014-05-28T17:08:45.703+0900: 17188.699: [GC2014-05-28T17:08:45.705+0900: 17188.700: [ParNew: 21992217K->1659058K(22649280K), 0.2115050 secs] 32777572K->12444414K(47815104K), 0.2142120 secs] [Times: user=3.68 sys=0.00, real=0.21 secs] 
2014-05-28T17:09:05.133+0900: 17208.128: [GC2014-05-28T17:09:05.134+0900: 17208.130: [ParNew: 21791768K->2516544K(22649280K), 0.7000380 secs] 32577124K->13321453K(47815104K), 0.7026590 secs] [Times: user=12.38 sys=0.00, real=0.71 secs] 
2014-05-28T17:09:47.436+0900: 17250.432: [GC2014-05-28T17:09:47.439+0900: 17250.434: [ParNew: 22649280K->2008594K(22649280K), 1.1538720 secs] 33454189K->13912653K(47815104K), 1.1574850 secs] [Times: user=13.50 sys=0.02, real=1.16 secs] 
2014-05-28T17:10:10.580+0900: 17273.575: [GC2014-05-28T17:10:10.582+0900: 17273.577: [ParNew: 22141330K->2516544K(22649280K), 1.2784720 secs] 34045389K->14454338K(47815104K), 1.2812080 secs] [Times: user=22.73 sys=0.00, real=1.28 secs] 
2014-05-28T17:10:51.169+0900: 17314.164: [GC2014-05-28T17:10:51.171+0900: 17314.166: [ParNew: 22649280K->1877060K(22649280K), 1.0744840 secs] 34587074K->14893896K(47815104K), 1.0781000 secs] [Times: user=14.46 sys=0.03, real=1.08 secs] 
2014-05-28T17:11:23.268+0900: 17346.263: [GC2014-05-28T17:11:23.270+0900: 17346.265: [ParNew: 22009796K->2516544K(22649280K), 2.6051530 secs] 35026632K->15764703K(47815104K), 2.6079190 secs] [Times: user=45.82 sys=0.00, real=2.61 secs] 
2014-05-28T17:11:52.371+0900: 17375.367: [GC2014-05-28T17:11:52.374+0900: 17375.369: [ParNew: 22649279K->2220533K(22649280K), 1.4036550 secs] 35897438K->17057171K(47815104K), 1.4068170 secs] [Times: user=18.88 sys=0.04, real=1.41 secs] 
2014-05-28T17:12:36.329+0900: 17419.324: [GC2014-05-28T17:12:36.331+0900: 17419.326: [ParNew: 22353269K->1734654K(22649280K), 0.5643710 secs] 37189907K->16571291K(47815104K), 0.5670800 secs] [Times: user=10.02 sys=0.00, real=0.57 secs] 
2014-05-28T17:12:58.695+0900: 17441.690: [GC2014-05-28T17:12:58.697+0900: 17441.692: [ParNew: 21867390K->1518193K(22649280K), 0.7157910 secs] 36704027K->16971777K(47815104K), 0.7184530 secs] [Times: user=10.21 sys=0.00, real=0.72 secs] 
2014-05-28T17:13:45.399+0900: 17488.394: [GC2014-05-28T17:13:45.401+0900: 17488.396: [ParNew: 21650929K->1479460K(22649280K), 0.2033570 secs] 37104513K->16933044K(47815104K), 0.2060700 secs] [Times: user=3.55 sys=0.00, real=0.21 secs] 
2014-05-28T17:14:06.205+0900: 17509.200: [GC2014-05-28T17:14:06.206+0900: 17509.201: [ParNew: 21612196K->2516544K(22649280K), 1.6180980 secs] 37065780K->18020920K(47815104K), 1.6206750 secs] [Times: user=28.71 sys=0.00, real=1.62 secs] 
2014-05-28T17:14:36.375+0900: 17539.370: [GC2014-05-28T17:14:36.376+0900: 17539.372: [ParNew: 22649280K->2516544K(22649280K), 2.5123300 secs] 38153656K->19351575K(47815104K), 2.5150650 secs] [Times: user=38.00 sys=0.00, real=2.51 secs] 
2014-05-28T17:15:00.047+0900: 17563.042: [GC2014-05-28T17:15:00.048+0900: 17563.043: [ParNew: 22649280K->2367658K(22649280K), 1.6997050 secs] 39484311K->20848190K(47815104K), 1.7021440 secs] [Times: user=18.38 sys=0.04, real=1.71 secs] 
2014-05-28T17:15:43.425+0900: 17606.420: [GC2014-05-28T17:15:43.427+0900: 17606.422: [ParNew: 22500394K->994236K(22649280K), 0.3636480 secs] 40980926K->19474768K(47815104K), 0.3671770 secs] [Times: user=6.33 sys=0.01, real=0.36 secs] 
2014-05-28T17:16:03.018+0900: 17626.014: [GC2014-05-28T17:16:03.020+0900: 17626.015: [ParNew: 21126972K->2089105K(22649280K), 1.3502800 secs] 39607504K->20569637K(47815104K), 1.3527660 secs] [Times: user=24.12 sys=0.00, real=1.35 secs] 
2014-05-28T17:16:39.452+0900: 17662.448: [GC2014-05-28T17:16:39.455+0900: 17662.450: [ParNew: 22221841K->1971746K(22649280K), 1.1627160 secs] 40702373K->21066223K(47815104K), 1.1662790 secs] [Times: user=16.21 sys=0.04, real=1.16 secs] 
2014-05-28T17:16:40.632+0900: 17663.627: [GC [1 CMS-initial-mark: 19094477K(25165824K)] 21097735K(47815104K), 1.1495120 secs] [Times: user=1.15 sys=0.00, real=1.15 secs] 
2014-05-28T17:16:41.783+0900: 17664.778: [CMS-concurrent-mark-start]
2014-05-28T17:16:43.788+0900: 17666.784: [CMS-concurrent-mark: 2.006/2.006 secs] [Times: user=14.94 sys=4.47, real=2.00 secs] 
2014-05-28T17:16:43.789+0900: 17666.784: [CMS-concurrent-preclean-start]
2014-05-28T17:16:43.859+0900: 17666.854: [CMS-concurrent-preclean: 0.069/0.070 secs] [Times: user=0.19 sys=0.16, real=0.07 secs] 
2014-05-28T17:16:43.859+0900: 17666.855: [CMS-concurrent-abortable-preclean-start]
 CMS: abort preclean due to time 2014-05-28T17:16:57.338+0900: 17680.333: [CMS-concurrent-abortable-preclean: 13.478/13.478 secs] [Times: user=33.33 sys=18.87, real=13.48 secs] 
2014-05-28T17:16:57.348+0900: 17680.343: [GC[YG occupancy: 10059848 K (22649280 K)]2014-05-28T17:16:57.349+0900: 17680.344: [Rescan (parallel) , 5.5120780 secs]2014-05-28T17:17:02.861+0900: 17685.856: [weak refs processing, 0.0010160 secs]2014-05-28T17:17:02.862+0900: 17685.857: [class unloading, 0.0084170 secs]2014-05-28T17:17:02.871+0900: 17685.866: [scrub symbol table, 0.0058520 secs]2014-05-28T17:17:02.876+0900: 17685.872: [scrub string table, 0.0007250 secs] [1 CMS-remark: 19094477K(25165824K)] 29154326K(47815104K), 5.5320670 secs] [Times: user=97.04 sys=0.00, real=5.53 secs] 
2014-05-28T17:17:02.882+0900: 17685.877: [CMS-concurrent-sweep-start]
2014-05-28T17:17:21.077+0900: 17704.072: [CMS-concurrent-sweep: 18.116/18.195 secs] [Times: user=54.70 sys=25.37, real=18.19 secs] 
2014-05-28T17:17:21.078+0900: 17704.073: [CMS-concurrent-reset-start]
2014-05-28T17:17:21.157+0900: 17704.152: [CMS-concurrent-reset: 0.079/0.079 secs] [Times: user=0.20 sys=0.12, real=0.08 secs] 
2014-05-28T17:17:23.311+0900: 17706.307: [GC2014-05-28T17:17:23.313+0900: 17706.309: [ParNew: 22104482K->2516544K(22649280K), 0.9230010 secs] 24799299K->5211646K(47815104K), 0.9258150 secs] [Times: user=16.44 sys=0.00, real=0.92 secs] 
2014-05-28T17:17:43.306+0900: 17726.301: [GC2014-05-28T17:17:43.307+0900: 17726.302: [ParNew: 22649280K->1873470K(22649280K), 1.2570910 secs] 25344382K->5611960K(47815104K), 1.2595860 secs] [Times: user=15.70 sys=0.03, real=1.26 secs] 
2014-05-28T17:18:01.415+0900: 17744.410: [GC2014-05-28T17:18:01.416+0900: 17744.411: [ParNew: 22006206K->2516544K(22649280K), 1.3065570 secs] 25744696K->6305537K(47815104K), 1.3090620 secs] [Times: user=22.96 sys=0.00, real=1.30 secs] 
2014-05-28T17:18:39.306+0900: 17782.301: [GC2014-05-28T17:18:39.308+0900: 17782.303: [ParNew: 22649280K->2184018K(22649280K), 1.3609940 secs] 26438273K->7096751K(47815104K), 1.3641060 secs] [Times: user=16.52 sys=0.05, real=1.37 secs] 
2014-05-28T17:19:16.226+0900: 17819.222: [GC2014-05-28T17:19:16.228+0900: 17819.224: [ParNew: 22316754K->2516544K(22649280K), 0.7783040 secs] 27229487K->7430376K(47815104K), 0.7814160 secs] [Times: user=13.84 sys=0.00, real=0.78 secs] 
2014-05-28T17:19:33.610+0900: 17836.605: [GC2014-05-28T17:19:33.612+0900: 17836.608: [ParNew: 22649280K->1904221K(22649280K), 1.2318240 secs] 27563112K->7893396K(47815104K), 1.2351810 secs] [Times: user=15.65 sys=0.01, real=1.23 secs] 
2014-05-28T17:20:02.033+0900: 17865.029: [GC2014-05-28T17:20:02.035+0900: 17865.030: [ParNew: 22036957K->2516544K(22649280K), 1.8430530 secs] 28026132K->8507920K(47815104K), 1.8455590 secs] [Times: user=32.97 sys=0.00, real=1.84 secs] 
2014-05-28T17:20:31.505+0900: 17894.500: [GC2014-05-28T17:20:31.506+0900: 17894.502: [ParNew: 22649280K->2516544K(22649280K), 1.5871720 secs] 28640656K->9686917K(47815104K), 1.5898230 secs] [Times: user=22.40 sys=0.00, real=1.59 secs] 
2014-05-28T17:20:51.552+0900: 17914.547: [GC2014-05-28T17:20:51.553+0900: 17914.548: [ParNew: 22649280K->1993157K(22649280K), 0.9734920 secs] 29819653K->9982292K(47815104K), 0.9761290 secs] [Times: user=13.48 sys=0.00, real=0.97 secs] 
2014-05-28T17:21:20.012+0900: 17943.007: [GC2014-05-28T17:21:20.014+0900: 17943.009: [ParNew: 22125893K->2516544K(22649280K), 3.8483860 secs] 30115028K->11132880K(47815104K), 3.8512350 secs] [Times: user=66.54 sys=0.00, real=3.85 secs] 
2014-05-28T17:21:45.808+0900: 17968.803: [GC2014-05-28T17:21:45.810+0900: 17968.805: [ParNew: 22649280K->2242424K(22649280K), 1.3069770 secs] 31265616K->12393527K(47815104K), 1.3099970 secs] [Times: user=17.21 sys=0.04, real=1.31 secs] 
2014-05-28T17:22:00.805+0900: 17983.800: [GC2014-05-28T17:22:00.807+0900: 17983.803: [ParNew: 22375160K->1845859K(22649280K), 0.5377120 secs] 32526263K->11996963K(47815104K), 0.5415750 secs] [Times: user=9.53 sys=0.00, real=0.54 secs] 
2014-05-28T17:22:33.644+0900: 18016.639: [GC2014-05-28T17:22:33.646+0900: 18016.642: [ParNew: 21978595K->1488887K(22649280K), 0.6790530 secs] 32129699K->12137014K(47815104K), 0.6824840 secs] [Times: user=10.08 sys=0.01, real=0.69 secs] 
2014-05-28T17:23:06.318+0900: 18049.313: [GC2014-05-28T17:23:06.320+0900: 18049.315: [ParNew: 21621623K->2516544K(22649280K), 0.7620990 secs] 32269750K->13164670K(47815104K), 0.7656790 secs] [Times: user=13.57 sys=0.00, real=0.77 secs] 
2014-05-28T17:23:21.614+0900: 18064.610: [GC2014-05-28T17:23:21.616+0900: 18064.611: [ParNew: 22649280K->1852687K(22649280K), 1.2556560 secs] 33297406K->13558930K(47815104K), 1.2583620 secs] [Times: user=18.28 sys=0.01, real=1.26 secs] 
2014-05-28T17:23:53.956+0900: 18096.951: [GC2014-05-28T17:23:53.958+0900: 18096.953: [ParNew: 21985423K->1703022K(22649280K), 0.1973000 secs] 33691666K->13409264K(47815104K), 0.2000840 secs] [Times: user=3.44 sys=0.00, real=0.20 secs] 
2014-05-28T17:24:23.147+0900: 18126.142: [GC2014-05-28T17:24:23.149+0900: 18126.144: [ParNew: 21835758K->2516544K(22649280K), 1.4212070 secs] 33542000K->14287329K(47815104K), 1.4240510 secs] [Times: user=25.17 sys=0.00, real=1.42 secs] 
2014-05-28T17:24:44.211+0900: 18147.206: [GC2014-05-28T17:24:44.213+0900: 18147.208: [ParNew: 22649280K->2082335K(22649280K), 1.2983740 secs] 34420065K->15321924K(47815104K), 1.3012760 secs] [Times: user=16.65 sys=0.00, real=1.30 secs] 
2014-05-28T17:25:26.994+0900: 18189.989: [GC2014-05-28T17:25:26.995+0900: 18189.991: [ParNew: 22215071K->1160449K(22649280K), 0.6484560 secs] 35454660K->14400038K(47815104K), 0.6515740 secs] [Times: user=11.53 sys=0.00, real=0.65 secs] 
2014-05-28T17:25:46.562+0900: 18209.557: [GC2014-05-28T17:25:46.565+0900: 18209.560: [ParNew: 21293185K->2338137K(22649280K), 0.8849760 secs] 34532774K->15577726K(47815104K), 0.8887600 secs] [Times: user=15.79 sys=0.00, real=0.89 secs] 
2014-05-28T17:26:23.883+0900: 18246.878: [GC2014-05-28T17:26:23.884+0900: 18246.880: [ParNew: 22470873K->1889498K(22649280K), 1.0934720 secs] 35710462K->15926782K(47815104K), 1.0960000 secs] [Times: user=15.72 sys=0.00, real=1.09 secs] 
2014-05-28T17:26:54.603+0900: 18277.599: [GC2014-05-28T17:26:54.605+0900: 18277.600: [ParNew: 22022234K->2516544K(22649280K), 3.1869240 secs] 36059518K->16553872K(47815104K), 3.1894490 secs] [Times: user=57.13 sys=0.00, real=3.19 secs] 
2014-05-28T17:27:27.141+0900: 18310.137: [GC2014-05-28T17:27:27.143+0900: 18310.138: [ParNew: 22649280K->1954241K(22649280K), 1.3106490 secs] 36686608K->17090427K(47815104K), 1.3131160 secs] [Times: user=17.39 sys=0.03, real=1.31 secs] 
2014-05-28T17:28:09.289+0900: 18352.284: [GC2014-05-28T17:28:09.290+0900: 18352.286: [ParNew: 22086977K->2516544K(22649280K), 0.7534840 secs] 37223163K->17654452K(47815104K), 0.7559810 secs] [Times: user=13.43 sys=0.00, real=0.75 secs] 
2014-05-28T17:28:31.861+0900: 18374.857: [GC2014-05-28T17:28:31.863+0900: 18374.858: [ParNew: 22649280K->2070038K(22649280K), 1.0991830 secs] 37787188K->18307022K(47815104K), 1.1018930 secs] [Times: user=12.96 sys=0.00, real=1.10 secs] 
2014-05-28T17:29:18.360+0900: 18421.355: [GC2014-05-28T17:29:18.361+0900: 18421.357: [ParNew: 22202774K->1715141K(22649280K), 0.1992250 secs] 38439758K->17952125K(47815104K), 0.2017340 secs] [Times: user=3.48 sys=0.00, real=0.20 secs] 
2014-05-28T17:29:36.530+0900: 18439.525: [GC2014-05-28T17:29:36.531+0900: 18439.527: [ParNew: 21847877K->2516544K(22649280K), 0.5846070 secs] 38084861K->18758946K(47815104K), 0.5871330 secs] [Times: user=10.37 sys=0.00, real=0.59 secs] 
2014-05-28T17:30:21.744+0900: 18484.739: [GC2014-05-28T17:30:21.745+0900: 18484.741: [ParNew: 22649280K->1909227K(22649280K), 0.8193040 secs] 38891682K->19248787K(47815104K), 0.8218390 secs] [Times: user=8.97 sys=0.03, real=0.82 secs] 
2014-05-28T17:30:49.849+0900: 18512.844: [GC2014-05-28T17:30:49.850+0900: 18512.846: [ParNew: 22041963K->2516544K(22649280K), 1.9320750 secs] 39381523K->19860448K(47815104K), 1.9347210 secs] [Times: user=34.53 sys=0.00, real=1.94 secs] 
2014-05-28T17:31:29.058+0900: 18552.054: [GC2014-05-28T17:31:29.060+0900: 18552.055: [ParNew: 22649280K->2067069K(22649280K), 1.3908720 secs] 39993184K->20509947K(47815104K), 1.3937650 secs] [Times: user=16.56 sys=0.01, real=1.39 secs] 
2014-05-28T17:32:03.737+0900: 18586.732: [GC2014-05-28T17:32:03.738+0900: 18586.734: [ParNew: 22199805K->2516544K(22649280K), 2.7760130 secs] 40642683K->21067113K(47815104K), 2.7784950 secs] [Times: user=49.22 sys=0.00, real=2.78 secs] 
2014-05-28T17:32:34.165+0900: 18617.160: [GC2014-05-28T17:32:34.167+0900: 18617.162: [ParNew: 22649280K->2037625K(22649280K), 1.1083690 secs] 41199849K->22068681K(47815104K), 1.1115130 secs] [Times: user=13.15 sys=0.02, real=1.11 secs] 
2014-05-28T17:32:35.290+0900: 18618.285: [GC [1 CMS-initial-mark: 20031055K(25165824K)] 22069364K(47815104K), 0.8992800 secs] [Times: user=0.90 sys=0.00, real=0.90 secs] 
2014-05-28T17:32:36.191+0900: 18619.186: [CMS-concurrent-mark-start]
2014-05-28T17:32:36.823+0900: 18619.819: [CMS-concurrent-mark: 0.623/0.633 secs] [Times: user=4.81 sys=0.90, real=0.63 secs] 
2014-05-28T17:32:36.824+0900: 18619.819: [CMS-concurrent-preclean-start]
2014-05-28T17:32:36.976+0900: 18619.971: [CMS-concurrent-preclean: 0.151/0.152 secs] [Times: user=0.54 sys=0.22, real=0.15 secs] 
2014-05-28T17:32:36.976+0900: 18619.972: [CMS-concurrent-abortable-preclean-start]
 CMS: abort preclean due to time 2014-05-28T17:32:46.853+0900: 18629.848: [CMS-concurrent-abortable-preclean: 9.834/9.876 secs] [Times: user=25.82 sys=11.58, real=9.88 secs] 
2014-05-28T17:32:46.862+0900: 18629.857: [GC[YG occupancy: 8006689 K (22649280 K)]2014-05-28T17:32:46.863+0900: 18629.858: [Rescan (parallel) , 3.4035490 secs]2014-05-28T17:32:50.267+0900: 18633.262: [weak refs processing, 0.0009790 secs]2014-05-28T17:32:50.268+0900: 18633.263: [class unloading, 0.0079920 secs]2014-05-28T17:32:50.276+0900: 18633.271: [scrub symbol table, 0.0055620 secs]2014-05-28T17:32:50.281+0900: 18633.276: [scrub string table, 0.0006940 secs] [1 CMS-remark: 20031055K(25165824K)] 28037744K(47815104K), 3.4227010 secs] [Times: user=60.00 sys=0.00, real=3.42 secs] 
2014-05-28T17:32:50.286+0900: 18633.282: [CMS-concurrent-sweep-start]
2014-05-28T17:33:12.347+0900: 18655.343: [CMS-concurrent-sweep: 22.061/22.061 secs] [Times: user=57.34 sys=22.82, real=22.06 secs] 
2014-05-28T17:33:12.348+0900: 18655.343: [CMS-concurrent-reset-start]
2014-05-28T17:33:12.424+0900: 18655.419: [CMS-concurrent-reset: 0.076/0.076 secs] [Times: user=0.19 sys=0.06, real=0.08 secs] 
2014-05-28T17:33:15.081+0900: 18658.077: [GC2014-05-28T17:33:15.083+0900: 18658.078: [ParNew: 22170361K->1222734K(22649280K), 0.3035590 secs] 24220463K->3272836K(47815104K), 0.3063940 secs] [Times: user=5.35 sys=0.00, real=0.31 secs] 
2014-05-28T17:33:37.128+0900: 18680.123: [GC2014-05-28T17:33:37.129+0900: 18680.125: [ParNew: 21355470K->2129874K(22649280K), 0.4748280 secs] 23405572K->4179976K(47815104K), 0.4773250 secs] [Times: user=8.44 sys=0.00, real=0.47 secs] 
2014-05-28T17:34:23.497+0900: 18726.492: [GC2014-05-28T17:34:23.499+0900: 18726.494: [ParNew: 22262610K->1692021K(22649280K), 1.1215720 secs] 24312712K->4391585K(47815104K), 1.1252130 secs] [Times: user=13.34 sys=0.03, real=1.12 secs] 
2014-05-28T17:34:43.214+0900: 18746.209: [GC2014-05-28T17:34:43.216+0900: 18746.211: [ParNew: 21824757K->2516544K(22649280K), 0.5934540 secs] 24524321K->5249242K(47815104K), 0.5962010 secs] [Times: user=10.30 sys=0.00, real=0.60 secs] 
2014-05-28T17:35:29.145+0900: 18792.141: [GC2014-05-28T17:35:29.147+0900: 18792.142: [ParNew: 22649280K->2142331K(22649280K), 0.9055850 secs] 25381978K->5975978K(47815104K), 0.9082700 secs] [Times: user=9.26 sys=0.01, real=0.90 secs] 
2014-05-28T17:35:53.458+0900: 18816.454: [GC2014-05-28T17:35:53.460+0900: 18816.455: [ParNew: 22275067K->2516544K(22649280K), 1.0848490 secs] 26108714K->6364229K(47815104K), 1.0873040 secs] [Times: user=19.31 sys=0.00, real=1.08 secs] 
2014-05-28T17:36:35.936+0900: 18858.931: [GC2014-05-28T17:36:35.938+0900: 18858.933: [ParNew: 22649280K->1888418K(22649280K), 1.1471210 secs] 26496965K->6793122K(47815104K), 1.1504130 secs] [Times: user=12.56 sys=0.01, real=1.15 secs] 
2014-05-28T17:37:06.367+0900: 18889.362: [GC2014-05-28T17:37:06.369+0900: 18889.364: [ParNew: 22021154K->2516544K(22649280K), 2.5141570 secs] 26925858K->7431260K(47815104K), 2.5169570 secs] [Times: user=45.00 sys=0.00, real=2.52 secs] 
2014-05-28T17:37:40.503+0900: 18923.498: [GC2014-05-28T17:37:40.505+0900: 18923.500: [ParNew: 22649280K->2014710K(22649280K), 0.9264530 secs] 27563996K->7941007K(47815104K), 0.9291310 secs] [Times: user=12.37 sys=0.00, real=0.93 secs] 
2014-05-28T17:38:20.446+0900: 18963.441: [GC2014-05-28T17:38:20.448+0900: 18963.444: [ParNew: 22147446K->2516544K(22649280K), 1.2376100 secs] 28073743K->8532446K(47815104K), 1.2410540 secs] [Times: user=21.57 sys=0.00, real=1.24 secs] 
2014-05-28T17:38:46.873+0900: 18989.869: [GC2014-05-28T17:38:46.875+0900: 18989.870: [ParNew: 22649280K->2300549K(22649280K), 1.0421590 secs] 28665182K->9572288K(47815104K), 1.0446180 secs] [Times: user=13.56 sys=0.00, real=1.04 secs] 
2014-05-28T17:39:32.264+0900: 19035.259: [GC2014-05-28T17:39:32.266+0900: 19035.262: [ParNew: 22433285K->1914037K(22649280K), 0.5794730 secs] 29705024K->9185776K(47815104K), 0.5830420 secs] [Times: user=10.26 sys=0.00, real=0.58 secs] 
2014-05-28T17:39:54.989+0900: 19057.985: [GC2014-05-28T17:39:54.992+0900: 19057.987: [ParNew: 22046773K->2516544K(22649280K), 0.8192210 secs] 29318512K->10060789K(47815104K), 0.8229260 secs] [Times: user=12.82 sys=0.00, real=0.82 secs] 
2014-05-28T17:40:37.998+0900: 19100.993: [GC2014-05-28T17:40:38.000+0900: 19100.996: [ParNew: 22649280K->1770959K(22649280K), 1.0126780 secs] 30193525K->10139937K(47815104K), 1.0164050 secs] [Times: user=12.41 sys=0.01, real=1.02 secs] 
2014-05-28T17:41:01.383+0900: 19124.378: [GC2014-05-28T17:41:01.385+0900: 19124.380: [ParNew: 21903695K->2516544K(22649280K), 0.9889080 secs] 30272673K->10895694K(47815104K), 0.9917160 secs] [Times: user=14.35 sys=0.00, real=1.00 secs] 
2014-05-28T17:41:45.334+0900: 19168.330: [GC2014-05-28T17:41:45.336+0900: 19168.331: [ParNew: 22649280K->2069221K(22649280K), 0.8796790 secs] 31028430K->11540179K(47815104K), 0.8822860 secs] [Times: user=11.47 sys=0.03, real=0.88 secs] 
2014-05-28T17:42:13.470+0900: 19196.465: [GC2014-05-28T17:42:13.472+0900: 19196.467: [ParNew: 22201957K->2516544K(22649280K), 1.8239140 secs] 31672915K->12007880K(47815104K), 1.8267450 secs] [Times: user=32.60 sys=0.00, real=1.83 secs] 
2014-05-28T17:42:53.168+0900: 19236.163: [GC2014-05-28T17:42:53.170+0900: 19236.165: [ParNew: 22649280K->1934270K(22649280K), 0.8844220 secs] 32140616K->12522068K(47815104K), 0.8870500 secs] [Times: user=11.01 sys=0.00, real=0.89 secs] 
2014-05-28T17:43:29.216+0900: 19272.211: [GC2014-05-28T17:43:29.218+0900: 19272.213: [ParNew: 22067006K->2508640K(22649280K), 3.0866220 secs] 32654804K->13096438K(47815104K), 3.0901250 secs] [Times: user=55.31 sys=0.00, real=3.09 secs] 
2014-05-28T17:44:03.236+0900: 19306.232: [GC2014-05-28T17:44:03.239+0900: 19306.234: [ParNew: 22641376K->1917231K(22649280K), 1.3372590 secs] 33229174K->13349584K(47815104K), 1.3404390 secs] [Times: user=15.89 sys=0.00, real=1.34 secs] 
2014-05-28T17:44:44.525+0900: 19347.520: [GC2014-05-28T17:44:44.527+0900: 19347.522: [ParNew: 22049967K->2516544K(22649280K), 1.1003370 secs] 33482320K->14250594K(47815104K), 1.1028340 secs] [Times: user=18.23 sys=0.00, real=1.10 secs] 
2014-05-28T17:45:09.864+0900: 19372.859: [GC2014-05-28T17:45:09.866+0900: 19372.861: [ParNew: 22649280K->1990638K(22649280K), 1.0206480 secs] 34383330K->14823994K(47815104K), 1.0233890 secs] [Times: user=13.79 sys=0.00, real=1.02 secs] 
2014-05-28T17:45:53.526+0900: 19416.522: [GC2014-05-28T17:45:53.529+0900: 19416.524: [ParNew: 22123374K->1687995K(22649280K), 0.2914240 secs] 34956730K->14521351K(47815104K), 0.2950170 secs] [Times: user=5.04 sys=0.00, real=0.30 secs] 
2014-05-28T17:46:12.539+0900: 19435.534: [GC2014-05-28T17:46:12.541+0900: 19435.536: [ParNew: 21820731K->2516544K(22649280K), 0.7243490 secs] 34654087K->15367437K(47815104K), 0.7272130 secs] [Times: user=12.81 sys=0.00, real=0.73 secs] 
2014-05-28T17:46:47.762+0900: 19470.757: [GC2014-05-28T17:46:47.763+0900: 19470.758: [ParNew: 22649280K->1926706K(22649280K), 0.8554530 secs] 35500173K->15904003K(47815104K), 0.8579820 secs] [Times: user=9.52 sys=0.03, real=0.86 secs] 
2014-05-28T17:47:21.507+0900: 19504.502: [GC2014-05-28T17:47:21.509+0900: 19504.504: [ParNew: 22059442K->2516544K(22649280K), 4.1950530 secs] 36036739K->16811156K(47815104K), 4.1975410 secs] [Times: user=73.73 sys=0.00, real=4.20 secs] 
2014-05-28T17:47:52.887+0900: 19535.883: [GC2014-05-28T17:47:52.890+0900: 19535.885: [ParNew: 22649280K->2091878K(22649280K), 1.2166350 secs] 36943892K->17921280K(47815104K), 1.2199730 secs] [Times: user=15.60 sys=0.03, real=1.22 secs] 
2014-05-28T17:48:33.667+0900: 19576.662: [GC2014-05-28T17:48:33.668+0900: 19576.664: [ParNew: 22224614K->1031001K(22649280K), 0.2308500 secs] 38054016K->16860404K(47815104K), 0.2335480 secs] [Times: user=4.05 sys=0.00, real=0.23 secs] 
2014-05-28T17:48:53.125+0900: 19596.120: [GC2014-05-28T17:48:53.126+0900: 19596.122: [ParNew: 21163737K->1930119K(22649280K), 0.6533650 secs] 36993140K->17759522K(47815104K), 0.6560280 secs] [Times: user=11.62 sys=0.00, real=0.66 secs] 
2014-05-28T17:49:38.462+0900: 19641.458: [GC2014-05-28T17:49:38.464+0900: 19641.460: [ParNew: 22062855K->1790289K(22649280K), 0.6876080 secs] 37892258K->18086186K(47815104K), 0.6911010 secs] [Times: user=8.95 sys=0.00, real=0.70 secs] 
2014-05-28T17:50:01.132+0900: 19664.127: [GC2014-05-28T17:50:01.134+0900: 19664.129: [ParNew: 21923025K->2516544K(22649280K), 1.3926380 secs] 38218922K->18846380K(47815104K), 1.3954210 secs] [Times: user=24.77 sys=0.00, real=1.40 secs] 
2014-05-28T17:50:40.850+0900: 19703.845: [GC2014-05-28T17:50:40.852+0900: 19703.847: [ParNew: 22649280K->1991884K(22649280K), 1.2389150 secs] 38979116K->19416107K(47815104K), 1.2422570 secs] [Times: user=17.76 sys=0.01, real=1.25 secs] 
2014-05-28T17:51:12.643+0900: 19735.638: [GC2014-05-28T17:51:12.645+0900: 19735.640: [ParNew: 22124620K->2516544K(22649280K), 4.6295680 secs] 39548843K->20320295K(47815104K), 4.6324970 secs] [Times: user=81.30 sys=0.00, real=4.63 secs] 
2014-05-28T17:51:45.276+0900: 19768.271: [GC2014-05-28T17:51:45.278+0900: 19768.273: [ParNew: 22649280K->2084958K(22649280K), 1.4599160 secs] 40453031K->21436085K(47815104K), 1.4635160 secs] [Times: user=17.04 sys=0.06, real=1.46 secs] 
2014-05-28T17:51:46.751+0900: 19769.746: [GC [1 CMS-initial-mark: 19351127K(25165824K)] 21438067K(47815104K), 0.5674050 secs] [Times: user=0.56 sys=0.00, real=0.57 secs] 
2014-05-28T17:51:47.320+0900: 19770.315: [CMS-concurrent-mark-start]
2014-05-28T17:51:48.448+0900: 19771.444: [CMS-concurrent-mark: 1.118/1.129 secs] [Times: user=9.23 sys=1.93, real=1.13 secs] 
2014-05-28T17:51:48.449+0900: 19771.444: [CMS-concurrent-preclean-start]
2014-05-28T17:51:48.518+0900: 19771.513: [CMS-concurrent-preclean: 0.069/0.069 secs] [Times: user=0.26 sys=0.11, real=0.07 secs] 
2014-05-28T17:51:48.518+0900: 19771.514: [CMS-concurrent-abortable-preclean-start]
 CMS: abort preclean due to time 2014-05-28T17:51:54.442+0900: 19777.437: [CMS-concurrent-abortable-preclean: 5.923/5.923 secs] [Times: user=19.61 sys=8.78, real=5.92 secs] 
2014-05-28T17:51:54.451+0900: 19777.446: [GC[YG occupancy: 9775441 K (22649280 K)]2014-05-28T17:51:54.452+0900: 19777.448: [Rescan (parallel) , 5.2816530 secs]2014-05-28T17:51:59.734+0900: 19782.729: [weak refs processing, 0.0008440 secs]2014-05-28T17:51:59.735+0900: 19782.730: [class unloading, 0.0080070 secs]2014-05-28T17:51:59.743+0900: 19782.738: [scrub symbol table, 0.0054270 secs]2014-05-28T17:51:59.748+0900: 19782.744: [scrub string table, 0.0006560 secs] [1 CMS-remark: 19351127K(25165824K)] 29126569K(47815104K), 5.3004890 secs] [Times: user=92.85 sys=0.00, real=5.30 secs] 
2014-05-28T17:51:59.753+0900: 19782.749: [CMS-concurrent-sweep-start]
2014-05-28T17:52:08.757+0900: 19791.753: [GC2014-05-28T17:52:08.759+0900: 19791.754: [ParNew: 22217694K->1851680K(22649280K), 0.5893780 secs] 32727785K->12361771K(47815104K), 0.5920780 secs] [Times: user=10.45 sys=0.00, real=0.59 secs] 
2014-05-28T17:52:19.140+0900: 19802.135: [CMS-concurrent-sweep: 18.764/19.386 secs] [Times: user=73.39 sys=31.41, real=19.39 secs] 
2014-05-28T17:52:19.140+0900: 19802.135: [CMS-concurrent-reset-start]
2014-05-28T17:52:19.216+0900: 19802.211: [CMS-concurrent-reset: 0.076/0.076 secs] [Times: user=0.23 sys=0.16, real=0.07 secs] 
2014-05-28T17:52:34.899+0900: 19817.894: [GC2014-05-28T17:52:34.901+0900: 19817.896: [ParNew: 21984416K->2516544K(22649280K), 2.5856710 secs] 24243992K->5240090K(47815104K), 2.5892220 secs] [Times: user=43.94 sys=0.00, real=2.59 secs] 
2014-05-28T17:53:00.584+0900: 19843.579: [GC2014-05-28T17:53:00.586+0900: 19843.581: [ParNew: 22649280K->1980566K(22649280K), 1.6560610 secs] 25372826K->5787725K(47815104K), 1.6589940 secs] [Times: user=17.98 sys=0.03, real=1.66 secs] 
2014-05-28T17:53:38.946+0900: 19881.942: [GC2014-05-28T17:53:38.948+0900: 19881.943: [ParNew: 22113302K->1758526K(22649280K), 0.1950040 secs] 25920461K->5565685K(47815104K), 0.1975110 secs] [Times: user=3.40 sys=0.00, real=0.20 secs] 
2014-05-28T17:53:58.500+0900: 19901.495: [GC2014-05-28T17:53:58.501+0900: 19901.497: [ParNew: 21891262K->2516544K(22649280K), 1.1826050 secs] 25698421K->6341924K(47815104K), 1.1849710 secs] [Times: user=21.00 sys=0.00, real=1.19 secs] 
2014-05-28T17:54:30.011+0900: 19933.006: [GC2014-05-28T17:54:30.013+0900: 19933.008: [ParNew: 22649280K->2338198K(22649280K), 1.1841090 secs] 26474660K->7252403K(47815104K), 1.1874930 secs] [Times: user=14.46 sys=0.02, real=1.19 secs] 
2014-05-28T17:55:07.652+0900: 19970.648: [GC2014-05-28T17:55:07.654+0900: 19970.649: [ParNew: 22470934K->2470872K(22649280K), 0.8335980 secs] 27385139K->7385077K(47815104K), 0.8363610 secs] [Times: user=14.85 sys=0.00, real=0.84 secs] 
2014-05-28T17:55:28.882+0900: 19991.877: [GC2014-05-28T17:55:28.883+0900: 19991.879: [ParNew: 22603608K->2037623K(22649280K), 1.0509510 secs] 27517813K->7956500K(47815104K), 1.0536960 secs] [Times: user=14.54 sys=0.00, real=1.05 secs] 
2014-05-28T17:56:13.809+0900: 20036.804: [GC2014-05-28T17:56:13.810+0900: 20036.806: [ParNew: 22170359K->1482836K(22649280K), 0.2947410 secs] 28089236K->7590819K(47815104K), 0.2975730 secs] [Times: user=4.37 sys=0.00, real=0.30 secs] 
2014-05-28T17:56:35.622+0900: 20058.618: [GC2014-05-28T17:56:35.624+0900: 20058.619: [ParNew: 21615572K->2516544K(22649280K), 1.6078060 secs] 27723555K->8671479K(47815104K), 1.6105370 secs] [Times: user=28.56 sys=0.00, real=1.61 secs] 
2014-05-28T17:57:19.913+0900: 20102.908: [GC2014-05-28T17:57:19.915+0900: 20102.911: [ParNew: 22649280K->2235948K(22649280K), 1.1937360 secs] 28804215K->9482187K(47815104K), 1.1969790 secs] [Times: user=16.87 sys=0.02, real=1.20 secs] 
2014-05-28T17:57:49.789+0900: 20132.784: [GC2014-05-28T17:57:49.791+0900: 20132.786: [ParNew: 22368684K->2516544K(22649280K), 2.1604910 secs] 29614923K->9766163K(47815104K), 2.1640510 secs] [Times: user=38.67 sys=0.00, real=2.16 secs] 
2014-05-28T17:58:26.451+0900: 20169.447: [GC2014-05-28T17:58:26.454+0900: 20169.449: [ParNew: 22649280K->1991300K(22649280K), 1.2135950 secs] 29898899K->10356435K(47815104K), 1.2170300 secs] [Times: user=17.12 sys=0.00, real=1.22 secs] 
2014-05-28T17:59:03.304+0900: 20206.299: [GC2014-05-28T17:59:03.305+0900: 20206.301: [ParNew: 22124036K->2516544K(22649280K), 0.7955760 secs] 30489171K->10881723K(47815104K), 0.7983600 secs] [Times: user=14.18 sys=0.00, real=0.80 secs] 
2014-05-28T17:59:25.500+0900: 20228.496: [GC2014-05-28T17:59:25.502+0900: 20228.497: [ParNew: 22649280K->1938376K(22649280K), 1.0213640 secs] 31014459K->11445252K(47815104K), 1.0240120 secs] [Times: user=13.76 sys=0.00, real=1.03 secs] 
2014-05-28T18:00:08.236+0900: 20271.231: [GC2014-05-28T18:00:08.237+0900: 20271.232: [ParNew: 22071112K->1456199K(22649280K), 0.2528250 secs] 31577988K->10963074K(47815104K), 0.2558480 secs] [Times: user=4.43 sys=0.00, real=0.26 secs] 
2014-05-28T18:00:28.171+0900: 20291.166: [GC2014-05-28T18:00:28.173+0900: 20291.169: [ParNew: 21588935K->2516544K(22649280K), 2.2095920 secs] 31095810K->12114339K(47815104K), 2.2129450 secs] [Times: user=39.18 sys=0.00, real=2.22 secs] 
2014-05-28T18:01:12.100+0900: 20335.096: [GC2014-05-28T18:01:12.102+0900: 20335.097: [ParNew: 22649280K->1956473K(22649280K), 1.0234370 secs] 32247075K->12641927K(47815104K), 1.0260870 secs] [Times: user=13.53 sys=0.03, real=1.02 secs] 
2014-05-28T18:01:40.516+0900: 20363.511: [GC2014-05-28T18:01:40.518+0900: 20363.513: [ParNew: 22089209K->2516544K(22649280K), 3.4997900 secs] 32774663K->13210483K(47815104K), 3.5032120 secs] [Times: user=62.71 sys=0.00, real=3.50 secs] 
2014-05-28T18:02:12.359+0900: 20395.355: [GC2014-05-28T18:02:12.361+0900: 20395.356: [ParNew: 22649280K->1910053K(22649280K), 1.1017090 secs] 33343219K->13743039K(47815104K), 1.1045020 secs] [Times: user=14.27 sys=0.01, real=1.10 secs] 
2014-05-28T18:02:50.034+0900: 20433.029: [GC2014-05-28T18:02:50.036+0900: 20433.031: [ParNew: 22042789K->1695945K(22649280K), 0.2266120 secs] 33875775K->13528931K(47815104K), 0.2294900 secs] [Times: user=3.95 sys=0.00, real=0.23 secs] 
2014-05-28T18:03:06.462+0900: 20449.457: [GC2014-05-28T18:03:06.464+0900: 20449.459: [ParNew: 21828681K->2516544K(22649280K), 0.7042600 secs] 33661667K->14371186K(47815104K), 0.7075600 secs] [Times: user=12.42 sys=0.00, real=0.71 secs] 
2014-05-28T18:03:45.396+0900: 20488.391: [GC2014-05-28T18:03:45.398+0900: 20488.393: [ParNew: 22649280K->2245272K(22649280K), 0.7477280 secs] 34503922K->15214374K(47815104K), 0.7504440 secs] [Times: user=8.91 sys=0.03, real=0.75 secs] 
2014-05-28T18:04:12.596+0900: 20515.592: [GC2014-05-28T18:04:12.598+0900: 20515.593: [ParNew: 22378008K->2516544K(22649280K), 4.5579300 secs] 35347110K->15840288K(47815104K), 4.5606870 secs] [Times: user=80.30 sys=0.00, real=4.56 secs] 
2014-05-28T18:04:39.380+0900: 20542.375: [GC2014-05-28T18:04:39.381+0900: 20542.377: [ParNew: 22649280K->2109249K(22649280K), 1.3128510 secs] 35973024K->16985368K(47815104K), 1.3155040 secs] [Times: user=13.70 sys=0.04, real=1.31 secs] 
2014-05-28T18:05:16.659+0900: 20579.655: [GC2014-05-28T18:05:16.661+0900: 20579.656: [ParNew: 22241985K->670477K(22649280K), 0.1379070 secs] 37118104K->15546595K(47815104K), 0.1404760 secs] [Times: user=2.34 sys=0.01, real=0.14 secs] 
2014-05-28T18:05:37.411+0900: 20600.407: [GC2014-05-28T18:05:37.413+0900: 20600.408: [ParNew: 20803213K->1730578K(22649280K), 1.2990130 secs] 35679331K->16606696K(47815104K), 1.3018330 secs] [Times: user=23.23 sys=0.00, real=1.30 secs] 
2014-05-28T18:06:08.344+0900: 20631.339: [GC2014-05-28T18:06:08.346+0900: 20631.341: [ParNew: 21863314K->1799157K(22649280K), 0.7015420 secs] 36739432K->17079470K(47815104K), 0.7054000 secs] [Times: user=9.36 sys=0.01, real=0.70 secs] 
2014-05-28T18:06:45.809+0900: 20668.805: [GC2014-05-28T18:06:45.811+0900: 20668.806: [ParNew: 21931893K->2469615K(22649280K), 0.5858530 secs] 37212206K->17749927K(47815104K), 0.5886520 secs] [Times: user=10.41 sys=0.00, real=0.58 secs] 
2014-05-28T18:07:02.523+0900: 20685.518: [GC2014-05-28T18:07:02.524+0900: 20685.520: [ParNew: 22602351K->2093112K(22649280K), 1.0696580 secs] 37882663K->18263742K(47815104K), 1.0722070 secs] [Times: user=15.26 sys=0.00, real=1.07 secs] 
2014-05-28T18:07:35.083+0900: 20718.078: [GC2014-05-28T18:07:35.084+0900: 20718.080: [ParNew: 22225848K->1532438K(22649280K), 0.4521870 secs] 38396478K->17916131K(47815104K), 0.4547270 secs] [Times: user=6.67 sys=0.02, real=0.46 secs] 
2014-05-28T18:08:01.355+0900: 20744.351: [GC2014-05-28T18:08:01.357+0900: 20744.352: [ParNew: 21665174K->2516544K(22649280K), 0.7670830 secs] 38048867K->18907978K(47815104K), 0.7698290 secs] [Times: user=13.66 sys=0.00, real=0.77 secs] 
Heap
 par new generation   total 22649280K, used 18618354K [0x00007ff114000000, 0x00007ff714000000, 0x00007ff714000000)
  eden space 20132736K,  79% used [0x00007ff114000000, 0x00007ff4eac6cbb0, 0x00007ff5e0ce0000)
  from space 2516544K, 100% used [0x00007ff5e0ce0000, 0x00007ff67a670000, 0x00007ff67a670000)
  to   space 2516544K,   0% used [0x00007ff67a670000, 0x00007ff67a670000, 0x00007ff714000000)
 concurrent mark-sweep generation total 25165824K, used 16391434K [0x00007ff714000000, 0x00007ffd14000000, 0x00007ffd14000000)
 concurrent-mark-sweep perm gen total 262144K, used 56513K [0x00007ffd14000000, 0x00007ffd24000000, 0x00007ffd34000000)
